copying Registry/Registry.EM to Registry/Registry
 
============================================================================================== 
 
V3.9.1    
 
Compiling: WRF_EM_CORE  
WRFIO_NCD_LARGE_FILE_SUPPORT=1
 
Linux cheyenne2 4.12.14-95.51-default #1 SMP Fri Apr 17 08:14:12 UTC 2020 (c6bab98) x86_64 x86_64 x86_64 GNU/Linux
 
Intel(R) Fortran Intel(R) 64 Compiler for applications running on Intel(R) 64, Version 19.0.5.281 Build 20190815
Copyright (C) 1985-2019 Intel Corporation.  All rights reserved.
ifort: warning #10315: specifying -lm before files may supersede the Intel(R) math library and affect performance

GNU ld (GNU Binutils; SUSE Linux Enterprise 12) 2.31.1.20180828-9.26
/usr/lib64/gcc/x86_64-suse-linux/4.8/../../../../x86_64-suse-linux/bin/ld: /glade/u/apps/opt/intel/2019u5/compilers_and_libraries_2019.5.281/linux/compiler/lib/intel64_lin/for_main.o: in function `main':
for_main.c:(.text+0x2e): undefined reference to `MAIN__'
 
============================================================================================== 
 
setting parallel make -j 2
 
============================================================================================== 
 
The following indicate the compilers selected to build the WRF system
 
Serial Fortran compiler (mostly for tool generation):
which SFC
/glade/u/apps/ch/opt/ncarcompilers/0.5.0/intel/19.0.5/ifort
 
Serial C compiler (mostly for tool generation):
which SCC
/glade/u/apps/ch/opt/ncarcompilers/0.5.0/intel/19.0.5/icc
 
Fortran compiler for the model source code:
which FC
/glade/u/apps/ch/opt/ncarcompilers/0.5.0/intel/19.0.5/mpi/mpif90
Will use 'time' to report timing information
 
C compiler for the model source code:
which CC
/glade/u/apps/ch/opt/ncarcompilers/0.5.0/intel/19.0.5/mpi/mpicc
 
============================================================================================== 
 
make -i -r MODULE_DIRS="-I../dyn_em -I../dyn_nmm   -I/glade/work/nystrom/Code/WRFDA/WRFV3_3.9.1_preset_moves_sfc_coeff_param_estim/external/esmf_time_f90  -I/glade/work/nystrom/Code/WRFDA/WRFV3_3.9.1_preset_moves_sfc_coeff_param_estim/main -I/glade/work/nystrom/Code/WRFDA/WRFV3_3.9.1_preset_moves_sfc_coeff_param_estim/external/io_netcdf -I/glade/work/nystrom/Code/WRFDA/WRFV3_3.9.1_preset_moves_sfc_coeff_param_estim/external/io_int -I/glade/work/nystrom/Code/WRFDA/WRFV3_3.9.1_preset_moves_sfc_coeff_param_estim/frame -I/glade/work/nystrom/Code/WRFDA/WRFV3_3.9.1_preset_moves_sfc_coeff_param_estim/share -I/glade/work/nystrom/Code/WRFDA/WRFV3_3.9.1_preset_moves_sfc_coeff_param_estim/phys -I/glade/work/nystrom/Code/WRFDA/WRFV3_3.9.1_preset_moves_sfc_coeff_param_estim/chem -I/glade/work/nystrom/Code/WRFDA/WRFV3_3.9.1_preset_moves_sfc_coeff_param_estim/inc -I/glade/u/apps/ch/opt/netcdf/4.7.3/intel/19.0.5//include " ext
make[1]: Entering directory '/glade/work/nystrom/Code/WRFDA/WRFV3_3.9.1_preset_moves_sfc_coeff_param_estim'
--------------------------------------
( cd frame ; make -i -r externals )
make[2]: Entering directory '/glade/work/nystrom/Code/WRFDA/WRFV3_3.9.1_preset_moves_sfc_coeff_param_estim/frame'
( cd /glade/work/nystrom/Code/WRFDA/WRFV3_3.9.1_preset_moves_sfc_coeff_param_estim/external/esmf_time_f90 ; \
          make -j 2 FC="ifort -real-size `expr 8 \* 4` -i4  -ip -fp-model precise -w -ftz -align all -fno-alias -FR -convert big_endian  " RANLIB="ranlib" \
          CPP="/lib/cpp -P -nostdinc -I/glade/work/nystrom/Code/WRFDA/WRFV3_3.9.1_preset_moves_sfc_coeff_param_estim/inc -I. -DEM_CORE=1 -DNMM_CORE=0 -DNMM_MAX_DIM=2600 -DCOAMPS_CORE=0 -DDA_CORE=0 -DEXP_CORE=0 -DIWORDSIZE=4 -DDWORDSIZE=8 -DRWORDSIZE=4 -DLWORDSIZE=4 -DNONSTANDARD_SYSTEM_FUNC  -DWRF_USE_CLM  -DDM_PARALLEL -DNETCDF -DMOVE_NESTS -DUSE_ALLOCATABLES -DGRIB1 -DINTIO -DKEEP_INT_AROUND -DLIMIT_ARGS -DCONFIG_BUF_LEN=65536 -DMAX_DOMAINS_F=21 -DMAX_HISTORY=25 -DNMM_NEST=0 -traditional-cpp" AR="ar" ARFLAGS="ru" )
make[3]: Entering directory '/glade/work/nystrom/Code/WRFDA/WRFV3_3.9.1_preset_moves_sfc_coeff_param_estim/external/esmf_time_f90'
/bin/rm -f ESMF_Base.o
/bin/rm -f ESMF_Fraction.o
sed -e "/\!.*'/s/'//g" ESMF_Base.F90 > ESMF_Base.b
sed -e "/\!.*'/s/'//g" ESMF_Fraction.F90 > ESMF_Fraction.b
/lib/cpp -P -nostdinc -I/glade/work/nystrom/Code/WRFDA/WRFV3_3.9.1_preset_moves_sfc_coeff_param_estim/inc -I. -DEM_CORE=1 -DNMM_CORE=0 -DNMM_MAX_DIM=2600 -DCOAMPS_CORE=0 -DDA_CORE=0 -DEXP_CORE=0 -DIWORDSIZE=4 -DDWORDSIZE=8 -DRWORDSIZE=4 -DLWORDSIZE=4 -DNONSTANDARD_SYSTEM_FUNC  -DWRF_USE_CLM  -DDM_PARALLEL -DNETCDF -DMOVE_NESTS -DUSE_ALLOCATABLES -DGRIB1 -DINTIO -DKEEP_INT_AROUND -DLIMIT_ARGS -DCONFIG_BUF_LEN=65536 -DMAX_DOMAINS_F=21 -DMAX_HISTORY=25 -DNMM_NEST=0 -traditional-cpp -I. ESMF_Fraction.b > ESMF_Fraction.f
/lib/cpp -P -nostdinc -I/glade/work/nystrom/Code/WRFDA/WRFV3_3.9.1_preset_moves_sfc_coeff_param_estim/inc -I. -DEM_CORE=1 -DNMM_CORE=0 -DNMM_MAX_DIM=2600 -DCOAMPS_CORE=0 -DDA_CORE=0 -DEXP_CORE=0 -DIWORDSIZE=4 -DDWORDSIZE=8 -DRWORDSIZE=4 -DLWORDSIZE=4 -DNONSTANDARD_SYSTEM_FUNC  -DWRF_USE_CLM  -DDM_PARALLEL -DNETCDF -DMOVE_NESTS -DUSE_ALLOCATABLES -DGRIB1 -DINTIO -DKEEP_INT_AROUND -DLIMIT_ARGS -DCONFIG_BUF_LEN=65536 -DMAX_DOMAINS_F=21 -DMAX_HISTORY=25 -DNMM_NEST=0 -traditional-cpp -I. ESMF_Base.b > ESMF_Base.f
/bin/rm -f ESMF_Fraction.b
/bin/rm -f ESMF_Base.b
ifort -real-size 32 -i4  -ip -fp-model precise -w -ftz -align all -fno-alias -FR -convert big_endian   -o ESMF_Fraction.o -c ESMF_Fraction.f
ifort -real-size 32 -i4  -ip -fp-model precise -w -ftz -align all -fno-alias -FR -convert big_endian   -o ESMF_Base.o -c ESMF_Base.f
/bin/rm -f ESMF_BaseTime.o
sed -e "/\!.*'/s/'//g" ESMF_BaseTime.F90 > ESMF_BaseTime.b
/lib/cpp -P -nostdinc -I/glade/work/nystrom/Code/WRFDA/WRFV3_3.9.1_preset_moves_sfc_coeff_param_estim/inc -I. -DEM_CORE=1 -DNMM_CORE=0 -DNMM_MAX_DIM=2600 -DCOAMPS_CORE=0 -DDA_CORE=0 -DEXP_CORE=0 -DIWORDSIZE=4 -DDWORDSIZE=8 -DRWORDSIZE=4 -DLWORDSIZE=4 -DNONSTANDARD_SYSTEM_FUNC  -DWRF_USE_CLM  -DDM_PARALLEL -DNETCDF -DMOVE_NESTS -DUSE_ALLOCATABLES -DGRIB1 -DINTIO -DKEEP_INT_AROUND -DLIMIT_ARGS -DCONFIG_BUF_LEN=65536 -DMAX_DOMAINS_F=21 -DMAX_HISTORY=25 -DNMM_NEST=0 -traditional-cpp -I. ESMF_BaseTime.b > ESMF_BaseTime.f
/bin/rm -f ESMF_BaseTime.b
ifort -real-size 32 -i4  -ip -fp-model precise -w -ftz -align all -fno-alias -FR -convert big_endian   -o ESMF_BaseTime.o -c ESMF_BaseTime.f
/bin/rm -f ESMF_Calendar.o
sed -e "/\!.*'/s/'//g" ESMF_Calendar.F90 > ESMF_Calendar.b
/lib/cpp -P -nostdinc -I/glade/work/nystrom/Code/WRFDA/WRFV3_3.9.1_preset_moves_sfc_coeff_param_estim/inc -I. -DEM_CORE=1 -DNMM_CORE=0 -DNMM_MAX_DIM=2600 -DCOAMPS_CORE=0 -DDA_CORE=0 -DEXP_CORE=0 -DIWORDSIZE=4 -DDWORDSIZE=8 -DRWORDSIZE=4 -DLWORDSIZE=4 -DNONSTANDARD_SYSTEM_FUNC  -DWRF_USE_CLM  -DDM_PARALLEL -DNETCDF -DMOVE_NESTS -DUSE_ALLOCATABLES -DGRIB1 -DINTIO -DKEEP_INT_AROUND -DLIMIT_ARGS -DCONFIG_BUF_LEN=65536 -DMAX_DOMAINS_F=21 -DMAX_HISTORY=25 -DNMM_NEST=0 -traditional-cpp -I. ESMF_Calendar.b > ESMF_Calendar.f
/bin/rm -f ESMF_Calendar.b
ifort -real-size 32 -i4  -ip -fp-model precise -w -ftz -align all -fno-alias -FR -convert big_endian   -o ESMF_Calendar.o -c ESMF_Calendar.f
/bin/rm -f ESMF_TimeInterval.o
/bin/rm -f ESMF_Stubs.o
sed -e "/\!.*'/s/'//g" ESMF_TimeInterval.F90 > ESMF_TimeInterval.b
sed -e "/\!.*'/s/'//g" ESMF_Stubs.F90 > ESMF_Stubs.b
/lib/cpp -P -nostdinc -I/glade/work/nystrom/Code/WRFDA/WRFV3_3.9.1_preset_moves_sfc_coeff_param_estim/inc -I. -DEM_CORE=1 -DNMM_CORE=0 -DNMM_MAX_DIM=2600 -DCOAMPS_CORE=0 -DDA_CORE=0 -DEXP_CORE=0 -DIWORDSIZE=4 -DDWORDSIZE=8 -DRWORDSIZE=4 -DLWORDSIZE=4 -DNONSTANDARD_SYSTEM_FUNC  -DWRF_USE_CLM  -DDM_PARALLEL -DNETCDF -DMOVE_NESTS -DUSE_ALLOCATABLES -DGRIB1 -DINTIO -DKEEP_INT_AROUND -DLIMIT_ARGS -DCONFIG_BUF_LEN=65536 -DMAX_DOMAINS_F=21 -DMAX_HISTORY=25 -DNMM_NEST=0 -traditional-cpp -I. ESMF_Stubs.b > ESMF_Stubs.f
/bin/rm -f ESMF_Stubs.b
ifort -real-size 32 -i4  -ip -fp-model precise -w -ftz -align all -fno-alias -FR -convert big_endian   -o ESMF_Stubs.o -c ESMF_Stubs.f
/lib/cpp -P -nostdinc -I/glade/work/nystrom/Code/WRFDA/WRFV3_3.9.1_preset_moves_sfc_coeff_param_estim/inc -I. -DEM_CORE=1 -DNMM_CORE=0 -DNMM_MAX_DIM=2600 -DCOAMPS_CORE=0 -DDA_CORE=0 -DEXP_CORE=0 -DIWORDSIZE=4 -DDWORDSIZE=8 -DRWORDSIZE=4 -DLWORDSIZE=4 -DNONSTANDARD_SYSTEM_FUNC  -DWRF_USE_CLM  -DDM_PARALLEL -DNETCDF -DMOVE_NESTS -DUSE_ALLOCATABLES -DGRIB1 -DINTIO -DKEEP_INT_AROUND -DLIMIT_ARGS -DCONFIG_BUF_LEN=65536 -DMAX_DOMAINS_F=21 -DMAX_HISTORY=25 -DNMM_NEST=0 -traditional-cpp -I. ESMF_TimeInterval.b > ESMF_TimeInterval.f
/bin/rm -f ESMF_TimeInterval.b
ifort -real-size 32 -i4  -ip -fp-model precise -w -ftz -align all -fno-alias -FR -convert big_endian   -o ESMF_TimeInterval.o -c ESMF_TimeInterval.f
/bin/rm -f ESMF_Time.o
sed -e "/\!.*'/s/'//g" ESMF_Time.F90 > ESMF_Time.b
/lib/cpp -P -nostdinc -I/glade/work/nystrom/Code/WRFDA/WRFV3_3.9.1_preset_moves_sfc_coeff_param_estim/inc -I. -DEM_CORE=1 -DNMM_CORE=0 -DNMM_MAX_DIM=2600 -DCOAMPS_CORE=0 -DDA_CORE=0 -DEXP_CORE=0 -DIWORDSIZE=4 -DDWORDSIZE=8 -DRWORDSIZE=4 -DLWORDSIZE=4 -DNONSTANDARD_SYSTEM_FUNC  -DWRF_USE_CLM  -DDM_PARALLEL -DNETCDF -DMOVE_NESTS -DUSE_ALLOCATABLES -DGRIB1 -DINTIO -DKEEP_INT_AROUND -DLIMIT_ARGS -DCONFIG_BUF_LEN=65536 -DMAX_DOMAINS_F=21 -DMAX_HISTORY=25 -DNMM_NEST=0 -traditional-cpp -I. ESMF_Time.b > ESMF_Time.f
/bin/rm -f ESMF_Time.b
ifort -real-size 32 -i4  -ip -fp-model precise -w -ftz -align all -fno-alias -FR -convert big_endian   -o ESMF_Time.o -c ESMF_Time.f
/bin/rm -f ESMF_Alarm.o
sed -e "/\!.*'/s/'//g" ESMF_Alarm.F90 > ESMF_Alarm.b
/lib/cpp -P -nostdinc -I/glade/work/nystrom/Code/WRFDA/WRFV3_3.9.1_preset_moves_sfc_coeff_param_estim/inc -I. -DEM_CORE=1 -DNMM_CORE=0 -DNMM_MAX_DIM=2600 -DCOAMPS_CORE=0 -DDA_CORE=0 -DEXP_CORE=0 -DIWORDSIZE=4 -DDWORDSIZE=8 -DRWORDSIZE=4 -DLWORDSIZE=4 -DNONSTANDARD_SYSTEM_FUNC  -DWRF_USE_CLM  -DDM_PARALLEL -DNETCDF -DMOVE_NESTS -DUSE_ALLOCATABLES -DGRIB1 -DINTIO -DKEEP_INT_AROUND -DLIMIT_ARGS -DCONFIG_BUF_LEN=65536 -DMAX_DOMAINS_F=21 -DMAX_HISTORY=25 -DNMM_NEST=0 -traditional-cpp -I. ESMF_Alarm.b > ESMF_Alarm.f
/bin/rm -f ESMF_Alarm.b
ifort -real-size 32 -i4  -ip -fp-model precise -w -ftz -align all -fno-alias -FR -convert big_endian   -o ESMF_Alarm.o -c ESMF_Alarm.f
/bin/rm -f ESMF_Clock.o
sed -e "/\!.*'/s/'//g" ESMF_Clock.F90 > ESMF_Clock.b
/lib/cpp -P -nostdinc -I/glade/work/nystrom/Code/WRFDA/WRFV3_3.9.1_preset_moves_sfc_coeff_param_estim/inc -I. -DEM_CORE=1 -DNMM_CORE=0 -DNMM_MAX_DIM=2600 -DCOAMPS_CORE=0 -DDA_CORE=0 -DEXP_CORE=0 -DIWORDSIZE=4 -DDWORDSIZE=8 -DRWORDSIZE=4 -DLWORDSIZE=4 -DNONSTANDARD_SYSTEM_FUNC  -DWRF_USE_CLM  -DDM_PARALLEL -DNETCDF -DMOVE_NESTS -DUSE_ALLOCATABLES -DGRIB1 -DINTIO -DKEEP_INT_AROUND -DLIMIT_ARGS -DCONFIG_BUF_LEN=65536 -DMAX_DOMAINS_F=21 -DMAX_HISTORY=25 -DNMM_NEST=0 -traditional-cpp -I. ESMF_Clock.b > ESMF_Clock.f
/bin/rm -f ESMF_Clock.b
ifort -real-size 32 -i4  -ip -fp-model precise -w -ftz -align all -fno-alias -FR -convert big_endian   -o ESMF_Clock.o -c ESMF_Clock.f
/bin/rm -f Meat.o
/bin/rm -f ESMF_AlarmClock.o
sed -e "/\!.*'/s/'//g" Meat.F90 > Meat.b
sed -e "/\!.*'/s/'//g" ESMF_AlarmClock.F90 > ESMF_AlarmClock.b
/lib/cpp -P -nostdinc -I/glade/work/nystrom/Code/WRFDA/WRFV3_3.9.1_preset_moves_sfc_coeff_param_estim/inc -I. -DEM_CORE=1 -DNMM_CORE=0 -DNMM_MAX_DIM=2600 -DCOAMPS_CORE=0 -DDA_CORE=0 -DEXP_CORE=0 -DIWORDSIZE=4 -DDWORDSIZE=8 -DRWORDSIZE=4 -DLWORDSIZE=4 -DNONSTANDARD_SYSTEM_FUNC  -DWRF_USE_CLM  -DDM_PARALLEL -DNETCDF -DMOVE_NESTS -DUSE_ALLOCATABLES -DGRIB1 -DINTIO -DKEEP_INT_AROUND -DLIMIT_ARGS -DCONFIG_BUF_LEN=65536 -DMAX_DOMAINS_F=21 -DMAX_HISTORY=25 -DNMM_NEST=0 -traditional-cpp -I. ESMF_AlarmClock.b > ESMF_AlarmClock.f
/lib/cpp -P -nostdinc -I/glade/work/nystrom/Code/WRFDA/WRFV3_3.9.1_preset_moves_sfc_coeff_param_estim/inc -I. -DEM_CORE=1 -DNMM_CORE=0 -DNMM_MAX_DIM=2600 -DCOAMPS_CORE=0 -DDA_CORE=0 -DEXP_CORE=0 -DIWORDSIZE=4 -DDWORDSIZE=8 -DRWORDSIZE=4 -DLWORDSIZE=4 -DNONSTANDARD_SYSTEM_FUNC  -DWRF_USE_CLM  -DDM_PARALLEL -DNETCDF -DMOVE_NESTS -DUSE_ALLOCATABLES -DGRIB1 -DINTIO -DKEEP_INT_AROUND -DLIMIT_ARGS -DCONFIG_BUF_LEN=65536 -DMAX_DOMAINS_F=21 -DMAX_HISTORY=25 -DNMM_NEST=0 -traditional-cpp -I. Meat.b > Meat.f
/bin/rm -f ESMF_AlarmClock.b
/bin/rm -f Meat.b
ifort -real-size 32 -i4  -ip -fp-model precise -w -ftz -align all -fno-alias -FR -convert big_endian   -o ESMF_AlarmClock.o -c ESMF_AlarmClock.f
ifort -real-size 32 -i4  -ip -fp-model precise -w -ftz -align all -fno-alias -FR -convert big_endian   -o Meat.o -c Meat.f
/bin/rm -f ESMF_Mod.o
sed -e "/\!.*'/s/'//g" ESMF_Mod.F90 > ESMF_Mod.b
/lib/cpp -P -nostdinc -I/glade/work/nystrom/Code/WRFDA/WRFV3_3.9.1_preset_moves_sfc_coeff_param_estim/inc -I. -DEM_CORE=1 -DNMM_CORE=0 -DNMM_MAX_DIM=2600 -DCOAMPS_CORE=0 -DDA_CORE=0 -DEXP_CORE=0 -DIWORDSIZE=4 -DDWORDSIZE=8 -DRWORDSIZE=4 -DLWORDSIZE=4 -DNONSTANDARD_SYSTEM_FUNC  -DWRF_USE_CLM  -DDM_PARALLEL -DNETCDF -DMOVE_NESTS -DUSE_ALLOCATABLES -DGRIB1 -DINTIO -DKEEP_INT_AROUND -DLIMIT_ARGS -DCONFIG_BUF_LEN=65536 -DMAX_DOMAINS_F=21 -DMAX_HISTORY=25 -DNMM_NEST=0 -traditional-cpp -I. ESMF_Mod.b > ESMF_Mod.f
/bin/rm -f ESMF_Mod.b
ifort -real-size 32 -i4  -ip -fp-model precise -w -ftz -align all -fno-alias -FR -convert big_endian   -o ESMF_Mod.o -c ESMF_Mod.f
/bin/rm -f module_symbols_util.o
sed -e "/\!.*'/s/'//g" module_symbols_util.F90 > module_symbols_util.b
/lib/cpp -P -nostdinc -I/glade/work/nystrom/Code/WRFDA/WRFV3_3.9.1_preset_moves_sfc_coeff_param_estim/inc -I. -DEM_CORE=1 -DNMM_CORE=0 -DNMM_MAX_DIM=2600 -DCOAMPS_CORE=0 -DDA_CORE=0 -DEXP_CORE=0 -DIWORDSIZE=4 -DDWORDSIZE=8 -DRWORDSIZE=4 -DLWORDSIZE=4 -DNONSTANDARD_SYSTEM_FUNC  -DWRF_USE_CLM  -DDM_PARALLEL -DNETCDF -DMOVE_NESTS -DUSE_ALLOCATABLES -DGRIB1 -DINTIO -DKEEP_INT_AROUND -DLIMIT_ARGS -DCONFIG_BUF_LEN=65536 -DMAX_DOMAINS_F=21 -DMAX_HISTORY=25 -DNMM_NEST=0 -traditional-cpp -I. module_symbols_util.b > module_symbols_util.f
/bin/rm -f module_symbols_util.b
ifort -real-size 32 -i4  -ip -fp-model precise -w -ftz -align all -fno-alias -FR -convert big_endian   -o module_symbols_util.o -c module_symbols_util.f
/bin/rm -f module_utility.o
sed -e "/\!.*'/s/'//g" module_utility.F90 > module_utility.b
/lib/cpp -P -nostdinc -I/glade/work/nystrom/Code/WRFDA/WRFV3_3.9.1_preset_moves_sfc_coeff_param_estim/inc -I. -DEM_CORE=1 -DNMM_CORE=0 -DNMM_MAX_DIM=2600 -DCOAMPS_CORE=0 -DDA_CORE=0 -DEXP_CORE=0 -DIWORDSIZE=4 -DDWORDSIZE=8 -DRWORDSIZE=4 -DLWORDSIZE=4 -DNONSTANDARD_SYSTEM_FUNC  -DWRF_USE_CLM  -DDM_PARALLEL -DNETCDF -DMOVE_NESTS -DUSE_ALLOCATABLES -DGRIB1 -DINTIO -DKEEP_INT_AROUND -DLIMIT_ARGS -DCONFIG_BUF_LEN=65536 -DMAX_DOMAINS_F=21 -DMAX_HISTORY=25 -DNMM_NEST=0 -traditional-cpp -I. module_utility.b > module_utility.f
/bin/rm -f module_utility.b
ifort -real-size 32 -i4  -ip -fp-model precise -w -ftz -align all -fno-alias -FR -convert big_endian   -o module_utility.o -c module_utility.f
/bin/rm -f libesmf_time.a
if [ "ar" != "lib.exe" ] ; then \
          ar ru libesmf_time.a ESMF_Alarm.o ESMF_BaseTime.o ESMF_Clock.o ESMF_Time.o Meat.o ESMF_Base.o ESMF_Calendar.o ESMF_Fraction.o ESMF_TimeInterval.o ESMF_Stubs.o ESMF_Mod.o module_symbols_util.o module_utility.o ESMF_AlarmClock.o ; \
        else \
          ar /out:libesmf_time.a ESMF_Alarm.o ESMF_BaseTime.o ESMF_Clock.o ESMF_Time.o Meat.o ESMF_Base.o ESMF_Calendar.o ESMF_Fraction.o ESMF_TimeInterval.o ESMF_Stubs.o ESMF_Mod.o module_symbols_util.o module_utility.o ESMF_AlarmClock.o ; \
        fi
ar: creating libesmf_time.a
ranlib libesmf_time.a
make[3]: Leaving directory '/glade/work/nystrom/Code/WRFDA/WRFV3_3.9.1_preset_moves_sfc_coeff_param_estim/external/esmf_time_f90'
( cd /glade/work/nystrom/Code/WRFDA/WRFV3_3.9.1_preset_moves_sfc_coeff_param_estim/external/io_netcdf ; \
          make -j 2 NETCDFPATH="/glade/u/apps/ch/opt/netcdf/4.7.3/intel/19.0.5/" RANLIB="ranlib" CPP="/lib/cpp -P -nostdinc" \
          CC="icc" CFLAGS="-w -O3 -ip  -DDM_PARALLEL -DMAX_HISTORY=25 -DNMM_CORE=0" \
          FC="ifort -real-size `expr 8 \* 4` -i4  -O3 -ip -fp-model precise -w -ftz -align all -fno-alias -FR -convert big_endian  " TRADFLAG="-traditional-cpp" AR="ar" ARFLAGS="ru" )
make[3]: Entering directory '/glade/work/nystrom/Code/WRFDA/WRFV3_3.9.1_preset_moves_sfc_coeff_param_estim/external/io_netcdf'
grep nf_format_64bit /glade/u/apps/ch/opt/netcdf/4.7.3/intel/19.0.5//include/netcdf.inc ;\
                        a=$? ; export a ; \
		if [ $a -a "$WRFIO_NCD_LARGE_FILE_SUPPORT" = "1" ] ; then \
                          /lib/cpp -P -nostdinc -P -traditional-cpp -DWRFIO_NCD_LARGE_FILE_SUPPORT -I../ioapi_share wrf_io.F90 | m4 -Uinclude -Uindex -Ulen - > wrf_io.f ; \
                        else \
                          /lib/cpp -P -nostdinc -P -traditional-cpp -I../ioapi_share wrf_io.F90 | m4 -Uinclude -Uindex -Ulen - > wrf_io.f ; \
                        fi
/lib/cpp -P -nostdinc -P -traditional-cpp -I../ioapi_share module_wrfsi_static.F90 > module_wrfsi_static.f
      integer nf_format_64bit
      integer nf_format_64bit_offset
      integer nf_format_64bit_data
      parameter (nf_format_64bit = 2)
      parameter (nf_format_64bit_offset = nf_format_64bit)
      parameter (nf_format_64bit_data = 5)
      parameter (nf_format_cdf5 = nf_format_64bit_data)
ifort -real-size 32 -i4  -O3 -ip -fp-model precise -w -ftz -align all -fno-alias -FR -convert big_endian   -o module_wrfsi_static.o  -I/glade/u/apps/ch/opt/netcdf/4.7.3/intel/19.0.5//include -I../ioapi_share -c module_wrfsi_static.f
ifort -real-size 32 -i4  -O3 -ip -fp-model precise -w -ftz -align all -fno-alias -FR -convert big_endian   -o wrf_io.o  -I/glade/u/apps/ch/opt/netcdf/4.7.3/intel/19.0.5//include -I../ioapi_share -c wrf_io.f
/lib/cpp -P -nostdinc -P -traditional-cpp -I../ioapi_share field_routines.F90 > field_routines.f
ifort -real-size 32 -i4  -O3 -ip -fp-model precise -w -ftz -align all -fno-alias -FR -convert big_endian   -o field_routines.o  -I/glade/u/apps/ch/opt/netcdf/4.7.3/intel/19.0.5//include -I../ioapi_share -c field_routines.f
/bin/rm -f libwrfio_nf.a
if [ "ar" != "lib.exe" ] ; then \
                          ar cr libwrfio_nf.a wrf_io.o field_routines.o module_wrfsi_static.o ; \
                        else \
                          ar /out:libwrfio_nf.a wrf_io.o field_routines.o module_wrfsi_static.o ; \
                        fi
ranlib libwrfio_nf.a
make[3]: Leaving directory '/glade/work/nystrom/Code/WRFDA/WRFV3_3.9.1_preset_moves_sfc_coeff_param_estim/external/io_netcdf'
( cd /glade/work/nystrom/Code/WRFDA/WRFV3_3.9.1_preset_moves_sfc_coeff_param_estim/external/ioapi_share ; \
          make -i -r NATIVE_RWORDSIZE="4" RWORDSIZE="4" AR="ar" ARFLAGS="ru" )
make[3]: Entering directory '/glade/work/nystrom/Code/WRFDA/WRFV3_3.9.1_preset_moves_sfc_coeff_param_estim/external/ioapi_share'
( /bin/rm -f ../../inc/wrf_io_flags.h foo_io_flags.h; \
/bin/cp wrf_io_flags.h foo_io_flags.h; \
if [ 4 -ne 4 ] ; then \
  /bin/rm -f foo_io_flags.h; \
  sed -e 's/104/105/' wrf_io_flags.h > foo_io_flags.h ;\
fi ; \
/bin/mv foo_io_flags.h ../../inc/wrf_io_flags.h )
/bin/rm -f ../../inc/wrf_status_codes.h
/bin/cp wrf_status_codes.h ../../inc
make[3]: Leaving directory '/glade/work/nystrom/Code/WRFDA/WRFV3_3.9.1_preset_moves_sfc_coeff_param_estim/external/ioapi_share'
( cd /glade/work/nystrom/Code/WRFDA/WRFV3_3.9.1_preset_moves_sfc_coeff_param_estim/external/io_grib_share ; \
          make -j 2 CC="icc" CFLAGS="-w -O3 -ip  -DDM_PARALLEL -DMAX_HISTORY=25 -DNMM_CORE=0" RM="rm -f" RANLIB="ranlib" CPP="/lib/cpp -P -nostdinc" \
          FC="ifort -real-size `expr 8 \* 4` -i4 -I.  -ip -fp-model precise -w -ftz -align all -fno-alias -FR -convert big_endian   " TRADFLAG="-traditional-cpp" AR="ar" ARFLAGS="ru" archive) 
make[3]: Entering directory '/glade/work/nystrom/Code/WRFDA/WRFV3_3.9.1_preset_moves_sfc_coeff_param_estim/external/io_grib_share'
make[4]: Entering directory '/glade/work/nystrom/Code/WRFDA/WRFV3_3.9.1_preset_moves_sfc_coeff_param_estim/external/io_grib_share'
rm -f io_grib_share.o
icc  -I. -w -O3 -ip  -DDM_PARALLEL -DMAX_HISTORY=25 -DNMM_CORE=0   -c get_region_center.c
/lib/cpp -P -nostdinc  -traditional-cpp  -I. io_grib_share.F > io_grib_share.f90
ifort -real-size 32 -i4 -I.  -ip -fp-model precise -w -ftz -align all -fno-alias -FR -convert big_endian      -I.     -c io_grib_share.f90
icc  -I. -w -O3 -ip  -DDM_PARALLEL -DMAX_HISTORY=25 -DNMM_CORE=0   -c gridnav.c
icc  -I. -w -O3 -ip  -DDM_PARALLEL -DMAX_HISTORY=25 -DNMM_CORE=0   -c open_file.c
ar ru ./libio_grib_share.a io_grib_share.o get_region_center.o gridnav.o open_file.o
ar: creating ./libio_grib_share.a
ranlib ./libio_grib_share.a
make[4]: Leaving directory '/glade/work/nystrom/Code/WRFDA/WRFV3_3.9.1_preset_moves_sfc_coeff_param_estim/external/io_grib_share'
make[3]: Leaving directory '/glade/work/nystrom/Code/WRFDA/WRFV3_3.9.1_preset_moves_sfc_coeff_param_estim/external/io_grib_share'
( cd /glade/work/nystrom/Code/WRFDA/WRFV3_3.9.1_preset_moves_sfc_coeff_param_estim/external/io_grib1 ; \
          make -j 2 CC="icc" CFLAGS="-w -O3 -ip  -DDM_PARALLEL -DMAX_HISTORY=25 -DNMM_CORE=0" RM="rm -f" RANLIB="ranlib" CPP="/lib/cpp -P -nostdinc" \
          FC="ifort -real-size `expr 8 \* 4` -i4 -I.  -ip -fp-model precise -w -ftz -align all -fno-alias -FR -convert big_endian   " TRADFLAG="-traditional-cpp" AR="ar" ARFLAGS="ru" archive)
make[3]: Entering directory '/glade/work/nystrom/Code/WRFDA/WRFV3_3.9.1_preset_moves_sfc_coeff_param_estim/external/io_grib1'
        Doing make archive on library subdirectory MEL_grib1
make[4]: Entering directory '/glade/work/nystrom/Code/WRFDA/WRFV3_3.9.1_preset_moves_sfc_coeff_param_estim/external/io_grib1/MEL_grib1'
make[5]: Entering directory '/glade/work/nystrom/Code/WRFDA/WRFV3_3.9.1_preset_moves_sfc_coeff_param_estim/external/io_grib1/MEL_grib1'
icc  -I. -w -O3 -ip  -DDM_PARALLEL -DMAX_HISTORY=25 -DNMM_CORE=0   -c FTP_getfile.c
icc  -I. -w -O3 -ip  -DDM_PARALLEL -DMAX_HISTORY=25 -DNMM_CORE=0   -c apply_bitmap.c
icc  -I. -w -O3 -ip  -DDM_PARALLEL -DMAX_HISTORY=25 -DNMM_CORE=0   -c display_gribhdr.c
icc  -I. -w -O3 -ip  -DDM_PARALLEL -DMAX_HISTORY=25 -DNMM_CORE=0   -c gbyte.c
icc  -I. -w -O3 -ip  -DDM_PARALLEL -DMAX_HISTORY=25 -DNMM_CORE=0   -c grib_dec.c
icc  -I. -w -O3 -ip  -DDM_PARALLEL -DMAX_HISTORY=25 -DNMM_CORE=0   -c grib_enc.c
icc  -I. -w -O3 -ip  -DDM_PARALLEL -DMAX_HISTORY=25 -DNMM_CORE=0   -c grib_seek.c
icc  -I. -w -O3 -ip  -DDM_PARALLEL -DMAX_HISTORY=25 -DNMM_CORE=0   -c gribgetbds.c
icc  -I. -w -O3 -ip  -DDM_PARALLEL -DMAX_HISTORY=25 -DNMM_CORE=0   -c gribgetbms.c
icc  -I. -w -O3 -ip  -DDM_PARALLEL -DMAX_HISTORY=25 -DNMM_CORE=0   -c gribgetgds.c
icc  -I. -w -O3 -ip  -DDM_PARALLEL -DMAX_HISTORY=25 -DNMM_CORE=0   -c gribgetpds.c
icc  -I. -w -O3 -ip  -DDM_PARALLEL -DMAX_HISTORY=25 -DNMM_CORE=0   -c gribhdr2file.c
icc  -I. -w -O3 -ip  -DDM_PARALLEL -DMAX_HISTORY=25 -DNMM_CORE=0   -c gribputbds.c
icc  -I. -w -O3 -ip  -DDM_PARALLEL -DMAX_HISTORY=25 -DNMM_CORE=0   -c gribputgds.c
icc  -I. -w -O3 -ip  -DDM_PARALLEL -DMAX_HISTORY=25 -DNMM_CORE=0   -c gribputpds.c
icc  -I. -w -O3 -ip  -DDM_PARALLEL -DMAX_HISTORY=25 -DNMM_CORE=0   -c hdr_print.c
icc  -I. -w -O3 -ip  -DDM_PARALLEL -DMAX_HISTORY=25 -DNMM_CORE=0   -c init_dec_struct.c
icc  -I. -w -O3 -ip  -DDM_PARALLEL -DMAX_HISTORY=25 -DNMM_CORE=0   -c init_enc_struct.c
icc  -I. -w -O3 -ip  -DDM_PARALLEL -DMAX_HISTORY=25 -DNMM_CORE=0   -c init_gribhdr.c
icc  -I. -w -O3 -ip  -DDM_PARALLEL -DMAX_HISTORY=25 -DNMM_CORE=0   -c init_struct.c
icc  -I. -w -O3 -ip  -DDM_PARALLEL -DMAX_HISTORY=25 -DNMM_CORE=0   -c ld_dec_lookup.c
icc  -I. -w -O3 -ip  -DDM_PARALLEL -DMAX_HISTORY=25 -DNMM_CORE=0   -c ld_enc_input.c
icc  -I. -w -O3 -ip  -DDM_PARALLEL -DMAX_HISTORY=25 -DNMM_CORE=0   -c ld_enc_lookup.c
icc  -I. -w -O3 -ip  -DDM_PARALLEL -DMAX_HISTORY=25 -DNMM_CORE=0   -c ld_grib_origctrs.c
icc  -I. -w -O3 -ip  -DDM_PARALLEL -DMAX_HISTORY=25 -DNMM_CORE=0   -c make_default_grbfn.c
icc  -I. -w -O3 -ip  -DDM_PARALLEL -DMAX_HISTORY=25 -DNMM_CORE=0   -c make_grib_log.c
icc  -I. -w -O3 -ip  -DDM_PARALLEL -DMAX_HISTORY=25 -DNMM_CORE=0   -c map_lvl.c
icc  -I. -w -O3 -ip  -DDM_PARALLEL -DMAX_HISTORY=25 -DNMM_CORE=0   -c map_parm.c
icc  -I. -w -O3 -ip  -DDM_PARALLEL -DMAX_HISTORY=25 -DNMM_CORE=0   -c pack_spatial.c
icc  -I. -w -O3 -ip  -DDM_PARALLEL -DMAX_HISTORY=25 -DNMM_CORE=0   -c prt_inp_struct.c
icc  -I. -w -O3 -ip  -DDM_PARALLEL -DMAX_HISTORY=25 -DNMM_CORE=0   -c upd_child_errmsg.c
icc  -I. -w -O3 -ip  -DDM_PARALLEL -DMAX_HISTORY=25 -DNMM_CORE=0   -c prt_badmsg.c
icc  -I. -w -O3 -ip  -DDM_PARALLEL -DMAX_HISTORY=25 -DNMM_CORE=0   -c swap.c
icc  -I. -w -O3 -ip  -DDM_PARALLEL -DMAX_HISTORY=25 -DNMM_CORE=0   -c grib_uthin.c
icc  -I. -w -O3 -ip  -DDM_PARALLEL -DMAX_HISTORY=25 -DNMM_CORE=0   -c set_bytes.c
ar ru ../libio_grib1.a FTP_getfile.o apply_bitmap.o display_gribhdr.o gbyte.o grib_dec.o grib_enc.o grib_seek.o gribgetbds.o gribgetbms.o gribgetgds.o gribgetpds.o gribhdr2file.o gribputbds.o gribputgds.o gribputpds.o hdr_print.o init_dec_struct.o init_enc_struct.o init_gribhdr.o init_struct.o ld_dec_lookup.o ld_enc_input.o ld_enc_lookup.o ld_grib_origctrs.o make_default_grbfn.o make_grib_log.o map_lvl.o map_parm.o pack_spatial.o prt_inp_struct.o upd_child_errmsg.o prt_badmsg.o swap.o grib_uthin.o set_bytes.o
ar: creating ../libio_grib1.a
ranlib ../libio_grib1.a
make[5]: Leaving directory '/glade/work/nystrom/Code/WRFDA/WRFV3_3.9.1_preset_moves_sfc_coeff_param_estim/external/io_grib1/MEL_grib1'
make[4]: Leaving directory '/glade/work/nystrom/Code/WRFDA/WRFV3_3.9.1_preset_moves_sfc_coeff_param_estim/external/io_grib1/MEL_grib1'
        Doing make archive on library subdirectory grib1_util
make[4]: Entering directory '/glade/work/nystrom/Code/WRFDA/WRFV3_3.9.1_preset_moves_sfc_coeff_param_estim/external/io_grib1/grib1_util'
make[5]: Entering directory '/glade/work/nystrom/Code/WRFDA/WRFV3_3.9.1_preset_moves_sfc_coeff_param_estim/external/io_grib1/grib1_util'
icc  -I. -I../MEL_grib1 -w -O3 -ip  -DDM_PARALLEL -DMAX_HISTORY=25 -DNMM_CORE=0   -c alloc_2d.c
icc  -I. -I../MEL_grib1 -w -O3 -ip  -DDM_PARALLEL -DMAX_HISTORY=25 -DNMM_CORE=0   -c read_grib.c
icc  -I. -I../MEL_grib1 -w -O3 -ip  -DDM_PARALLEL -DMAX_HISTORY=25 -DNMM_CORE=0   -c write_grib.c
ar ru ../libio_grib1.a alloc_2d.o read_grib.o write_grib.o
ranlib ../libio_grib1.a
make[5]: Leaving directory '/glade/work/nystrom/Code/WRFDA/WRFV3_3.9.1_preset_moves_sfc_coeff_param_estim/external/io_grib1/grib1_util'
make[4]: Leaving directory '/glade/work/nystrom/Code/WRFDA/WRFV3_3.9.1_preset_moves_sfc_coeff_param_estim/external/io_grib1/grib1_util'
        Doing make archive on library subdirectory WGRIB
make[4]: Entering directory '/glade/work/nystrom/Code/WRFDA/WRFV3_3.9.1_preset_moves_sfc_coeff_param_estim/external/io_grib1/WGRIB'
icc -c -O wgrib_main.c
icc -c -O seekgrib.c
icc -c -O ibm2flt.c
icc -c -O readgrib.c
icc -c -O intpower.c
icc -c -O cnames.c
icc -c -O BDSunpk.c
icc -c -O flt2ieee.c
icc -c -O wrtieee.c
icc -c -O levels.c
icc -c -O PDStimes.c
icc -c -O missing.c
icc -c -O nceptable_reanal.c
icc -c -O nceptable_opn.c
icc -c -O ensemble.c
icc -c -O ombtable.c
icc -c -O ec_ext.c
icc -c -O gribtable.c
icc -c -O gds_grid.c
icc -c -O PDS_date.c
icc -c -O ectable_128.c
icc -c -O ectable_129.c
icc -c -O ectable_130.c
icc -c -O ectable_131.c
icc -c -O ectable_140.c
icc -c -O ectable_150.c
icc -c -O ectable_151.c
icc -c -O ectable_160.c
icc -c -O ectable_170.c
icc -c -O ectable_180.c
icc -c -O nceptab_129.c
icc -c -O dwdtable_002.c
icc -c -O dwdtable_201.c
icc -c -O dwdtable_202.c
icc -c -O dwdtable_203.c
icc -c -O cptectable_254.c
icc -c -O nceptab_130.c
icc -c -O nceptab_131.c
icc -o wgrib.exe wgrib_main.o seekgrib.o ibm2flt.o readgrib.o intpower.o cnames.o BDSunpk.o flt2ieee.o wrtieee.o levels.o PDStimes.o missing.o nceptable_reanal.o nceptable_opn.o ensemble.o ombtable.o ec_ext.o gribtable.o gds_grid.o PDS_date.o ectable_128.o ectable_129.o ectable_130.o ectable_131.o ectable_140.o ectable_150.o ectable_151.o ectable_160.o ectable_170.o ectable_180.o nceptab_129.o dwdtable_002.o dwdtable_201.o dwdtable_202.o dwdtable_203.o cptectable_254.o nceptab_130.o nceptab_131.o #-lm
( cd .. ; \rm -f wgrib.exe ; \ln -sf WGRIB/wgrib.exe wgrib.exe ; cd WGRIB )
make[4]: Leaving directory '/glade/work/nystrom/Code/WRFDA/WRFV3_3.9.1_preset_moves_sfc_coeff_param_estim/external/io_grib1/WGRIB'
make[4]: Entering directory '/glade/work/nystrom/Code/WRFDA/WRFV3_3.9.1_preset_moves_sfc_coeff_param_estim/external/io_grib1'
icc  -I. -I./MEL_grib1 -Igrib1_util -I../io_grib_share -I../ -w -O3 -ip  -DDM_PARALLEL -DMAX_HISTORY=25 -DNMM_CORE=0   -c grib1_routines.c
icc  -I. -I./MEL_grib1 -Igrib1_util -I../io_grib_share -I../ -w -O3 -ip  -DDM_PARALLEL -DMAX_HISTORY=25 -DNMM_CORE=0   -c gribmap.c
rm -f io_grib1.o
/lib/cpp -P -nostdinc  -traditional-cpp  -I. -I./MEL_grib1 -Igrib1_util -I../io_grib_share -I../ io_grib1.F > io_grib1.f90
ifort -real-size 32 -i4 -I.  -ip -fp-model precise -w -ftz -align all -fno-alias -FR -convert big_endian      -I. -I./MEL_grib1 -Igrib1_util -I../io_grib_share -I../     -c io_grib1.f90
icc  -I. -I./MEL_grib1 -Igrib1_util -I../io_grib_share -I../ -w -O3 -ip  -DDM_PARALLEL -DMAX_HISTORY=25 -DNMM_CORE=0   -c trim.c
ar ru ./libio_grib1.a grib1_routines.o gribmap.o io_grib1.o trim.o
ranlib ./libio_grib1.a
make[4]: Leaving directory '/glade/work/nystrom/Code/WRFDA/WRFV3_3.9.1_preset_moves_sfc_coeff_param_estim/external/io_grib1'
make[3]: Leaving directory '/glade/work/nystrom/Code/WRFDA/WRFV3_3.9.1_preset_moves_sfc_coeff_param_estim/external/io_grib1'
( cd /glade/work/nystrom/Code/WRFDA/WRFV3_3.9.1_preset_moves_sfc_coeff_param_estim/external/io_int ; \
          make -j 2 CC="mpicc -cc=icc -DMPI2_SUPPORT -DFSEEKO64_OK " CFLAGS_LOCAL="-w -O3 -ip " RM="rm -f" RANLIB="ranlib" CPP="/lib/cpp -P -nostdinc" \
          FC="time mpif90 -f90=ifort -real-size `expr 8 \* 4` -i4  -ip -fp-model precise -w -ftz -align all -fno-alias -FR -convert big_endian   " FGREP="fgrep -iq" \
          TRADFLAG="-traditional-cpp" AR="ar" ARFLAGS="ru" ARCHFLAGS="-DEM_CORE=1 -DNMM_CORE=0 -DNMM_MAX_DIM=2600 -DCOAMPS_CORE=0 -DDA_CORE=0 -DEXP_CORE=0 -DIWORDSIZE=4 -DDWORDSIZE=8 -DRWORDSIZE=4 -DLWORDSIZE=4 -DNONSTANDARD_SYSTEM_FUNC  -DWRF_USE_CLM  -DDM_PARALLEL -DNETCDF -DMOVE_NESTS -DUSE_ALLOCATABLES -DGRIB1 -DINTIO -DKEEP_INT_AROUND -DLIMIT_ARGS -DCONFIG_BUF_LEN=65536 -DMAX_DOMAINS_F=21 -DMAX_HISTORY=25 -DNMM_NEST=0" all )
make[3]: Entering directory '/glade/work/nystrom/Code/WRFDA/WRFV3_3.9.1_preset_moves_sfc_coeff_param_estim/external/io_int'
rm -f module_internal_header_util.f
awk '{print "#define", toupper($4), $6}' < ../../inc/intio_tags.h > io_int_idx_tags.h
cp ../../frame/module_internal_header_util.F mod_int_hdr_util.b
/lib/cpp -P -nostdinc -traditional-cpp -DEM_CORE=1 -DNMM_CORE=0 -DNMM_MAX_DIM=2600 -DCOAMPS_CORE=0 -DDA_CORE=0 -DEXP_CORE=0 -DIWORDSIZE=4 -DDWORDSIZE=8 -DRWORDSIZE=4 -DLWORDSIZE=4 -DNONSTANDARD_SYSTEM_FUNC  -DWRF_USE_CLM  -DDM_PARALLEL -DNETCDF -DMOVE_NESTS -DUSE_ALLOCATABLES -DGRIB1 -DINTIO -DKEEP_INT_AROUND -DLIMIT_ARGS -DCONFIG_BUF_LEN=65536 -DMAX_DOMAINS_F=21 -DMAX_HISTORY=25 -DNMM_NEST=0 module_io_int_idx.F90 > module_io_int_idx.f
/lib/cpp -P -nostdinc -traditional-cpp -DEM_CORE=1 -DNMM_CORE=0 -DNMM_MAX_DIM=2600 -DCOAMPS_CORE=0 -DDA_CORE=0 -DEXP_CORE=0 -DIWORDSIZE=4 -DDWORDSIZE=8 -DRWORDSIZE=4 -DLWORDSIZE=4 -DNONSTANDARD_SYSTEM_FUNC  -DWRF_USE_CLM  -DDM_PARALLEL -DNETCDF -DMOVE_NESTS -DUSE_ALLOCATABLES -DGRIB1 -DINTIO -DKEEP_INT_AROUND -DLIMIT_ARGS -DCONFIG_BUF_LEN=65536 -DMAX_DOMAINS_F=21 -DMAX_HISTORY=25 -DNMM_NEST=0 -I../../inc -I../ioapi_share mod_int_hdr_util.b > module_internal_header_util.f
/lib/cpp -P -nostdinc -traditional-cpp -DEM_CORE=1 -DNMM_CORE=0 -DNMM_MAX_DIM=2600 -DCOAMPS_CORE=0 -DDA_CORE=0 -DEXP_CORE=0 -DIWORDSIZE=4 -DDWORDSIZE=8 -DRWORDSIZE=4 -DLWORDSIZE=4 -DNONSTANDARD_SYSTEM_FUNC  -DWRF_USE_CLM  -DDM_PARALLEL -DNETCDF -DMOVE_NESTS -DUSE_ALLOCATABLES -DGRIB1 -DINTIO -DKEEP_INT_AROUND -DLIMIT_ARGS -DCONFIG_BUF_LEN=65536 -DMAX_DOMAINS_F=21 -DMAX_HISTORY=25 -DNMM_NEST=0 -DEM_CORE=1 -DNMM_CORE=0 -DNMM_MAX_DIM=2600 -DCOAMPS_CORE=0 -DDA_CORE=0 -DEXP_CORE=0 -DIWORDSIZE=4 -DDWORDSIZE=8 -DRWORDSIZE=4 -DLWORDSIZE=4 -DNONSTANDARD_SYSTEM_FUNC  -DWRF_USE_CLM  -DDM_PARALLEL -DNETCDF -DMOVE_NESTS -DUSE_ALLOCATABLES -DGRIB1 -DINTIO -DKEEP_INT_AROUND -DLIMIT_ARGS -DCONFIG_BUF_LEN=65536 -DMAX_DOMAINS_F=21 -DMAX_HISTORY=25 -DNMM_NEST=0 module_io_int_read.F90 > module_io_int_read.f
rm -f mod_int_hdr_util.b
Diffwrf io_int will be built later on in this compile. No need to rerun compile. 
Diffwrf io_int will be built later on in this compile. No need to rerun compile. 
Diffwrf io_int will be built later on in this compile. No need to rerun compile. 
Diffwrf io_int will be built later on in this compile. No need to rerun compile. 
Diffwrf io_int will be built later on in this compile. No need to rerun compile. 
Diffwrf io_int will be built later on in this compile. No need to rerun compile. 
/lib/cpp -P -nostdinc -traditional-cpp -DEM_CORE=1 -DNMM_CORE=0 -DNMM_MAX_DIM=2600 -DCOAMPS_CORE=0 -DDA_CORE=0 -DEXP_CORE=0 -DIWORDSIZE=4 -DDWORDSIZE=8 -DRWORDSIZE=4 -DLWORDSIZE=4 -DNONSTANDARD_SYSTEM_FUNC  -DWRF_USE_CLM  -DDM_PARALLEL -DNETCDF -DMOVE_NESTS -DUSE_ALLOCATABLES -DGRIB1 -DINTIO -DKEEP_INT_AROUND -DLIMIT_ARGS -DCONFIG_BUF_LEN=65536 -DMAX_DOMAINS_F=21 -DMAX_HISTORY=25 -DNMM_NEST=0 test_io_idx.F90 > test_io_idx.f
time mpif90 -f90=ifort -real-size 32 -i4  -ip -fp-model precise -w -ftz -align all -fno-alias -FR -convert big_endian     -o module_internal_header_util.o -c module_internal_header_util.f
mpicc -cc=icc -DMPI2_SUPPORT -DFSEEKO64_OK  -o io_int_idx.o -c -w -O3 -ip  io_int_idx.c
time mpif90 -f90=ifort -real-size 32 -i4  -ip -fp-model precise -w -ftz -align all -fno-alias -FR -convert big_endian     -o module_io_int_idx.o -c module_io_int_idx.f
0.08user 0.06system 0:00.27elapsed 56%CPU (0avgtext+0avgdata 38408maxresident)k
0inputs+0outputs (0major+22958minor)pagefaults 0swaps
time mpif90 -f90=ifort -real-size 32 -i4  -ip -fp-model precise -w -ftz -align all -fno-alias -FR -convert big_endian     -I../../frame -o module_io_int_read.o -c module_io_int_read.f
0.83user 0.10system 0:01.06elapsed 88%CPU (0avgtext+0avgdata 52444maxresident)k
0inputs+0outputs (0major+27272minor)pagefaults 0swaps
/lib/cpp -P -nostdinc -traditional-cpp -DEM_CORE=1 -DNMM_CORE=0 -DNMM_MAX_DIM=2600 -DCOAMPS_CORE=0 -DDA_CORE=0 -DEXP_CORE=0 -DIWORDSIZE=4 -DDWORDSIZE=8 -DRWORDSIZE=4 -DLWORDSIZE=4 -DNONSTANDARD_SYSTEM_FUNC  -DWRF_USE_CLM  -DDM_PARALLEL -DNETCDF -DMOVE_NESTS -DUSE_ALLOCATABLES -DGRIB1 -DINTIO -DKEEP_INT_AROUND -DLIMIT_ARGS -DCONFIG_BUF_LEN=65536 -DMAX_DOMAINS_F=21 -DMAX_HISTORY=25 -DNMM_NEST=0  -I../../inc -I../ioapi_share io_int.F90 | m4 -Uinclude -Uindex -Ulen - > io_int.f
time mpif90 -f90=ifort -real-size 32 -i4  -ip -fp-model precise -w -ftz -align all -fno-alias -FR -convert big_endian     -I../../inc -I../ioapi_share -o io_int.o -c io_int.f
0.32user 0.07system 0:00.51elapsed 76%CPU (0avgtext+0avgdata 44604maxresident)k
0inputs+0outputs (0major+25163minor)pagefaults 0swaps
0.65user 0.10system 0:00.91elapsed 83%CPU (0avgtext+0avgdata 50428maxresident)k
0inputs+0outputs (0major+27619minor)pagefaults 0swaps
rm -f libwrfio_int.a
if [ `echo "time mpif90 -f90=ifort -real-size 32 -i4  -ip -fp-model precise -w -ftz -align all -fno-alias -FR -convert big_endian   " | awk '{print $1}'` = "gfortran" ] ; then \
	echo removing external declaration of iargc for gfortran ; \
	/lib/cpp -P -nostdinc -traditional-cpp -DEM_CORE=1 -DNMM_CORE=0 -DNMM_MAX_DIM=2600 -DCOAMPS_CORE=0 -DDA_CORE=0 -DEXP_CORE=0 -DIWORDSIZE=4 -DDWORDSIZE=8 -DRWORDSIZE=4 -DLWORDSIZE=4 -DNONSTANDARD_SYSTEM_FUNC  -DWRF_USE_CLM  -DDM_PARALLEL -DNETCDF -DMOVE_NESTS -DUSE_ALLOCATABLES -DGRIB1 -DINTIO -DKEEP_INT_AROUND -DLIMIT_ARGS -DCONFIG_BUF_LEN=65536 -DMAX_DOMAINS_F=21 -DMAX_HISTORY=25 -DNMM_NEST=0  -I../ioapi_share diffwrf.F90 | \
	sed '/integer *, *external.*iargc/d' > diffwrf.f  ; \
else \
	/lib/cpp -P -nostdinc -traditional-cpp -DEM_CORE=1 -DNMM_CORE=0 -DNMM_MAX_DIM=2600 -DCOAMPS_CORE=0 -DDA_CORE=0 -DEXP_CORE=0 -DIWORDSIZE=4 -DDWORDSIZE=8 -DRWORDSIZE=4 -DLWORDSIZE=4 -DNONSTANDARD_SYSTEM_FUNC  -DWRF_USE_CLM  -DDM_PARALLEL -DNETCDF -DMOVE_NESTS -DUSE_ALLOCATABLES -DGRIB1 -DINTIO -DKEEP_INT_AROUND -DLIMIT_ARGS -DCONFIG_BUF_LEN=65536 -DMAX_DOMAINS_F=21 -DMAX_HISTORY=25 -DNMM_NEST=0  -I../ioapi_share diffwrf.F90 > diffwrf.f  ; \
fi ; \
time mpif90 -f90=ifort -real-size 32 -i4  -ip -fp-model precise -w -ftz -align all -fno-alias -FR -convert big_endian    -c  -I../ioapi_share diffwrf.f ; \

ar ru libwrfio_int.a io_int.o io_int_idx.o module_io_int_idx.o module_io_int_read.o
ar: creating libwrfio_int.a
ranlib libwrfio_int.a
time mpif90 -f90=ifort -real-size 32 -i4  -ip -fp-model precise -w -ftz -align all -fno-alias -FR -convert big_endian      -o test_io_idx test_io_idx.f -L. -lwrfio_int
0.19user 0.15system 0:00.54elapsed 65%CPU (0avgtext+0avgdata 38756maxresident)k
0inputs+0outputs (0major+35686minor)pagefaults 0swaps

real	0m0.575s
user	0m0.334s
sys	0m0.107s
if [ -f ../../frame/pack_utils.o -a -f ../../frame/clog.o ] ; then \
  time mpif90 -f90=ifort -real-size 32 -i4  -ip -fp-model precise -w -ftz -align all -fno-alias -FR -convert big_endian      -I../ioapi_share -o diffwrf diffwrf.f \
	../../frame/pack_utils.o ../../frame/module_internal_header_util.o ../../frame/module_driver_constants.o ../../frame/module_machine.o ../../frame/module_wrf_error.o ../../frame/wrf_debug.o  libwrfio_int.a ; \
fi
make[3]: Leaving directory '/glade/work/nystrom/Code/WRFDA/WRFV3_3.9.1_preset_moves_sfc_coeff_param_estim/external/io_int'
( cd /glade/work/nystrom/Code/WRFDA/WRFV3_3.9.1_preset_moves_sfc_coeff_param_estim/external/fftpack/fftpack5 ; \
          make -j 2 FC="ifort" FFLAGS="-real-size `expr 8 \* 4` -i4  -ip -fp-model precise -w -ftz -align all -fno-alias -FR -convert big_endian  " RANLIB="ranlib" AR="ar" \
          ARFLAGS="ru" CPP="/lib/cpp -P -nostdinc" CPPFLAGS="-DEM_CORE=1 -DNMM_CORE=0 -DNMM_MAX_DIM=2600 -DCOAMPS_CORE=0 -DDA_CORE=0 -DEXP_CORE=0 -DIWORDSIZE=4 -DDWORDSIZE=8 -DRWORDSIZE=4 -DLWORDSIZE=4 -DNONSTANDARD_SYSTEM_FUNC  -DWRF_USE_CLM  -DDM_PARALLEL -DNETCDF -DMOVE_NESTS -DUSE_ALLOCATABLES -DGRIB1 -DINTIO -DKEEP_INT_AROUND -DLIMIT_ARGS -DCONFIG_BUF_LEN=65536 -DMAX_DOMAINS_F=21 -DMAX_HISTORY=25 -DNMM_NEST=0  -I. -traditional-cpp " RM="rm -f" )
make[3]: Entering directory '/glade/work/nystrom/Code/WRFDA/WRFV3_3.9.1_preset_moves_sfc_coeff_param_estim/external/fftpack/fftpack5'
/lib/cpp -P -nostdinc -DEM_CORE=1 -DNMM_CORE=0 -DNMM_MAX_DIM=2600 -DCOAMPS_CORE=0 -DDA_CORE=0 -DEXP_CORE=0 -DIWORDSIZE=4 -DDWORDSIZE=8 -DRWORDSIZE=4 -DLWORDSIZE=4 -DNONSTANDARD_SYSTEM_FUNC  -DWRF_USE_CLM  -DDM_PARALLEL -DNETCDF -DMOVE_NESTS -DUSE_ALLOCATABLES -DGRIB1 -DINTIO -DKEEP_INT_AROUND -DLIMIT_ARGS -DCONFIG_BUF_LEN=65536 -DMAX_DOMAINS_F=21 -DMAX_HISTORY=25 -DNMM_NEST=0  -I. -traditional-cpp  c1f2kb.F  > c1f2kb.f90
/lib/cpp -P -nostdinc -DEM_CORE=1 -DNMM_CORE=0 -DNMM_MAX_DIM=2600 -DCOAMPS_CORE=0 -DDA_CORE=0 -DEXP_CORE=0 -DIWORDSIZE=4 -DDWORDSIZE=8 -DRWORDSIZE=4 -DLWORDSIZE=4 -DNONSTANDARD_SYSTEM_FUNC  -DWRF_USE_CLM  -DDM_PARALLEL -DNETCDF -DMOVE_NESTS -DUSE_ALLOCATABLES -DGRIB1 -DINTIO -DKEEP_INT_AROUND -DLIMIT_ARGS -DCONFIG_BUF_LEN=65536 -DMAX_DOMAINS_F=21 -DMAX_HISTORY=25 -DNMM_NEST=0  -I. -traditional-cpp  cfft1b.F  > cfft1b.f90
ifort -c -real-size 32 -i4  -ip -fp-model precise -w -ftz -align all -fno-alias -FR -convert big_endian   c1f2kb.f90
ifort -c -real-size 32 -i4  -ip -fp-model precise -w -ftz -align all -fno-alias -FR -convert big_endian   cfft1b.f90
rm -f -f cfft1b.f90
/lib/cpp -P -nostdinc -DEM_CORE=1 -DNMM_CORE=0 -DNMM_MAX_DIM=2600 -DCOAMPS_CORE=0 -DDA_CORE=0 -DEXP_CORE=0 -DIWORDSIZE=4 -DDWORDSIZE=8 -DRWORDSIZE=4 -DLWORDSIZE=4 -DNONSTANDARD_SYSTEM_FUNC  -DWRF_USE_CLM  -DDM_PARALLEL -DNETCDF -DMOVE_NESTS -DUSE_ALLOCATABLES -DGRIB1 -DINTIO -DKEEP_INT_AROUND -DLIMIT_ARGS -DCONFIG_BUF_LEN=65536 -DMAX_DOMAINS_F=21 -DMAX_HISTORY=25 -DNMM_NEST=0  -I. -traditional-cpp  cmf3kf.F  > cmf3kf.f90
ifort -c -real-size 32 -i4  -ip -fp-model precise -w -ftz -align all -fno-alias -FR -convert big_endian   cmf3kf.f90
rm -f -f c1f2kb.f90
/lib/cpp -P -nostdinc -DEM_CORE=1 -DNMM_CORE=0 -DNMM_MAX_DIM=2600 -DCOAMPS_CORE=0 -DDA_CORE=0 -DEXP_CORE=0 -DIWORDSIZE=4 -DDWORDSIZE=8 -DRWORDSIZE=4 -DLWORDSIZE=4 -DNONSTANDARD_SYSTEM_FUNC  -DWRF_USE_CLM  -DDM_PARALLEL -DNETCDF -DMOVE_NESTS -DUSE_ALLOCATABLES -DGRIB1 -DINTIO -DKEEP_INT_AROUND -DLIMIT_ARGS -DCONFIG_BUF_LEN=65536 -DMAX_DOMAINS_F=21 -DMAX_HISTORY=25 -DNMM_NEST=0  -I. -traditional-cpp  cosqb1.F  > cosqb1.f90
ifort -c -real-size 32 -i4  -ip -fp-model precise -w -ftz -align all -fno-alias -FR -convert big_endian   cosqb1.f90
rm -f -f cosqb1.f90
/lib/cpp -P -nostdinc -DEM_CORE=1 -DNMM_CORE=0 -DNMM_MAX_DIM=2600 -DCOAMPS_CORE=0 -DDA_CORE=0 -DEXP_CORE=0 -DIWORDSIZE=4 -DDWORDSIZE=8 -DRWORDSIZE=4 -DLWORDSIZE=4 -DNONSTANDARD_SYSTEM_FUNC  -DWRF_USE_CLM  -DDM_PARALLEL -DNETCDF -DMOVE_NESTS -DUSE_ALLOCATABLES -DGRIB1 -DINTIO -DKEEP_INT_AROUND -DLIMIT_ARGS -DCONFIG_BUF_LEN=65536 -DMAX_DOMAINS_F=21 -DMAX_HISTORY=25 -DNMM_NEST=0  -I. -traditional-cpp  costmi.F  > costmi.f90
ifort -c -real-size 32 -i4  -ip -fp-model precise -w -ftz -align all -fno-alias -FR -convert big_endian   costmi.f90
rm -f -f cmf3kf.f90
/lib/cpp -P -nostdinc -DEM_CORE=1 -DNMM_CORE=0 -DNMM_MAX_DIM=2600 -DCOAMPS_CORE=0 -DDA_CORE=0 -DEXP_CORE=0 -DIWORDSIZE=4 -DDWORDSIZE=8 -DRWORDSIZE=4 -DLWORDSIZE=4 -DNONSTANDARD_SYSTEM_FUNC  -DWRF_USE_CLM  -DDM_PARALLEL -DNETCDF -DMOVE_NESTS -DUSE_ALLOCATABLES -DGRIB1 -DINTIO -DKEEP_INT_AROUND -DLIMIT_ARGS -DCONFIG_BUF_LEN=65536 -DMAX_DOMAINS_F=21 -DMAX_HISTORY=25 -DNMM_NEST=0  -I. -traditional-cpp  dcosq1f.F  > dcosq1f.f90
ifort -c -real-size 32 -i4  -ip -fp-model precise -w -ftz -align all -fno-alias -FR -convert big_endian   dcosq1f.f90
rm -f -f costmi.f90
/lib/cpp -P -nostdinc -DEM_CORE=1 -DNMM_CORE=0 -DNMM_MAX_DIM=2600 -DCOAMPS_CORE=0 -DDA_CORE=0 -DEXP_CORE=0 -DIWORDSIZE=4 -DDWORDSIZE=8 -DRWORDSIZE=4 -DLWORDSIZE=4 -DNONSTANDARD_SYSTEM_FUNC  -DWRF_USE_CLM  -DDM_PARALLEL -DNETCDF -DMOVE_NESTS -DUSE_ALLOCATABLES -DGRIB1 -DINTIO -DKEEP_INT_AROUND -DLIMIT_ARGS -DCONFIG_BUF_LEN=65536 -DMAX_DOMAINS_F=21 -DMAX_HISTORY=25 -DNMM_NEST=0  -I. -traditional-cpp  dfftb1.F  > dfftb1.f90
ifort -c -real-size 32 -i4  -ip -fp-model precise -w -ftz -align all -fno-alias -FR -convert big_endian   dfftb1.f90
rm -f -f dcosq1f.f90
/lib/cpp -P -nostdinc -DEM_CORE=1 -DNMM_CORE=0 -DNMM_MAX_DIM=2600 -DCOAMPS_CORE=0 -DDA_CORE=0 -DEXP_CORE=0 -DIWORDSIZE=4 -DDWORDSIZE=8 -DRWORDSIZE=4 -DLWORDSIZE=4 -DNONSTANDARD_SYSTEM_FUNC  -DWRF_USE_CLM  -DDM_PARALLEL -DNETCDF -DMOVE_NESTS -DUSE_ALLOCATABLES -DGRIB1 -DINTIO -DKEEP_INT_AROUND -DLIMIT_ARGS -DCONFIG_BUF_LEN=65536 -DMAX_DOMAINS_F=21 -DMAX_HISTORY=25 -DNMM_NEST=0  -I. -traditional-cpp  mradb2.F  > mradb2.f90
ifort -c -real-size 32 -i4  -ip -fp-model precise -w -ftz -align all -fno-alias -FR -convert big_endian   mradb2.f90
rm -f -f dfftb1.f90
/lib/cpp -P -nostdinc -DEM_CORE=1 -DNMM_CORE=0 -DNMM_MAX_DIM=2600 -DCOAMPS_CORE=0 -DDA_CORE=0 -DEXP_CORE=0 -DIWORDSIZE=4 -DDWORDSIZE=8 -DRWORDSIZE=4 -DLWORDSIZE=4 -DNONSTANDARD_SYSTEM_FUNC  -DWRF_USE_CLM  -DDM_PARALLEL -DNETCDF -DMOVE_NESTS -DUSE_ALLOCATABLES -DGRIB1 -DINTIO -DKEEP_INT_AROUND -DLIMIT_ARGS -DCONFIG_BUF_LEN=65536 -DMAX_DOMAINS_F=21 -DMAX_HISTORY=25 -DNMM_NEST=0  -I. -traditional-cpp  mrfti1.F  > mrfti1.f90
ifort -c -real-size 32 -i4  -ip -fp-model precise -w -ftz -align all -fno-alias -FR -convert big_endian   mrfti1.f90
rm -f -f mradb2.f90
/lib/cpp -P -nostdinc -DEM_CORE=1 -DNMM_CORE=0 -DNMM_MAX_DIM=2600 -DCOAMPS_CORE=0 -DDA_CORE=0 -DEXP_CORE=0 -DIWORDSIZE=4 -DDWORDSIZE=8 -DRWORDSIZE=4 -DLWORDSIZE=4 -DNONSTANDARD_SYSTEM_FUNC  -DWRF_USE_CLM  -DDM_PARALLEL -DNETCDF -DMOVE_NESTS -DUSE_ALLOCATABLES -DGRIB1 -DINTIO -DKEEP_INT_AROUND -DLIMIT_ARGS -DCONFIG_BUF_LEN=65536 -DMAX_DOMAINS_F=21 -DMAX_HISTORY=25 -DNMM_NEST=0  -I. -traditional-cpp  r1fgkf.F  > r1fgkf.f90
ifort -c -real-size 32 -i4  -ip -fp-model precise -w -ftz -align all -fno-alias -FR -convert big_endian   r1fgkf.f90
rm -f -f mrfti1.f90
/lib/cpp -P -nostdinc -DEM_CORE=1 -DNMM_CORE=0 -DNMM_MAX_DIM=2600 -DCOAMPS_CORE=0 -DDA_CORE=0 -DEXP_CORE=0 -DIWORDSIZE=4 -DDWORDSIZE=8 -DRWORDSIZE=4 -DLWORDSIZE=4 -DNONSTANDARD_SYSTEM_FUNC  -DWRF_USE_CLM  -DDM_PARALLEL -DNETCDF -DMOVE_NESTS -DUSE_ALLOCATABLES -DGRIB1 -DINTIO -DKEEP_INT_AROUND -DLIMIT_ARGS -DCONFIG_BUF_LEN=65536 -DMAX_DOMAINS_F=21 -DMAX_HISTORY=25 -DNMM_NEST=0  -I. -traditional-cpp  rfft2i.F  > rfft2i.f90
ifort -c -real-size 32 -i4  -ip -fp-model precise -w -ftz -align all -fno-alias -FR -convert big_endian   rfft2i.f90
rm -f -f rfft2i.f90
/lib/cpp -P -nostdinc -DEM_CORE=1 -DNMM_CORE=0 -DNMM_MAX_DIM=2600 -DCOAMPS_CORE=0 -DDA_CORE=0 -DEXP_CORE=0 -DIWORDSIZE=4 -DDWORDSIZE=8 -DRWORDSIZE=4 -DLWORDSIZE=4 -DNONSTANDARD_SYSTEM_FUNC  -DWRF_USE_CLM  -DDM_PARALLEL -DNETCDF -DMOVE_NESTS -DUSE_ALLOCATABLES -DGRIB1 -DINTIO -DKEEP_INT_AROUND -DLIMIT_ARGS -DCONFIG_BUF_LEN=65536 -DMAX_DOMAINS_F=21 -DMAX_HISTORY=25 -DNMM_NEST=0  -I. -traditional-cpp  sinqmi.F  > sinqmi.f90
ifort -c -real-size 32 -i4  -ip -fp-model precise -w -ftz -align all -fno-alias -FR -convert big_endian   sinqmi.f90
rm -f -f sinqmi.f90
/lib/cpp -P -nostdinc -DEM_CORE=1 -DNMM_CORE=0 -DNMM_MAX_DIM=2600 -DCOAMPS_CORE=0 -DDA_CORE=0 -DEXP_CORE=0 -DIWORDSIZE=4 -DDWORDSIZE=8 -DRWORDSIZE=4 -DLWORDSIZE=4 -DNONSTANDARD_SYSTEM_FUNC  -DWRF_USE_CLM  -DDM_PARALLEL -DNETCDF -DMOVE_NESTS -DUSE_ALLOCATABLES -DGRIB1 -DINTIO -DKEEP_INT_AROUND -DLIMIT_ARGS -DCONFIG_BUF_LEN=65536 -DMAX_DOMAINS_F=21 -DMAX_HISTORY=25 -DNMM_NEST=0  -I. -traditional-cpp  z1f2kf.F  > z1f2kf.f90
rm -f -f r1fgkf.f90
/lib/cpp -P -nostdinc -DEM_CORE=1 -DNMM_CORE=0 -DNMM_MAX_DIM=2600 -DCOAMPS_CORE=0 -DDA_CORE=0 -DEXP_CORE=0 -DIWORDSIZE=4 -DDWORDSIZE=8 -DRWORDSIZE=4 -DLWORDSIZE=4 -DNONSTANDARD_SYSTEM_FUNC  -DWRF_USE_CLM  -DDM_PARALLEL -DNETCDF -DMOVE_NESTS -DUSE_ALLOCATABLES -DGRIB1 -DINTIO -DKEEP_INT_AROUND -DLIMIT_ARGS -DCONFIG_BUF_LEN=65536 -DMAX_DOMAINS_F=21 -DMAX_HISTORY=25 -DNMM_NEST=0  -I. -traditional-cpp  zfft1f.F  > zfft1f.f90
ifort -c -real-size 32 -i4  -ip -fp-model precise -w -ftz -align all -fno-alias -FR -convert big_endian   z1f2kf.f90
ifort -c -real-size 32 -i4  -ip -fp-model precise -w -ftz -align all -fno-alias -FR -convert big_endian   zfft1f.f90
rm -f -f zfft1f.f90
/lib/cpp -P -nostdinc -DEM_CORE=1 -DNMM_CORE=0 -DNMM_MAX_DIM=2600 -DCOAMPS_CORE=0 -DDA_CORE=0 -DEXP_CORE=0 -DIWORDSIZE=4 -DDWORDSIZE=8 -DRWORDSIZE=4 -DLWORDSIZE=4 -DNONSTANDARD_SYSTEM_FUNC  -DWRF_USE_CLM  -DDM_PARALLEL -DNETCDF -DMOVE_NESTS -DUSE_ALLOCATABLES -DGRIB1 -DINTIO -DKEEP_INT_AROUND -DLIMIT_ARGS -DCONFIG_BUF_LEN=65536 -DMAX_DOMAINS_F=21 -DMAX_HISTORY=25 -DNMM_NEST=0  -I. -traditional-cpp  zmf4kb.F  > zmf4kb.f90
rm -f -f z1f2kf.f90
/lib/cpp -P -nostdinc -DEM_CORE=1 -DNMM_CORE=0 -DNMM_MAX_DIM=2600 -DCOAMPS_CORE=0 -DDA_CORE=0 -DEXP_CORE=0 -DIWORDSIZE=4 -DDWORDSIZE=8 -DRWORDSIZE=4 -DLWORDSIZE=4 -DNONSTANDARD_SYSTEM_FUNC  -DWRF_USE_CLM  -DDM_PARALLEL -DNETCDF -DMOVE_NESTS -DUSE_ALLOCATABLES -DGRIB1 -DINTIO -DKEEP_INT_AROUND -DLIMIT_ARGS -DCONFIG_BUF_LEN=65536 -DMAX_DOMAINS_F=21 -DMAX_HISTORY=25 -DNMM_NEST=0  -I. -traditional-cpp  c1f2kf.F  > c1f2kf.f90
ifort -c -real-size 32 -i4  -ip -fp-model precise -w -ftz -align all -fno-alias -FR -convert big_endian   c1f2kf.f90
ifort -c -real-size 32 -i4  -ip -fp-model precise -w -ftz -align all -fno-alias -FR -convert big_endian   zmf4kb.f90
rm -f -f c1f2kf.f90
/lib/cpp -P -nostdinc -DEM_CORE=1 -DNMM_CORE=0 -DNMM_MAX_DIM=2600 -DCOAMPS_CORE=0 -DDA_CORE=0 -DEXP_CORE=0 -DIWORDSIZE=4 -DDWORDSIZE=8 -DRWORDSIZE=4 -DLWORDSIZE=4 -DNONSTANDARD_SYSTEM_FUNC  -DWRF_USE_CLM  -DDM_PARALLEL -DNETCDF -DMOVE_NESTS -DUSE_ALLOCATABLES -DGRIB1 -DINTIO -DKEEP_INT_AROUND -DLIMIT_ARGS -DCONFIG_BUF_LEN=65536 -DMAX_DOMAINS_F=21 -DMAX_HISTORY=25 -DNMM_NEST=0  -I. -traditional-cpp  cfft1f.F  > cfft1f.f90
ifort -c -real-size 32 -i4  -ip -fp-model precise -w -ftz -align all -fno-alias -FR -convert big_endian   cfft1f.f90
rm -f -f zmf4kb.f90
/lib/cpp -P -nostdinc -DEM_CORE=1 -DNMM_CORE=0 -DNMM_MAX_DIM=2600 -DCOAMPS_CORE=0 -DDA_CORE=0 -DEXP_CORE=0 -DIWORDSIZE=4 -DDWORDSIZE=8 -DRWORDSIZE=4 -DLWORDSIZE=4 -DNONSTANDARD_SYSTEM_FUNC  -DWRF_USE_CLM  -DDM_PARALLEL -DNETCDF -DMOVE_NESTS -DUSE_ALLOCATABLES -DGRIB1 -DINTIO -DKEEP_INT_AROUND -DLIMIT_ARGS -DCONFIG_BUF_LEN=65536 -DMAX_DOMAINS_F=21 -DMAX_HISTORY=25 -DNMM_NEST=0  -I. -traditional-cpp  cmf4kb.F  > cmf4kb.f90
ifort -c -real-size 32 -i4  -ip -fp-model precise -w -ftz -align all -fno-alias -FR -convert big_endian   cmf4kb.f90
rm -f -f cfft1f.f90
/lib/cpp -P -nostdinc -DEM_CORE=1 -DNMM_CORE=0 -DNMM_MAX_DIM=2600 -DCOAMPS_CORE=0 -DDA_CORE=0 -DEXP_CORE=0 -DIWORDSIZE=4 -DDWORDSIZE=8 -DRWORDSIZE=4 -DLWORDSIZE=4 -DNONSTANDARD_SYSTEM_FUNC  -DWRF_USE_CLM  -DDM_PARALLEL -DNETCDF -DMOVE_NESTS -DUSE_ALLOCATABLES -DGRIB1 -DINTIO -DKEEP_INT_AROUND -DLIMIT_ARGS -DCONFIG_BUF_LEN=65536 -DMAX_DOMAINS_F=21 -DMAX_HISTORY=25 -DNMM_NEST=0  -I. -traditional-cpp  cosqf1.F  > cosqf1.f90
ifort -c -real-size 32 -i4  -ip -fp-model precise -w -ftz -align all -fno-alias -FR -convert big_endian   cosqf1.f90
rm -f -f cmf4kb.f90
/lib/cpp -P -nostdinc -DEM_CORE=1 -DNMM_CORE=0 -DNMM_MAX_DIM=2600 -DCOAMPS_CORE=0 -DDA_CORE=0 -DEXP_CORE=0 -DIWORDSIZE=4 -DDWORDSIZE=8 -DRWORDSIZE=4 -DLWORDSIZE=4 -DNONSTANDARD_SYSTEM_FUNC  -DWRF_USE_CLM  -DDM_PARALLEL -DNETCDF -DMOVE_NESTS -DUSE_ALLOCATABLES -DGRIB1 -DINTIO -DKEEP_INT_AROUND -DLIMIT_ARGS -DCONFIG_BUF_LEN=65536 -DMAX_DOMAINS_F=21 -DMAX_HISTORY=25 -DNMM_NEST=0  -I. -traditional-cpp  d1f2kb.F  > d1f2kb.f90
ifort -c -real-size 32 -i4  -ip -fp-model precise -w -ftz -align all -fno-alias -FR -convert big_endian   d1f2kb.f90
rm -f -f cosqf1.f90
/lib/cpp -P -nostdinc -DEM_CORE=1 -DNMM_CORE=0 -DNMM_MAX_DIM=2600 -DCOAMPS_CORE=0 -DDA_CORE=0 -DEXP_CORE=0 -DIWORDSIZE=4 -DDWORDSIZE=8 -DRWORDSIZE=4 -DLWORDSIZE=4 -DNONSTANDARD_SYSTEM_FUNC  -DWRF_USE_CLM  -DDM_PARALLEL -DNETCDF -DMOVE_NESTS -DUSE_ALLOCATABLES -DGRIB1 -DINTIO -DKEEP_INT_AROUND -DLIMIT_ARGS -DCONFIG_BUF_LEN=65536 -DMAX_DOMAINS_F=21 -DMAX_HISTORY=25 -DNMM_NEST=0  -I. -traditional-cpp  dcosq1i.F  > dcosq1i.f90
ifort -c -real-size 32 -i4  -ip -fp-model precise -w -ftz -align all -fno-alias -FR -convert big_endian   dcosq1i.f90
rm -f -f d1f2kb.f90
/lib/cpp -P -nostdinc -DEM_CORE=1 -DNMM_CORE=0 -DNMM_MAX_DIM=2600 -DCOAMPS_CORE=0 -DDA_CORE=0 -DEXP_CORE=0 -DIWORDSIZE=4 -DDWORDSIZE=8 -DRWORDSIZE=4 -DLWORDSIZE=4 -DNONSTANDARD_SYSTEM_FUNC  -DWRF_USE_CLM  -DDM_PARALLEL -DNETCDF -DMOVE_NESTS -DUSE_ALLOCATABLES -DGRIB1 -DINTIO -DKEEP_INT_AROUND -DLIMIT_ARGS -DCONFIG_BUF_LEN=65536 -DMAX_DOMAINS_F=21 -DMAX_HISTORY=25 -DNMM_NEST=0  -I. -traditional-cpp  dfftf1.F  > dfftf1.f90
ifort -c -real-size 32 -i4  -ip -fp-model precise -w -ftz -align all -fno-alias -FR -convert big_endian   dfftf1.f90
rm -f -f dcosq1i.f90
/lib/cpp -P -nostdinc -DEM_CORE=1 -DNMM_CORE=0 -DNMM_MAX_DIM=2600 -DCOAMPS_CORE=0 -DDA_CORE=0 -DEXP_CORE=0 -DIWORDSIZE=4 -DDWORDSIZE=8 -DRWORDSIZE=4 -DLWORDSIZE=4 -DNONSTANDARD_SYSTEM_FUNC  -DWRF_USE_CLM  -DDM_PARALLEL -DNETCDF -DMOVE_NESTS -DUSE_ALLOCATABLES -DGRIB1 -DINTIO -DKEEP_INT_AROUND -DLIMIT_ARGS -DCONFIG_BUF_LEN=65536 -DMAX_DOMAINS_F=21 -DMAX_HISTORY=25 -DNMM_NEST=0  -I. -traditional-cpp  mradb3.F  > mradb3.f90
ifort -c -real-size 32 -i4  -ip -fp-model precise -w -ftz -align all -fno-alias -FR -convert big_endian   mradb3.f90
rm -f -f dfftf1.f90
/lib/cpp -P -nostdinc -DEM_CORE=1 -DNMM_CORE=0 -DNMM_MAX_DIM=2600 -DCOAMPS_CORE=0 -DDA_CORE=0 -DEXP_CORE=0 -DIWORDSIZE=4 -DDWORDSIZE=8 -DRWORDSIZE=4 -DLWORDSIZE=4 -DNONSTANDARD_SYSTEM_FUNC  -DWRF_USE_CLM  -DDM_PARALLEL -DNETCDF -DMOVE_NESTS -DUSE_ALLOCATABLES -DGRIB1 -DINTIO -DKEEP_INT_AROUND -DLIMIT_ARGS -DCONFIG_BUF_LEN=65536 -DMAX_DOMAINS_F=21 -DMAX_HISTORY=25 -DNMM_NEST=0  -I. -traditional-cpp  msntb1.F  > msntb1.f90
ifort -c -real-size 32 -i4  -ip -fp-model precise -w -ftz -align all -fno-alias -FR -convert big_endian   msntb1.f90
rm -f -f mradb3.f90
/lib/cpp -P -nostdinc -DEM_CORE=1 -DNMM_CORE=0 -DNMM_MAX_DIM=2600 -DCOAMPS_CORE=0 -DDA_CORE=0 -DEXP_CORE=0 -DIWORDSIZE=4 -DDWORDSIZE=8 -DRWORDSIZE=4 -DLWORDSIZE=4 -DNONSTANDARD_SYSTEM_FUNC  -DWRF_USE_CLM  -DDM_PARALLEL -DNETCDF -DMOVE_NESTS -DUSE_ALLOCATABLES -DGRIB1 -DINTIO -DKEEP_INT_AROUND -DLIMIT_ARGS -DCONFIG_BUF_LEN=65536 -DMAX_DOMAINS_F=21 -DMAX_HISTORY=25 -DNMM_NEST=0  -I. -traditional-cpp  r4_factor.F  > r4_factor.f90
ifort -c -real-size 32 -i4  -ip -fp-model precise -w -ftz -align all -fno-alias -FR -convert big_endian   r4_factor.f90
rm -f -f msntb1.f90
/lib/cpp -P -nostdinc -DEM_CORE=1 -DNMM_CORE=0 -DNMM_MAX_DIM=2600 -DCOAMPS_CORE=0 -DDA_CORE=0 -DEXP_CORE=0 -DIWORDSIZE=4 -DDWORDSIZE=8 -DRWORDSIZE=4 -DLWORDSIZE=4 -DNONSTANDARD_SYSTEM_FUNC  -DWRF_USE_CLM  -DDM_PARALLEL -DNETCDF -DMOVE_NESTS -DUSE_ALLOCATABLES -DGRIB1 -DINTIO -DKEEP_INT_AROUND -DLIMIT_ARGS -DCONFIG_BUF_LEN=65536 -DMAX_DOMAINS_F=21 -DMAX_HISTORY=25 -DNMM_NEST=0  -I. -traditional-cpp  rfftb1.F  > rfftb1.f90
ifort -c -real-size 32 -i4  -ip -fp-model precise -w -ftz -align all -fno-alias -FR -convert big_endian   rfftb1.f90
rm -f -f r4_factor.f90
/lib/cpp -P -nostdinc -DEM_CORE=1 -DNMM_CORE=0 -DNMM_MAX_DIM=2600 -DCOAMPS_CORE=0 -DDA_CORE=0 -DEXP_CORE=0 -DIWORDSIZE=4 -DDWORDSIZE=8 -DRWORDSIZE=4 -DLWORDSIZE=4 -DNONSTANDARD_SYSTEM_FUNC  -DWRF_USE_CLM  -DDM_PARALLEL -DNETCDF -DMOVE_NESTS -DUSE_ALLOCATABLES -DGRIB1 -DINTIO -DKEEP_INT_AROUND -DLIMIT_ARGS -DCONFIG_BUF_LEN=65536 -DMAX_DOMAINS_F=21 -DMAX_HISTORY=25 -DNMM_NEST=0  -I. -traditional-cpp  sint1b.F  > sint1b.f90
ifort -c -real-size 32 -i4  -ip -fp-model precise -w -ftz -align all -fno-alias -FR -convert big_endian   sint1b.f90
rm -f -f rfftb1.f90
/lib/cpp -P -nostdinc -DEM_CORE=1 -DNMM_CORE=0 -DNMM_MAX_DIM=2600 -DCOAMPS_CORE=0 -DDA_CORE=0 -DEXP_CORE=0 -DIWORDSIZE=4 -DDWORDSIZE=8 -DRWORDSIZE=4 -DLWORDSIZE=4 -DNONSTANDARD_SYSTEM_FUNC  -DWRF_USE_CLM  -DDM_PARALLEL -DNETCDF -DMOVE_NESTS -DUSE_ALLOCATABLES -DGRIB1 -DINTIO -DKEEP_INT_AROUND -DLIMIT_ARGS -DCONFIG_BUF_LEN=65536 -DMAX_DOMAINS_F=21 -DMAX_HISTORY=25 -DNMM_NEST=0  -I. -traditional-cpp  z1f3kb.F  > z1f3kb.f90
ifort -c -real-size 32 -i4  -ip -fp-model precise -w -ftz -align all -fno-alias -FR -convert big_endian   z1f3kb.f90
rm -f -f sint1b.f90
/lib/cpp -P -nostdinc -DEM_CORE=1 -DNMM_CORE=0 -DNMM_MAX_DIM=2600 -DCOAMPS_CORE=0 -DDA_CORE=0 -DEXP_CORE=0 -DIWORDSIZE=4 -DDWORDSIZE=8 -DRWORDSIZE=4 -DLWORDSIZE=4 -DNONSTANDARD_SYSTEM_FUNC  -DWRF_USE_CLM  -DDM_PARALLEL -DNETCDF -DMOVE_NESTS -DUSE_ALLOCATABLES -DGRIB1 -DINTIO -DKEEP_INT_AROUND -DLIMIT_ARGS -DCONFIG_BUF_LEN=65536 -DMAX_DOMAINS_F=21 -DMAX_HISTORY=25 -DNMM_NEST=0  -I. -traditional-cpp  zfft1i.F  > zfft1i.f90
ifort -c -real-size 32 -i4  -ip -fp-model precise -w -ftz -align all -fno-alias -FR -convert big_endian   zfft1i.f90
rm -f -f zfft1i.f90
/lib/cpp -P -nostdinc -DEM_CORE=1 -DNMM_CORE=0 -DNMM_MAX_DIM=2600 -DCOAMPS_CORE=0 -DDA_CORE=0 -DEXP_CORE=0 -DIWORDSIZE=4 -DDWORDSIZE=8 -DRWORDSIZE=4 -DLWORDSIZE=4 -DNONSTANDARD_SYSTEM_FUNC  -DWRF_USE_CLM  -DDM_PARALLEL -DNETCDF -DMOVE_NESTS -DUSE_ALLOCATABLES -DGRIB1 -DINTIO -DKEEP_INT_AROUND -DLIMIT_ARGS -DCONFIG_BUF_LEN=65536 -DMAX_DOMAINS_F=21 -DMAX_HISTORY=25 -DNMM_NEST=0  -I. -traditional-cpp  zmf4kf.F  > zmf4kf.f90
ifort -c -real-size 32 -i4  -ip -fp-model precise -w -ftz -align all -fno-alias -FR -convert big_endian   zmf4kf.f90
rm -f -f z1f3kb.f90
/lib/cpp -P -nostdinc -DEM_CORE=1 -DNMM_CORE=0 -DNMM_MAX_DIM=2600 -DCOAMPS_CORE=0 -DDA_CORE=0 -DEXP_CORE=0 -DIWORDSIZE=4 -DDWORDSIZE=8 -DRWORDSIZE=4 -DLWORDSIZE=4 -DNONSTANDARD_SYSTEM_FUNC  -DWRF_USE_CLM  -DDM_PARALLEL -DNETCDF -DMOVE_NESTS -DUSE_ALLOCATABLES -DGRIB1 -DINTIO -DKEEP_INT_AROUND -DLIMIT_ARGS -DCONFIG_BUF_LEN=65536 -DMAX_DOMAINS_F=21 -DMAX_HISTORY=25 -DNMM_NEST=0  -I. -traditional-cpp  c1f3kb.F  > c1f3kb.f90
ifort -c -real-size 32 -i4  -ip -fp-model precise -w -ftz -align all -fno-alias -FR -convert big_endian   c1f3kb.f90
rm -f -f zmf4kf.f90
/lib/cpp -P -nostdinc -DEM_CORE=1 -DNMM_CORE=0 -DNMM_MAX_DIM=2600 -DCOAMPS_CORE=0 -DDA_CORE=0 -DEXP_CORE=0 -DIWORDSIZE=4 -DDWORDSIZE=8 -DRWORDSIZE=4 -DLWORDSIZE=4 -DNONSTANDARD_SYSTEM_FUNC  -DWRF_USE_CLM  -DDM_PARALLEL -DNETCDF -DMOVE_NESTS -DUSE_ALLOCATABLES -DGRIB1 -DINTIO -DKEEP_INT_AROUND -DLIMIT_ARGS -DCONFIG_BUF_LEN=65536 -DMAX_DOMAINS_F=21 -DMAX_HISTORY=25 -DNMM_NEST=0  -I. -traditional-cpp  cfft1i.F  > cfft1i.f90
ifort -c -real-size 32 -i4  -ip -fp-model precise -w -ftz -align all -fno-alias -FR -convert big_endian   cfft1i.f90
rm -f -f c1f3kb.f90
/lib/cpp -P -nostdinc -DEM_CORE=1 -DNMM_CORE=0 -DNMM_MAX_DIM=2600 -DCOAMPS_CORE=0 -DDA_CORE=0 -DEXP_CORE=0 -DIWORDSIZE=4 -DDWORDSIZE=8 -DRWORDSIZE=4 -DLWORDSIZE=4 -DNONSTANDARD_SYSTEM_FUNC  -DWRF_USE_CLM  -DDM_PARALLEL -DNETCDF -DMOVE_NESTS -DUSE_ALLOCATABLES -DGRIB1 -DINTIO -DKEEP_INT_AROUND -DLIMIT_ARGS -DCONFIG_BUF_LEN=65536 -DMAX_DOMAINS_F=21 -DMAX_HISTORY=25 -DNMM_NEST=0  -I. -traditional-cpp  cmf4kf.F  > cmf4kf.f90
ifort -c -real-size 32 -i4  -ip -fp-model precise -w -ftz -align all -fno-alias -FR -convert big_endian   cmf4kf.f90
rm -f -f cfft1i.f90
/lib/cpp -P -nostdinc -DEM_CORE=1 -DNMM_CORE=0 -DNMM_MAX_DIM=2600 -DCOAMPS_CORE=0 -DDA_CORE=0 -DEXP_CORE=0 -DIWORDSIZE=4 -DDWORDSIZE=8 -DRWORDSIZE=4 -DLWORDSIZE=4 -DNONSTANDARD_SYSTEM_FUNC  -DWRF_USE_CLM  -DDM_PARALLEL -DNETCDF -DMOVE_NESTS -DUSE_ALLOCATABLES -DGRIB1 -DINTIO -DKEEP_INT_AROUND -DLIMIT_ARGS -DCONFIG_BUF_LEN=65536 -DMAX_DOMAINS_F=21 -DMAX_HISTORY=25 -DNMM_NEST=0  -I. -traditional-cpp  cosqmb.F  > cosqmb.f90
ifort -c -real-size 32 -i4  -ip -fp-model precise -w -ftz -align all -fno-alias -FR -convert big_endian   cosqmb.f90
rm -f -f cmf4kf.f90
/lib/cpp -P -nostdinc -DEM_CORE=1 -DNMM_CORE=0 -DNMM_MAX_DIM=2600 -DCOAMPS_CORE=0 -DDA_CORE=0 -DEXP_CORE=0 -DIWORDSIZE=4 -DDWORDSIZE=8 -DRWORDSIZE=4 -DLWORDSIZE=4 -DNONSTANDARD_SYSTEM_FUNC  -DWRF_USE_CLM  -DDM_PARALLEL -DNETCDF -DMOVE_NESTS -DUSE_ALLOCATABLES -DGRIB1 -DINTIO -DKEEP_INT_AROUND -DLIMIT_ARGS -DCONFIG_BUF_LEN=65536 -DMAX_DOMAINS_F=21 -DMAX_HISTORY=25 -DNMM_NEST=0  -I. -traditional-cpp  d1f2kf.F  > d1f2kf.f90
ifort -c -real-size 32 -i4  -ip -fp-model precise -w -ftz -align all -fno-alias -FR -convert big_endian   d1f2kf.f90
rm -f -f cosqmb.f90
/lib/cpp -P -nostdinc -DEM_CORE=1 -DNMM_CORE=0 -DNMM_MAX_DIM=2600 -DCOAMPS_CORE=0 -DDA_CORE=0 -DEXP_CORE=0 -DIWORDSIZE=4 -DDWORDSIZE=8 -DRWORDSIZE=4 -DLWORDSIZE=4 -DNONSTANDARD_SYSTEM_FUNC  -DWRF_USE_CLM  -DDM_PARALLEL -DNETCDF -DMOVE_NESTS -DUSE_ALLOCATABLES -DGRIB1 -DINTIO -DKEEP_INT_AROUND -DLIMIT_ARGS -DCONFIG_BUF_LEN=65536 -DMAX_DOMAINS_F=21 -DMAX_HISTORY=25 -DNMM_NEST=0  -I. -traditional-cpp  dcosqb1.F  > dcosqb1.f90
ifort -c -real-size 32 -i4  -ip -fp-model precise -w -ftz -align all -fno-alias -FR -convert big_endian   dcosqb1.f90
rm -f -f d1f2kf.f90
/lib/cpp -P -nostdinc -DEM_CORE=1 -DNMM_CORE=0 -DNMM_MAX_DIM=2600 -DCOAMPS_CORE=0 -DDA_CORE=0 -DEXP_CORE=0 -DIWORDSIZE=4 -DDWORDSIZE=8 -DRWORDSIZE=4 -DLWORDSIZE=4 -DNONSTANDARD_SYSTEM_FUNC  -DWRF_USE_CLM  -DDM_PARALLEL -DNETCDF -DMOVE_NESTS -DUSE_ALLOCATABLES -DGRIB1 -DINTIO -DKEEP_INT_AROUND -DLIMIT_ARGS -DCONFIG_BUF_LEN=65536 -DMAX_DOMAINS_F=21 -DMAX_HISTORY=25 -DNMM_NEST=0  -I. -traditional-cpp  dffti1.F  > dffti1.f90
ifort -c -real-size 32 -i4  -ip -fp-model precise -w -ftz -align all -fno-alias -FR -convert big_endian   dffti1.f90
rm -f -f dcosqb1.f90
/lib/cpp -P -nostdinc -DEM_CORE=1 -DNMM_CORE=0 -DNMM_MAX_DIM=2600 -DCOAMPS_CORE=0 -DDA_CORE=0 -DEXP_CORE=0 -DIWORDSIZE=4 -DDWORDSIZE=8 -DRWORDSIZE=4 -DLWORDSIZE=4 -DNONSTANDARD_SYSTEM_FUNC  -DWRF_USE_CLM  -DDM_PARALLEL -DNETCDF -DMOVE_NESTS -DUSE_ALLOCATABLES -DGRIB1 -DINTIO -DKEEP_INT_AROUND -DLIMIT_ARGS -DCONFIG_BUF_LEN=65536 -DMAX_DOMAINS_F=21 -DMAX_HISTORY=25 -DNMM_NEST=0  -I. -traditional-cpp  mradb4.F  > mradb4.f90
ifort -c -real-size 32 -i4  -ip -fp-model precise -w -ftz -align all -fno-alias -FR -convert big_endian   mradb4.f90
rm -f -f dffti1.f90
/lib/cpp -P -nostdinc -DEM_CORE=1 -DNMM_CORE=0 -DNMM_MAX_DIM=2600 -DCOAMPS_CORE=0 -DDA_CORE=0 -DEXP_CORE=0 -DIWORDSIZE=4 -DDWORDSIZE=8 -DRWORDSIZE=4 -DLWORDSIZE=4 -DNONSTANDARD_SYSTEM_FUNC  -DWRF_USE_CLM  -DDM_PARALLEL -DNETCDF -DMOVE_NESTS -DUSE_ALLOCATABLES -DGRIB1 -DINTIO -DKEEP_INT_AROUND -DLIMIT_ARGS -DCONFIG_BUF_LEN=65536 -DMAX_DOMAINS_F=21 -DMAX_HISTORY=25 -DNMM_NEST=0  -I. -traditional-cpp  msntf1.F  > msntf1.f90
ifort -c -real-size 32 -i4  -ip -fp-model precise -w -ftz -align all -fno-alias -FR -convert big_endian   msntf1.f90
rm -f -f mradb4.f90
/lib/cpp -P -nostdinc -DEM_CORE=1 -DNMM_CORE=0 -DNMM_MAX_DIM=2600 -DCOAMPS_CORE=0 -DDA_CORE=0 -DEXP_CORE=0 -DIWORDSIZE=4 -DDWORDSIZE=8 -DRWORDSIZE=4 -DLWORDSIZE=4 -DNONSTANDARD_SYSTEM_FUNC  -DWRF_USE_CLM  -DDM_PARALLEL -DNETCDF -DMOVE_NESTS -DUSE_ALLOCATABLES -DGRIB1 -DINTIO -DKEEP_INT_AROUND -DLIMIT_ARGS -DCONFIG_BUF_LEN=65536 -DMAX_DOMAINS_F=21 -DMAX_HISTORY=25 -DNMM_NEST=0  -I. -traditional-cpp  r4_mcfti1.F  > r4_mcfti1.f90
ifort -c -real-size 32 -i4  -ip -fp-model precise -w -ftz -align all -fno-alias -FR -convert big_endian   r4_mcfti1.f90
rm -f -f msntf1.f90
/lib/cpp -P -nostdinc -DEM_CORE=1 -DNMM_CORE=0 -DNMM_MAX_DIM=2600 -DCOAMPS_CORE=0 -DDA_CORE=0 -DEXP_CORE=0 -DIWORDSIZE=4 -DDWORDSIZE=8 -DRWORDSIZE=4 -DLWORDSIZE=4 -DNONSTANDARD_SYSTEM_FUNC  -DWRF_USE_CLM  -DDM_PARALLEL -DNETCDF -DMOVE_NESTS -DUSE_ALLOCATABLES -DGRIB1 -DINTIO -DKEEP_INT_AROUND -DLIMIT_ARGS -DCONFIG_BUF_LEN=65536 -DMAX_DOMAINS_F=21 -DMAX_HISTORY=25 -DNMM_NEST=0  -I. -traditional-cpp  rfftf1.F  > rfftf1.f90
ifort -c -real-size 32 -i4  -ip -fp-model precise -w -ftz -align all -fno-alias -FR -convert big_endian   rfftf1.f90
rm -f -f r4_mcfti1.f90
/lib/cpp -P -nostdinc -DEM_CORE=1 -DNMM_CORE=0 -DNMM_MAX_DIM=2600 -DCOAMPS_CORE=0 -DDA_CORE=0 -DEXP_CORE=0 -DIWORDSIZE=4 -DDWORDSIZE=8 -DRWORDSIZE=4 -DLWORDSIZE=4 -DNONSTANDARD_SYSTEM_FUNC  -DWRF_USE_CLM  -DDM_PARALLEL -DNETCDF -DMOVE_NESTS -DUSE_ALLOCATABLES -DGRIB1 -DINTIO -DKEEP_INT_AROUND -DLIMIT_ARGS -DCONFIG_BUF_LEN=65536 -DMAX_DOMAINS_F=21 -DMAX_HISTORY=25 -DNMM_NEST=0  -I. -traditional-cpp  sint1f.F  > sint1f.f90
ifort -c -real-size 32 -i4  -ip -fp-model precise -w -ftz -align all -fno-alias -FR -convert big_endian   sint1f.f90
rm -f -f rfftf1.f90
/lib/cpp -P -nostdinc -DEM_CORE=1 -DNMM_CORE=0 -DNMM_MAX_DIM=2600 -DCOAMPS_CORE=0 -DDA_CORE=0 -DEXP_CORE=0 -DIWORDSIZE=4 -DDWORDSIZE=8 -DRWORDSIZE=4 -DLWORDSIZE=4 -DNONSTANDARD_SYSTEM_FUNC  -DWRF_USE_CLM  -DDM_PARALLEL -DNETCDF -DMOVE_NESTS -DUSE_ALLOCATABLES -DGRIB1 -DINTIO -DKEEP_INT_AROUND -DLIMIT_ARGS -DCONFIG_BUF_LEN=65536 -DMAX_DOMAINS_F=21 -DMAX_HISTORY=25 -DNMM_NEST=0  -I. -traditional-cpp  z1f3kf.F  > z1f3kf.f90
ifort -c -real-size 32 -i4  -ip -fp-model precise -w -ftz -align all -fno-alias -FR -convert big_endian   z1f3kf.f90
rm -f -f sint1f.f90
/lib/cpp -P -nostdinc -DEM_CORE=1 -DNMM_CORE=0 -DNMM_MAX_DIM=2600 -DCOAMPS_CORE=0 -DDA_CORE=0 -DEXP_CORE=0 -DIWORDSIZE=4 -DDWORDSIZE=8 -DRWORDSIZE=4 -DLWORDSIZE=4 -DNONSTANDARD_SYSTEM_FUNC  -DWRF_USE_CLM  -DDM_PARALLEL -DNETCDF -DMOVE_NESTS -DUSE_ALLOCATABLES -DGRIB1 -DINTIO -DKEEP_INT_AROUND -DLIMIT_ARGS -DCONFIG_BUF_LEN=65536 -DMAX_DOMAINS_F=21 -DMAX_HISTORY=25 -DNMM_NEST=0  -I. -traditional-cpp  zfft2b.F  > zfft2b.f90
ifort -c -real-size 32 -i4  -ip -fp-model precise -w -ftz -align all -fno-alias -FR -convert big_endian   zfft2b.f90
rm -f -f zfft2b.f90
/lib/cpp -P -nostdinc -DEM_CORE=1 -DNMM_CORE=0 -DNMM_MAX_DIM=2600 -DCOAMPS_CORE=0 -DDA_CORE=0 -DEXP_CORE=0 -DIWORDSIZE=4 -DDWORDSIZE=8 -DRWORDSIZE=4 -DLWORDSIZE=4 -DNONSTANDARD_SYSTEM_FUNC  -DWRF_USE_CLM  -DDM_PARALLEL -DNETCDF -DMOVE_NESTS -DUSE_ALLOCATABLES -DGRIB1 -DINTIO -DKEEP_INT_AROUND -DLIMIT_ARGS -DCONFIG_BUF_LEN=65536 -DMAX_DOMAINS_F=21 -DMAX_HISTORY=25 -DNMM_NEST=0  -I. -traditional-cpp  zmf5kb.F  > zmf5kb.f90
rm -f -f z1f3kf.f90
/lib/cpp -P -nostdinc -DEM_CORE=1 -DNMM_CORE=0 -DNMM_MAX_DIM=2600 -DCOAMPS_CORE=0 -DDA_CORE=0 -DEXP_CORE=0 -DIWORDSIZE=4 -DDWORDSIZE=8 -DRWORDSIZE=4 -DLWORDSIZE=4 -DNONSTANDARD_SYSTEM_FUNC  -DWRF_USE_CLM  -DDM_PARALLEL -DNETCDF -DMOVE_NESTS -DUSE_ALLOCATABLES -DGRIB1 -DINTIO -DKEEP_INT_AROUND -DLIMIT_ARGS -DCONFIG_BUF_LEN=65536 -DMAX_DOMAINS_F=21 -DMAX_HISTORY=25 -DNMM_NEST=0  -I. -traditional-cpp  c1f3kf.F  > c1f3kf.f90
ifort -c -real-size 32 -i4  -ip -fp-model precise -w -ftz -align all -fno-alias -FR -convert big_endian   zmf5kb.f90
ifort -c -real-size 32 -i4  -ip -fp-model precise -w -ftz -align all -fno-alias -FR -convert big_endian   c1f3kf.f90
rm -f -f c1f3kf.f90
/lib/cpp -P -nostdinc -DEM_CORE=1 -DNMM_CORE=0 -DNMM_MAX_DIM=2600 -DCOAMPS_CORE=0 -DDA_CORE=0 -DEXP_CORE=0 -DIWORDSIZE=4 -DDWORDSIZE=8 -DRWORDSIZE=4 -DLWORDSIZE=4 -DNONSTANDARD_SYSTEM_FUNC  -DWRF_USE_CLM  -DDM_PARALLEL -DNETCDF -DMOVE_NESTS -DUSE_ALLOCATABLES -DGRIB1 -DINTIO -DKEEP_INT_AROUND -DLIMIT_ARGS -DCONFIG_BUF_LEN=65536 -DMAX_DOMAINS_F=21 -DMAX_HISTORY=25 -DNMM_NEST=0  -I. -traditional-cpp  cfft2b.F  > cfft2b.f90
ifort -c -real-size 32 -i4  -ip -fp-model precise -w -ftz -align all -fno-alias -FR -convert big_endian   cfft2b.f90
rm -f -f zmf5kb.f90
/lib/cpp -P -nostdinc -DEM_CORE=1 -DNMM_CORE=0 -DNMM_MAX_DIM=2600 -DCOAMPS_CORE=0 -DDA_CORE=0 -DEXP_CORE=0 -DIWORDSIZE=4 -DDWORDSIZE=8 -DRWORDSIZE=4 -DLWORDSIZE=4 -DNONSTANDARD_SYSTEM_FUNC  -DWRF_USE_CLM  -DDM_PARALLEL -DNETCDF -DMOVE_NESTS -DUSE_ALLOCATABLES -DGRIB1 -DINTIO -DKEEP_INT_AROUND -DLIMIT_ARGS -DCONFIG_BUF_LEN=65536 -DMAX_DOMAINS_F=21 -DMAX_HISTORY=25 -DNMM_NEST=0  -I. -traditional-cpp  cmf5kb.F  > cmf5kb.f90
ifort -c -real-size 32 -i4  -ip -fp-model precise -w -ftz -align all -fno-alias -FR -convert big_endian   cmf5kb.f90
rm -f -f cfft2b.f90
/lib/cpp -P -nostdinc -DEM_CORE=1 -DNMM_CORE=0 -DNMM_MAX_DIM=2600 -DCOAMPS_CORE=0 -DDA_CORE=0 -DEXP_CORE=0 -DIWORDSIZE=4 -DDWORDSIZE=8 -DRWORDSIZE=4 -DLWORDSIZE=4 -DNONSTANDARD_SYSTEM_FUNC  -DWRF_USE_CLM  -DDM_PARALLEL -DNETCDF -DMOVE_NESTS -DUSE_ALLOCATABLES -DGRIB1 -DINTIO -DKEEP_INT_AROUND -DLIMIT_ARGS -DCONFIG_BUF_LEN=65536 -DMAX_DOMAINS_F=21 -DMAX_HISTORY=25 -DNMM_NEST=0  -I. -traditional-cpp  cosqmf.F  > cosqmf.f90
ifort -c -real-size 32 -i4  -ip -fp-model precise -w -ftz -align all -fno-alias -FR -convert big_endian   cosqmf.f90
rm -f -f cmf5kb.f90
/lib/cpp -P -nostdinc -DEM_CORE=1 -DNMM_CORE=0 -DNMM_MAX_DIM=2600 -DCOAMPS_CORE=0 -DDA_CORE=0 -DEXP_CORE=0 -DIWORDSIZE=4 -DDWORDSIZE=8 -DRWORDSIZE=4 -DLWORDSIZE=4 -DNONSTANDARD_SYSTEM_FUNC  -DWRF_USE_CLM  -DDM_PARALLEL -DNETCDF -DMOVE_NESTS -DUSE_ALLOCATABLES -DGRIB1 -DINTIO -DKEEP_INT_AROUND -DLIMIT_ARGS -DCONFIG_BUF_LEN=65536 -DMAX_DOMAINS_F=21 -DMAX_HISTORY=25 -DNMM_NEST=0  -I. -traditional-cpp  d1f3kb.F  > d1f3kb.f90
ifort -c -real-size 32 -i4  -ip -fp-model precise -w -ftz -align all -fno-alias -FR -convert big_endian   d1f3kb.f90
rm -f -f cosqmf.f90
/lib/cpp -P -nostdinc -DEM_CORE=1 -DNMM_CORE=0 -DNMM_MAX_DIM=2600 -DCOAMPS_CORE=0 -DDA_CORE=0 -DEXP_CORE=0 -DIWORDSIZE=4 -DDWORDSIZE=8 -DRWORDSIZE=4 -DLWORDSIZE=4 -DNONSTANDARD_SYSTEM_FUNC  -DWRF_USE_CLM  -DDM_PARALLEL -DNETCDF -DMOVE_NESTS -DUSE_ALLOCATABLES -DGRIB1 -DINTIO -DKEEP_INT_AROUND -DLIMIT_ARGS -DCONFIG_BUF_LEN=65536 -DMAX_DOMAINS_F=21 -DMAX_HISTORY=25 -DNMM_NEST=0  -I. -traditional-cpp  dcosqf1.F  > dcosqf1.f90
ifort -c -real-size 32 -i4  -ip -fp-model precise -w -ftz -align all -fno-alias -FR -convert big_endian   dcosqf1.f90
rm -f -f d1f3kb.f90
/lib/cpp -P -nostdinc -DEM_CORE=1 -DNMM_CORE=0 -DNMM_MAX_DIM=2600 -DCOAMPS_CORE=0 -DDA_CORE=0 -DEXP_CORE=0 -DIWORDSIZE=4 -DDWORDSIZE=8 -DRWORDSIZE=4 -DLWORDSIZE=4 -DNONSTANDARD_SYSTEM_FUNC  -DWRF_USE_CLM  -DDM_PARALLEL -DNETCDF -DMOVE_NESTS -DUSE_ALLOCATABLES -DGRIB1 -DINTIO -DKEEP_INT_AROUND -DLIMIT_ARGS -DCONFIG_BUF_LEN=65536 -DMAX_DOMAINS_F=21 -DMAX_HISTORY=25 -DNMM_NEST=0  -I. -traditional-cpp  dsint1b.F  > dsint1b.f90
ifort -c -real-size 32 -i4  -ip -fp-model precise -w -ftz -align all -fno-alias -FR -convert big_endian   dsint1b.f90
rm -f -f dcosqf1.f90
/lib/cpp -P -nostdinc -DEM_CORE=1 -DNMM_CORE=0 -DNMM_MAX_DIM=2600 -DCOAMPS_CORE=0 -DDA_CORE=0 -DEXP_CORE=0 -DIWORDSIZE=4 -DDWORDSIZE=8 -DRWORDSIZE=4 -DLWORDSIZE=4 -DNONSTANDARD_SYSTEM_FUNC  -DWRF_USE_CLM  -DDM_PARALLEL -DNETCDF -DMOVE_NESTS -DUSE_ALLOCATABLES -DGRIB1 -DINTIO -DKEEP_INT_AROUND -DLIMIT_ARGS -DCONFIG_BUF_LEN=65536 -DMAX_DOMAINS_F=21 -DMAX_HISTORY=25 -DNMM_NEST=0  -I. -traditional-cpp  mradb5.F  > mradb5.f90
ifort -c -real-size 32 -i4  -ip -fp-model precise -w -ftz -align all -fno-alias -FR -convert big_endian   mradb5.f90
rm -f -f dsint1b.f90
/lib/cpp -P -nostdinc -DEM_CORE=1 -DNMM_CORE=0 -DNMM_MAX_DIM=2600 -DCOAMPS_CORE=0 -DDA_CORE=0 -DEXP_CORE=0 -DIWORDSIZE=4 -DDWORDSIZE=8 -DRWORDSIZE=4 -DLWORDSIZE=4 -DNONSTANDARD_SYSTEM_FUNC  -DWRF_USE_CLM  -DDM_PARALLEL -DNETCDF -DMOVE_NESTS -DUSE_ALLOCATABLES -DGRIB1 -DINTIO -DKEEP_INT_AROUND -DLIMIT_ARGS -DCONFIG_BUF_LEN=65536 -DMAX_DOMAINS_F=21 -DMAX_HISTORY=25 -DNMM_NEST=0  -I. -traditional-cpp  r1f2kb.F  > r1f2kb.f90
ifort -c -real-size 32 -i4  -ip -fp-model precise -w -ftz -align all -fno-alias -FR -convert big_endian   r1f2kb.f90
rm -f -f r1f2kb.f90
/lib/cpp -P -nostdinc -DEM_CORE=1 -DNMM_CORE=0 -DNMM_MAX_DIM=2600 -DCOAMPS_CORE=0 -DDA_CORE=0 -DEXP_CORE=0 -DIWORDSIZE=4 -DDWORDSIZE=8 -DRWORDSIZE=4 -DLWORDSIZE=4 -DNONSTANDARD_SYSTEM_FUNC  -DWRF_USE_CLM  -DDM_PARALLEL -DNETCDF -DMOVE_NESTS -DUSE_ALLOCATABLES -DGRIB1 -DINTIO -DKEEP_INT_AROUND -DLIMIT_ARGS -DCONFIG_BUF_LEN=65536 -DMAX_DOMAINS_F=21 -DMAX_HISTORY=25 -DNMM_NEST=0  -I. -traditional-cpp  r4_tables.F  > r4_tables.f90
ifort -c -real-size 32 -i4  -ip -fp-model precise -w -ftz -align all -fno-alias -FR -convert big_endian   r4_tables.f90
rm -f -f mradb5.f90
/lib/cpp -P -nostdinc -DEM_CORE=1 -DNMM_CORE=0 -DNMM_MAX_DIM=2600 -DCOAMPS_CORE=0 -DDA_CORE=0 -DEXP_CORE=0 -DIWORDSIZE=4 -DDWORDSIZE=8 -DRWORDSIZE=4 -DLWORDSIZE=4 -DNONSTANDARD_SYSTEM_FUNC  -DWRF_USE_CLM  -DDM_PARALLEL -DNETCDF -DMOVE_NESTS -DUSE_ALLOCATABLES -DGRIB1 -DINTIO -DKEEP_INT_AROUND -DLIMIT_ARGS -DCONFIG_BUF_LEN=65536 -DMAX_DOMAINS_F=21 -DMAX_HISTORY=25 -DNMM_NEST=0  -I. -traditional-cpp  rffti1.F  > rffti1.f90
ifort -c -real-size 32 -i4  -ip -fp-model precise -w -ftz -align all -fno-alias -FR -convert big_endian   rffti1.f90
rm -f -f r4_tables.f90
/lib/cpp -P -nostdinc -DEM_CORE=1 -DNMM_CORE=0 -DNMM_MAX_DIM=2600 -DCOAMPS_CORE=0 -DDA_CORE=0 -DEXP_CORE=0 -DIWORDSIZE=4 -DDWORDSIZE=8 -DRWORDSIZE=4 -DLWORDSIZE=4 -DNONSTANDARD_SYSTEM_FUNC  -DWRF_USE_CLM  -DDM_PARALLEL -DNETCDF -DMOVE_NESTS -DUSE_ALLOCATABLES -DGRIB1 -DINTIO -DKEEP_INT_AROUND -DLIMIT_ARGS -DCONFIG_BUF_LEN=65536 -DMAX_DOMAINS_F=21 -DMAX_HISTORY=25 -DNMM_NEST=0  -I. -traditional-cpp  sint1i.F  > sint1i.f90
ifort -c -real-size 32 -i4  -ip -fp-model precise -w -ftz -align all -fno-alias -FR -convert big_endian   sint1i.f90
rm -f -f rffti1.f90
/lib/cpp -P -nostdinc -DEM_CORE=1 -DNMM_CORE=0 -DNMM_MAX_DIM=2600 -DCOAMPS_CORE=0 -DDA_CORE=0 -DEXP_CORE=0 -DIWORDSIZE=4 -DDWORDSIZE=8 -DRWORDSIZE=4 -DLWORDSIZE=4 -DNONSTANDARD_SYSTEM_FUNC  -DWRF_USE_CLM  -DDM_PARALLEL -DNETCDF -DMOVE_NESTS -DUSE_ALLOCATABLES -DGRIB1 -DINTIO -DKEEP_INT_AROUND -DLIMIT_ARGS -DCONFIG_BUF_LEN=65536 -DMAX_DOMAINS_F=21 -DMAX_HISTORY=25 -DNMM_NEST=0  -I. -traditional-cpp  z1f4kb.F  > z1f4kb.f90
ifort -c -real-size 32 -i4  -ip -fp-model precise -w -ftz -align all -fno-alias -FR -convert big_endian   z1f4kb.f90
rm -f -f sint1i.f90
/lib/cpp -P -nostdinc -DEM_CORE=1 -DNMM_CORE=0 -DNMM_MAX_DIM=2600 -DCOAMPS_CORE=0 -DDA_CORE=0 -DEXP_CORE=0 -DIWORDSIZE=4 -DDWORDSIZE=8 -DRWORDSIZE=4 -DLWORDSIZE=4 -DNONSTANDARD_SYSTEM_FUNC  -DWRF_USE_CLM  -DDM_PARALLEL -DNETCDF -DMOVE_NESTS -DUSE_ALLOCATABLES -DGRIB1 -DINTIO -DKEEP_INT_AROUND -DLIMIT_ARGS -DCONFIG_BUF_LEN=65536 -DMAX_DOMAINS_F=21 -DMAX_HISTORY=25 -DNMM_NEST=0  -I. -traditional-cpp  zfft2f.F  > zfft2f.f90
ifort -c -real-size 32 -i4  -ip -fp-model precise -w -ftz -align all -fno-alias -FR -convert big_endian   zfft2f.f90
rm -f -f z1f4kb.f90
/lib/cpp -P -nostdinc -DEM_CORE=1 -DNMM_CORE=0 -DNMM_MAX_DIM=2600 -DCOAMPS_CORE=0 -DDA_CORE=0 -DEXP_CORE=0 -DIWORDSIZE=4 -DDWORDSIZE=8 -DRWORDSIZE=4 -DLWORDSIZE=4 -DNONSTANDARD_SYSTEM_FUNC  -DWRF_USE_CLM  -DDM_PARALLEL -DNETCDF -DMOVE_NESTS -DUSE_ALLOCATABLES -DGRIB1 -DINTIO -DKEEP_INT_AROUND -DLIMIT_ARGS -DCONFIG_BUF_LEN=65536 -DMAX_DOMAINS_F=21 -DMAX_HISTORY=25 -DNMM_NEST=0  -I. -traditional-cpp  zmf5kf.F  > zmf5kf.f90
rm -f -f zfft2f.f90
/lib/cpp -P -nostdinc -DEM_CORE=1 -DNMM_CORE=0 -DNMM_MAX_DIM=2600 -DCOAMPS_CORE=0 -DDA_CORE=0 -DEXP_CORE=0 -DIWORDSIZE=4 -DDWORDSIZE=8 -DRWORDSIZE=4 -DLWORDSIZE=4 -DNONSTANDARD_SYSTEM_FUNC  -DWRF_USE_CLM  -DDM_PARALLEL -DNETCDF -DMOVE_NESTS -DUSE_ALLOCATABLES -DGRIB1 -DINTIO -DKEEP_INT_AROUND -DLIMIT_ARGS -DCONFIG_BUF_LEN=65536 -DMAX_DOMAINS_F=21 -DMAX_HISTORY=25 -DNMM_NEST=0  -I. -traditional-cpp  c1f4kb.F  > c1f4kb.f90
ifort -c -real-size 32 -i4  -ip -fp-model precise -w -ftz -align all -fno-alias -FR -convert big_endian   zmf5kf.f90
ifort -c -real-size 32 -i4  -ip -fp-model precise -w -ftz -align all -fno-alias -FR -convert big_endian   c1f4kb.f90
rm -f -f c1f4kb.f90
/lib/cpp -P -nostdinc -DEM_CORE=1 -DNMM_CORE=0 -DNMM_MAX_DIM=2600 -DCOAMPS_CORE=0 -DDA_CORE=0 -DEXP_CORE=0 -DIWORDSIZE=4 -DDWORDSIZE=8 -DRWORDSIZE=4 -DLWORDSIZE=4 -DNONSTANDARD_SYSTEM_FUNC  -DWRF_USE_CLM  -DDM_PARALLEL -DNETCDF -DMOVE_NESTS -DUSE_ALLOCATABLES -DGRIB1 -DINTIO -DKEEP_INT_AROUND -DLIMIT_ARGS -DCONFIG_BUF_LEN=65536 -DMAX_DOMAINS_F=21 -DMAX_HISTORY=25 -DNMM_NEST=0  -I. -traditional-cpp  cfft2f.F  > cfft2f.f90
ifort -c -real-size 32 -i4  -ip -fp-model precise -w -ftz -align all -fno-alias -FR -convert big_endian   cfft2f.f90
rm -f -f zmf5kf.f90
/lib/cpp -P -nostdinc -DEM_CORE=1 -DNMM_CORE=0 -DNMM_MAX_DIM=2600 -DCOAMPS_CORE=0 -DDA_CORE=0 -DEXP_CORE=0 -DIWORDSIZE=4 -DDWORDSIZE=8 -DRWORDSIZE=4 -DLWORDSIZE=4 -DNONSTANDARD_SYSTEM_FUNC  -DWRF_USE_CLM  -DDM_PARALLEL -DNETCDF -DMOVE_NESTS -DUSE_ALLOCATABLES -DGRIB1 -DINTIO -DKEEP_INT_AROUND -DLIMIT_ARGS -DCONFIG_BUF_LEN=65536 -DMAX_DOMAINS_F=21 -DMAX_HISTORY=25 -DNMM_NEST=0  -I. -traditional-cpp  cmf5kf.F  > cmf5kf.f90
ifort -c -real-size 32 -i4  -ip -fp-model precise -w -ftz -align all -fno-alias -FR -convert big_endian   cmf5kf.f90
rm -f -f cfft2f.f90
/lib/cpp -P -nostdinc -DEM_CORE=1 -DNMM_CORE=0 -DNMM_MAX_DIM=2600 -DCOAMPS_CORE=0 -DDA_CORE=0 -DEXP_CORE=0 -DIWORDSIZE=4 -DDWORDSIZE=8 -DRWORDSIZE=4 -DLWORDSIZE=4 -DNONSTANDARD_SYSTEM_FUNC  -DWRF_USE_CLM  -DDM_PARALLEL -DNETCDF -DMOVE_NESTS -DUSE_ALLOCATABLES -DGRIB1 -DINTIO -DKEEP_INT_AROUND -DLIMIT_ARGS -DCONFIG_BUF_LEN=65536 -DMAX_DOMAINS_F=21 -DMAX_HISTORY=25 -DNMM_NEST=0  -I. -traditional-cpp  cosqmi.F  > cosqmi.f90
ifort -c -real-size 32 -i4  -ip -fp-model precise -w -ftz -align all -fno-alias -FR -convert big_endian   cosqmi.f90
rm -f -f cosqmi.f90
/lib/cpp -P -nostdinc -DEM_CORE=1 -DNMM_CORE=0 -DNMM_MAX_DIM=2600 -DCOAMPS_CORE=0 -DDA_CORE=0 -DEXP_CORE=0 -DIWORDSIZE=4 -DDWORDSIZE=8 -DRWORDSIZE=4 -DLWORDSIZE=4 -DNONSTANDARD_SYSTEM_FUNC  -DWRF_USE_CLM  -DDM_PARALLEL -DNETCDF -DMOVE_NESTS -DUSE_ALLOCATABLES -DGRIB1 -DINTIO -DKEEP_INT_AROUND -DLIMIT_ARGS -DCONFIG_BUF_LEN=65536 -DMAX_DOMAINS_F=21 -DMAX_HISTORY=25 -DNMM_NEST=0  -I. -traditional-cpp  d1f3kf.F  > d1f3kf.f90
ifort -c -real-size 32 -i4  -ip -fp-model precise -w -ftz -align all -fno-alias -FR -convert big_endian   d1f3kf.f90
rm -f -f cmf5kf.f90
/lib/cpp -P -nostdinc -DEM_CORE=1 -DNMM_CORE=0 -DNMM_MAX_DIM=2600 -DCOAMPS_CORE=0 -DDA_CORE=0 -DEXP_CORE=0 -DIWORDSIZE=4 -DDWORDSIZE=8 -DRWORDSIZE=4 -DLWORDSIZE=4 -DNONSTANDARD_SYSTEM_FUNC  -DWRF_USE_CLM  -DDM_PARALLEL -DNETCDF -DMOVE_NESTS -DUSE_ALLOCATABLES -DGRIB1 -DINTIO -DKEEP_INT_AROUND -DLIMIT_ARGS -DCONFIG_BUF_LEN=65536 -DMAX_DOMAINS_F=21 -DMAX_HISTORY=25 -DNMM_NEST=0  -I. -traditional-cpp  dcost1b.F  > dcost1b.f90
ifort -c -real-size 32 -i4  -ip -fp-model precise -w -ftz -align all -fno-alias -FR -convert big_endian   dcost1b.f90
rm -f -f dcost1b.f90
/lib/cpp -P -nostdinc -DEM_CORE=1 -DNMM_CORE=0 -DNMM_MAX_DIM=2600 -DCOAMPS_CORE=0 -DDA_CORE=0 -DEXP_CORE=0 -DIWORDSIZE=4 -DDWORDSIZE=8 -DRWORDSIZE=4 -DLWORDSIZE=4 -DNONSTANDARD_SYSTEM_FUNC  -DWRF_USE_CLM  -DDM_PARALLEL -DNETCDF -DMOVE_NESTS -DUSE_ALLOCATABLES -DGRIB1 -DINTIO -DKEEP_INT_AROUND -DLIMIT_ARGS -DCONFIG_BUF_LEN=65536 -DMAX_DOMAINS_F=21 -DMAX_HISTORY=25 -DNMM_NEST=0  -I. -traditional-cpp  dsint1f.F  > dsint1f.f90
ifort -c -real-size 32 -i4  -ip -fp-model precise -w -ftz -align all -fno-alias -FR -convert big_endian   dsint1f.f90
rm -f -f d1f3kf.f90
/lib/cpp -P -nostdinc -DEM_CORE=1 -DNMM_CORE=0 -DNMM_MAX_DIM=2600 -DCOAMPS_CORE=0 -DDA_CORE=0 -DEXP_CORE=0 -DIWORDSIZE=4 -DDWORDSIZE=8 -DRWORDSIZE=4 -DLWORDSIZE=4 -DNONSTANDARD_SYSTEM_FUNC  -DWRF_USE_CLM  -DDM_PARALLEL -DNETCDF -DMOVE_NESTS -DUSE_ALLOCATABLES -DGRIB1 -DINTIO -DKEEP_INT_AROUND -DLIMIT_ARGS -DCONFIG_BUF_LEN=65536 -DMAX_DOMAINS_F=21 -DMAX_HISTORY=25 -DNMM_NEST=0  -I. -traditional-cpp  mradbg.F  > mradbg.f90
ifort -c -real-size 32 -i4  -ip -fp-model precise -w -ftz -align all -fno-alias -FR -convert big_endian   mradbg.f90
rm -f -f dsint1f.f90
/lib/cpp -P -nostdinc -DEM_CORE=1 -DNMM_CORE=0 -DNMM_MAX_DIM=2600 -DCOAMPS_CORE=0 -DDA_CORE=0 -DEXP_CORE=0 -DIWORDSIZE=4 -DDWORDSIZE=8 -DRWORDSIZE=4 -DLWORDSIZE=4 -DNONSTANDARD_SYSTEM_FUNC  -DWRF_USE_CLM  -DDM_PARALLEL -DNETCDF -DMOVE_NESTS -DUSE_ALLOCATABLES -DGRIB1 -DINTIO -DKEEP_INT_AROUND -DLIMIT_ARGS -DCONFIG_BUF_LEN=65536 -DMAX_DOMAINS_F=21 -DMAX_HISTORY=25 -DNMM_NEST=0  -I. -traditional-cpp  r1f2kf.F  > r1f2kf.f90
ifort -c -real-size 32 -i4  -ip -fp-model precise -w -ftz -align all -fno-alias -FR -convert big_endian   r1f2kf.f90
rm -f -f r1f2kf.f90
/lib/cpp -P -nostdinc -DEM_CORE=1 -DNMM_CORE=0 -DNMM_MAX_DIM=2600 -DCOAMPS_CORE=0 -DDA_CORE=0 -DEXP_CORE=0 -DIWORDSIZE=4 -DDWORDSIZE=8 -DRWORDSIZE=4 -DLWORDSIZE=4 -DNONSTANDARD_SYSTEM_FUNC  -DWRF_USE_CLM  -DDM_PARALLEL -DNETCDF -DMOVE_NESTS -DUSE_ALLOCATABLES -DGRIB1 -DINTIO -DKEEP_INT_AROUND -DLIMIT_ARGS -DCONFIG_BUF_LEN=65536 -DMAX_DOMAINS_F=21 -DMAX_HISTORY=25 -DNMM_NEST=0  -I. -traditional-cpp  r8_factor.F  > r8_factor.f90
ifort -c -real-size 32 -i4  -ip -fp-model precise -w -ftz -align all -fno-alias -FR -convert big_endian   r8_factor.f90
rm -f -f r8_factor.f90
/lib/cpp -P -nostdinc -DEM_CORE=1 -DNMM_CORE=0 -DNMM_MAX_DIM=2600 -DCOAMPS_CORE=0 -DDA_CORE=0 -DEXP_CORE=0 -DIWORDSIZE=4 -DDWORDSIZE=8 -DRWORDSIZE=4 -DLWORDSIZE=4 -DNONSTANDARD_SYSTEM_FUNC  -DWRF_USE_CLM  -DDM_PARALLEL -DNETCDF -DMOVE_NESTS -DUSE_ALLOCATABLES -DGRIB1 -DINTIO -DKEEP_INT_AROUND -DLIMIT_ARGS -DCONFIG_BUF_LEN=65536 -DMAX_DOMAINS_F=21 -DMAX_HISTORY=25 -DNMM_NEST=0  -I. -traditional-cpp  rfftmb.F  > rfftmb.f90
rm -f -f mradbg.f90
/lib/cpp -P -nostdinc -DEM_CORE=1 -DNMM_CORE=0 -DNMM_MAX_DIM=2600 -DCOAMPS_CORE=0 -DDA_CORE=0 -DEXP_CORE=0 -DIWORDSIZE=4 -DDWORDSIZE=8 -DRWORDSIZE=4 -DLWORDSIZE=4 -DNONSTANDARD_SYSTEM_FUNC  -DWRF_USE_CLM  -DDM_PARALLEL -DNETCDF -DMOVE_NESTS -DUSE_ALLOCATABLES -DGRIB1 -DINTIO -DKEEP_INT_AROUND -DLIMIT_ARGS -DCONFIG_BUF_LEN=65536 -DMAX_DOMAINS_F=21 -DMAX_HISTORY=25 -DNMM_NEST=0  -I. -traditional-cpp  sintb1.F  > sintb1.f90
ifort -c -real-size 32 -i4  -ip -fp-model precise -w -ftz -align all -fno-alias -FR -convert big_endian   sintb1.f90
ifort -c -real-size 32 -i4  -ip -fp-model precise -w -ftz -align all -fno-alias -FR -convert big_endian   rfftmb.f90
rm -f -f rfftmb.f90
/lib/cpp -P -nostdinc -DEM_CORE=1 -DNMM_CORE=0 -DNMM_MAX_DIM=2600 -DCOAMPS_CORE=0 -DDA_CORE=0 -DEXP_CORE=0 -DIWORDSIZE=4 -DDWORDSIZE=8 -DRWORDSIZE=4 -DLWORDSIZE=4 -DNONSTANDARD_SYSTEM_FUNC  -DWRF_USE_CLM  -DDM_PARALLEL -DNETCDF -DMOVE_NESTS -DUSE_ALLOCATABLES -DGRIB1 -DINTIO -DKEEP_INT_AROUND -DLIMIT_ARGS -DCONFIG_BUF_LEN=65536 -DMAX_DOMAINS_F=21 -DMAX_HISTORY=25 -DNMM_NEST=0  -I. -traditional-cpp  z1f4kf.F  > z1f4kf.f90
rm -f -f sintb1.f90
/lib/cpp -P -nostdinc -DEM_CORE=1 -DNMM_CORE=0 -DNMM_MAX_DIM=2600 -DCOAMPS_CORE=0 -DDA_CORE=0 -DEXP_CORE=0 -DIWORDSIZE=4 -DDWORDSIZE=8 -DRWORDSIZE=4 -DLWORDSIZE=4 -DNONSTANDARD_SYSTEM_FUNC  -DWRF_USE_CLM  -DDM_PARALLEL -DNETCDF -DMOVE_NESTS -DUSE_ALLOCATABLES -DGRIB1 -DINTIO -DKEEP_INT_AROUND -DLIMIT_ARGS -DCONFIG_BUF_LEN=65536 -DMAX_DOMAINS_F=21 -DMAX_HISTORY=25 -DNMM_NEST=0  -I. -traditional-cpp  zfft2i.F  > zfft2i.f90
ifort -c -real-size 32 -i4  -ip -fp-model precise -w -ftz -align all -fno-alias -FR -convert big_endian   zfft2i.f90
ifort -c -real-size 32 -i4  -ip -fp-model precise -w -ftz -align all -fno-alias -FR -convert big_endian   z1f4kf.f90
rm -f -f zfft2i.f90
/lib/cpp -P -nostdinc -DEM_CORE=1 -DNMM_CORE=0 -DNMM_MAX_DIM=2600 -DCOAMPS_CORE=0 -DDA_CORE=0 -DEXP_CORE=0 -DIWORDSIZE=4 -DDWORDSIZE=8 -DRWORDSIZE=4 -DLWORDSIZE=4 -DNONSTANDARD_SYSTEM_FUNC  -DWRF_USE_CLM  -DDM_PARALLEL -DNETCDF -DMOVE_NESTS -DUSE_ALLOCATABLES -DGRIB1 -DINTIO -DKEEP_INT_AROUND -DLIMIT_ARGS -DCONFIG_BUF_LEN=65536 -DMAX_DOMAINS_F=21 -DMAX_HISTORY=25 -DNMM_NEST=0  -I. -traditional-cpp  zmfgkb.F  > zmfgkb.f90
ifort -c -real-size 32 -i4  -ip -fp-model precise -w -ftz -align all -fno-alias -FR -convert big_endian   zmfgkb.f90
rm -f -f z1f4kf.f90
/lib/cpp -P -nostdinc -DEM_CORE=1 -DNMM_CORE=0 -DNMM_MAX_DIM=2600 -DCOAMPS_CORE=0 -DDA_CORE=0 -DEXP_CORE=0 -DIWORDSIZE=4 -DDWORDSIZE=8 -DRWORDSIZE=4 -DLWORDSIZE=4 -DNONSTANDARD_SYSTEM_FUNC  -DWRF_USE_CLM  -DDM_PARALLEL -DNETCDF -DMOVE_NESTS -DUSE_ALLOCATABLES -DGRIB1 -DINTIO -DKEEP_INT_AROUND -DLIMIT_ARGS -DCONFIG_BUF_LEN=65536 -DMAX_DOMAINS_F=21 -DMAX_HISTORY=25 -DNMM_NEST=0  -I. -traditional-cpp  c1f4kf.F  > c1f4kf.f90
ifort -c -real-size 32 -i4  -ip -fp-model precise -w -ftz -align all -fno-alias -FR -convert big_endian   c1f4kf.f90
rm -f -f zmfgkb.f90
/lib/cpp -P -nostdinc -DEM_CORE=1 -DNMM_CORE=0 -DNMM_MAX_DIM=2600 -DCOAMPS_CORE=0 -DDA_CORE=0 -DEXP_CORE=0 -DIWORDSIZE=4 -DDWORDSIZE=8 -DRWORDSIZE=4 -DLWORDSIZE=4 -DNONSTANDARD_SYSTEM_FUNC  -DWRF_USE_CLM  -DDM_PARALLEL -DNETCDF -DMOVE_NESTS -DUSE_ALLOCATABLES -DGRIB1 -DINTIO -DKEEP_INT_AROUND -DLIMIT_ARGS -DCONFIG_BUF_LEN=65536 -DMAX_DOMAINS_F=21 -DMAX_HISTORY=25 -DNMM_NEST=0  -I. -traditional-cpp  cfft2i.F  > cfft2i.f90
ifort -c -real-size 32 -i4  -ip -fp-model precise -w -ftz -align all -fno-alias -FR -convert big_endian   cfft2i.f90
rm -f -f c1f4kf.f90
/lib/cpp -P -nostdinc -DEM_CORE=1 -DNMM_CORE=0 -DNMM_MAX_DIM=2600 -DCOAMPS_CORE=0 -DDA_CORE=0 -DEXP_CORE=0 -DIWORDSIZE=4 -DDWORDSIZE=8 -DRWORDSIZE=4 -DLWORDSIZE=4 -DNONSTANDARD_SYSTEM_FUNC  -DWRF_USE_CLM  -DDM_PARALLEL -DNETCDF -DMOVE_NESTS -DUSE_ALLOCATABLES -DGRIB1 -DINTIO -DKEEP_INT_AROUND -DLIMIT_ARGS -DCONFIG_BUF_LEN=65536 -DMAX_DOMAINS_F=21 -DMAX_HISTORY=25 -DNMM_NEST=0  -I. -traditional-cpp  cmfgkb.F  > cmfgkb.f90
ifort -c -real-size 32 -i4  -ip -fp-model precise -w -ftz -align all -fno-alias -FR -convert big_endian   cmfgkb.f90
rm -f -f cfft2i.f90
/lib/cpp -P -nostdinc -DEM_CORE=1 -DNMM_CORE=0 -DNMM_MAX_DIM=2600 -DCOAMPS_CORE=0 -DDA_CORE=0 -DEXP_CORE=0 -DIWORDSIZE=4 -DDWORDSIZE=8 -DRWORDSIZE=4 -DLWORDSIZE=4 -DNONSTANDARD_SYSTEM_FUNC  -DWRF_USE_CLM  -DDM_PARALLEL -DNETCDF -DMOVE_NESTS -DUSE_ALLOCATABLES -DGRIB1 -DINTIO -DKEEP_INT_AROUND -DLIMIT_ARGS -DCONFIG_BUF_LEN=65536 -DMAX_DOMAINS_F=21 -DMAX_HISTORY=25 -DNMM_NEST=0  -I. -traditional-cpp  cost1b.F  > cost1b.f90
ifort -c -real-size 32 -i4  -ip -fp-model precise -w -ftz -align all -fno-alias -FR -convert big_endian   cost1b.f90
rm -f -f cost1b.f90
/lib/cpp -P -nostdinc -DEM_CORE=1 -DNMM_CORE=0 -DNMM_MAX_DIM=2600 -DCOAMPS_CORE=0 -DDA_CORE=0 -DEXP_CORE=0 -DIWORDSIZE=4 -DDWORDSIZE=8 -DRWORDSIZE=4 -DLWORDSIZE=4 -DNONSTANDARD_SYSTEM_FUNC  -DWRF_USE_CLM  -DDM_PARALLEL -DNETCDF -DMOVE_NESTS -DUSE_ALLOCATABLES -DGRIB1 -DINTIO -DKEEP_INT_AROUND -DLIMIT_ARGS -DCONFIG_BUF_LEN=65536 -DMAX_DOMAINS_F=21 -DMAX_HISTORY=25 -DNMM_NEST=0  -I. -traditional-cpp  d1f4kb.F  > d1f4kb.f90
ifort -c -real-size 32 -i4  -ip -fp-model precise -w -ftz -align all -fno-alias -FR -convert big_endian   d1f4kb.f90
rm -f -f cmfgkb.f90
/lib/cpp -P -nostdinc -DEM_CORE=1 -DNMM_CORE=0 -DNMM_MAX_DIM=2600 -DCOAMPS_CORE=0 -DDA_CORE=0 -DEXP_CORE=0 -DIWORDSIZE=4 -DDWORDSIZE=8 -DRWORDSIZE=4 -DLWORDSIZE=4 -DNONSTANDARD_SYSTEM_FUNC  -DWRF_USE_CLM  -DDM_PARALLEL -DNETCDF -DMOVE_NESTS -DUSE_ALLOCATABLES -DGRIB1 -DINTIO -DKEEP_INT_AROUND -DLIMIT_ARGS -DCONFIG_BUF_LEN=65536 -DMAX_DOMAINS_F=21 -DMAX_HISTORY=25 -DNMM_NEST=0  -I. -traditional-cpp  dcost1f.F  > dcost1f.f90
ifort -c -real-size 32 -i4  -ip -fp-model precise -w -ftz -align all -fno-alias -FR -convert big_endian   dcost1f.f90
rm -f -f dcost1f.f90
/lib/cpp -P -nostdinc -DEM_CORE=1 -DNMM_CORE=0 -DNMM_MAX_DIM=2600 -DCOAMPS_CORE=0 -DDA_CORE=0 -DEXP_CORE=0 -DIWORDSIZE=4 -DDWORDSIZE=8 -DRWORDSIZE=4 -DLWORDSIZE=4 -DNONSTANDARD_SYSTEM_FUNC  -DWRF_USE_CLM  -DDM_PARALLEL -DNETCDF -DMOVE_NESTS -DUSE_ALLOCATABLES -DGRIB1 -DINTIO -DKEEP_INT_AROUND -DLIMIT_ARGS -DCONFIG_BUF_LEN=65536 -DMAX_DOMAINS_F=21 -DMAX_HISTORY=25 -DNMM_NEST=0  -I. -traditional-cpp  dsint1i.F  > dsint1i.f90
ifort -c -real-size 32 -i4  -ip -fp-model precise -w -ftz -align all -fno-alias -FR -convert big_endian   dsint1i.f90
rm -f -f d1f4kb.f90
/lib/cpp -P -nostdinc -DEM_CORE=1 -DNMM_CORE=0 -DNMM_MAX_DIM=2600 -DCOAMPS_CORE=0 -DDA_CORE=0 -DEXP_CORE=0 -DIWORDSIZE=4 -DDWORDSIZE=8 -DRWORDSIZE=4 -DLWORDSIZE=4 -DNONSTANDARD_SYSTEM_FUNC  -DWRF_USE_CLM  -DDM_PARALLEL -DNETCDF -DMOVE_NESTS -DUSE_ALLOCATABLES -DGRIB1 -DINTIO -DKEEP_INT_AROUND -DLIMIT_ARGS -DCONFIG_BUF_LEN=65536 -DMAX_DOMAINS_F=21 -DMAX_HISTORY=25 -DNMM_NEST=0  -I. -traditional-cpp  mradf2.F  > mradf2.f90
ifort -c -real-size 32 -i4  -ip -fp-model precise -w -ftz -align all -fno-alias -FR -convert big_endian   mradf2.f90
rm -f -f dsint1i.f90
/lib/cpp -P -nostdinc -DEM_CORE=1 -DNMM_CORE=0 -DNMM_MAX_DIM=2600 -DCOAMPS_CORE=0 -DDA_CORE=0 -DEXP_CORE=0 -DIWORDSIZE=4 -DDWORDSIZE=8 -DRWORDSIZE=4 -DLWORDSIZE=4 -DNONSTANDARD_SYSTEM_FUNC  -DWRF_USE_CLM  -DDM_PARALLEL -DNETCDF -DMOVE_NESTS -DUSE_ALLOCATABLES -DGRIB1 -DINTIO -DKEEP_INT_AROUND -DLIMIT_ARGS -DCONFIG_BUF_LEN=65536 -DMAX_DOMAINS_F=21 -DMAX_HISTORY=25 -DNMM_NEST=0  -I. -traditional-cpp  r1f3kb.F  > r1f3kb.f90
ifort -c -real-size 32 -i4  -ip -fp-model precise -w -ftz -align all -fno-alias -FR -convert big_endian   r1f3kb.f90
rm -f -f mradf2.f90
/lib/cpp -P -nostdinc -DEM_CORE=1 -DNMM_CORE=0 -DNMM_MAX_DIM=2600 -DCOAMPS_CORE=0 -DDA_CORE=0 -DEXP_CORE=0 -DIWORDSIZE=4 -DDWORDSIZE=8 -DRWORDSIZE=4 -DLWORDSIZE=4 -DNONSTANDARD_SYSTEM_FUNC  -DWRF_USE_CLM  -DDM_PARALLEL -DNETCDF -DMOVE_NESTS -DUSE_ALLOCATABLES -DGRIB1 -DINTIO -DKEEP_INT_AROUND -DLIMIT_ARGS -DCONFIG_BUF_LEN=65536 -DMAX_DOMAINS_F=21 -DMAX_HISTORY=25 -DNMM_NEST=0  -I. -traditional-cpp  r8_mcfti1.F  > r8_mcfti1.f90
ifort -c -real-size 32 -i4  -ip -fp-model precise -w -ftz -align all -fno-alias -FR -convert big_endian   r8_mcfti1.f90
rm -f -f r8_mcfti1.f90
/lib/cpp -P -nostdinc -DEM_CORE=1 -DNMM_CORE=0 -DNMM_MAX_DIM=2600 -DCOAMPS_CORE=0 -DDA_CORE=0 -DEXP_CORE=0 -DIWORDSIZE=4 -DDWORDSIZE=8 -DRWORDSIZE=4 -DLWORDSIZE=4 -DNONSTANDARD_SYSTEM_FUNC  -DWRF_USE_CLM  -DDM_PARALLEL -DNETCDF -DMOVE_NESTS -DUSE_ALLOCATABLES -DGRIB1 -DINTIO -DKEEP_INT_AROUND -DLIMIT_ARGS -DCONFIG_BUF_LEN=65536 -DMAX_DOMAINS_F=21 -DMAX_HISTORY=25 -DNMM_NEST=0  -I. -traditional-cpp  rfftmf.F  > rfftmf.f90
rm -f -f r1f3kb.f90
/lib/cpp -P -nostdinc -DEM_CORE=1 -DNMM_CORE=0 -DNMM_MAX_DIM=2600 -DCOAMPS_CORE=0 -DDA_CORE=0 -DEXP_CORE=0 -DIWORDSIZE=4 -DDWORDSIZE=8 -DRWORDSIZE=4 -DLWORDSIZE=4 -DNONSTANDARD_SYSTEM_FUNC  -DWRF_USE_CLM  -DDM_PARALLEL -DNETCDF -DMOVE_NESTS -DUSE_ALLOCATABLES -DGRIB1 -DINTIO -DKEEP_INT_AROUND -DLIMIT_ARGS -DCONFIG_BUF_LEN=65536 -DMAX_DOMAINS_F=21 -DMAX_HISTORY=25 -DNMM_NEST=0  -I. -traditional-cpp  sintf1.F  > sintf1.f90
ifort -c -real-size 32 -i4  -ip -fp-model precise -w -ftz -align all -fno-alias -FR -convert big_endian   rfftmf.f90
ifort -c -real-size 32 -i4  -ip -fp-model precise -w -ftz -align all -fno-alias -FR -convert big_endian   sintf1.f90
rm -f -f rfftmf.f90
/lib/cpp -P -nostdinc -DEM_CORE=1 -DNMM_CORE=0 -DNMM_MAX_DIM=2600 -DCOAMPS_CORE=0 -DDA_CORE=0 -DEXP_CORE=0 -DIWORDSIZE=4 -DDWORDSIZE=8 -DRWORDSIZE=4 -DLWORDSIZE=4 -DNONSTANDARD_SYSTEM_FUNC  -DWRF_USE_CLM  -DDM_PARALLEL -DNETCDF -DMOVE_NESTS -DUSE_ALLOCATABLES -DGRIB1 -DINTIO -DKEEP_INT_AROUND -DLIMIT_ARGS -DCONFIG_BUF_LEN=65536 -DMAX_DOMAINS_F=21 -DMAX_HISTORY=25 -DNMM_NEST=0  -I. -traditional-cpp  z1f5kb.F  > z1f5kb.f90
ifort -c -real-size 32 -i4  -ip -fp-model precise -w -ftz -align all -fno-alias -FR -convert big_endian   z1f5kb.f90
rm -f -f sintf1.f90
/lib/cpp -P -nostdinc -DEM_CORE=1 -DNMM_CORE=0 -DNMM_MAX_DIM=2600 -DCOAMPS_CORE=0 -DDA_CORE=0 -DEXP_CORE=0 -DIWORDSIZE=4 -DDWORDSIZE=8 -DRWORDSIZE=4 -DLWORDSIZE=4 -DNONSTANDARD_SYSTEM_FUNC  -DWRF_USE_CLM  -DDM_PARALLEL -DNETCDF -DMOVE_NESTS -DUSE_ALLOCATABLES -DGRIB1 -DINTIO -DKEEP_INT_AROUND -DLIMIT_ARGS -DCONFIG_BUF_LEN=65536 -DMAX_DOMAINS_F=21 -DMAX_HISTORY=25 -DNMM_NEST=0  -I. -traditional-cpp  zfftmb.F  > zfftmb.f90
ifort -c -real-size 32 -i4  -ip -fp-model precise -w -ftz -align all -fno-alias -FR -convert big_endian   zfftmb.f90
rm -f -f zfftmb.f90
/lib/cpp -P -nostdinc -DEM_CORE=1 -DNMM_CORE=0 -DNMM_MAX_DIM=2600 -DCOAMPS_CORE=0 -DDA_CORE=0 -DEXP_CORE=0 -DIWORDSIZE=4 -DDWORDSIZE=8 -DRWORDSIZE=4 -DLWORDSIZE=4 -DNONSTANDARD_SYSTEM_FUNC  -DWRF_USE_CLM  -DDM_PARALLEL -DNETCDF -DMOVE_NESTS -DUSE_ALLOCATABLES -DGRIB1 -DINTIO -DKEEP_INT_AROUND -DLIMIT_ARGS -DCONFIG_BUF_LEN=65536 -DMAX_DOMAINS_F=21 -DMAX_HISTORY=25 -DNMM_NEST=0  -I. -traditional-cpp  zmfgkf.F  > zmfgkf.f90
ifort -c -real-size 32 -i4  -ip -fp-model precise -w -ftz -align all -fno-alias -FR -convert big_endian   zmfgkf.f90
rm -f -f z1f5kb.f90
/lib/cpp -P -nostdinc -DEM_CORE=1 -DNMM_CORE=0 -DNMM_MAX_DIM=2600 -DCOAMPS_CORE=0 -DDA_CORE=0 -DEXP_CORE=0 -DIWORDSIZE=4 -DDWORDSIZE=8 -DRWORDSIZE=4 -DLWORDSIZE=4 -DNONSTANDARD_SYSTEM_FUNC  -DWRF_USE_CLM  -DDM_PARALLEL -DNETCDF -DMOVE_NESTS -DUSE_ALLOCATABLES -DGRIB1 -DINTIO -DKEEP_INT_AROUND -DLIMIT_ARGS -DCONFIG_BUF_LEN=65536 -DMAX_DOMAINS_F=21 -DMAX_HISTORY=25 -DNMM_NEST=0  -I. -traditional-cpp  c1f5kb.F  > c1f5kb.f90
ifort -c -real-size 32 -i4  -ip -fp-model precise -w -ftz -align all -fno-alias -FR -convert big_endian   c1f5kb.f90
rm -f -f zmfgkf.f90
/lib/cpp -P -nostdinc -DEM_CORE=1 -DNMM_CORE=0 -DNMM_MAX_DIM=2600 -DCOAMPS_CORE=0 -DDA_CORE=0 -DEXP_CORE=0 -DIWORDSIZE=4 -DDWORDSIZE=8 -DRWORDSIZE=4 -DLWORDSIZE=4 -DNONSTANDARD_SYSTEM_FUNC  -DWRF_USE_CLM  -DDM_PARALLEL -DNETCDF -DMOVE_NESTS -DUSE_ALLOCATABLES -DGRIB1 -DINTIO -DKEEP_INT_AROUND -DLIMIT_ARGS -DCONFIG_BUF_LEN=65536 -DMAX_DOMAINS_F=21 -DMAX_HISTORY=25 -DNMM_NEST=0  -I. -traditional-cpp  cfftmb.F  > cfftmb.f90
ifort -c -real-size 32 -i4  -ip -fp-model precise -w -ftz -align all -fno-alias -FR -convert big_endian   cfftmb.f90
rm -f -f c1f5kb.f90
/lib/cpp -P -nostdinc -DEM_CORE=1 -DNMM_CORE=0 -DNMM_MAX_DIM=2600 -DCOAMPS_CORE=0 -DDA_CORE=0 -DEXP_CORE=0 -DIWORDSIZE=4 -DDWORDSIZE=8 -DRWORDSIZE=4 -DLWORDSIZE=4 -DNONSTANDARD_SYSTEM_FUNC  -DWRF_USE_CLM  -DDM_PARALLEL -DNETCDF -DMOVE_NESTS -DUSE_ALLOCATABLES -DGRIB1 -DINTIO -DKEEP_INT_AROUND -DLIMIT_ARGS -DCONFIG_BUF_LEN=65536 -DMAX_DOMAINS_F=21 -DMAX_HISTORY=25 -DNMM_NEST=0  -I. -traditional-cpp  cmfgkf.F  > cmfgkf.f90
ifort -c -real-size 32 -i4  -ip -fp-model precise -w -ftz -align all -fno-alias -FR -convert big_endian   cmfgkf.f90
rm -f -f cfftmb.f90
/lib/cpp -P -nostdinc -DEM_CORE=1 -DNMM_CORE=0 -DNMM_MAX_DIM=2600 -DCOAMPS_CORE=0 -DDA_CORE=0 -DEXP_CORE=0 -DIWORDSIZE=4 -DDWORDSIZE=8 -DRWORDSIZE=4 -DLWORDSIZE=4 -DNONSTANDARD_SYSTEM_FUNC  -DWRF_USE_CLM  -DDM_PARALLEL -DNETCDF -DMOVE_NESTS -DUSE_ALLOCATABLES -DGRIB1 -DINTIO -DKEEP_INT_AROUND -DLIMIT_ARGS -DCONFIG_BUF_LEN=65536 -DMAX_DOMAINS_F=21 -DMAX_HISTORY=25 -DNMM_NEST=0  -I. -traditional-cpp  cost1f.F  > cost1f.f90
ifort -c -real-size 32 -i4  -ip -fp-model precise -w -ftz -align all -fno-alias -FR -convert big_endian   cost1f.f90
rm -f -f cost1f.f90
/lib/cpp -P -nostdinc -DEM_CORE=1 -DNMM_CORE=0 -DNMM_MAX_DIM=2600 -DCOAMPS_CORE=0 -DDA_CORE=0 -DEXP_CORE=0 -DIWORDSIZE=4 -DDWORDSIZE=8 -DRWORDSIZE=4 -DLWORDSIZE=4 -DNONSTANDARD_SYSTEM_FUNC  -DWRF_USE_CLM  -DDM_PARALLEL -DNETCDF -DMOVE_NESTS -DUSE_ALLOCATABLES -DGRIB1 -DINTIO -DKEEP_INT_AROUND -DLIMIT_ARGS -DCONFIG_BUF_LEN=65536 -DMAX_DOMAINS_F=21 -DMAX_HISTORY=25 -DNMM_NEST=0  -I. -traditional-cpp  d1f4kf.F  > d1f4kf.f90
ifort -c -real-size 32 -i4  -ip -fp-model precise -w -ftz -align all -fno-alias -FR -convert big_endian   d1f4kf.f90
rm -f -f cmfgkf.f90
/lib/cpp -P -nostdinc -DEM_CORE=1 -DNMM_CORE=0 -DNMM_MAX_DIM=2600 -DCOAMPS_CORE=0 -DDA_CORE=0 -DEXP_CORE=0 -DIWORDSIZE=4 -DDWORDSIZE=8 -DRWORDSIZE=4 -DLWORDSIZE=4 -DNONSTANDARD_SYSTEM_FUNC  -DWRF_USE_CLM  -DDM_PARALLEL -DNETCDF -DMOVE_NESTS -DUSE_ALLOCATABLES -DGRIB1 -DINTIO -DKEEP_INT_AROUND -DLIMIT_ARGS -DCONFIG_BUF_LEN=65536 -DMAX_DOMAINS_F=21 -DMAX_HISTORY=25 -DNMM_NEST=0  -I. -traditional-cpp  dcost1i.F  > dcost1i.f90
ifort -c -real-size 32 -i4  -ip -fp-model precise -w -ftz -align all -fno-alias -FR -convert big_endian   dcost1i.f90
rm -f -f dcost1i.f90
/lib/cpp -P -nostdinc -DEM_CORE=1 -DNMM_CORE=0 -DNMM_MAX_DIM=2600 -DCOAMPS_CORE=0 -DDA_CORE=0 -DEXP_CORE=0 -DIWORDSIZE=4 -DDWORDSIZE=8 -DRWORDSIZE=4 -DLWORDSIZE=4 -DNONSTANDARD_SYSTEM_FUNC  -DWRF_USE_CLM  -DDM_PARALLEL -DNETCDF -DMOVE_NESTS -DUSE_ALLOCATABLES -DGRIB1 -DINTIO -DKEEP_INT_AROUND -DLIMIT_ARGS -DCONFIG_BUF_LEN=65536 -DMAX_DOMAINS_F=21 -DMAX_HISTORY=25 -DNMM_NEST=0  -I. -traditional-cpp  dsintb1.F  > dsintb1.f90
ifort -c -real-size 32 -i4  -ip -fp-model precise -w -ftz -align all -fno-alias -FR -convert big_endian   dsintb1.f90
rm -f -f d1f4kf.f90
/lib/cpp -P -nostdinc -DEM_CORE=1 -DNMM_CORE=0 -DNMM_MAX_DIM=2600 -DCOAMPS_CORE=0 -DDA_CORE=0 -DEXP_CORE=0 -DIWORDSIZE=4 -DDWORDSIZE=8 -DRWORDSIZE=4 -DLWORDSIZE=4 -DNONSTANDARD_SYSTEM_FUNC  -DWRF_USE_CLM  -DDM_PARALLEL -DNETCDF -DMOVE_NESTS -DUSE_ALLOCATABLES -DGRIB1 -DINTIO -DKEEP_INT_AROUND -DLIMIT_ARGS -DCONFIG_BUF_LEN=65536 -DMAX_DOMAINS_F=21 -DMAX_HISTORY=25 -DNMM_NEST=0  -I. -traditional-cpp  mradf3.F  > mradf3.f90
ifort -c -real-size 32 -i4  -ip -fp-model precise -w -ftz -align all -fno-alias -FR -convert big_endian   mradf3.f90
rm -f -f dsintb1.f90
/lib/cpp -P -nostdinc -DEM_CORE=1 -DNMM_CORE=0 -DNMM_MAX_DIM=2600 -DCOAMPS_CORE=0 -DDA_CORE=0 -DEXP_CORE=0 -DIWORDSIZE=4 -DDWORDSIZE=8 -DRWORDSIZE=4 -DLWORDSIZE=4 -DNONSTANDARD_SYSTEM_FUNC  -DWRF_USE_CLM  -DDM_PARALLEL -DNETCDF -DMOVE_NESTS -DUSE_ALLOCATABLES -DGRIB1 -DINTIO -DKEEP_INT_AROUND -DLIMIT_ARGS -DCONFIG_BUF_LEN=65536 -DMAX_DOMAINS_F=21 -DMAX_HISTORY=25 -DNMM_NEST=0  -I. -traditional-cpp  r1f3kf.F  > r1f3kf.f90
ifort -c -real-size 32 -i4  -ip -fp-model precise -w -ftz -align all -fno-alias -FR -convert big_endian   r1f3kf.f90
rm -f -f mradf3.f90
/lib/cpp -P -nostdinc -DEM_CORE=1 -DNMM_CORE=0 -DNMM_MAX_DIM=2600 -DCOAMPS_CORE=0 -DDA_CORE=0 -DEXP_CORE=0 -DIWORDSIZE=4 -DDWORDSIZE=8 -DRWORDSIZE=4 -DLWORDSIZE=4 -DNONSTANDARD_SYSTEM_FUNC  -DWRF_USE_CLM  -DDM_PARALLEL -DNETCDF -DMOVE_NESTS -DUSE_ALLOCATABLES -DGRIB1 -DINTIO -DKEEP_INT_AROUND -DLIMIT_ARGS -DCONFIG_BUF_LEN=65536 -DMAX_DOMAINS_F=21 -DMAX_HISTORY=25 -DNMM_NEST=0  -I. -traditional-cpp  r8_tables.F  > r8_tables.f90
ifort -c -real-size 32 -i4  -ip -fp-model precise -w -ftz -align all -fno-alias -FR -convert big_endian   r8_tables.f90
rm -f -f r1f3kf.f90
/lib/cpp -P -nostdinc -DEM_CORE=1 -DNMM_CORE=0 -DNMM_MAX_DIM=2600 -DCOAMPS_CORE=0 -DDA_CORE=0 -DEXP_CORE=0 -DIWORDSIZE=4 -DDWORDSIZE=8 -DRWORDSIZE=4 -DLWORDSIZE=4 -DNONSTANDARD_SYSTEM_FUNC  -DWRF_USE_CLM  -DDM_PARALLEL -DNETCDF -DMOVE_NESTS -DUSE_ALLOCATABLES -DGRIB1 -DINTIO -DKEEP_INT_AROUND -DLIMIT_ARGS -DCONFIG_BUF_LEN=65536 -DMAX_DOMAINS_F=21 -DMAX_HISTORY=25 -DNMM_NEST=0  -I. -traditional-cpp  rfftmi.F  > rfftmi.f90
ifort -c -real-size 32 -i4  -ip -fp-model precise -w -ftz -align all -fno-alias -FR -convert big_endian   rfftmi.f90
rm -f -f r8_tables.f90
/lib/cpp -P -nostdinc -DEM_CORE=1 -DNMM_CORE=0 -DNMM_MAX_DIM=2600 -DCOAMPS_CORE=0 -DDA_CORE=0 -DEXP_CORE=0 -DIWORDSIZE=4 -DDWORDSIZE=8 -DRWORDSIZE=4 -DLWORDSIZE=4 -DNONSTANDARD_SYSTEM_FUNC  -DWRF_USE_CLM  -DDM_PARALLEL -DNETCDF -DMOVE_NESTS -DUSE_ALLOCATABLES -DGRIB1 -DINTIO -DKEEP_INT_AROUND -DLIMIT_ARGS -DCONFIG_BUF_LEN=65536 -DMAX_DOMAINS_F=21 -DMAX_HISTORY=25 -DNMM_NEST=0  -I. -traditional-cpp  sintmb.F  > sintmb.f90
ifort -c -real-size 32 -i4  -ip -fp-model precise -w -ftz -align all -fno-alias -FR -convert big_endian   sintmb.f90
rm -f -f rfftmi.f90
/lib/cpp -P -nostdinc -DEM_CORE=1 -DNMM_CORE=0 -DNMM_MAX_DIM=2600 -DCOAMPS_CORE=0 -DDA_CORE=0 -DEXP_CORE=0 -DIWORDSIZE=4 -DDWORDSIZE=8 -DRWORDSIZE=4 -DLWORDSIZE=4 -DNONSTANDARD_SYSTEM_FUNC  -DWRF_USE_CLM  -DDM_PARALLEL -DNETCDF -DMOVE_NESTS -DUSE_ALLOCATABLES -DGRIB1 -DINTIO -DKEEP_INT_AROUND -DLIMIT_ARGS -DCONFIG_BUF_LEN=65536 -DMAX_DOMAINS_F=21 -DMAX_HISTORY=25 -DNMM_NEST=0  -I. -traditional-cpp  z1f5kf.F  > z1f5kf.f90
ifort -c -real-size 32 -i4  -ip -fp-model precise -w -ftz -align all -fno-alias -FR -convert big_endian   z1f5kf.f90
rm -f -f sintmb.f90
/lib/cpp -P -nostdinc -DEM_CORE=1 -DNMM_CORE=0 -DNMM_MAX_DIM=2600 -DCOAMPS_CORE=0 -DDA_CORE=0 -DEXP_CORE=0 -DIWORDSIZE=4 -DDWORDSIZE=8 -DRWORDSIZE=4 -DLWORDSIZE=4 -DNONSTANDARD_SYSTEM_FUNC  -DWRF_USE_CLM  -DDM_PARALLEL -DNETCDF -DMOVE_NESTS -DUSE_ALLOCATABLES -DGRIB1 -DINTIO -DKEEP_INT_AROUND -DLIMIT_ARGS -DCONFIG_BUF_LEN=65536 -DMAX_DOMAINS_F=21 -DMAX_HISTORY=25 -DNMM_NEST=0  -I. -traditional-cpp  zfftmf.F  > zfftmf.f90
ifort -c -real-size 32 -i4  -ip -fp-model precise -w -ftz -align all -fno-alias -FR -convert big_endian   zfftmf.f90
rm -f -f zfftmf.f90
/lib/cpp -P -nostdinc -DEM_CORE=1 -DNMM_CORE=0 -DNMM_MAX_DIM=2600 -DCOAMPS_CORE=0 -DDA_CORE=0 -DEXP_CORE=0 -DIWORDSIZE=4 -DDWORDSIZE=8 -DRWORDSIZE=4 -DLWORDSIZE=4 -DNONSTANDARD_SYSTEM_FUNC  -DWRF_USE_CLM  -DDM_PARALLEL -DNETCDF -DMOVE_NESTS -DUSE_ALLOCATABLES -DGRIB1 -DINTIO -DKEEP_INT_AROUND -DLIMIT_ARGS -DCONFIG_BUF_LEN=65536 -DMAX_DOMAINS_F=21 -DMAX_HISTORY=25 -DNMM_NEST=0  -I. -traditional-cpp  zmfm1b.F  > zmfm1b.f90
ifort -c -real-size 32 -i4  -ip -fp-model precise -w -ftz -align all -fno-alias -FR -convert big_endian   zmfm1b.f90
rm -f -f z1f5kf.f90
/lib/cpp -P -nostdinc -DEM_CORE=1 -DNMM_CORE=0 -DNMM_MAX_DIM=2600 -DCOAMPS_CORE=0 -DDA_CORE=0 -DEXP_CORE=0 -DIWORDSIZE=4 -DDWORDSIZE=8 -DRWORDSIZE=4 -DLWORDSIZE=4 -DNONSTANDARD_SYSTEM_FUNC  -DWRF_USE_CLM  -DDM_PARALLEL -DNETCDF -DMOVE_NESTS -DUSE_ALLOCATABLES -DGRIB1 -DINTIO -DKEEP_INT_AROUND -DLIMIT_ARGS -DCONFIG_BUF_LEN=65536 -DMAX_DOMAINS_F=21 -DMAX_HISTORY=25 -DNMM_NEST=0  -I. -traditional-cpp  c1f5kf.F  > c1f5kf.f90
ifort -c -real-size 32 -i4  -ip -fp-model precise -w -ftz -align all -fno-alias -FR -convert big_endian   c1f5kf.f90
rm -f -f zmfm1b.f90
/lib/cpp -P -nostdinc -DEM_CORE=1 -DNMM_CORE=0 -DNMM_MAX_DIM=2600 -DCOAMPS_CORE=0 -DDA_CORE=0 -DEXP_CORE=0 -DIWORDSIZE=4 -DDWORDSIZE=8 -DRWORDSIZE=4 -DLWORDSIZE=4 -DNONSTANDARD_SYSTEM_FUNC  -DWRF_USE_CLM  -DDM_PARALLEL -DNETCDF -DMOVE_NESTS -DUSE_ALLOCATABLES -DGRIB1 -DINTIO -DKEEP_INT_AROUND -DLIMIT_ARGS -DCONFIG_BUF_LEN=65536 -DMAX_DOMAINS_F=21 -DMAX_HISTORY=25 -DNMM_NEST=0  -I. -traditional-cpp  cfftmf.F  > cfftmf.f90
ifort -c -real-size 32 -i4  -ip -fp-model precise -w -ftz -align all -fno-alias -FR -convert big_endian   cfftmf.f90
rm -f -f cfftmf.f90
/lib/cpp -P -nostdinc -DEM_CORE=1 -DNMM_CORE=0 -DNMM_MAX_DIM=2600 -DCOAMPS_CORE=0 -DDA_CORE=0 -DEXP_CORE=0 -DIWORDSIZE=4 -DDWORDSIZE=8 -DRWORDSIZE=4 -DLWORDSIZE=4 -DNONSTANDARD_SYSTEM_FUNC  -DWRF_USE_CLM  -DDM_PARALLEL -DNETCDF -DMOVE_NESTS -DUSE_ALLOCATABLES -DGRIB1 -DINTIO -DKEEP_INT_AROUND -DLIMIT_ARGS -DCONFIG_BUF_LEN=65536 -DMAX_DOMAINS_F=21 -DMAX_HISTORY=25 -DNMM_NEST=0  -I. -traditional-cpp  cmfm1b.F  > cmfm1b.f90
ifort -c -real-size 32 -i4  -ip -fp-model precise -w -ftz -align all -fno-alias -FR -convert big_endian   cmfm1b.f90
rm -f -f c1f5kf.f90
/lib/cpp -P -nostdinc -DEM_CORE=1 -DNMM_CORE=0 -DNMM_MAX_DIM=2600 -DCOAMPS_CORE=0 -DDA_CORE=0 -DEXP_CORE=0 -DIWORDSIZE=4 -DDWORDSIZE=8 -DRWORDSIZE=4 -DLWORDSIZE=4 -DNONSTANDARD_SYSTEM_FUNC  -DWRF_USE_CLM  -DDM_PARALLEL -DNETCDF -DMOVE_NESTS -DUSE_ALLOCATABLES -DGRIB1 -DINTIO -DKEEP_INT_AROUND -DLIMIT_ARGS -DCONFIG_BUF_LEN=65536 -DMAX_DOMAINS_F=21 -DMAX_HISTORY=25 -DNMM_NEST=0  -I. -traditional-cpp  cost1i.F  > cost1i.f90
ifort -c -real-size 32 -i4  -ip -fp-model precise -w -ftz -align all -fno-alias -FR -convert big_endian   cost1i.f90
rm -f -f cmfm1b.f90
/lib/cpp -P -nostdinc -DEM_CORE=1 -DNMM_CORE=0 -DNMM_MAX_DIM=2600 -DCOAMPS_CORE=0 -DDA_CORE=0 -DEXP_CORE=0 -DIWORDSIZE=4 -DDWORDSIZE=8 -DRWORDSIZE=4 -DLWORDSIZE=4 -DNONSTANDARD_SYSTEM_FUNC  -DWRF_USE_CLM  -DDM_PARALLEL -DNETCDF -DMOVE_NESTS -DUSE_ALLOCATABLES -DGRIB1 -DINTIO -DKEEP_INT_AROUND -DLIMIT_ARGS -DCONFIG_BUF_LEN=65536 -DMAX_DOMAINS_F=21 -DMAX_HISTORY=25 -DNMM_NEST=0  -I. -traditional-cpp  d1f5kb.F  > d1f5kb.f90
rm -f -f cost1i.f90
/lib/cpp -P -nostdinc -DEM_CORE=1 -DNMM_CORE=0 -DNMM_MAX_DIM=2600 -DCOAMPS_CORE=0 -DDA_CORE=0 -DEXP_CORE=0 -DIWORDSIZE=4 -DDWORDSIZE=8 -DRWORDSIZE=4 -DLWORDSIZE=4 -DNONSTANDARD_SYSTEM_FUNC  -DWRF_USE_CLM  -DDM_PARALLEL -DNETCDF -DMOVE_NESTS -DUSE_ALLOCATABLES -DGRIB1 -DINTIO -DKEEP_INT_AROUND -DLIMIT_ARGS -DCONFIG_BUF_LEN=65536 -DMAX_DOMAINS_F=21 -DMAX_HISTORY=25 -DNMM_NEST=0  -I. -traditional-cpp  dcostb1.F  > dcostb1.f90
ifort -c -real-size 32 -i4  -ip -fp-model precise -w -ftz -align all -fno-alias -FR -convert big_endian   dcostb1.f90
ifort -c -real-size 32 -i4  -ip -fp-model precise -w -ftz -align all -fno-alias -FR -convert big_endian   d1f5kb.f90
rm -f -f dcostb1.f90
/lib/cpp -P -nostdinc -DEM_CORE=1 -DNMM_CORE=0 -DNMM_MAX_DIM=2600 -DCOAMPS_CORE=0 -DDA_CORE=0 -DEXP_CORE=0 -DIWORDSIZE=4 -DDWORDSIZE=8 -DRWORDSIZE=4 -DLWORDSIZE=4 -DNONSTANDARD_SYSTEM_FUNC  -DWRF_USE_CLM  -DDM_PARALLEL -DNETCDF -DMOVE_NESTS -DUSE_ALLOCATABLES -DGRIB1 -DINTIO -DKEEP_INT_AROUND -DLIMIT_ARGS -DCONFIG_BUF_LEN=65536 -DMAX_DOMAINS_F=21 -DMAX_HISTORY=25 -DNMM_NEST=0  -I. -traditional-cpp  dsintf1.F  > dsintf1.f90
ifort -c -real-size 32 -i4  -ip -fp-model precise -w -ftz -align all -fno-alias -FR -convert big_endian   dsintf1.f90
rm -f -f dsintf1.f90
/lib/cpp -P -nostdinc -DEM_CORE=1 -DNMM_CORE=0 -DNMM_MAX_DIM=2600 -DCOAMPS_CORE=0 -DDA_CORE=0 -DEXP_CORE=0 -DIWORDSIZE=4 -DDWORDSIZE=8 -DRWORDSIZE=4 -DLWORDSIZE=4 -DNONSTANDARD_SYSTEM_FUNC  -DWRF_USE_CLM  -DDM_PARALLEL -DNETCDF -DMOVE_NESTS -DUSE_ALLOCATABLES -DGRIB1 -DINTIO -DKEEP_INT_AROUND -DLIMIT_ARGS -DCONFIG_BUF_LEN=65536 -DMAX_DOMAINS_F=21 -DMAX_HISTORY=25 -DNMM_NEST=0  -I. -traditional-cpp  mradf4.F  > mradf4.f90
ifort -c -real-size 32 -i4  -ip -fp-model precise -w -ftz -align all -fno-alias -FR -convert big_endian   mradf4.f90
rm -f -f d1f5kb.f90
/lib/cpp -P -nostdinc -DEM_CORE=1 -DNMM_CORE=0 -DNMM_MAX_DIM=2600 -DCOAMPS_CORE=0 -DDA_CORE=0 -DEXP_CORE=0 -DIWORDSIZE=4 -DDWORDSIZE=8 -DRWORDSIZE=4 -DLWORDSIZE=4 -DNONSTANDARD_SYSTEM_FUNC  -DWRF_USE_CLM  -DDM_PARALLEL -DNETCDF -DMOVE_NESTS -DUSE_ALLOCATABLES -DGRIB1 -DINTIO -DKEEP_INT_AROUND -DLIMIT_ARGS -DCONFIG_BUF_LEN=65536 -DMAX_DOMAINS_F=21 -DMAX_HISTORY=25 -DNMM_NEST=0  -I. -traditional-cpp  r1f4kb.F  > r1f4kb.f90
ifort -c -real-size 32 -i4  -ip -fp-model precise -w -ftz -align all -fno-alias -FR -convert big_endian   r1f4kb.f90
rm -f -f mradf4.f90
/lib/cpp -P -nostdinc -DEM_CORE=1 -DNMM_CORE=0 -DNMM_MAX_DIM=2600 -DCOAMPS_CORE=0 -DDA_CORE=0 -DEXP_CORE=0 -DIWORDSIZE=4 -DDWORDSIZE=8 -DRWORDSIZE=4 -DLWORDSIZE=4 -DNONSTANDARD_SYSTEM_FUNC  -DWRF_USE_CLM  -DDM_PARALLEL -DNETCDF -DMOVE_NESTS -DUSE_ALLOCATABLES -DGRIB1 -DINTIO -DKEEP_INT_AROUND -DLIMIT_ARGS -DCONFIG_BUF_LEN=65536 -DMAX_DOMAINS_F=21 -DMAX_HISTORY=25 -DNMM_NEST=0  -I. -traditional-cpp  rfft1b.F  > rfft1b.f90
ifort -c -real-size 32 -i4  -ip -fp-model precise -w -ftz -align all -fno-alias -FR -convert big_endian   rfft1b.f90
rm -f -f r1f4kb.f90
/lib/cpp -P -nostdinc -DEM_CORE=1 -DNMM_CORE=0 -DNMM_MAX_DIM=2600 -DCOAMPS_CORE=0 -DDA_CORE=0 -DEXP_CORE=0 -DIWORDSIZE=4 -DDWORDSIZE=8 -DRWORDSIZE=4 -DLWORDSIZE=4 -DNONSTANDARD_SYSTEM_FUNC  -DWRF_USE_CLM  -DDM_PARALLEL -DNETCDF -DMOVE_NESTS -DUSE_ALLOCATABLES -DGRIB1 -DINTIO -DKEEP_INT_AROUND -DLIMIT_ARGS -DCONFIG_BUF_LEN=65536 -DMAX_DOMAINS_F=21 -DMAX_HISTORY=25 -DNMM_NEST=0  -I. -traditional-cpp  sinq1b.F  > sinq1b.f90
ifort -c -real-size 32 -i4  -ip -fp-model precise -w -ftz -align all -fno-alias -FR -convert big_endian   sinq1b.f90
rm -f -f rfft1b.f90
/lib/cpp -P -nostdinc -DEM_CORE=1 -DNMM_CORE=0 -DNMM_MAX_DIM=2600 -DCOAMPS_CORE=0 -DDA_CORE=0 -DEXP_CORE=0 -DIWORDSIZE=4 -DDWORDSIZE=8 -DRWORDSIZE=4 -DLWORDSIZE=4 -DNONSTANDARD_SYSTEM_FUNC  -DWRF_USE_CLM  -DDM_PARALLEL -DNETCDF -DMOVE_NESTS -DUSE_ALLOCATABLES -DGRIB1 -DINTIO -DKEEP_INT_AROUND -DLIMIT_ARGS -DCONFIG_BUF_LEN=65536 -DMAX_DOMAINS_F=21 -DMAX_HISTORY=25 -DNMM_NEST=0  -I. -traditional-cpp  sintmf.F  > sintmf.f90
ifort -c -real-size 32 -i4  -ip -fp-model precise -w -ftz -align all -fno-alias -FR -convert big_endian   sintmf.f90
rm -f -f sinq1b.f90
/lib/cpp -P -nostdinc -DEM_CORE=1 -DNMM_CORE=0 -DNMM_MAX_DIM=2600 -DCOAMPS_CORE=0 -DDA_CORE=0 -DEXP_CORE=0 -DIWORDSIZE=4 -DDWORDSIZE=8 -DRWORDSIZE=4 -DLWORDSIZE=4 -DNONSTANDARD_SYSTEM_FUNC  -DWRF_USE_CLM  -DDM_PARALLEL -DNETCDF -DMOVE_NESTS -DUSE_ALLOCATABLES -DGRIB1 -DINTIO -DKEEP_INT_AROUND -DLIMIT_ARGS -DCONFIG_BUF_LEN=65536 -DMAX_DOMAINS_F=21 -DMAX_HISTORY=25 -DNMM_NEST=0  -I. -traditional-cpp  z1fgkb.F  > z1fgkb.f90
ifort -c -real-size 32 -i4  -ip -fp-model precise -w -ftz -align all -fno-alias -FR -convert big_endian   z1fgkb.f90
rm -f -f sintmf.f90
/lib/cpp -P -nostdinc -DEM_CORE=1 -DNMM_CORE=0 -DNMM_MAX_DIM=2600 -DCOAMPS_CORE=0 -DDA_CORE=0 -DEXP_CORE=0 -DIWORDSIZE=4 -DDWORDSIZE=8 -DRWORDSIZE=4 -DLWORDSIZE=4 -DNONSTANDARD_SYSTEM_FUNC  -DWRF_USE_CLM  -DDM_PARALLEL -DNETCDF -DMOVE_NESTS -DUSE_ALLOCATABLES -DGRIB1 -DINTIO -DKEEP_INT_AROUND -DLIMIT_ARGS -DCONFIG_BUF_LEN=65536 -DMAX_DOMAINS_F=21 -DMAX_HISTORY=25 -DNMM_NEST=0  -I. -traditional-cpp  zfftmi.F  > zfftmi.f90
ifort -c -real-size 32 -i4  -ip -fp-model precise -w -ftz -align all -fno-alias -FR -convert big_endian   zfftmi.f90
rm -f -f zfftmi.f90
/lib/cpp -P -nostdinc -DEM_CORE=1 -DNMM_CORE=0 -DNMM_MAX_DIM=2600 -DCOAMPS_CORE=0 -DDA_CORE=0 -DEXP_CORE=0 -DIWORDSIZE=4 -DDWORDSIZE=8 -DRWORDSIZE=4 -DLWORDSIZE=4 -DNONSTANDARD_SYSTEM_FUNC  -DWRF_USE_CLM  -DDM_PARALLEL -DNETCDF -DMOVE_NESTS -DUSE_ALLOCATABLES -DGRIB1 -DINTIO -DKEEP_INT_AROUND -DLIMIT_ARGS -DCONFIG_BUF_LEN=65536 -DMAX_DOMAINS_F=21 -DMAX_HISTORY=25 -DNMM_NEST=0  -I. -traditional-cpp  zmfm1f.F  > zmfm1f.f90
ifort -c -real-size 32 -i4  -ip -fp-model precise -w -ftz -align all -fno-alias -FR -convert big_endian   zmfm1f.f90
rm -f -f z1fgkb.f90
/lib/cpp -P -nostdinc -DEM_CORE=1 -DNMM_CORE=0 -DNMM_MAX_DIM=2600 -DCOAMPS_CORE=0 -DDA_CORE=0 -DEXP_CORE=0 -DIWORDSIZE=4 -DDWORDSIZE=8 -DRWORDSIZE=4 -DLWORDSIZE=4 -DNONSTANDARD_SYSTEM_FUNC  -DWRF_USE_CLM  -DDM_PARALLEL -DNETCDF -DMOVE_NESTS -DUSE_ALLOCATABLES -DGRIB1 -DINTIO -DKEEP_INT_AROUND -DLIMIT_ARGS -DCONFIG_BUF_LEN=65536 -DMAX_DOMAINS_F=21 -DMAX_HISTORY=25 -DNMM_NEST=0  -I. -traditional-cpp  c1fgkb.F  > c1fgkb.f90
ifort -c -real-size 32 -i4  -ip -fp-model precise -w -ftz -align all -fno-alias -FR -convert big_endian   c1fgkb.f90
rm -f -f zmfm1f.f90
/lib/cpp -P -nostdinc -DEM_CORE=1 -DNMM_CORE=0 -DNMM_MAX_DIM=2600 -DCOAMPS_CORE=0 -DDA_CORE=0 -DEXP_CORE=0 -DIWORDSIZE=4 -DDWORDSIZE=8 -DRWORDSIZE=4 -DLWORDSIZE=4 -DNONSTANDARD_SYSTEM_FUNC  -DWRF_USE_CLM  -DDM_PARALLEL -DNETCDF -DMOVE_NESTS -DUSE_ALLOCATABLES -DGRIB1 -DINTIO -DKEEP_INT_AROUND -DLIMIT_ARGS -DCONFIG_BUF_LEN=65536 -DMAX_DOMAINS_F=21 -DMAX_HISTORY=25 -DNMM_NEST=0  -I. -traditional-cpp  cfftmi.F  > cfftmi.f90
ifort -c -real-size 32 -i4  -ip -fp-model precise -w -ftz -align all -fno-alias -FR -convert big_endian   cfftmi.f90
rm -f -f c1fgkb.f90
/lib/cpp -P -nostdinc -DEM_CORE=1 -DNMM_CORE=0 -DNMM_MAX_DIM=2600 -DCOAMPS_CORE=0 -DDA_CORE=0 -DEXP_CORE=0 -DIWORDSIZE=4 -DDWORDSIZE=8 -DRWORDSIZE=4 -DLWORDSIZE=4 -DNONSTANDARD_SYSTEM_FUNC  -DWRF_USE_CLM  -DDM_PARALLEL -DNETCDF -DMOVE_NESTS -DUSE_ALLOCATABLES -DGRIB1 -DINTIO -DKEEP_INT_AROUND -DLIMIT_ARGS -DCONFIG_BUF_LEN=65536 -DMAX_DOMAINS_F=21 -DMAX_HISTORY=25 -DNMM_NEST=0  -I. -traditional-cpp  cmfm1f.F  > cmfm1f.f90
ifort -c -real-size 32 -i4  -ip -fp-model precise -w -ftz -align all -fno-alias -FR -convert big_endian   cmfm1f.f90
rm -f -f cfftmi.f90
/lib/cpp -P -nostdinc -DEM_CORE=1 -DNMM_CORE=0 -DNMM_MAX_DIM=2600 -DCOAMPS_CORE=0 -DDA_CORE=0 -DEXP_CORE=0 -DIWORDSIZE=4 -DDWORDSIZE=8 -DRWORDSIZE=4 -DLWORDSIZE=4 -DNONSTANDARD_SYSTEM_FUNC  -DWRF_USE_CLM  -DDM_PARALLEL -DNETCDF -DMOVE_NESTS -DUSE_ALLOCATABLES -DGRIB1 -DINTIO -DKEEP_INT_AROUND -DLIMIT_ARGS -DCONFIG_BUF_LEN=65536 -DMAX_DOMAINS_F=21 -DMAX_HISTORY=25 -DNMM_NEST=0  -I. -traditional-cpp  costb1.F  > costb1.f90
ifort -c -real-size 32 -i4  -ip -fp-model precise -w -ftz -align all -fno-alias -FR -convert big_endian   costb1.f90
rm -f -f cmfm1f.f90
/lib/cpp -P -nostdinc -DEM_CORE=1 -DNMM_CORE=0 -DNMM_MAX_DIM=2600 -DCOAMPS_CORE=0 -DDA_CORE=0 -DEXP_CORE=0 -DIWORDSIZE=4 -DDWORDSIZE=8 -DRWORDSIZE=4 -DLWORDSIZE=4 -DNONSTANDARD_SYSTEM_FUNC  -DWRF_USE_CLM  -DDM_PARALLEL -DNETCDF -DMOVE_NESTS -DUSE_ALLOCATABLES -DGRIB1 -DINTIO -DKEEP_INT_AROUND -DLIMIT_ARGS -DCONFIG_BUF_LEN=65536 -DMAX_DOMAINS_F=21 -DMAX_HISTORY=25 -DNMM_NEST=0  -I. -traditional-cpp  d1f5kf.F  > d1f5kf.f90
ifort -c -real-size 32 -i4  -ip -fp-model precise -w -ftz -align all -fno-alias -FR -convert big_endian   d1f5kf.f90
rm -f -f costb1.f90
/lib/cpp -P -nostdinc -DEM_CORE=1 -DNMM_CORE=0 -DNMM_MAX_DIM=2600 -DCOAMPS_CORE=0 -DDA_CORE=0 -DEXP_CORE=0 -DIWORDSIZE=4 -DDWORDSIZE=8 -DRWORDSIZE=4 -DLWORDSIZE=4 -DNONSTANDARD_SYSTEM_FUNC  -DWRF_USE_CLM  -DDM_PARALLEL -DNETCDF -DMOVE_NESTS -DUSE_ALLOCATABLES -DGRIB1 -DINTIO -DKEEP_INT_AROUND -DLIMIT_ARGS -DCONFIG_BUF_LEN=65536 -DMAX_DOMAINS_F=21 -DMAX_HISTORY=25 -DNMM_NEST=0  -I. -traditional-cpp  dcostf1.F  > dcostf1.f90
ifort -c -real-size 32 -i4  -ip -fp-model precise -w -ftz -align all -fno-alias -FR -convert big_endian   dcostf1.f90
rm -f -f dcostf1.f90
/lib/cpp -P -nostdinc -DEM_CORE=1 -DNMM_CORE=0 -DNMM_MAX_DIM=2600 -DCOAMPS_CORE=0 -DDA_CORE=0 -DEXP_CORE=0 -DIWORDSIZE=4 -DDWORDSIZE=8 -DRWORDSIZE=4 -DLWORDSIZE=4 -DNONSTANDARD_SYSTEM_FUNC  -DWRF_USE_CLM  -DDM_PARALLEL -DNETCDF -DMOVE_NESTS -DUSE_ALLOCATABLES -DGRIB1 -DINTIO -DKEEP_INT_AROUND -DLIMIT_ARGS -DCONFIG_BUF_LEN=65536 -DMAX_DOMAINS_F=21 -DMAX_HISTORY=25 -DNMM_NEST=0  -I. -traditional-cpp  mcsqb1.F  > mcsqb1.f90
ifort -c -real-size 32 -i4  -ip -fp-model precise -w -ftz -align all -fno-alias -FR -convert big_endian   mcsqb1.f90
rm -f -f mcsqb1.f90
/lib/cpp -P -nostdinc -DEM_CORE=1 -DNMM_CORE=0 -DNMM_MAX_DIM=2600 -DCOAMPS_CORE=0 -DDA_CORE=0 -DEXP_CORE=0 -DIWORDSIZE=4 -DDWORDSIZE=8 -DRWORDSIZE=4 -DLWORDSIZE=4 -DNONSTANDARD_SYSTEM_FUNC  -DWRF_USE_CLM  -DDM_PARALLEL -DNETCDF -DMOVE_NESTS -DUSE_ALLOCATABLES -DGRIB1 -DINTIO -DKEEP_INT_AROUND -DLIMIT_ARGS -DCONFIG_BUF_LEN=65536 -DMAX_DOMAINS_F=21 -DMAX_HISTORY=25 -DNMM_NEST=0  -I. -traditional-cpp  mradf5.F  > mradf5.f90
ifort -c -real-size 32 -i4  -ip -fp-model precise -w -ftz -align all -fno-alias -FR -convert big_endian   mradf5.f90
rm -f -f d1f5kf.f90
/lib/cpp -P -nostdinc -DEM_CORE=1 -DNMM_CORE=0 -DNMM_MAX_DIM=2600 -DCOAMPS_CORE=0 -DDA_CORE=0 -DEXP_CORE=0 -DIWORDSIZE=4 -DDWORDSIZE=8 -DRWORDSIZE=4 -DLWORDSIZE=4 -DNONSTANDARD_SYSTEM_FUNC  -DWRF_USE_CLM  -DDM_PARALLEL -DNETCDF -DMOVE_NESTS -DUSE_ALLOCATABLES -DGRIB1 -DINTIO -DKEEP_INT_AROUND -DLIMIT_ARGS -DCONFIG_BUF_LEN=65536 -DMAX_DOMAINS_F=21 -DMAX_HISTORY=25 -DNMM_NEST=0  -I. -traditional-cpp  r1f4kf.F  > r1f4kf.f90
ifort -c -real-size 32 -i4  -ip -fp-model precise -w -ftz -align all -fno-alias -FR -convert big_endian   r1f4kf.f90
rm -f -f r1f4kf.f90
/lib/cpp -P -nostdinc -DEM_CORE=1 -DNMM_CORE=0 -DNMM_MAX_DIM=2600 -DCOAMPS_CORE=0 -DDA_CORE=0 -DEXP_CORE=0 -DIWORDSIZE=4 -DDWORDSIZE=8 -DRWORDSIZE=4 -DLWORDSIZE=4 -DNONSTANDARD_SYSTEM_FUNC  -DWRF_USE_CLM  -DDM_PARALLEL -DNETCDF -DMOVE_NESTS -DUSE_ALLOCATABLES -DGRIB1 -DINTIO -DKEEP_INT_AROUND -DLIMIT_ARGS -DCONFIG_BUF_LEN=65536 -DMAX_DOMAINS_F=21 -DMAX_HISTORY=25 -DNMM_NEST=0  -I. -traditional-cpp  rfft1f.F  > rfft1f.f90
ifort -c -real-size 32 -i4  -ip -fp-model precise -w -ftz -align all -fno-alias -FR -convert big_endian   rfft1f.f90
rm -f -f mradf5.f90
/lib/cpp -P -nostdinc -DEM_CORE=1 -DNMM_CORE=0 -DNMM_MAX_DIM=2600 -DCOAMPS_CORE=0 -DDA_CORE=0 -DEXP_CORE=0 -DIWORDSIZE=4 -DDWORDSIZE=8 -DRWORDSIZE=4 -DLWORDSIZE=4 -DNONSTANDARD_SYSTEM_FUNC  -DWRF_USE_CLM  -DDM_PARALLEL -DNETCDF -DMOVE_NESTS -DUSE_ALLOCATABLES -DGRIB1 -DINTIO -DKEEP_INT_AROUND -DLIMIT_ARGS -DCONFIG_BUF_LEN=65536 -DMAX_DOMAINS_F=21 -DMAX_HISTORY=25 -DNMM_NEST=0  -I. -traditional-cpp  sinq1f.F  > sinq1f.f90
ifort -c -real-size 32 -i4  -ip -fp-model precise -w -ftz -align all -fno-alias -FR -convert big_endian   sinq1f.f90
rm -f -f rfft1f.f90
/lib/cpp -P -nostdinc -DEM_CORE=1 -DNMM_CORE=0 -DNMM_MAX_DIM=2600 -DCOAMPS_CORE=0 -DDA_CORE=0 -DEXP_CORE=0 -DIWORDSIZE=4 -DDWORDSIZE=8 -DRWORDSIZE=4 -DLWORDSIZE=4 -DNONSTANDARD_SYSTEM_FUNC  -DWRF_USE_CLM  -DDM_PARALLEL -DNETCDF -DMOVE_NESTS -DUSE_ALLOCATABLES -DGRIB1 -DINTIO -DKEEP_INT_AROUND -DLIMIT_ARGS -DCONFIG_BUF_LEN=65536 -DMAX_DOMAINS_F=21 -DMAX_HISTORY=25 -DNMM_NEST=0  -I. -traditional-cpp  sintmi.F  > sintmi.f90
ifort -c -real-size 32 -i4  -ip -fp-model precise -w -ftz -align all -fno-alias -FR -convert big_endian   sintmi.f90
rm -f -f sinq1f.f90
/lib/cpp -P -nostdinc -DEM_CORE=1 -DNMM_CORE=0 -DNMM_MAX_DIM=2600 -DCOAMPS_CORE=0 -DDA_CORE=0 -DEXP_CORE=0 -DIWORDSIZE=4 -DDWORDSIZE=8 -DRWORDSIZE=4 -DLWORDSIZE=4 -DNONSTANDARD_SYSTEM_FUNC  -DWRF_USE_CLM  -DDM_PARALLEL -DNETCDF -DMOVE_NESTS -DUSE_ALLOCATABLES -DGRIB1 -DINTIO -DKEEP_INT_AROUND -DLIMIT_ARGS -DCONFIG_BUF_LEN=65536 -DMAX_DOMAINS_F=21 -DMAX_HISTORY=25 -DNMM_NEST=0  -I. -traditional-cpp  z1fgkf.F  > z1fgkf.f90
ifort -c -real-size 32 -i4  -ip -fp-model precise -w -ftz -align all -fno-alias -FR -convert big_endian   z1fgkf.f90
rm -f -f sintmi.f90
/lib/cpp -P -nostdinc -DEM_CORE=1 -DNMM_CORE=0 -DNMM_MAX_DIM=2600 -DCOAMPS_CORE=0 -DDA_CORE=0 -DEXP_CORE=0 -DIWORDSIZE=4 -DDWORDSIZE=8 -DRWORDSIZE=4 -DLWORDSIZE=4 -DNONSTANDARD_SYSTEM_FUNC  -DWRF_USE_CLM  -DDM_PARALLEL -DNETCDF -DMOVE_NESTS -DUSE_ALLOCATABLES -DGRIB1 -DINTIO -DKEEP_INT_AROUND -DLIMIT_ARGS -DCONFIG_BUF_LEN=65536 -DMAX_DOMAINS_F=21 -DMAX_HISTORY=25 -DNMM_NEST=0  -I. -traditional-cpp  zmf2kb.F  > zmf2kb.f90
ifort -c -real-size 32 -i4  -ip -fp-model precise -w -ftz -align all -fno-alias -FR -convert big_endian   zmf2kb.f90
rm -f -f zmf2kb.f90
/lib/cpp -P -nostdinc -DEM_CORE=1 -DNMM_CORE=0 -DNMM_MAX_DIM=2600 -DCOAMPS_CORE=0 -DDA_CORE=0 -DEXP_CORE=0 -DIWORDSIZE=4 -DDWORDSIZE=8 -DRWORDSIZE=4 -DLWORDSIZE=4 -DNONSTANDARD_SYSTEM_FUNC  -DWRF_USE_CLM  -DDM_PARALLEL -DNETCDF -DMOVE_NESTS -DUSE_ALLOCATABLES -DGRIB1 -DINTIO -DKEEP_INT_AROUND -DLIMIT_ARGS -DCONFIG_BUF_LEN=65536 -DMAX_DOMAINS_F=21 -DMAX_HISTORY=25 -DNMM_NEST=0  -I. -traditional-cpp  c1fgkf.F  > c1fgkf.f90
ifort -c -real-size 32 -i4  -ip -fp-model precise -w -ftz -align all -fno-alias -FR -convert big_endian   c1fgkf.f90
rm -f -f z1fgkf.f90
/lib/cpp -P -nostdinc -DEM_CORE=1 -DNMM_CORE=0 -DNMM_MAX_DIM=2600 -DCOAMPS_CORE=0 -DDA_CORE=0 -DEXP_CORE=0 -DIWORDSIZE=4 -DDWORDSIZE=8 -DRWORDSIZE=4 -DLWORDSIZE=4 -DNONSTANDARD_SYSTEM_FUNC  -DWRF_USE_CLM  -DDM_PARALLEL -DNETCDF -DMOVE_NESTS -DUSE_ALLOCATABLES -DGRIB1 -DINTIO -DKEEP_INT_AROUND -DLIMIT_ARGS -DCONFIG_BUF_LEN=65536 -DMAX_DOMAINS_F=21 -DMAX_HISTORY=25 -DNMM_NEST=0  -I. -traditional-cpp  cmf2kb.F  > cmf2kb.f90
ifort -c -real-size 32 -i4  -ip -fp-model precise -w -ftz -align all -fno-alias -FR -convert big_endian   cmf2kb.f90
rm -f -f cmf2kb.f90
/lib/cpp -P -nostdinc -DEM_CORE=1 -DNMM_CORE=0 -DNMM_MAX_DIM=2600 -DCOAMPS_CORE=0 -DDA_CORE=0 -DEXP_CORE=0 -DIWORDSIZE=4 -DDWORDSIZE=8 -DRWORDSIZE=4 -DLWORDSIZE=4 -DNONSTANDARD_SYSTEM_FUNC  -DWRF_USE_CLM  -DDM_PARALLEL -DNETCDF -DMOVE_NESTS -DUSE_ALLOCATABLES -DGRIB1 -DINTIO -DKEEP_INT_AROUND -DLIMIT_ARGS -DCONFIG_BUF_LEN=65536 -DMAX_DOMAINS_F=21 -DMAX_HISTORY=25 -DNMM_NEST=0  -I. -traditional-cpp  cosq1b.F  > cosq1b.f90
ifort -c -real-size 32 -i4  -ip -fp-model precise -w -ftz -align all -fno-alias -FR -convert big_endian   cosq1b.f90
rm -f -f c1fgkf.f90
/lib/cpp -P -nostdinc -DEM_CORE=1 -DNMM_CORE=0 -DNMM_MAX_DIM=2600 -DCOAMPS_CORE=0 -DDA_CORE=0 -DEXP_CORE=0 -DIWORDSIZE=4 -DDWORDSIZE=8 -DRWORDSIZE=4 -DLWORDSIZE=4 -DNONSTANDARD_SYSTEM_FUNC  -DWRF_USE_CLM  -DDM_PARALLEL -DNETCDF -DMOVE_NESTS -DUSE_ALLOCATABLES -DGRIB1 -DINTIO -DKEEP_INT_AROUND -DLIMIT_ARGS -DCONFIG_BUF_LEN=65536 -DMAX_DOMAINS_F=21 -DMAX_HISTORY=25 -DNMM_NEST=0  -I. -traditional-cpp  costf1.F  > costf1.f90
ifort -c -real-size 32 -i4  -ip -fp-model precise -w -ftz -align all -fno-alias -FR -convert big_endian   costf1.f90
rm -f -f cosq1b.f90
/lib/cpp -P -nostdinc -DEM_CORE=1 -DNMM_CORE=0 -DNMM_MAX_DIM=2600 -DCOAMPS_CORE=0 -DDA_CORE=0 -DEXP_CORE=0 -DIWORDSIZE=4 -DDWORDSIZE=8 -DRWORDSIZE=4 -DLWORDSIZE=4 -DNONSTANDARD_SYSTEM_FUNC  -DWRF_USE_CLM  -DDM_PARALLEL -DNETCDF -DMOVE_NESTS -DUSE_ALLOCATABLES -DGRIB1 -DINTIO -DKEEP_INT_AROUND -DLIMIT_ARGS -DCONFIG_BUF_LEN=65536 -DMAX_DOMAINS_F=21 -DMAX_HISTORY=25 -DNMM_NEST=0  -I. -traditional-cpp  d1fgkb.F  > d1fgkb.f90
ifort -c -real-size 32 -i4  -ip -fp-model precise -w -ftz -align all -fno-alias -FR -convert big_endian   d1fgkb.f90
rm -f -f costf1.f90
/lib/cpp -P -nostdinc -DEM_CORE=1 -DNMM_CORE=0 -DNMM_MAX_DIM=2600 -DCOAMPS_CORE=0 -DDA_CORE=0 -DEXP_CORE=0 -DIWORDSIZE=4 -DDWORDSIZE=8 -DRWORDSIZE=4 -DLWORDSIZE=4 -DNONSTANDARD_SYSTEM_FUNC  -DWRF_USE_CLM  -DDM_PARALLEL -DNETCDF -DMOVE_NESTS -DUSE_ALLOCATABLES -DGRIB1 -DINTIO -DKEEP_INT_AROUND -DLIMIT_ARGS -DCONFIG_BUF_LEN=65536 -DMAX_DOMAINS_F=21 -DMAX_HISTORY=25 -DNMM_NEST=0  -I. -traditional-cpp  dfft1b.F  > dfft1b.f90
ifort -c -real-size 32 -i4  -ip -fp-model precise -w -ftz -align all -fno-alias -FR -convert big_endian   dfft1b.f90
rm -f -f dfft1b.f90
/lib/cpp -P -nostdinc -DEM_CORE=1 -DNMM_CORE=0 -DNMM_MAX_DIM=2600 -DCOAMPS_CORE=0 -DDA_CORE=0 -DEXP_CORE=0 -DIWORDSIZE=4 -DDWORDSIZE=8 -DRWORDSIZE=4 -DLWORDSIZE=4 -DNONSTANDARD_SYSTEM_FUNC  -DWRF_USE_CLM  -DDM_PARALLEL -DNETCDF -DMOVE_NESTS -DUSE_ALLOCATABLES -DGRIB1 -DINTIO -DKEEP_INT_AROUND -DLIMIT_ARGS -DCONFIG_BUF_LEN=65536 -DMAX_DOMAINS_F=21 -DMAX_HISTORY=25 -DNMM_NEST=0  -I. -traditional-cpp  mcsqf1.F  > mcsqf1.f90
ifort -c -real-size 32 -i4  -ip -fp-model precise -w -ftz -align all -fno-alias -FR -convert big_endian   mcsqf1.f90
rm -f -f mcsqf1.f90
/lib/cpp -P -nostdinc -DEM_CORE=1 -DNMM_CORE=0 -DNMM_MAX_DIM=2600 -DCOAMPS_CORE=0 -DDA_CORE=0 -DEXP_CORE=0 -DIWORDSIZE=4 -DDWORDSIZE=8 -DRWORDSIZE=4 -DLWORDSIZE=4 -DNONSTANDARD_SYSTEM_FUNC  -DWRF_USE_CLM  -DDM_PARALLEL -DNETCDF -DMOVE_NESTS -DUSE_ALLOCATABLES -DGRIB1 -DINTIO -DKEEP_INT_AROUND -DLIMIT_ARGS -DCONFIG_BUF_LEN=65536 -DMAX_DOMAINS_F=21 -DMAX_HISTORY=25 -DNMM_NEST=0  -I. -traditional-cpp  mradfg.F  > mradfg.f90
ifort -c -real-size 32 -i4  -ip -fp-model precise -w -ftz -align all -fno-alias -FR -convert big_endian   mradfg.f90
rm -f -f d1fgkb.f90
/lib/cpp -P -nostdinc -DEM_CORE=1 -DNMM_CORE=0 -DNMM_MAX_DIM=2600 -DCOAMPS_CORE=0 -DDA_CORE=0 -DEXP_CORE=0 -DIWORDSIZE=4 -DDWORDSIZE=8 -DRWORDSIZE=4 -DLWORDSIZE=4 -DNONSTANDARD_SYSTEM_FUNC  -DWRF_USE_CLM  -DDM_PARALLEL -DNETCDF -DMOVE_NESTS -DUSE_ALLOCATABLES -DGRIB1 -DINTIO -DKEEP_INT_AROUND -DLIMIT_ARGS -DCONFIG_BUF_LEN=65536 -DMAX_DOMAINS_F=21 -DMAX_HISTORY=25 -DNMM_NEST=0  -I. -traditional-cpp  r1f5kb.F  > r1f5kb.f90
ifort -c -real-size 32 -i4  -ip -fp-model precise -w -ftz -align all -fno-alias -FR -convert big_endian   r1f5kb.f90
rm -f -f r1f5kb.f90
/lib/cpp -P -nostdinc -DEM_CORE=1 -DNMM_CORE=0 -DNMM_MAX_DIM=2600 -DCOAMPS_CORE=0 -DDA_CORE=0 -DEXP_CORE=0 -DIWORDSIZE=4 -DDWORDSIZE=8 -DRWORDSIZE=4 -DLWORDSIZE=4 -DNONSTANDARD_SYSTEM_FUNC  -DWRF_USE_CLM  -DDM_PARALLEL -DNETCDF -DMOVE_NESTS -DUSE_ALLOCATABLES -DGRIB1 -DINTIO -DKEEP_INT_AROUND -DLIMIT_ARGS -DCONFIG_BUF_LEN=65536 -DMAX_DOMAINS_F=21 -DMAX_HISTORY=25 -DNMM_NEST=0  -I. -traditional-cpp  rfft1i.F  > rfft1i.f90
ifort -c -real-size 32 -i4  -ip -fp-model precise -w -ftz -align all -fno-alias -FR -convert big_endian   rfft1i.f90
rm -f -f mradfg.f90
/lib/cpp -P -nostdinc -DEM_CORE=1 -DNMM_CORE=0 -DNMM_MAX_DIM=2600 -DCOAMPS_CORE=0 -DDA_CORE=0 -DEXP_CORE=0 -DIWORDSIZE=4 -DDWORDSIZE=8 -DRWORDSIZE=4 -DLWORDSIZE=4 -DNONSTANDARD_SYSTEM_FUNC  -DWRF_USE_CLM  -DDM_PARALLEL -DNETCDF -DMOVE_NESTS -DUSE_ALLOCATABLES -DGRIB1 -DINTIO -DKEEP_INT_AROUND -DLIMIT_ARGS -DCONFIG_BUF_LEN=65536 -DMAX_DOMAINS_F=21 -DMAX_HISTORY=25 -DNMM_NEST=0  -I. -traditional-cpp  sinq1i.F  > sinq1i.f90
ifort -c -real-size 32 -i4  -ip -fp-model precise -w -ftz -align all -fno-alias -FR -convert big_endian   sinq1i.f90
rm -f -f rfft1i.f90
/lib/cpp -P -nostdinc -DEM_CORE=1 -DNMM_CORE=0 -DNMM_MAX_DIM=2600 -DCOAMPS_CORE=0 -DDA_CORE=0 -DEXP_CORE=0 -DIWORDSIZE=4 -DDWORDSIZE=8 -DRWORDSIZE=4 -DLWORDSIZE=4 -DNONSTANDARD_SYSTEM_FUNC  -DWRF_USE_CLM  -DDM_PARALLEL -DNETCDF -DMOVE_NESTS -DUSE_ALLOCATABLES -DGRIB1 -DINTIO -DKEEP_INT_AROUND -DLIMIT_ARGS -DCONFIG_BUF_LEN=65536 -DMAX_DOMAINS_F=21 -DMAX_HISTORY=25 -DNMM_NEST=0  -I. -traditional-cpp  xercon.F  > xercon.f90
ifort -c -real-size 32 -i4  -ip -fp-model precise -w -ftz -align all -fno-alias -FR -convert big_endian   xercon.f90
rm -f -f sinq1i.f90
/lib/cpp -P -nostdinc -DEM_CORE=1 -DNMM_CORE=0 -DNMM_MAX_DIM=2600 -DCOAMPS_CORE=0 -DDA_CORE=0 -DEXP_CORE=0 -DIWORDSIZE=4 -DDWORDSIZE=8 -DRWORDSIZE=4 -DLWORDSIZE=4 -DNONSTANDARD_SYSTEM_FUNC  -DWRF_USE_CLM  -DDM_PARALLEL -DNETCDF -DMOVE_NESTS -DUSE_ALLOCATABLES -DGRIB1 -DINTIO -DKEEP_INT_AROUND -DLIMIT_ARGS -DCONFIG_BUF_LEN=65536 -DMAX_DOMAINS_F=21 -DMAX_HISTORY=25 -DNMM_NEST=0  -I. -traditional-cpp  z1fm1b.F  > z1fm1b.f90
ifort -c -real-size 32 -i4  -ip -fp-model precise -w -ftz -align all -fno-alias -FR -convert big_endian   z1fm1b.f90
rm -f -f xercon.f90
/lib/cpp -P -nostdinc -DEM_CORE=1 -DNMM_CORE=0 -DNMM_MAX_DIM=2600 -DCOAMPS_CORE=0 -DDA_CORE=0 -DEXP_CORE=0 -DIWORDSIZE=4 -DDWORDSIZE=8 -DRWORDSIZE=4 -DLWORDSIZE=4 -DNONSTANDARD_SYSTEM_FUNC  -DWRF_USE_CLM  -DDM_PARALLEL -DNETCDF -DMOVE_NESTS -DUSE_ALLOCATABLES -DGRIB1 -DINTIO -DKEEP_INT_AROUND -DLIMIT_ARGS -DCONFIG_BUF_LEN=65536 -DMAX_DOMAINS_F=21 -DMAX_HISTORY=25 -DNMM_NEST=0  -I. -traditional-cpp  zmf2kf.F  > zmf2kf.f90
ifort -c -real-size 32 -i4  -ip -fp-model precise -w -ftz -align all -fno-alias -FR -convert big_endian   zmf2kf.f90
rm -f -f z1fm1b.f90
/lib/cpp -P -nostdinc -DEM_CORE=1 -DNMM_CORE=0 -DNMM_MAX_DIM=2600 -DCOAMPS_CORE=0 -DDA_CORE=0 -DEXP_CORE=0 -DIWORDSIZE=4 -DDWORDSIZE=8 -DRWORDSIZE=4 -DLWORDSIZE=4 -DNONSTANDARD_SYSTEM_FUNC  -DWRF_USE_CLM  -DDM_PARALLEL -DNETCDF -DMOVE_NESTS -DUSE_ALLOCATABLES -DGRIB1 -DINTIO -DKEEP_INT_AROUND -DLIMIT_ARGS -DCONFIG_BUF_LEN=65536 -DMAX_DOMAINS_F=21 -DMAX_HISTORY=25 -DNMM_NEST=0  -I. -traditional-cpp  c1fm1b.F  > c1fm1b.f90
ifort -c -real-size 32 -i4  -ip -fp-model precise -w -ftz -align all -fno-alias -FR -convert big_endian   c1fm1b.f90
rm -f -f c1fm1b.f90
/lib/cpp -P -nostdinc -DEM_CORE=1 -DNMM_CORE=0 -DNMM_MAX_DIM=2600 -DCOAMPS_CORE=0 -DDA_CORE=0 -DEXP_CORE=0 -DIWORDSIZE=4 -DDWORDSIZE=8 -DRWORDSIZE=4 -DLWORDSIZE=4 -DNONSTANDARD_SYSTEM_FUNC  -DWRF_USE_CLM  -DDM_PARALLEL -DNETCDF -DMOVE_NESTS -DUSE_ALLOCATABLES -DGRIB1 -DINTIO -DKEEP_INT_AROUND -DLIMIT_ARGS -DCONFIG_BUF_LEN=65536 -DMAX_DOMAINS_F=21 -DMAX_HISTORY=25 -DNMM_NEST=0  -I. -traditional-cpp  cmf2kf.F  > cmf2kf.f90
ifort -c -real-size 32 -i4  -ip -fp-model precise -w -ftz -align all -fno-alias -FR -convert big_endian   cmf2kf.f90
rm -f -f zmf2kf.f90
/lib/cpp -P -nostdinc -DEM_CORE=1 -DNMM_CORE=0 -DNMM_MAX_DIM=2600 -DCOAMPS_CORE=0 -DDA_CORE=0 -DEXP_CORE=0 -DIWORDSIZE=4 -DDWORDSIZE=8 -DRWORDSIZE=4 -DLWORDSIZE=4 -DNONSTANDARD_SYSTEM_FUNC  -DWRF_USE_CLM  -DDM_PARALLEL -DNETCDF -DMOVE_NESTS -DUSE_ALLOCATABLES -DGRIB1 -DINTIO -DKEEP_INT_AROUND -DLIMIT_ARGS -DCONFIG_BUF_LEN=65536 -DMAX_DOMAINS_F=21 -DMAX_HISTORY=25 -DNMM_NEST=0  -I. -traditional-cpp  cosq1f.F  > cosq1f.f90
ifort -c -real-size 32 -i4  -ip -fp-model precise -w -ftz -align all -fno-alias -FR -convert big_endian   cosq1f.f90
rm -f -f cosq1f.f90
/lib/cpp -P -nostdinc -DEM_CORE=1 -DNMM_CORE=0 -DNMM_MAX_DIM=2600 -DCOAMPS_CORE=0 -DDA_CORE=0 -DEXP_CORE=0 -DIWORDSIZE=4 -DDWORDSIZE=8 -DRWORDSIZE=4 -DLWORDSIZE=4 -DNONSTANDARD_SYSTEM_FUNC  -DWRF_USE_CLM  -DDM_PARALLEL -DNETCDF -DMOVE_NESTS -DUSE_ALLOCATABLES -DGRIB1 -DINTIO -DKEEP_INT_AROUND -DLIMIT_ARGS -DCONFIG_BUF_LEN=65536 -DMAX_DOMAINS_F=21 -DMAX_HISTORY=25 -DNMM_NEST=0  -I. -traditional-cpp  costmb.F  > costmb.f90
rm -f -f cmf2kf.f90
ifort -c -real-size 32 -i4  -ip -fp-model precise -w -ftz -align all -fno-alias -FR -convert big_endian   costmb.f90
/lib/cpp -P -nostdinc -DEM_CORE=1 -DNMM_CORE=0 -DNMM_MAX_DIM=2600 -DCOAMPS_CORE=0 -DDA_CORE=0 -DEXP_CORE=0 -DIWORDSIZE=4 -DDWORDSIZE=8 -DRWORDSIZE=4 -DLWORDSIZE=4 -DNONSTANDARD_SYSTEM_FUNC  -DWRF_USE_CLM  -DDM_PARALLEL -DNETCDF -DMOVE_NESTS -DUSE_ALLOCATABLES -DGRIB1 -DINTIO -DKEEP_INT_AROUND -DLIMIT_ARGS -DCONFIG_BUF_LEN=65536 -DMAX_DOMAINS_F=21 -DMAX_HISTORY=25 -DNMM_NEST=0  -I. -traditional-cpp  d1fgkf.F  > d1fgkf.f90
ifort -c -real-size 32 -i4  -ip -fp-model precise -w -ftz -align all -fno-alias -FR -convert big_endian   d1fgkf.f90
rm -f -f costmb.f90
/lib/cpp -P -nostdinc -DEM_CORE=1 -DNMM_CORE=0 -DNMM_MAX_DIM=2600 -DCOAMPS_CORE=0 -DDA_CORE=0 -DEXP_CORE=0 -DIWORDSIZE=4 -DDWORDSIZE=8 -DRWORDSIZE=4 -DLWORDSIZE=4 -DNONSTANDARD_SYSTEM_FUNC  -DWRF_USE_CLM  -DDM_PARALLEL -DNETCDF -DMOVE_NESTS -DUSE_ALLOCATABLES -DGRIB1 -DINTIO -DKEEP_INT_AROUND -DLIMIT_ARGS -DCONFIG_BUF_LEN=65536 -DMAX_DOMAINS_F=21 -DMAX_HISTORY=25 -DNMM_NEST=0  -I. -traditional-cpp  dfft1f.F  > dfft1f.f90
ifort -c -real-size 32 -i4  -ip -fp-model precise -w -ftz -align all -fno-alias -FR -convert big_endian   dfft1f.f90
rm -f -f dfft1f.f90
/lib/cpp -P -nostdinc -DEM_CORE=1 -DNMM_CORE=0 -DNMM_MAX_DIM=2600 -DCOAMPS_CORE=0 -DDA_CORE=0 -DEXP_CORE=0 -DIWORDSIZE=4 -DDWORDSIZE=8 -DRWORDSIZE=4 -DLWORDSIZE=4 -DNONSTANDARD_SYSTEM_FUNC  -DWRF_USE_CLM  -DDM_PARALLEL -DNETCDF -DMOVE_NESTS -DUSE_ALLOCATABLES -DGRIB1 -DINTIO -DKEEP_INT_AROUND -DLIMIT_ARGS -DCONFIG_BUF_LEN=65536 -DMAX_DOMAINS_F=21 -DMAX_HISTORY=25 -DNMM_NEST=0  -I. -traditional-cpp  mcstb1.F  > mcstb1.f90
ifort -c -real-size 32 -i4  -ip -fp-model precise -w -ftz -align all -fno-alias -FR -convert big_endian   mcstb1.f90
rm -f -f d1fgkf.f90
/lib/cpp -P -nostdinc -DEM_CORE=1 -DNMM_CORE=0 -DNMM_MAX_DIM=2600 -DCOAMPS_CORE=0 -DDA_CORE=0 -DEXP_CORE=0 -DIWORDSIZE=4 -DDWORDSIZE=8 -DRWORDSIZE=4 -DLWORDSIZE=4 -DNONSTANDARD_SYSTEM_FUNC  -DWRF_USE_CLM  -DDM_PARALLEL -DNETCDF -DMOVE_NESTS -DUSE_ALLOCATABLES -DGRIB1 -DINTIO -DKEEP_INT_AROUND -DLIMIT_ARGS -DCONFIG_BUF_LEN=65536 -DMAX_DOMAINS_F=21 -DMAX_HISTORY=25 -DNMM_NEST=0  -I. -traditional-cpp  mrftb1.F  > mrftb1.f90
ifort -c -real-size 32 -i4  -ip -fp-model precise -w -ftz -align all -fno-alias -FR -convert big_endian   mrftb1.f90
rm -f -f mcstb1.f90
/lib/cpp -P -nostdinc -DEM_CORE=1 -DNMM_CORE=0 -DNMM_MAX_DIM=2600 -DCOAMPS_CORE=0 -DDA_CORE=0 -DEXP_CORE=0 -DIWORDSIZE=4 -DDWORDSIZE=8 -DRWORDSIZE=4 -DLWORDSIZE=4 -DNONSTANDARD_SYSTEM_FUNC  -DWRF_USE_CLM  -DDM_PARALLEL -DNETCDF -DMOVE_NESTS -DUSE_ALLOCATABLES -DGRIB1 -DINTIO -DKEEP_INT_AROUND -DLIMIT_ARGS -DCONFIG_BUF_LEN=65536 -DMAX_DOMAINS_F=21 -DMAX_HISTORY=25 -DNMM_NEST=0  -I. -traditional-cpp  r1f5kf.F  > r1f5kf.f90
ifort -c -real-size 32 -i4  -ip -fp-model precise -w -ftz -align all -fno-alias -FR -convert big_endian   r1f5kf.f90
rm -f -f mrftb1.f90
/lib/cpp -P -nostdinc -DEM_CORE=1 -DNMM_CORE=0 -DNMM_MAX_DIM=2600 -DCOAMPS_CORE=0 -DDA_CORE=0 -DEXP_CORE=0 -DIWORDSIZE=4 -DDWORDSIZE=8 -DRWORDSIZE=4 -DLWORDSIZE=4 -DNONSTANDARD_SYSTEM_FUNC  -DWRF_USE_CLM  -DDM_PARALLEL -DNETCDF -DMOVE_NESTS -DUSE_ALLOCATABLES -DGRIB1 -DINTIO -DKEEP_INT_AROUND -DLIMIT_ARGS -DCONFIG_BUF_LEN=65536 -DMAX_DOMAINS_F=21 -DMAX_HISTORY=25 -DNMM_NEST=0  -I. -traditional-cpp  rfft2b.F  > rfft2b.f90
ifort -c -real-size 32 -i4  -ip -fp-model precise -w -ftz -align all -fno-alias -FR -convert big_endian   rfft2b.f90
rm -f -f rfft2b.f90
/lib/cpp -P -nostdinc -DEM_CORE=1 -DNMM_CORE=0 -DNMM_MAX_DIM=2600 -DCOAMPS_CORE=0 -DDA_CORE=0 -DEXP_CORE=0 -DIWORDSIZE=4 -DDWORDSIZE=8 -DRWORDSIZE=4 -DLWORDSIZE=4 -DNONSTANDARD_SYSTEM_FUNC  -DWRF_USE_CLM  -DDM_PARALLEL -DNETCDF -DMOVE_NESTS -DUSE_ALLOCATABLES -DGRIB1 -DINTIO -DKEEP_INT_AROUND -DLIMIT_ARGS -DCONFIG_BUF_LEN=65536 -DMAX_DOMAINS_F=21 -DMAX_HISTORY=25 -DNMM_NEST=0  -I. -traditional-cpp  sinqmb.F  > sinqmb.f90
ifort -c -real-size 32 -i4  -ip -fp-model precise -w -ftz -align all -fno-alias -FR -convert big_endian   sinqmb.f90
rm -f -f r1f5kf.f90
/lib/cpp -P -nostdinc -DEM_CORE=1 -DNMM_CORE=0 -DNMM_MAX_DIM=2600 -DCOAMPS_CORE=0 -DDA_CORE=0 -DEXP_CORE=0 -DIWORDSIZE=4 -DDWORDSIZE=8 -DRWORDSIZE=4 -DLWORDSIZE=4 -DNONSTANDARD_SYSTEM_FUNC  -DWRF_USE_CLM  -DDM_PARALLEL -DNETCDF -DMOVE_NESTS -DUSE_ALLOCATABLES -DGRIB1 -DINTIO -DKEEP_INT_AROUND -DLIMIT_ARGS -DCONFIG_BUF_LEN=65536 -DMAX_DOMAINS_F=21 -DMAX_HISTORY=25 -DNMM_NEST=0  -I. -traditional-cpp  xerfft.F  > xerfft.f90
ifort -c -real-size 32 -i4  -ip -fp-model precise -w -ftz -align all -fno-alias -FR -convert big_endian   xerfft.f90
rm -f -f sinqmb.f90
/lib/cpp -P -nostdinc -DEM_CORE=1 -DNMM_CORE=0 -DNMM_MAX_DIM=2600 -DCOAMPS_CORE=0 -DDA_CORE=0 -DEXP_CORE=0 -DIWORDSIZE=4 -DDWORDSIZE=8 -DRWORDSIZE=4 -DLWORDSIZE=4 -DNONSTANDARD_SYSTEM_FUNC  -DWRF_USE_CLM  -DDM_PARALLEL -DNETCDF -DMOVE_NESTS -DUSE_ALLOCATABLES -DGRIB1 -DINTIO -DKEEP_INT_AROUND -DLIMIT_ARGS -DCONFIG_BUF_LEN=65536 -DMAX_DOMAINS_F=21 -DMAX_HISTORY=25 -DNMM_NEST=0  -I. -traditional-cpp  z1fm1f.F  > z1fm1f.f90
ifort -c -real-size 32 -i4  -ip -fp-model precise -w -ftz -align all -fno-alias -FR -convert big_endian   z1fm1f.f90
rm -f -f xerfft.f90
/lib/cpp -P -nostdinc -DEM_CORE=1 -DNMM_CORE=0 -DNMM_MAX_DIM=2600 -DCOAMPS_CORE=0 -DDA_CORE=0 -DEXP_CORE=0 -DIWORDSIZE=4 -DDWORDSIZE=8 -DRWORDSIZE=4 -DLWORDSIZE=4 -DNONSTANDARD_SYSTEM_FUNC  -DWRF_USE_CLM  -DDM_PARALLEL -DNETCDF -DMOVE_NESTS -DUSE_ALLOCATABLES -DGRIB1 -DINTIO -DKEEP_INT_AROUND -DLIMIT_ARGS -DCONFIG_BUF_LEN=65536 -DMAX_DOMAINS_F=21 -DMAX_HISTORY=25 -DNMM_NEST=0  -I. -traditional-cpp  zmf3kb.F  > zmf3kb.f90
ifort -c -real-size 32 -i4  -ip -fp-model precise -w -ftz -align all -fno-alias -FR -convert big_endian   zmf3kb.f90
rm -f -f z1fm1f.f90
/lib/cpp -P -nostdinc -DEM_CORE=1 -DNMM_CORE=0 -DNMM_MAX_DIM=2600 -DCOAMPS_CORE=0 -DDA_CORE=0 -DEXP_CORE=0 -DIWORDSIZE=4 -DDWORDSIZE=8 -DRWORDSIZE=4 -DLWORDSIZE=4 -DNONSTANDARD_SYSTEM_FUNC  -DWRF_USE_CLM  -DDM_PARALLEL -DNETCDF -DMOVE_NESTS -DUSE_ALLOCATABLES -DGRIB1 -DINTIO -DKEEP_INT_AROUND -DLIMIT_ARGS -DCONFIG_BUF_LEN=65536 -DMAX_DOMAINS_F=21 -DMAX_HISTORY=25 -DNMM_NEST=0  -I. -traditional-cpp  c1fm1f.F  > c1fm1f.f90
ifort -c -real-size 32 -i4  -ip -fp-model precise -w -ftz -align all -fno-alias -FR -convert big_endian   c1fm1f.f90
rm -f -f zmf3kb.f90
/lib/cpp -P -nostdinc -DEM_CORE=1 -DNMM_CORE=0 -DNMM_MAX_DIM=2600 -DCOAMPS_CORE=0 -DDA_CORE=0 -DEXP_CORE=0 -DIWORDSIZE=4 -DDWORDSIZE=8 -DRWORDSIZE=4 -DLWORDSIZE=4 -DNONSTANDARD_SYSTEM_FUNC  -DWRF_USE_CLM  -DDM_PARALLEL -DNETCDF -DMOVE_NESTS -DUSE_ALLOCATABLES -DGRIB1 -DINTIO -DKEEP_INT_AROUND -DLIMIT_ARGS -DCONFIG_BUF_LEN=65536 -DMAX_DOMAINS_F=21 -DMAX_HISTORY=25 -DNMM_NEST=0  -I. -traditional-cpp  cmf3kb.F  > cmf3kb.f90
rm -f -f c1fm1f.f90
/lib/cpp -P -nostdinc -DEM_CORE=1 -DNMM_CORE=0 -DNMM_MAX_DIM=2600 -DCOAMPS_CORE=0 -DDA_CORE=0 -DEXP_CORE=0 -DIWORDSIZE=4 -DDWORDSIZE=8 -DRWORDSIZE=4 -DLWORDSIZE=4 -DNONSTANDARD_SYSTEM_FUNC  -DWRF_USE_CLM  -DDM_PARALLEL -DNETCDF -DMOVE_NESTS -DUSE_ALLOCATABLES -DGRIB1 -DINTIO -DKEEP_INT_AROUND -DLIMIT_ARGS -DCONFIG_BUF_LEN=65536 -DMAX_DOMAINS_F=21 -DMAX_HISTORY=25 -DNMM_NEST=0  -I. -traditional-cpp  cosq1i.F  > cosq1i.f90
ifort -c -real-size 32 -i4  -ip -fp-model precise -w -ftz -align all -fno-alias -FR -convert big_endian   cmf3kb.f90
ifort -c -real-size 32 -i4  -ip -fp-model precise -w -ftz -align all -fno-alias -FR -convert big_endian   cosq1i.f90
rm -f -f cosq1i.f90
/lib/cpp -P -nostdinc -DEM_CORE=1 -DNMM_CORE=0 -DNMM_MAX_DIM=2600 -DCOAMPS_CORE=0 -DDA_CORE=0 -DEXP_CORE=0 -DIWORDSIZE=4 -DDWORDSIZE=8 -DRWORDSIZE=4 -DLWORDSIZE=4 -DNONSTANDARD_SYSTEM_FUNC  -DWRF_USE_CLM  -DDM_PARALLEL -DNETCDF -DMOVE_NESTS -DUSE_ALLOCATABLES -DGRIB1 -DINTIO -DKEEP_INT_AROUND -DLIMIT_ARGS -DCONFIG_BUF_LEN=65536 -DMAX_DOMAINS_F=21 -DMAX_HISTORY=25 -DNMM_NEST=0  -I. -traditional-cpp  costmf.F  > costmf.f90
ifort -c -real-size 32 -i4  -ip -fp-model precise -w -ftz -align all -fno-alias -FR -convert big_endian   costmf.f90
rm -f -f cmf3kb.f90
/lib/cpp -P -nostdinc -DEM_CORE=1 -DNMM_CORE=0 -DNMM_MAX_DIM=2600 -DCOAMPS_CORE=0 -DDA_CORE=0 -DEXP_CORE=0 -DIWORDSIZE=4 -DDWORDSIZE=8 -DRWORDSIZE=4 -DLWORDSIZE=4 -DNONSTANDARD_SYSTEM_FUNC  -DWRF_USE_CLM  -DDM_PARALLEL -DNETCDF -DMOVE_NESTS -DUSE_ALLOCATABLES -DGRIB1 -DINTIO -DKEEP_INT_AROUND -DLIMIT_ARGS -DCONFIG_BUF_LEN=65536 -DMAX_DOMAINS_F=21 -DMAX_HISTORY=25 -DNMM_NEST=0  -I. -traditional-cpp  dcosq1b.F  > dcosq1b.f90
ifort -c -real-size 32 -i4  -ip -fp-model precise -w -ftz -align all -fno-alias -FR -convert big_endian   dcosq1b.f90
rm -f -f costmf.f90
/lib/cpp -P -nostdinc -DEM_CORE=1 -DNMM_CORE=0 -DNMM_MAX_DIM=2600 -DCOAMPS_CORE=0 -DDA_CORE=0 -DEXP_CORE=0 -DIWORDSIZE=4 -DDWORDSIZE=8 -DRWORDSIZE=4 -DLWORDSIZE=4 -DNONSTANDARD_SYSTEM_FUNC  -DWRF_USE_CLM  -DDM_PARALLEL -DNETCDF -DMOVE_NESTS -DUSE_ALLOCATABLES -DGRIB1 -DINTIO -DKEEP_INT_AROUND -DLIMIT_ARGS -DCONFIG_BUF_LEN=65536 -DMAX_DOMAINS_F=21 -DMAX_HISTORY=25 -DNMM_NEST=0  -I. -traditional-cpp  dfft1i.F  > dfft1i.f90
ifort -c -real-size 32 -i4  -ip -fp-model precise -w -ftz -align all -fno-alias -FR -convert big_endian   dfft1i.f90
rm -f -f dcosq1b.f90
/lib/cpp -P -nostdinc -DEM_CORE=1 -DNMM_CORE=0 -DNMM_MAX_DIM=2600 -DCOAMPS_CORE=0 -DDA_CORE=0 -DEXP_CORE=0 -DIWORDSIZE=4 -DDWORDSIZE=8 -DRWORDSIZE=4 -DLWORDSIZE=4 -DNONSTANDARD_SYSTEM_FUNC  -DWRF_USE_CLM  -DDM_PARALLEL -DNETCDF -DMOVE_NESTS -DUSE_ALLOCATABLES -DGRIB1 -DINTIO -DKEEP_INT_AROUND -DLIMIT_ARGS -DCONFIG_BUF_LEN=65536 -DMAX_DOMAINS_F=21 -DMAX_HISTORY=25 -DNMM_NEST=0  -I. -traditional-cpp  mcstf1.F  > mcstf1.f90
ifort -c -real-size 32 -i4  -ip -fp-model precise -w -ftz -align all -fno-alias -FR -convert big_endian   mcstf1.f90
rm -f -f dfft1i.f90
/lib/cpp -P -nostdinc -DEM_CORE=1 -DNMM_CORE=0 -DNMM_MAX_DIM=2600 -DCOAMPS_CORE=0 -DDA_CORE=0 -DEXP_CORE=0 -DIWORDSIZE=4 -DDWORDSIZE=8 -DRWORDSIZE=4 -DLWORDSIZE=4 -DNONSTANDARD_SYSTEM_FUNC  -DWRF_USE_CLM  -DDM_PARALLEL -DNETCDF -DMOVE_NESTS -DUSE_ALLOCATABLES -DGRIB1 -DINTIO -DKEEP_INT_AROUND -DLIMIT_ARGS -DCONFIG_BUF_LEN=65536 -DMAX_DOMAINS_F=21 -DMAX_HISTORY=25 -DNMM_NEST=0  -I. -traditional-cpp  mrftf1.F  > mrftf1.f90
ifort -c -real-size 32 -i4  -ip -fp-model precise -w -ftz -align all -fno-alias -FR -convert big_endian   mrftf1.f90
rm -f -f mcstf1.f90
/lib/cpp -P -nostdinc -DEM_CORE=1 -DNMM_CORE=0 -DNMM_MAX_DIM=2600 -DCOAMPS_CORE=0 -DDA_CORE=0 -DEXP_CORE=0 -DIWORDSIZE=4 -DDWORDSIZE=8 -DRWORDSIZE=4 -DLWORDSIZE=4 -DNONSTANDARD_SYSTEM_FUNC  -DWRF_USE_CLM  -DDM_PARALLEL -DNETCDF -DMOVE_NESTS -DUSE_ALLOCATABLES -DGRIB1 -DINTIO -DKEEP_INT_AROUND -DLIMIT_ARGS -DCONFIG_BUF_LEN=65536 -DMAX_DOMAINS_F=21 -DMAX_HISTORY=25 -DNMM_NEST=0  -I. -traditional-cpp  r1fgkb.F  > r1fgkb.f90
ifort -c -real-size 32 -i4  -ip -fp-model precise -w -ftz -align all -fno-alias -FR -convert big_endian   r1fgkb.f90
rm -f -f mrftf1.f90
/lib/cpp -P -nostdinc -DEM_CORE=1 -DNMM_CORE=0 -DNMM_MAX_DIM=2600 -DCOAMPS_CORE=0 -DDA_CORE=0 -DEXP_CORE=0 -DIWORDSIZE=4 -DDWORDSIZE=8 -DRWORDSIZE=4 -DLWORDSIZE=4 -DNONSTANDARD_SYSTEM_FUNC  -DWRF_USE_CLM  -DDM_PARALLEL -DNETCDF -DMOVE_NESTS -DUSE_ALLOCATABLES -DGRIB1 -DINTIO -DKEEP_INT_AROUND -DLIMIT_ARGS -DCONFIG_BUF_LEN=65536 -DMAX_DOMAINS_F=21 -DMAX_HISTORY=25 -DNMM_NEST=0  -I. -traditional-cpp  rfft2f.F  > rfft2f.f90
ifort -c -real-size 32 -i4  -ip -fp-model precise -w -ftz -align all -fno-alias -FR -convert big_endian   rfft2f.f90
rm -f -f rfft2f.f90
/lib/cpp -P -nostdinc -DEM_CORE=1 -DNMM_CORE=0 -DNMM_MAX_DIM=2600 -DCOAMPS_CORE=0 -DDA_CORE=0 -DEXP_CORE=0 -DIWORDSIZE=4 -DDWORDSIZE=8 -DRWORDSIZE=4 -DLWORDSIZE=4 -DNONSTANDARD_SYSTEM_FUNC  -DWRF_USE_CLM  -DDM_PARALLEL -DNETCDF -DMOVE_NESTS -DUSE_ALLOCATABLES -DGRIB1 -DINTIO -DKEEP_INT_AROUND -DLIMIT_ARGS -DCONFIG_BUF_LEN=65536 -DMAX_DOMAINS_F=21 -DMAX_HISTORY=25 -DNMM_NEST=0  -I. -traditional-cpp  sinqmf.F  > sinqmf.f90
ifort -c -real-size 32 -i4  -ip -fp-model precise -w -ftz -align all -fno-alias -FR -convert big_endian   sinqmf.f90
rm -f -f r1fgkb.f90
/lib/cpp -P -nostdinc -DEM_CORE=1 -DNMM_CORE=0 -DNMM_MAX_DIM=2600 -DCOAMPS_CORE=0 -DDA_CORE=0 -DEXP_CORE=0 -DIWORDSIZE=4 -DDWORDSIZE=8 -DRWORDSIZE=4 -DLWORDSIZE=4 -DNONSTANDARD_SYSTEM_FUNC  -DWRF_USE_CLM  -DDM_PARALLEL -DNETCDF -DMOVE_NESTS -DUSE_ALLOCATABLES -DGRIB1 -DINTIO -DKEEP_INT_AROUND -DLIMIT_ARGS -DCONFIG_BUF_LEN=65536 -DMAX_DOMAINS_F=21 -DMAX_HISTORY=25 -DNMM_NEST=0  -I. -traditional-cpp  z1f2kb.F  > z1f2kb.f90
ifort -c -real-size 32 -i4  -ip -fp-model precise -w -ftz -align all -fno-alias -FR -convert big_endian   z1f2kb.f90
rm -f -f sinqmf.f90
/lib/cpp -P -nostdinc -DEM_CORE=1 -DNMM_CORE=0 -DNMM_MAX_DIM=2600 -DCOAMPS_CORE=0 -DDA_CORE=0 -DEXP_CORE=0 -DIWORDSIZE=4 -DDWORDSIZE=8 -DRWORDSIZE=4 -DLWORDSIZE=4 -DNONSTANDARD_SYSTEM_FUNC  -DWRF_USE_CLM  -DDM_PARALLEL -DNETCDF -DMOVE_NESTS -DUSE_ALLOCATABLES -DGRIB1 -DINTIO -DKEEP_INT_AROUND -DLIMIT_ARGS -DCONFIG_BUF_LEN=65536 -DMAX_DOMAINS_F=21 -DMAX_HISTORY=25 -DNMM_NEST=0  -I. -traditional-cpp  zfft1b.F  > zfft1b.f90
rm -f -f z1f2kb.f90
/lib/cpp -P -nostdinc -DEM_CORE=1 -DNMM_CORE=0 -DNMM_MAX_DIM=2600 -DCOAMPS_CORE=0 -DDA_CORE=0 -DEXP_CORE=0 -DIWORDSIZE=4 -DDWORDSIZE=8 -DRWORDSIZE=4 -DLWORDSIZE=4 -DNONSTANDARD_SYSTEM_FUNC  -DWRF_USE_CLM  -DDM_PARALLEL -DNETCDF -DMOVE_NESTS -DUSE_ALLOCATABLES -DGRIB1 -DINTIO -DKEEP_INT_AROUND -DLIMIT_ARGS -DCONFIG_BUF_LEN=65536 -DMAX_DOMAINS_F=21 -DMAX_HISTORY=25 -DNMM_NEST=0  -I. -traditional-cpp  zmf3kf.F  > zmf3kf.f90
ifort -c -real-size 32 -i4  -ip -fp-model precise -w -ftz -align all -fno-alias -FR -convert big_endian   zfft1b.f90
ifort -c -real-size 32 -i4  -ip -fp-model precise -w -ftz -align all -fno-alias -FR -convert big_endian   zmf3kf.f90
rm -f -f zfft1b.f90
rm -f -f zmf3kf.f90
ar ru libfftpack.a c1f2kb.o  cfft1b.o  cmf3kf.o  cosqb1.o  costmi.o   dcosq1f.o  dfftb1.o   mradb2.o  mrfti1.o  r1fgkf.o     rfft2i.o  sinqmi.o  z1f2kf.o  zfft1f.o  zmf4kb.o c1f2kf.o  cfft1f.o  cmf4kb.o  cosqf1.o  d1f2kb.o   dcosq1i.o  dfftf1.o   mradb3.o  msntb1.o  r4_factor.o  rfftb1.o  sint1b.o  z1f3kb.o  zfft1i.o  zmf4kf.o c1f3kb.o  cfft1i.o  cmf4kf.o  cosqmb.o  d1f2kf.o   dcosqb1.o  dffti1.o   mradb4.o  msntf1.o  r4_mcfti1.o  rfftf1.o  sint1f.o  z1f3kf.o  zfft2b.o  zmf5kb.o c1f3kf.o  cfft2b.o  cmf5kb.o  cosqmf.o  d1f3kb.o   dcosqf1.o  dsint1b.o  mradb5.o  r1f2kb.o  r4_tables.o  rffti1.o  sint1i.o  z1f4kb.o  zfft2f.o  zmf5kf.o c1f4kb.o  cfft2f.o  cmf5kf.o  cosqmi.o  d1f3kf.o   dcost1b.o  dsint1f.o  mradbg.o  r1f2kf.o  r8_factor.o  rfftmb.o  sintb1.o  z1f4kf.o  zfft2i.o  zmfgkb.o c1f4kf.o  cfft2i.o  cmfgkb.o  cost1b.o  d1f4kb.o   dcost1f.o  dsint1i.o  mradf2.o  r1f3kb.o  r8_mcfti1.o  rfftmf.o  sintf1.o  z1f5kb.o  zfftmb.o  zmfgkf.o c1f5kb.o  cfftmb.o  cmfgkf.o  cost1f.o  d1f4kf.o   dcost1i.o  dsintb1.o  mradf3.o  r1f3kf.o  r8_tables.o  rfftmi.o  sintmb.o  z1f5kf.o  zfftmf.o  zmfm1b.o c1f5kf.o  cfftmf.o  cmfm1b.o  cost1i.o  d1f5kb.o   dcostb1.o  dsintf1.o  mradf4.o  r1f4kb.o  rfft1b.o     sinq1b.o  sintmf.o  z1fgkb.o  zfftmi.o  zmfm1f.o c1fgkb.o  cfftmi.o  cmfm1f.o  costb1.o  d1f5kf.o   dcostf1.o  mcsqb1.o   mradf5.o  r1f4kf.o  rfft1f.o     sinq1f.o  sintmi.o  z1fgkf.o  zmf2kb.o c1fgkf.o  cmf2kb.o  cosq1b.o  costf1.o  d1fgkb.o   dfft1b.o   mcsqf1.o   mradfg.o  r1f5kb.o  rfft1i.o     sinq1i.o  xercon.o  z1fm1b.o  zmf2kf.o c1fm1b.o  cmf2kf.o  cosq1f.o  costmb.o  d1fgkf.o   dfft1f.o   mcstb1.o   mrftb1.o  r1f5kf.o  rfft2b.o     sinqmb.o  xerfft.o  z1fm1f.o  zmf3kb.o c1fm1f.o  cmf3kb.o  cosq1i.o  costmf.o  dcosq1b.o  dfft1i.o   mcstf1.o   mrftf1.o  r1fgkb.o  rfft2f.o     sinqmf.o  z1f2kb.o  zfft1b.o  zmf3kf.o 
ar: creating libfftpack.a
ranlib libfftpack.a
make[3]: Leaving directory '/glade/work/nystrom/Code/WRFDA/WRFV3_3.9.1_preset_moves_sfc_coeff_param_estim/external/fftpack/fftpack5'
( cd /glade/work/nystrom/Code/WRFDA/WRFV3_3.9.1_preset_moves_sfc_coeff_param_estim/external/RSL_LITE ; make -j 2 CC="mpicc -cc=icc -DMPI2_SUPPORT -DFSEEKO64_OK  -w -O3 -ip  -DDM_PARALLEL -DMAX_HISTORY=25 -DNMM_CORE=0" \
          FC="time mpif90 -f90=ifort -O3 -ip -fp-model precise -w -ftz -align all -fno-alias -FR -convert big_endian    -real-size `expr 8 \* 4` -i4 -convert big_endian" \
          CPP="/lib/cpp -P -nostdinc -I. -DEM_CORE=1 -DNMM_CORE=0 -DNMM_MAX_DIM=2600 -DCOAMPS_CORE=0 -DDA_CORE=0 -DEXP_CORE=0 -DIWORDSIZE=4 -DDWORDSIZE=8 -DRWORDSIZE=4 -DLWORDSIZE=4 -DNONSTANDARD_SYSTEM_FUNC  -DWRF_USE_CLM  -DDM_PARALLEL -DNETCDF -DMOVE_NESTS -DUSE_ALLOCATABLES -DGRIB1 -DINTIO -DKEEP_INT_AROUND -DLIMIT_ARGS -DCONFIG_BUF_LEN=65536 -DMAX_DOMAINS_F=21 -DMAX_HISTORY=25 -DNMM_NEST=0  -traditional-cpp" AR="ar" ARFLAGS="ru" ;\
          ranlib /glade/work/nystrom/Code/WRFDA/WRFV3_3.9.1_preset_moves_sfc_coeff_param_estim/external/RSL_LITE/librsl_lite.a )
make[3]: Entering directory '/glade/work/nystrom/Code/WRFDA/WRFV3_3.9.1_preset_moves_sfc_coeff_param_estim/external/RSL_LITE'
mpicc -cc=icc -DMPI2_SUPPORT -DFSEEKO64_OK  -w -O3 -ip  -DDM_PARALLEL -DMAX_HISTORY=25 -DNMM_CORE=0  -c c_code.c
mpicc -cc=icc -DMPI2_SUPPORT -DFSEEKO64_OK  -w -O3 -ip  -DDM_PARALLEL -DMAX_HISTORY=25 -DNMM_CORE=0  -c buf_for_proc.c
mpicc -cc=icc -DMPI2_SUPPORT -DFSEEKO64_OK  -w -O3 -ip  -DDM_PARALLEL -DMAX_HISTORY=25 -DNMM_CORE=0  -c rsl_malloc.c
mpicc -cc=icc -DMPI2_SUPPORT -DFSEEKO64_OK  -w -O3 -ip  -DDM_PARALLEL -DMAX_HISTORY=25 -DNMM_CORE=0  -c rsl_bcast.c
mpicc -cc=icc -DMPI2_SUPPORT -DFSEEKO64_OK  -w -O3 -ip  -DDM_PARALLEL -DMAX_HISTORY=25 -DNMM_CORE=0  -c task_for_point.c
mpicc -cc=icc -DMPI2_SUPPORT -DFSEEKO64_OK  -w -O3 -ip  -DDM_PARALLEL -DMAX_HISTORY=25 -DNMM_CORE=0  -c period.c
mpicc -cc=icc -DMPI2_SUPPORT -DFSEEKO64_OK  -w -O3 -ip  -DDM_PARALLEL -DMAX_HISTORY=25 -DNMM_CORE=0  -c swap.c
mpicc -cc=icc -DMPI2_SUPPORT -DFSEEKO64_OK  -w -O3 -ip  -DDM_PARALLEL -DMAX_HISTORY=25 -DNMM_CORE=0  -c cycle.c
/lib/cpp -P -nostdinc -I. -DEM_CORE=1 -DNMM_CORE=0 -DNMM_MAX_DIM=2600 -DCOAMPS_CORE=0 -DDA_CORE=0 -DEXP_CORE=0 -DIWORDSIZE=4 -DDWORDSIZE=8 -DRWORDSIZE=4 -DLWORDSIZE=4 -DNONSTANDARD_SYSTEM_FUNC  -DWRF_USE_CLM  -DDM_PARALLEL -DNETCDF -DMOVE_NESTS -DUSE_ALLOCATABLES -DGRIB1 -DINTIO -DKEEP_INT_AROUND -DLIMIT_ARGS -DCONFIG_BUF_LEN=65536 -DMAX_DOMAINS_F=21 -DMAX_HISTORY=25 -DNMM_NEST=0  -traditional-cpp  f_pack.F90 > f_pack.f
time mpif90 -f90=ifort -O3 -ip -fp-model precise -w -ftz -align all -fno-alias -FR -convert big_endian    -real-size 32 -i4 -convert big_endian -o f_pack.o  -c f_pack.f
1.26user 0.08system 0:01.47elapsed 91%CPU (0avgtext+0avgdata 51980maxresident)k
0inputs+0outputs (0major+30072minor)pagefaults 0swaps
/lib/cpp -P -nostdinc -I. -DEM_CORE=1 -DNMM_CORE=0 -DNMM_MAX_DIM=2600 -DCOAMPS_CORE=0 -DDA_CORE=0 -DEXP_CORE=0 -DIWORDSIZE=4 -DDWORDSIZE=8 -DRWORDSIZE=4 -DLWORDSIZE=4 -DNONSTANDARD_SYSTEM_FUNC  -DWRF_USE_CLM  -DDM_PARALLEL -DNETCDF -DMOVE_NESTS -DUSE_ALLOCATABLES -DGRIB1 -DINTIO -DKEEP_INT_AROUND -DLIMIT_ARGS -DCONFIG_BUF_LEN=65536 -DMAX_DOMAINS_F=21 -DMAX_HISTORY=25 -DNMM_NEST=0  -traditional-cpp f_xpose.F90 > f_xpose.f
time mpif90 -f90=ifort -O3 -ip -fp-model precise -w -ftz -align all -fno-alias -FR -convert big_endian    -real-size 32 -i4 -convert big_endian -o f_xpose.o  -c f_xpose.f
0.39user 0.06system 0:00.56elapsed 79%CPU (0avgtext+0avgdata 53020maxresident)k
0inputs+0outputs (0major+27379minor)pagefaults 0swaps
/bin/rm -f librsl_lite.a
ar cr librsl_lite.a c_code.o buf_for_proc.o rsl_malloc.o rsl_bcast.o task_for_point.o period.o swap.o cycle.o f_pack.o f_xpose.o
make[3]: Leaving directory '/glade/work/nystrom/Code/WRFDA/WRFV3_3.9.1_preset_moves_sfc_coeff_param_estim/external/RSL_LITE'
( if [ ! -e /glade/work/nystrom/Code/WRFDA/WRFV3_3.9.1_preset_moves_sfc_coeff_param_estim/tools/gen_comms.c ] ; then \
          /bin/cp /glade/work/nystrom/Code/WRFDA/WRFV3_3.9.1_preset_moves_sfc_coeff_param_estim/tools/gen_comms_warning /glade/work/nystrom/Code/WRFDA/WRFV3_3.9.1_preset_moves_sfc_coeff_param_estim/tools/gen_comms.c ; \
          cat /glade/work/nystrom/Code/WRFDA/WRFV3_3.9.1_preset_moves_sfc_coeff_param_estim/external/RSL_LITE/gen_comms.c >> /glade/work/nystrom/Code/WRFDA/WRFV3_3.9.1_preset_moves_sfc_coeff_param_estim/tools/gen_comms.c ; fi )
( if [ ! -e module_dm.F ] ; then /bin/cp module_dm_warning module_dm.F ; \
          cat /glade/work/nystrom/Code/WRFDA/WRFV3_3.9.1_preset_moves_sfc_coeff_param_estim/external/RSL_LITE/module_dm.F >> module_dm.F ; fi )
make[2]: Leaving directory '/glade/work/nystrom/Code/WRFDA/WRFV3_3.9.1_preset_moves_sfc_coeff_param_estim/frame'
make[1]: Leaving directory '/glade/work/nystrom/Code/WRFDA/WRFV3_3.9.1_preset_moves_sfc_coeff_param_estim'
make -i -r MODULE_DIRS="-I../dyn_em -I../dyn_nmm   -I/glade/work/nystrom/Code/WRFDA/WRFV3_3.9.1_preset_moves_sfc_coeff_param_estim/external/esmf_time_f90  -I/glade/work/nystrom/Code/WRFDA/WRFV3_3.9.1_preset_moves_sfc_coeff_param_estim/main -I/glade/work/nystrom/Code/WRFDA/WRFV3_3.9.1_preset_moves_sfc_coeff_param_estim/external/io_netcdf -I/glade/work/nystrom/Code/WRFDA/WRFV3_3.9.1_preset_moves_sfc_coeff_param_estim/external/io_int -I/glade/work/nystrom/Code/WRFDA/WRFV3_3.9.1_preset_moves_sfc_coeff_param_estim/frame -I/glade/work/nystrom/Code/WRFDA/WRFV3_3.9.1_preset_moves_sfc_coeff_param_estim/share -I/glade/work/nystrom/Code/WRFDA/WRFV3_3.9.1_preset_moves_sfc_coeff_param_estim/phys -I/glade/work/nystrom/Code/WRFDA/WRFV3_3.9.1_preset_moves_sfc_coeff_param_estim/chem -I/glade/work/nystrom/Code/WRFDA/WRFV3_3.9.1_preset_moves_sfc_coeff_param_estim/inc -I/glade/u/apps/ch/opt/netcdf/4.7.3/intel/19.0.5//include " toolsdir
make[1]: Entering directory '/glade/work/nystrom/Code/WRFDA/WRFV3_3.9.1_preset_moves_sfc_coeff_param_estim'
--------------------------------------
( cd tools ; make -i -r CC_TOOLS_CFLAGS="-DNMM_CORE=0" CC_TOOLS="icc  -DIWORDSIZE=4 -DMAX_HISTORY=25" )
make[2]: Entering directory '/glade/work/nystrom/Code/WRFDA/WRFV3_3.9.1_preset_moves_sfc_coeff_param_estim/tools'
icc  -DIWORDSIZE=4 -DMAX_HISTORY=25 -DNMM_CORE=0  -c -g  registry.c
icc  -DIWORDSIZE=4 -DMAX_HISTORY=25 -DNMM_CORE=0  -c -g  my_strtok.c
icc  -DIWORDSIZE=4 -DMAX_HISTORY=25 -DNMM_CORE=0  -c -g  reg_parse.c
icc  -DIWORDSIZE=4 -DMAX_HISTORY=25 -DNMM_CORE=0  -c -g  data.c
icc  -DIWORDSIZE=4 -DMAX_HISTORY=25 -DNMM_CORE=0  -c -g  type.c
icc  -DIWORDSIZE=4 -DMAX_HISTORY=25 -DNMM_CORE=0  -c -g  misc.c
icc  -DIWORDSIZE=4 -DMAX_HISTORY=25 -DNMM_CORE=0  -c -g  gen_defs.c
icc  -DIWORDSIZE=4 -DMAX_HISTORY=25 -DNMM_CORE=0  -c -g  gen_allocs.c
icc  -DIWORDSIZE=4 -DMAX_HISTORY=25 -DNMM_CORE=0  -c -g  gen_mod_state_descr.c
icc  -DIWORDSIZE=4 -DMAX_HISTORY=25 -DNMM_CORE=0  -c -g  gen_scalar_indices.c
icc  -DIWORDSIZE=4 -DMAX_HISTORY=25 -DNMM_CORE=0  -c -g  gen_args.c
icc  -DIWORDSIZE=4 -DMAX_HISTORY=25 -DNMM_CORE=0  -c -g  gen_config.c
icc  -DIWORDSIZE=4 -DMAX_HISTORY=25 -DNMM_CORE=0  -c -g  sym.c
icc  -DIWORDSIZE=4 -DMAX_HISTORY=25 -DNMM_CORE=0  -c -g  symtab_gen.c
icc  -DIWORDSIZE=4 -DMAX_HISTORY=25 -DNMM_CORE=0  -c -g  gen_model_data_ord.c
icc  -DIWORDSIZE=4 -DMAX_HISTORY=25 -DNMM_CORE=0  -c -g  gen_interp.c
icc  -DIWORDSIZE=4 -DMAX_HISTORY=25 -DNMM_CORE=0  -c -g  gen_comms.c
gen_comms.c(594): warning #303: explicit type is missing ("int" assumed)
  gen_packs_halo ( FILE *fp , node_t *p, char *shw, int xy /* 0=y,1=x */ , int pu /* 0=pack,1=unpack */, char * packname, char * commname, int always_interp_mp )   
  ^

gen_comms.c(808): warning #303: explicit type is missing ("int" assumed)
  gen_packs ( FILE *fp , node_t *p, int shw, int xy /* 0=y,1=x */ , int pu /* 0=pack,1=unpack */, char * packname, char * commname )   
  ^

icc  -DIWORDSIZE=4 -DMAX_HISTORY=25 -DNMM_CORE=0  -c -g  gen_scalar_derefs.c
icc  -DIWORDSIZE=4 -DMAX_HISTORY=25 -DNMM_CORE=0  -c -g  set_dim_strs.c
icc  -DIWORDSIZE=4 -DMAX_HISTORY=25 -DNMM_CORE=0  -c -g  gen_wrf_io.c
icc  -DIWORDSIZE=4 -DMAX_HISTORY=25 -DNMM_CORE=0  -c -g  gen_streams.c
gen_streams.c(528): warning #303: explicit type is missing ("int" assumed)
  gen_med_open_esmf_calls ( FILE *fp )
  ^

gen_streams.c(558): warning #303: explicit type is missing ("int" assumed)
  gen_med_find_esmf_coupling ( FILE *fp )
  ^

icc  -DIWORDSIZE=4 -DMAX_HISTORY=25 -DNMM_CORE=0  -c -g  standard.c
icc  -DIWORDSIZE=4 -DMAX_HISTORY=25 -o standard.exe -g   standard.o
icc  -DIWORDSIZE=4 -DMAX_HISTORY=25 -o registry -g   registry.o my_strtok.o reg_parse.o data.o type.o misc.o gen_defs.o gen_allocs.o gen_mod_state_descr.o gen_scalar_indices.o gen_args.o gen_config.o sym.o symtab_gen.o gen_model_data_ord.o gen_interp.o gen_comms.o gen_scalar_derefs.o set_dim_strs.o gen_wrf_io.o gen_streams.o
make[2]: Leaving directory '/glade/work/nystrom/Code/WRFDA/WRFV3_3.9.1_preset_moves_sfc_coeff_param_estim/tools'
make[1]: Leaving directory '/glade/work/nystrom/Code/WRFDA/WRFV3_3.9.1_preset_moves_sfc_coeff_param_estim'
/bin/rm -f main/libwrflib.a main/libwrflib.lib
make -i -r MODULE_DIRS="-I../dyn_em -I../dyn_nmm   -I/glade/work/nystrom/Code/WRFDA/WRFV3_3.9.1_preset_moves_sfc_coeff_param_estim/external/esmf_time_f90  -I/glade/work/nystrom/Code/WRFDA/WRFV3_3.9.1_preset_moves_sfc_coeff_param_estim/main -I/glade/work/nystrom/Code/WRFDA/WRFV3_3.9.1_preset_moves_sfc_coeff_param_estim/external/io_netcdf -I/glade/work/nystrom/Code/WRFDA/WRFV3_3.9.1_preset_moves_sfc_coeff_param_estim/external/io_int -I/glade/work/nystrom/Code/WRFDA/WRFV3_3.9.1_preset_moves_sfc_coeff_param_estim/frame -I/glade/work/nystrom/Code/WRFDA/WRFV3_3.9.1_preset_moves_sfc_coeff_param_estim/share -I/glade/work/nystrom/Code/WRFDA/WRFV3_3.9.1_preset_moves_sfc_coeff_param_estim/phys -I/glade/work/nystrom/Code/WRFDA/WRFV3_3.9.1_preset_moves_sfc_coeff_param_estim/chem -I/glade/work/nystrom/Code/WRFDA/WRFV3_3.9.1_preset_moves_sfc_coeff_param_estim/inc -I/glade/u/apps/ch/opt/netcdf/4.7.3/intel/19.0.5//include " framework
make[1]: Entering directory '/glade/work/nystrom/Code/WRFDA/WRFV3_3.9.1_preset_moves_sfc_coeff_param_estim'
--------------------------------------
( cd frame ; make -i -r -j 2 framework; \
          cd ../external/io_netcdf ; \
          make -i -r NETCDFPATH="/glade/u/apps/ch/opt/netcdf/4.7.3/intel/19.0.5/" \
               FC="time mpif90 -f90=ifort -ip -fp-model precise -w -ftz -align all -fno-alias -FR -convert big_endian   -real-size `expr 8 \* 4` -i4  " RANLIB="ranlib" \
               CPP="/lib/cpp -P -nostdinc" LDFLAGS=" -O3 -ip -fp-model precise -w -ftz -align all -fno-alias -FR -convert big_endian   -ip  " TRADFLAG="-traditional-cpp" ESMF_IO_LIB_EXT="-L/glade/work/nystrom/Code/WRFDA/WRFV3_3.9.1_preset_moves_sfc_coeff_param_estim/external/esmf_time_f90 -lesmf_time" \
       LIB_LOCAL="" \
               ESMF_MOD_DEPENDENCE="/glade/work/nystrom/Code/WRFDA/WRFV3_3.9.1_preset_moves_sfc_coeff_param_estim/external/esmf_time_f90/module_utility.o" AR="INTERNAL_BUILD_ERROR_SHOULD_NOT_NEED_AR" diffwrf; \
          cd ../io_netcdf ; \
          make -i -r NETCDFPATH="/glade/u/apps/ch/opt/netcdf/4.7.3/intel/19.0.5/" \
               FC="ifort -ip -fp-model precise -w -ftz -align all -fno-alias -FR -convert big_endian   -real-size `expr 8 \* 4` -i4  " RANLIB="ranlib" \
               CPP="/lib/cpp -P -nostdinc" LDFLAGS=" -O3 -ip -fp-model precise -w -ftz -align all -fno-alias -FR -convert big_endian   -ip  " TRADFLAG="-traditional-cpp" ESMF_IO_LIB_EXT="-L/glade/work/nystrom/Code/WRFDA/WRFV3_3.9.1_preset_moves_sfc_coeff_param_estim/external/esmf_time_f90 -lesmf_time" \
       LIB_LOCAL="" \
               ESMF_MOD_DEPENDENCE="/glade/work/nystrom/Code/WRFDA/WRFV3_3.9.1_preset_moves_sfc_coeff_param_estim/external/esmf_time_f90/module_utility.o" AR="INTERNAL_BUILD_ERROR_SHOULD_NOT_NEED_AR"; \
          cd ../io_pio ; \
          echo SKIPPING PIO BUILD make -i -r NETCDFPATH="" \
               FC="ifort -ip -fp-model precise -w -ftz -align all -fno-alias -FR -convert big_endian   -real-size `expr 8 \* 4` -i4  " RANLIB="ranlib" \
               CPP="/lib/cpp -P -nostdinc" LDFLAGS=" -O3 -ip -fp-model precise -w -ftz -align all -fno-alias -FR -convert big_endian   -ip  " TRADFLAG="-traditional-cpp" ESMF_IO_LIB_EXT="-L/glade/work/nystrom/Code/WRFDA/WRFV3_3.9.1_preset_moves_sfc_coeff_param_estim/external/esmf_time_f90 -lesmf_time" \
       LIB_LOCAL="" \
               ESMF_MOD_DEPENDENCE="/glade/work/nystrom/Code/WRFDA/WRFV3_3.9.1_preset_moves_sfc_coeff_param_estim/external/esmf_time_f90/module_utility.o" AR="INTERNAL_BUILD_ERROR_SHOULD_NOT_NEED_AR"; \
          cd ../io_int ; \
          make -i -r SFC="ifort -ip -fp-model precise -w -ftz -align all -fno-alias -FR -convert big_endian  " \
               FC="ifort -ip -fp-model precise -w -ftz -align all -fno-alias -FR -convert big_endian   -real-size `expr 8 \* 4` -i4  " \
               RANLIB="ranlib" CPP="/lib/cpp -P -nostdinc -DNONSTANDARD_SYSTEM_FUNC  -DWRF_USE_CLM" DM_FC="mpif90 -f90=ifort -ip -fp-model precise -w -ftz -align all -fno-alias -FR -convert big_endian  "\
               TRADFLAG="-traditional-cpp" ESMF_IO_LIB_EXT="-L/glade/work/nystrom/Code/WRFDA/WRFV3_3.9.1_preset_moves_sfc_coeff_param_estim/external/esmf_time_f90 -lesmf_time" \
               ESMF_MOD_DEPENDENCE="/glade/work/nystrom/Code/WRFDA/WRFV3_3.9.1_preset_moves_sfc_coeff_param_estim/external/esmf_time_f90/module_utility.o" AR="INTERNAL_BUILD_ERROR_SHOULD_NOT_NEED_AR" diffwrf ; \
          cd ../../frame )
make[2]: Entering directory '/glade/work/nystrom/Code/WRFDA/WRFV3_3.9.1_preset_moves_sfc_coeff_param_estim/frame'
( cd .. ; tools/registry -DEM_CORE=1 -DNMM_CORE=0 -DNMM_MAX_DIM=2600 -DCOAMPS_CORE=0 -DDA_CORE=0 -DEXP_CORE=0 -DIWORDSIZE=4 -DDWORDSIZE=8 -DRWORDSIZE=4 -DLWORDSIZE=4 -DNONSTANDARD_SYSTEM_FUNC  -DWRF_USE_CLM  -DDM_PARALLEL -DNETCDF -DMOVE_NESTS -DUSE_ALLOCATABLES -DGRIB1 -DINTIO -DKEEP_INT_AROUND -DLIMIT_ARGS -DCONFIG_BUF_LEN=65536 -DMAX_DOMAINS_F=21 -DMAX_HISTORY=25 -DNMM_NEST=0  -DNEW_BDYS Registry/Registry ) ; 
rm -f wrf_shutdown.o
sed -e "s/grid%mu/gridmu/g" -e "s/grid%Mu/gridMu/g" -e "s/^\!.*'.*//" -e "s/^ *\!.*'.*//" wrf_shutdown.F > wrf_shutdown.G
/lib/cpp -P -nostdinc -I/glade/work/nystrom/Code/WRFDA/WRFV3_3.9.1_preset_moves_sfc_coeff_param_estim/inc -DEM_CORE=1 -DNMM_CORE=0 -DNMM_MAX_DIM=2600 -DCOAMPS_CORE=0 -DDA_CORE=0 -DEXP_CORE=0 -DIWORDSIZE=4 -DDWORDSIZE=8 -DRWORDSIZE=4 -DLWORDSIZE=4 -DNONSTANDARD_SYSTEM_FUNC  -DWRF_USE_CLM  -DDM_PARALLEL -DNETCDF -DMOVE_NESTS -DUSE_ALLOCATABLES -DGRIB1 -DINTIO -DKEEP_INT_AROUND -DLIMIT_ARGS -DCONFIG_BUF_LEN=65536 -DMAX_DOMAINS_F=21 -DMAX_HISTORY=25 -DNMM_NEST=0  -I. -traditional-cpp   wrf_shutdown.G  > wrf_shutdown.H
sed -e "s/gridmu/grid%mu/g" -e "s/gridMu/grid%Mu/g" wrf_shutdown.H > wrf_shutdown.bb
opening Registry/registry.dimspec
including Registry/registry.dimspec
/glade/work/nystrom/Code/WRFDA/WRFV3_3.9.1_preset_moves_sfc_coeff_param_estim/tools/standard.exe wrf_shutdown.bb | /lib/cpp -P -nostdinc -traditional-cpp > wrf_shutdown.f90
rm -f wrf_shutdown.G wrf_shutdown.H wrf_shutdown.bb
opening Registry/Registry.EM_COMMON
including Registry/Registry.EM_COMMON
time mpif90 -f90=ifort -o wrf_shutdown.o -c -O3 -ip -fp-model precise -w -ftz -align all -fno-alias -FR -convert big_endian    -I../dyn_em -I../dyn_nmm   -I/glade/work/nystrom/Code/WRFDA/WRFV3_3.9.1_preset_moves_sfc_coeff_param_estim/external/esmf_time_f90  -I/glade/work/nystrom/Code/WRFDA/WRFV3_3.9.1_preset_moves_sfc_coeff_param_estim/main -I/glade/work/nystrom/Code/WRFDA/WRFV3_3.9.1_preset_moves_sfc_coeff_param_estim/external/io_netcdf -I/glade/work/nystrom/Code/WRFDA/WRFV3_3.9.1_preset_moves_sfc_coeff_param_estim/external/io_int -I/glade/work/nystrom/Code/WRFDA/WRFV3_3.9.1_preset_moves_sfc_coeff_param_estim/frame -I/glade/work/nystrom/Code/WRFDA/WRFV3_3.9.1_preset_moves_sfc_coeff_param_estim/share -I/glade/work/nystrom/Code/WRFDA/WRFV3_3.9.1_preset_moves_sfc_coeff_param_estim/phys -I/glade/work/nystrom/Code/WRFDA/WRFV3_3.9.1_preset_moves_sfc_coeff_param_estim/chem -I/glade/work/nystrom/Code/WRFDA/WRFV3_3.9.1_preset_moves_sfc_coeff_param_estim/inc -I/glade/u/apps/ch/opt/netcdf/4.7.3/intel/19.0.5//include  -real-size `expr 8 \* 4` -i4  wrf_shutdown.f90
opening Registry/registry.io_boilerplate
including Registry/registry.io_boilerplate
opening Registry/io_boilerplate_temporary.inc
including Registry/io_boilerplate_temporary.inc

real	0m0.257s
user	0m0.081s
sys	0m0.058s
rm -f clog.o
opening Registry/registry.fire
including Registry/registry.fire
mpicc -cc=icc -DMPI2_SUPPORT -DFSEEKO64_OK  -o clog.o -c -w -O3 -ip  -DDM_PARALLEL -DMAX_HISTORY=25 -DNMM_CORE=0 clog.c
opening Registry/registry.avgflx
including Registry/registry.avgflx
opening Registry/registry.stoch
including Registry/registry.stoch
opening Registry/registry.les
including Registry/registry.les
opening Registry/registry.cam
including Registry/registry.cam
opening Registry/registry.clm
including Registry/registry.clm
opening Registry/registry.ssib
including Registry/registry.ssib
opening Registry/registry.lake
including Registry/registry.lake
opening Registry/registry.diags
including Registry/registry.diags
opening Registry/registry.afwa
including Registry/registry.afwa
opening Registry/registry.rasm_diag
including Registry/registry.rasm_diag
opening Registry/registry.sbm
including Registry/registry.sbm
opening Registry/registry.elec
including Registry/registry.elec
opening Registry/registry.bdy_perturb
including Registry/registry.bdy_perturb
opening Registry/registry.hyb_coord
including Registry/registry.hyb_coord
opening Registry/registry.new3d_wif
including Registry/registry.new3d_wif
rm -f hires_timer.o
mpicc -cc=icc -DMPI2_SUPPORT -DFSEEKO64_OK  -o hires_timer.o -c -w -O3 -ip  -DDM_PARALLEL -DMAX_HISTORY=25 -DNMM_CORE=0 hires_timer.c
rm -f ../share/module_model_constants.o
sed -e "s/grid%mu/gridmu/g" -e "s/grid%Mu/gridMu/g" -e "s/^\!.*'.*//" -e "s/^ *\!.*'.*//" ../share/module_model_constants.F > ../share/module_model_constants.G
/lib/cpp -P -nostdinc -I/glade/work/nystrom/Code/WRFDA/WRFV3_3.9.1_preset_moves_sfc_coeff_param_estim/inc -DEM_CORE=1 -DNMM_CORE=0 -DNMM_MAX_DIM=2600 -DCOAMPS_CORE=0 -DDA_CORE=0 -DEXP_CORE=0 -DIWORDSIZE=4 -DDWORDSIZE=8 -DRWORDSIZE=4 -DLWORDSIZE=4 -DNONSTANDARD_SYSTEM_FUNC  -DWRF_USE_CLM  -DDM_PARALLEL -DNETCDF -DMOVE_NESTS -DUSE_ALLOCATABLES -DGRIB1 -DINTIO -DKEEP_INT_AROUND -DLIMIT_ARGS -DCONFIG_BUF_LEN=65536 -DMAX_DOMAINS_F=21 -DMAX_HISTORY=25 -DNMM_NEST=0  -I. -traditional-cpp   ../share/module_model_constants.G  > ../share/module_model_constants.H
sed -e "s/gridmu/grid%mu/g" -e "s/gridMu/grid%Mu/g" ../share/module_model_constants.H > ../share/module_model_constants.bb
/glade/work/nystrom/Code/WRFDA/WRFV3_3.9.1_preset_moves_sfc_coeff_param_estim/tools/standard.exe ../share/module_model_constants.bb | /lib/cpp -P -nostdinc -traditional-cpp > ../share/module_model_constants.f90
rm -f ../share/module_model_constants.G ../share/module_model_constants.H ../share/module_model_constants.bb
time mpif90 -f90=ifort -o ../share/module_model_constants.o -c -O3 -ip -fp-model precise -w -ftz -align all -fno-alias -FR -convert big_endian    -I../dyn_em -I../dyn_nmm   -I/glade/work/nystrom/Code/WRFDA/WRFV3_3.9.1_preset_moves_sfc_coeff_param_estim/external/esmf_time_f90  -I/glade/work/nystrom/Code/WRFDA/WRFV3_3.9.1_preset_moves_sfc_coeff_param_estim/main -I/glade/work/nystrom/Code/WRFDA/WRFV3_3.9.1_preset_moves_sfc_coeff_param_estim/external/io_netcdf -I/glade/work/nystrom/Code/WRFDA/WRFV3_3.9.1_preset_moves_sfc_coeff_param_estim/external/io_int -I/glade/work/nystrom/Code/WRFDA/WRFV3_3.9.1_preset_moves_sfc_coeff_param_estim/frame -I/glade/work/nystrom/Code/WRFDA/WRFV3_3.9.1_preset_moves_sfc_coeff_param_estim/share -I/glade/work/nystrom/Code/WRFDA/WRFV3_3.9.1_preset_moves_sfc_coeff_param_estim/phys -I/glade/work/nystrom/Code/WRFDA/WRFV3_3.9.1_preset_moves_sfc_coeff_param_estim/chem -I/glade/work/nystrom/Code/WRFDA/WRFV3_3.9.1_preset_moves_sfc_coeff_param_estim/inc -I/glade/u/apps/ch/opt/netcdf/4.7.3/intel/19.0.5//include  -real-size `expr 8 \* 4` -i4  ../share/module_model_constants.f90

real	0m0.262s
user	0m0.083s
sys	0m0.063s
if [ "m4" = NA ] ; then \
  /bin/cp ../arch/md_calls.inc . ; \
else \
  m4 md_calls.m4 > md_calls.inc ; \
fi
/lib/cpp -P -nostdinc -DEM_CORE=1 -DNMM_CORE=0 -DNMM_MAX_DIM=2600 -DCOAMPS_CORE=0 -DDA_CORE=0 -DEXP_CORE=0 -DIWORDSIZE=4 -DDWORDSIZE=8 -DRWORDSIZE=4 -DLWORDSIZE=4 -DNONSTANDARD_SYSTEM_FUNC  -DWRF_USE_CLM  -DDM_PARALLEL -DNETCDF -DMOVE_NESTS -DUSE_ALLOCATABLES -DGRIB1 -DINTIO -DKEEP_INT_AROUND -DLIMIT_ARGS -DCONFIG_BUF_LEN=65536 -DMAX_DOMAINS_F=21 -DMAX_HISTORY=25 -DNMM_NEST=0  -I. -traditional-cpp  -I../inc module_internal_header_util.F > module_internal_header_util.f90
ifort -c -real-size `expr 8 \* 4` -i4   -ip -fp-model precise -w -ftz -align all -fno-alias -FR -convert big_endian   module_internal_header_util.f90
Registry INFO variable counts: 0d 2278 1d 124 2d 1069 3d 842
mpicc -cc=icc -DMPI2_SUPPORT -DFSEEKO64_OK  -c -w -O3 -ip  -DDM_PARALLEL -DMAX_HISTORY=25 -DNMM_CORE=0 wrf_num_bytes_between.c
rm -f libmassv.o
sed -e "s/grid%mu/gridmu/g" -e "s/grid%Mu/gridMu/g" -e "s/^\!.*'.*//" -e "s/^ *\!.*'.*//" libmassv.F > libmassv.G
/lib/cpp -P -nostdinc -I/glade/work/nystrom/Code/WRFDA/WRFV3_3.9.1_preset_moves_sfc_coeff_param_estim/inc -DEM_CORE=1 -DNMM_CORE=0 -DNMM_MAX_DIM=2600 -DCOAMPS_CORE=0 -DDA_CORE=0 -DEXP_CORE=0 -DIWORDSIZE=4 -DDWORDSIZE=8 -DRWORDSIZE=4 -DLWORDSIZE=4 -DNONSTANDARD_SYSTEM_FUNC  -DWRF_USE_CLM  -DDM_PARALLEL -DNETCDF -DMOVE_NESTS -DUSE_ALLOCATABLES -DGRIB1 -DINTIO -DKEEP_INT_AROUND -DLIMIT_ARGS -DCONFIG_BUF_LEN=65536 -DMAX_DOMAINS_F=21 -DMAX_HISTORY=25 -DNMM_NEST=0  -I. -traditional-cpp   libmassv.G  > libmassv.H
sed -e "s/gridmu/grid%mu/g" -e "s/gridMu/grid%Mu/g" libmassv.H > libmassv.bb
/glade/work/nystrom/Code/WRFDA/WRFV3_3.9.1_preset_moves_sfc_coeff_param_estim/tools/standard.exe libmassv.bb | /lib/cpp -P -nostdinc -traditional-cpp > libmassv.f90
rm -f libmassv.G libmassv.H libmassv.bb
time mpif90 -f90=ifort -o libmassv.o -c -O3 -ip -fp-model precise -w -ftz -align all -fno-alias -FR -convert big_endian    -I../dyn_em -I../dyn_nmm   -I/glade/work/nystrom/Code/WRFDA/WRFV3_3.9.1_preset_moves_sfc_coeff_param_estim/external/esmf_time_f90  -I/glade/work/nystrom/Code/WRFDA/WRFV3_3.9.1_preset_moves_sfc_coeff_param_estim/main -I/glade/work/nystrom/Code/WRFDA/WRFV3_3.9.1_preset_moves_sfc_coeff_param_estim/external/io_netcdf -I/glade/work/nystrom/Code/WRFDA/WRFV3_3.9.1_preset_moves_sfc_coeff_param_estim/external/io_int -I/glade/work/nystrom/Code/WRFDA/WRFV3_3.9.1_preset_moves_sfc_coeff_param_estim/frame -I/glade/work/nystrom/Code/WRFDA/WRFV3_3.9.1_preset_moves_sfc_coeff_param_estim/share -I/glade/work/nystrom/Code/WRFDA/WRFV3_3.9.1_preset_moves_sfc_coeff_param_estim/phys -I/glade/work/nystrom/Code/WRFDA/WRFV3_3.9.1_preset_moves_sfc_coeff_param_estim/chem -I/glade/work/nystrom/Code/WRFDA/WRFV3_3.9.1_preset_moves_sfc_coeff_param_estim/inc -I/glade/u/apps/ch/opt/netcdf/4.7.3/intel/19.0.5//include  -real-size `expr 8 \* 4` -i4  libmassv.f90
REGISTRY WARNING: aerod(grid%sm31,grid%sm32,grid%sm33,itrace): aerod_b is not a variable or number; ignoring it
REGISTRY WARNING: aerod(grid%sm31,grid%sm32,grid%sm33,itrace): aerod_bt is not a variable or number; ignoring it
REGISTRY WARNING: om_tmp: om_tmp_b is not a variable or number; ignoring it
REGISTRY WARNING: om_tmp: om_tmp_bt is not a variable or number; ignoring it
REGISTRY WARNING: om_s: om_s_b is not a variable or number; ignoring it
REGISTRY WARNING: om_s: om_s_bt is not a variable or number; ignoring it
REGISTRY WARNING: om_u: om_u_b is not a variable or number; ignoring it
REGISTRY WARNING: om_u: om_u_bt is not a variable or number; ignoring it
REGISTRY WARNING: om_v: om_v_b is not a variable or number; ignoring it
REGISTRY WARNING: om_v: om_v_bt is not a variable or number; ignoring it
REGISTRY WARNING: om_ml: om_ml_b is not a variable or number; ignoring it
REGISTRY WARNING: om_ml: om_ml_bt is not a variable or number; ignoring it
REGISTRY WARNING: field_sf: field_sf_b is not a variable or number; ignoring it
REGISTRY WARNING: field_sf: field_sf_bt is not a variable or number; ignoring it
REGISTRY WARNING: field_pbl: field_pbl_b is not a variable or number; ignoring it
REGISTRY WARNING: field_pbl: field_pbl_bt is not a variable or number; ignoring it
REGISTRY WARNING: field_conv: field_conv_b is not a variable or number; ignoring it
REGISTRY WARNING: field_conv: field_conv_bt is not a variable or number; ignoring it
REGISTRY WARNING: ru_tendf_stoch: ru_tendf_stoch_b is not a variable or number; ignoring it
REGISTRY WARNING: ru_tendf_stoch: ru_tendf_stoch_bt is not a variable or number; ignoring it
REGISTRY WARNING: rv_tendf_stoch: rv_tendf_stoch_b is not a variable or number; ignoring it
REGISTRY WARNING: rv_tendf_stoch: rv_tendf_stoch_bt is not a variable or number; ignoring it
REGISTRY WARNING: rt_tendf_stoch: rt_tendf_stoch_b is not a variable or number; ignoring it
REGISTRY WARNING: rt_tendf_stoch: rt_tendf_stoch_bt is not a variable or number; ignoring it
REGISTRY WARNING: rand_pert: rand_pert_b is not a variable or number; ignoring it
REGISTRY WARNING: rand_pert: rand_pert_bt is not a variable or number; ignoring it
REGISTRY WARNING: pattern_spp_conv: pattern_spp_conv_b is not a variable or number; ignoring it
REGISTRY WARNING: pattern_spp_conv: pattern_spp_conv_bt is not a variable or number; ignoring it
REGISTRY WARNING: pattern_spp_pbl: pattern_spp_pbl_b is not a variable or number; ignoring it
REGISTRY WARNING: pattern_spp_pbl: pattern_spp_pbl_bt is not a variable or number; ignoring it
REGISTRY WARNING: pattern_spp_lsm: pattern_spp_lsm_b is not a variable or number; ignoring it
REGISTRY WARNING: pattern_spp_lsm: pattern_spp_lsm_bt is not a variable or number; ignoring it
REGISTRY WARNING: rstoch: rstoch_b is not a variable or number; ignoring it
REGISTRY WARNING: rstoch: rstoch_bt is not a variable or number; ignoring it
REGISTRY WARNING: field_u_tend_perturb: field_u_tend_perturb_b is not a variable or number; ignoring it
REGISTRY WARNING: field_u_tend_perturb: field_u_tend_perturb_bt is not a variable or number; ignoring it
REGISTRY WARNING: field_v_tend_perturb: field_v_tend_perturb_b is not a variable or number; ignoring it
REGISTRY WARNING: field_v_tend_perturb: field_v_tend_perturb_bt is not a variable or number; ignoring it
REGISTRY WARNING: field_t_tend_perturb: field_t_tend_perturb_b is not a variable or number; ignoring it
REGISTRY WARNING: field_t_tend_perturb: field_t_tend_perturb_bt is not a variable or number; ignoring it
ADVISORY: RSL_LITE version of gen_comms is linked in with registry program.

real	0m0.517s
user	0m0.335s
sys	0m0.057s
rm -f collect_on_comm.o
mpicc -cc=icc -DMPI2_SUPPORT -DFSEEKO64_OK  -o collect_on_comm.o -c -w -O3 -ip  -DDM_PARALLEL -DMAX_HISTORY=25 -DNMM_CORE=0 collect_on_comm.c
mpicc -cc=icc -DMPI2_SUPPORT -DFSEEKO64_OK  -c -w -O3 -ip  -DDM_PARALLEL -DMAX_HISTORY=25 -DNMM_CORE=0 -DIWORDSIZE=4 pack_utils.c
rm -f module_wrf_error.o
sed -e "s/grid%mu/gridmu/g" -e "s/grid%Mu/gridMu/g" -e "s/^\!.*'.*//" -e "s/^ *\!.*'.*//" module_wrf_error.F > module_wrf_error.G
/lib/cpp -P -nostdinc -I/glade/work/nystrom/Code/WRFDA/WRFV3_3.9.1_preset_moves_sfc_coeff_param_estim/inc -DEM_CORE=1 -DNMM_CORE=0 -DNMM_MAX_DIM=2600 -DCOAMPS_CORE=0 -DDA_CORE=0 -DEXP_CORE=0 -DIWORDSIZE=4 -DDWORDSIZE=8 -DRWORDSIZE=4 -DLWORDSIZE=4 -DNONSTANDARD_SYSTEM_FUNC  -DWRF_USE_CLM  -DDM_PARALLEL -DNETCDF -DMOVE_NESTS -DUSE_ALLOCATABLES -DGRIB1 -DINTIO -DKEEP_INT_AROUND -DLIMIT_ARGS -DCONFIG_BUF_LEN=65536 -DMAX_DOMAINS_F=21 -DMAX_HISTORY=25 -DNMM_NEST=0  -I. -traditional-cpp   module_wrf_error.G  > module_wrf_error.H
sed -e "s/gridmu/grid%mu/g" -e "s/gridMu/grid%Mu/g" module_wrf_error.H > module_wrf_error.bb
/glade/work/nystrom/Code/WRFDA/WRFV3_3.9.1_preset_moves_sfc_coeff_param_estim/tools/standard.exe module_wrf_error.bb | /lib/cpp -P -nostdinc -traditional-cpp > module_wrf_error.f90
rm -f module_wrf_error.G module_wrf_error.H module_wrf_error.bb
time mpif90 -f90=ifort -o module_wrf_error.o -c -O3 -ip -fp-model precise -w -ftz -align all -fno-alias -FR -convert big_endian    -I../dyn_em -I../dyn_nmm   -I/glade/work/nystrom/Code/WRFDA/WRFV3_3.9.1_preset_moves_sfc_coeff_param_estim/external/esmf_time_f90  -I/glade/work/nystrom/Code/WRFDA/WRFV3_3.9.1_preset_moves_sfc_coeff_param_estim/main -I/glade/work/nystrom/Code/WRFDA/WRFV3_3.9.1_preset_moves_sfc_coeff_param_estim/external/io_netcdf -I/glade/work/nystrom/Code/WRFDA/WRFV3_3.9.1_preset_moves_sfc_coeff_param_estim/external/io_int -I/glade/work/nystrom/Code/WRFDA/WRFV3_3.9.1_preset_moves_sfc_coeff_param_estim/frame -I/glade/work/nystrom/Code/WRFDA/WRFV3_3.9.1_preset_moves_sfc_coeff_param_estim/share -I/glade/work/nystrom/Code/WRFDA/WRFV3_3.9.1_preset_moves_sfc_coeff_param_estim/phys -I/glade/work/nystrom/Code/WRFDA/WRFV3_3.9.1_preset_moves_sfc_coeff_param_estim/chem -I/glade/work/nystrom/Code/WRFDA/WRFV3_3.9.1_preset_moves_sfc_coeff_param_estim/inc -I/glade/u/apps/ch/opt/netcdf/4.7.3/intel/19.0.5//include  -real-size `expr 8 \* 4` -i4  module_wrf_error.f90
Info only - not an error: Moving nests not implemented for Grell Ens. Cumulus
Info only - not an error: Moving nests not implemented for CAM radiation
Info only - not an error: Moving nests not implemented for Observation Nudging
Info only - not an error: Moving nests not implemented for subgrid variables 
WARNING: only type 'real', 'doubleprecision', or 'integer' can be part of halo exchange. cupflag in SHIFT_HALO is logical
WARNING: only type 'real', 'doubleprecision', or 'integer' can be part of halo exchange. lake2d in SHIFT_HALO is logical

real	0m0.338s
user	0m0.146s
sys	0m0.075s
rm -f module_sm.o
sed -e "s/grid%mu/gridmu/g" -e "s/grid%Mu/gridMu/g" -e "s/^\!.*'.*//" -e "s/^ *\!.*'.*//" module_sm.F > module_sm.G
/lib/cpp -P -nostdinc -I/glade/work/nystrom/Code/WRFDA/WRFV3_3.9.1_preset_moves_sfc_coeff_param_estim/inc -DEM_CORE=1 -DNMM_CORE=0 -DNMM_MAX_DIM=2600 -DCOAMPS_CORE=0 -DDA_CORE=0 -DEXP_CORE=0 -DIWORDSIZE=4 -DDWORDSIZE=8 -DRWORDSIZE=4 -DLWORDSIZE=4 -DNONSTANDARD_SYSTEM_FUNC  -DWRF_USE_CLM  -DDM_PARALLEL -DNETCDF -DMOVE_NESTS -DUSE_ALLOCATABLES -DGRIB1 -DINTIO -DKEEP_INT_AROUND -DLIMIT_ARGS -DCONFIG_BUF_LEN=65536 -DMAX_DOMAINS_F=21 -DMAX_HISTORY=25 -DNMM_NEST=0  -I. -traditional-cpp   module_sm.G  > module_sm.H
sed -e "s/gridmu/grid%mu/g" -e "s/gridMu/grid%Mu/g" module_sm.H > module_sm.bb
/glade/work/nystrom/Code/WRFDA/WRFV3_3.9.1_preset_moves_sfc_coeff_param_estim/tools/standard.exe module_sm.bb | /lib/cpp -P -nostdinc -traditional-cpp > module_sm.f90
rm -f module_sm.G module_sm.H module_sm.bb
time mpif90 -f90=ifort -o module_sm.o -c -O3 -ip -fp-model precise -w -ftz -align all -fno-alias -FR -convert big_endian    -I../dyn_em -I../dyn_nmm   -I/glade/work/nystrom/Code/WRFDA/WRFV3_3.9.1_preset_moves_sfc_coeff_param_estim/external/esmf_time_f90  -I/glade/work/nystrom/Code/WRFDA/WRFV3_3.9.1_preset_moves_sfc_coeff_param_estim/main -I/glade/work/nystrom/Code/WRFDA/WRFV3_3.9.1_preset_moves_sfc_coeff_param_estim/external/io_netcdf -I/glade/work/nystrom/Code/WRFDA/WRFV3_3.9.1_preset_moves_sfc_coeff_param_estim/external/io_int -I/glade/work/nystrom/Code/WRFDA/WRFV3_3.9.1_preset_moves_sfc_coeff_param_estim/frame -I/glade/work/nystrom/Code/WRFDA/WRFV3_3.9.1_preset_moves_sfc_coeff_param_estim/share -I/glade/work/nystrom/Code/WRFDA/WRFV3_3.9.1_preset_moves_sfc_coeff_param_estim/phys -I/glade/work/nystrom/Code/WRFDA/WRFV3_3.9.1_preset_moves_sfc_coeff_param_estim/chem -I/glade/work/nystrom/Code/WRFDA/WRFV3_3.9.1_preset_moves_sfc_coeff_param_estim/inc -I/glade/u/apps/ch/opt/netcdf/4.7.3/intel/19.0.5//include  -real-size `expr 8 \* 4` -i4  module_sm.f90

real	0m0.246s
user	0m0.062s
sys	0m0.069s
rm -f wrf_debug.o
sed -e "s/grid%mu/gridmu/g" -e "s/grid%Mu/gridMu/g" -e "s/^\!.*'.*//" -e "s/^ *\!.*'.*//" wrf_debug.F > wrf_debug.G
/lib/cpp -P -nostdinc -I/glade/work/nystrom/Code/WRFDA/WRFV3_3.9.1_preset_moves_sfc_coeff_param_estim/inc -DEM_CORE=1 -DNMM_CORE=0 -DNMM_MAX_DIM=2600 -DCOAMPS_CORE=0 -DDA_CORE=0 -DEXP_CORE=0 -DIWORDSIZE=4 -DDWORDSIZE=8 -DRWORDSIZE=4 -DLWORDSIZE=4 -DNONSTANDARD_SYSTEM_FUNC  -DWRF_USE_CLM  -DDM_PARALLEL -DNETCDF -DMOVE_NESTS -DUSE_ALLOCATABLES -DGRIB1 -DINTIO -DKEEP_INT_AROUND -DLIMIT_ARGS -DCONFIG_BUF_LEN=65536 -DMAX_DOMAINS_F=21 -DMAX_HISTORY=25 -DNMM_NEST=0  -I. -traditional-cpp   wrf_debug.G  > wrf_debug.H
sed -e "s/gridmu/grid%mu/g" -e "s/gridMu/grid%Mu/g" wrf_debug.H > wrf_debug.bb
/glade/work/nystrom/Code/WRFDA/WRFV3_3.9.1_preset_moves_sfc_coeff_param_estim/tools/standard.exe wrf_debug.bb | /lib/cpp -P -nostdinc -traditional-cpp > wrf_debug.f90
rm -f wrf_debug.G wrf_debug.H wrf_debug.bb
time mpif90 -f90=ifort -o wrf_debug.o -c -O3 -ip -fp-model precise -w -ftz -align all -fno-alias -FR -convert big_endian    -I../dyn_em -I../dyn_nmm   -I/glade/work/nystrom/Code/WRFDA/WRFV3_3.9.1_preset_moves_sfc_coeff_param_estim/external/esmf_time_f90  -I/glade/work/nystrom/Code/WRFDA/WRFV3_3.9.1_preset_moves_sfc_coeff_param_estim/main -I/glade/work/nystrom/Code/WRFDA/WRFV3_3.9.1_preset_moves_sfc_coeff_param_estim/external/io_netcdf -I/glade/work/nystrom/Code/WRFDA/WRFV3_3.9.1_preset_moves_sfc_coeff_param_estim/external/io_int -I/glade/work/nystrom/Code/WRFDA/WRFV3_3.9.1_preset_moves_sfc_coeff_param_estim/frame -I/glade/work/nystrom/Code/WRFDA/WRFV3_3.9.1_preset_moves_sfc_coeff_param_estim/share -I/glade/work/nystrom/Code/WRFDA/WRFV3_3.9.1_preset_moves_sfc_coeff_param_estim/phys -I/glade/work/nystrom/Code/WRFDA/WRFV3_3.9.1_preset_moves_sfc_coeff_param_estim/chem -I/glade/work/nystrom/Code/WRFDA/WRFV3_3.9.1_preset_moves_sfc_coeff_param_estim/inc -I/glade/u/apps/ch/opt/netcdf/4.7.3/intel/19.0.5//include  -real-size `expr 8 \* 4` -i4  wrf_debug.f90

real	0m0.265s
user	0m0.074s
sys	0m0.066s
rm -f module_state_description.o
/lib/cpp -P -nostdinc -I/glade/work/nystrom/Code/WRFDA/WRFV3_3.9.1_preset_moves_sfc_coeff_param_estim/inc -DEM_CORE=1 -DNMM_CORE=0 -DNMM_MAX_DIM=2600 -DCOAMPS_CORE=0 -DDA_CORE=0 -DEXP_CORE=0 -DIWORDSIZE=4 -DDWORDSIZE=8 -DRWORDSIZE=4 -DLWORDSIZE=4 -DNONSTANDARD_SYSTEM_FUNC  -DWRF_USE_CLM  -DDM_PARALLEL -DNETCDF -DMOVE_NESTS -DUSE_ALLOCATABLES -DGRIB1 -DINTIO -DKEEP_INT_AROUND -DLIMIT_ARGS -DCONFIG_BUF_LEN=65536 -DMAX_DOMAINS_F=21 -DMAX_HISTORY=25 -DNMM_NEST=0  -I. -traditional-cpp   module_state_description.F  > module_state_description.bb
/glade/work/nystrom/Code/WRFDA/WRFV3_3.9.1_preset_moves_sfc_coeff_param_estim/tools/standard.exe module_state_description.bb | /lib/cpp -P -nostdinc -traditional-cpp > module_state_description.f90
rm -f module_state_description.b module_state_description.bb
time mpif90 -f90=ifort -c -real-size `expr 8 \* 4` -i4  -O0 -fno-inline -no-ip -ip -fp-model precise -w -ftz -align all -fno-alias -FR -convert big_endian   -I../dyn_em -I../dyn_nmm   -I/glade/work/nystrom/Code/WRFDA/WRFV3_3.9.1_preset_moves_sfc_coeff_param_estim/external/esmf_time_f90  -I/glade/work/nystrom/Code/WRFDA/WRFV3_3.9.1_preset_moves_sfc_coeff_param_estim/main -I/glade/work/nystrom/Code/WRFDA/WRFV3_3.9.1_preset_moves_sfc_coeff_param_estim/external/io_netcdf -I/glade/work/nystrom/Code/WRFDA/WRFV3_3.9.1_preset_moves_sfc_coeff_param_estim/external/io_int -I/glade/work/nystrom/Code/WRFDA/WRFV3_3.9.1_preset_moves_sfc_coeff_param_estim/frame -I/glade/work/nystrom/Code/WRFDA/WRFV3_3.9.1_preset_moves_sfc_coeff_param_estim/share -I/glade/work/nystrom/Code/WRFDA/WRFV3_3.9.1_preset_moves_sfc_coeff_param_estim/phys -I/glade/work/nystrom/Code/WRFDA/WRFV3_3.9.1_preset_moves_sfc_coeff_param_estim/chem -I/glade/work/nystrom/Code/WRFDA/WRFV3_3.9.1_preset_moves_sfc_coeff_param_estim/inc -I/glade/u/apps/ch/opt/netcdf/4.7.3/intel/19.0.5//include  module_state_description.f90

real	0m0.284s
user	0m0.091s
sys	0m0.073s
rm -f module_driver_constants.o
rm -f module_streams.o
sed -e "s/grid%mu/gridmu/g" -e "s/grid%Mu/gridMu/g" -e "s/^\!.*'.*//" -e "s/^ *\!.*'.*//" module_driver_constants.F > module_driver_constants.G
sed -e "s/grid%mu/gridmu/g" -e "s/grid%Mu/gridMu/g" -e "s/^\!.*'.*//" -e "s/^ *\!.*'.*//" module_streams.F > module_streams.G
/lib/cpp -P -nostdinc -I/glade/work/nystrom/Code/WRFDA/WRFV3_3.9.1_preset_moves_sfc_coeff_param_estim/inc -DEM_CORE=1 -DNMM_CORE=0 -DNMM_MAX_DIM=2600 -DCOAMPS_CORE=0 -DDA_CORE=0 -DEXP_CORE=0 -DIWORDSIZE=4 -DDWORDSIZE=8 -DRWORDSIZE=4 -DLWORDSIZE=4 -DNONSTANDARD_SYSTEM_FUNC  -DWRF_USE_CLM  -DDM_PARALLEL -DNETCDF -DMOVE_NESTS -DUSE_ALLOCATABLES -DGRIB1 -DINTIO -DKEEP_INT_AROUND -DLIMIT_ARGS -DCONFIG_BUF_LEN=65536 -DMAX_DOMAINS_F=21 -DMAX_HISTORY=25 -DNMM_NEST=0  -I. -traditional-cpp   module_streams.G  > module_streams.H
sed -e "s/gridmu/grid%mu/g" -e "s/gridMu/grid%Mu/g" module_streams.H > module_streams.bb
/glade/work/nystrom/Code/WRFDA/WRFV3_3.9.1_preset_moves_sfc_coeff_param_estim/tools/standard.exe module_streams.bb | /lib/cpp -P -nostdinc -traditional-cpp > module_streams.f90
/lib/cpp -P -nostdinc -I/glade/work/nystrom/Code/WRFDA/WRFV3_3.9.1_preset_moves_sfc_coeff_param_estim/inc -DEM_CORE=1 -DNMM_CORE=0 -DNMM_MAX_DIM=2600 -DCOAMPS_CORE=0 -DDA_CORE=0 -DEXP_CORE=0 -DIWORDSIZE=4 -DDWORDSIZE=8 -DRWORDSIZE=4 -DLWORDSIZE=4 -DNONSTANDARD_SYSTEM_FUNC  -DWRF_USE_CLM  -DDM_PARALLEL -DNETCDF -DMOVE_NESTS -DUSE_ALLOCATABLES -DGRIB1 -DINTIO -DKEEP_INT_AROUND -DLIMIT_ARGS -DCONFIG_BUF_LEN=65536 -DMAX_DOMAINS_F=21 -DMAX_HISTORY=25 -DNMM_NEST=0  -I. -traditional-cpp   module_driver_constants.G  > module_driver_constants.H
rm -f module_streams.G module_streams.H module_streams.bb
sed -e "s/gridmu/grid%mu/g" -e "s/gridMu/grid%Mu/g" module_driver_constants.H > module_driver_constants.bb
/glade/work/nystrom/Code/WRFDA/WRFV3_3.9.1_preset_moves_sfc_coeff_param_estim/tools/standard.exe module_driver_constants.bb | /lib/cpp -P -nostdinc -traditional-cpp > module_driver_constants.f90
time mpif90 -f90=ifort -o module_streams.o -c -O3 -ip -fp-model precise -w -ftz -align all -fno-alias -FR -convert big_endian    -I../dyn_em -I../dyn_nmm   -I/glade/work/nystrom/Code/WRFDA/WRFV3_3.9.1_preset_moves_sfc_coeff_param_estim/external/esmf_time_f90  -I/glade/work/nystrom/Code/WRFDA/WRFV3_3.9.1_preset_moves_sfc_coeff_param_estim/main -I/glade/work/nystrom/Code/WRFDA/WRFV3_3.9.1_preset_moves_sfc_coeff_param_estim/external/io_netcdf -I/glade/work/nystrom/Code/WRFDA/WRFV3_3.9.1_preset_moves_sfc_coeff_param_estim/external/io_int -I/glade/work/nystrom/Code/WRFDA/WRFV3_3.9.1_preset_moves_sfc_coeff_param_estim/frame -I/glade/work/nystrom/Code/WRFDA/WRFV3_3.9.1_preset_moves_sfc_coeff_param_estim/share -I/glade/work/nystrom/Code/WRFDA/WRFV3_3.9.1_preset_moves_sfc_coeff_param_estim/phys -I/glade/work/nystrom/Code/WRFDA/WRFV3_3.9.1_preset_moves_sfc_coeff_param_estim/chem -I/glade/work/nystrom/Code/WRFDA/WRFV3_3.9.1_preset_moves_sfc_coeff_param_estim/inc -I/glade/u/apps/ch/opt/netcdf/4.7.3/intel/19.0.5//include  -real-size `expr 8 \* 4` -i4  module_streams.f90
rm -f module_driver_constants.G module_driver_constants.H module_driver_constants.bb
time mpif90 -f90=ifort -o module_driver_constants.o -c -O3 -ip -fp-model precise -w -ftz -align all -fno-alias -FR -convert big_endian    -I../dyn_em -I../dyn_nmm   -I/glade/work/nystrom/Code/WRFDA/WRFV3_3.9.1_preset_moves_sfc_coeff_param_estim/external/esmf_time_f90  -I/glade/work/nystrom/Code/WRFDA/WRFV3_3.9.1_preset_moves_sfc_coeff_param_estim/main -I/glade/work/nystrom/Code/WRFDA/WRFV3_3.9.1_preset_moves_sfc_coeff_param_estim/external/io_netcdf -I/glade/work/nystrom/Code/WRFDA/WRFV3_3.9.1_preset_moves_sfc_coeff_param_estim/external/io_int -I/glade/work/nystrom/Code/WRFDA/WRFV3_3.9.1_preset_moves_sfc_coeff_param_estim/frame -I/glade/work/nystrom/Code/WRFDA/WRFV3_3.9.1_preset_moves_sfc_coeff_param_estim/share -I/glade/work/nystrom/Code/WRFDA/WRFV3_3.9.1_preset_moves_sfc_coeff_param_estim/phys -I/glade/work/nystrom/Code/WRFDA/WRFV3_3.9.1_preset_moves_sfc_coeff_param_estim/chem -I/glade/work/nystrom/Code/WRFDA/WRFV3_3.9.1_preset_moves_sfc_coeff_param_estim/inc -I/glade/u/apps/ch/opt/netcdf/4.7.3/intel/19.0.5//include  -real-size `expr 8 \* 4` -i4  module_driver_constants.f90

real	0m0.259s
user	0m0.088s
sys	0m0.057s
rm -f module_timing.o
sed -e "s/grid%mu/gridmu/g" -e "s/grid%Mu/gridMu/g" -e "s/^\!.*'.*//" -e "s/^ *\!.*'.*//" module_timing.F > module_timing.G
/lib/cpp -P -nostdinc -I/glade/work/nystrom/Code/WRFDA/WRFV3_3.9.1_preset_moves_sfc_coeff_param_estim/inc -DEM_CORE=1 -DNMM_CORE=0 -DNMM_MAX_DIM=2600 -DCOAMPS_CORE=0 -DDA_CORE=0 -DEXP_CORE=0 -DIWORDSIZE=4 -DDWORDSIZE=8 -DRWORDSIZE=4 -DLWORDSIZE=4 -DNONSTANDARD_SYSTEM_FUNC  -DWRF_USE_CLM  -DDM_PARALLEL -DNETCDF -DMOVE_NESTS -DUSE_ALLOCATABLES -DGRIB1 -DINTIO -DKEEP_INT_AROUND -DLIMIT_ARGS -DCONFIG_BUF_LEN=65536 -DMAX_DOMAINS_F=21 -DMAX_HISTORY=25 -DNMM_NEST=0  -I. -traditional-cpp   module_timing.G  > module_timing.H

real	0m0.260s
user	0m0.080s
sys	0m0.064s
sed -e "s/gridmu/grid%mu/g" -e "s/gridMu/grid%Mu/g" module_timing.H > module_timing.bb
rm -f module_domain_type.o
/lib/cpp -P -nostdinc -I/glade/work/nystrom/Code/WRFDA/WRFV3_3.9.1_preset_moves_sfc_coeff_param_estim/inc -DEM_CORE=1 -DNMM_CORE=0 -DNMM_MAX_DIM=2600 -DCOAMPS_CORE=0 -DDA_CORE=0 -DEXP_CORE=0 -DIWORDSIZE=4 -DDWORDSIZE=8 -DRWORDSIZE=4 -DLWORDSIZE=4 -DNONSTANDARD_SYSTEM_FUNC  -DWRF_USE_CLM  -DDM_PARALLEL -DNETCDF -DMOVE_NESTS -DUSE_ALLOCATABLES -DGRIB1 -DINTIO -DKEEP_INT_AROUND -DLIMIT_ARGS -DCONFIG_BUF_LEN=65536 -DMAX_DOMAINS_F=21 -DMAX_HISTORY=25 -DNMM_NEST=0  -I. -traditional-cpp   module_domain_type.F  > module_domain_type.bb
/glade/work/nystrom/Code/WRFDA/WRFV3_3.9.1_preset_moves_sfc_coeff_param_estim/tools/standard.exe module_timing.bb | /lib/cpp -P -nostdinc -traditional-cpp > module_timing.f90
rm -f module_timing.G module_timing.H module_timing.bb
time mpif90 -f90=ifort -o module_timing.o -c -O3 -ip -fp-model precise -w -ftz -align all -fno-alias -FR -convert big_endian    -I../dyn_em -I../dyn_nmm   -I/glade/work/nystrom/Code/WRFDA/WRFV3_3.9.1_preset_moves_sfc_coeff_param_estim/external/esmf_time_f90  -I/glade/work/nystrom/Code/WRFDA/WRFV3_3.9.1_preset_moves_sfc_coeff_param_estim/main -I/glade/work/nystrom/Code/WRFDA/WRFV3_3.9.1_preset_moves_sfc_coeff_param_estim/external/io_netcdf -I/glade/work/nystrom/Code/WRFDA/WRFV3_3.9.1_preset_moves_sfc_coeff_param_estim/external/io_int -I/glade/work/nystrom/Code/WRFDA/WRFV3_3.9.1_preset_moves_sfc_coeff_param_estim/frame -I/glade/work/nystrom/Code/WRFDA/WRFV3_3.9.1_preset_moves_sfc_coeff_param_estim/share -I/glade/work/nystrom/Code/WRFDA/WRFV3_3.9.1_preset_moves_sfc_coeff_param_estim/phys -I/glade/work/nystrom/Code/WRFDA/WRFV3_3.9.1_preset_moves_sfc_coeff_param_estim/chem -I/glade/work/nystrom/Code/WRFDA/WRFV3_3.9.1_preset_moves_sfc_coeff_param_estim/inc -I/glade/u/apps/ch/opt/netcdf/4.7.3/intel/19.0.5//include  -real-size `expr 8 \* 4` -i4  module_timing.f90
/glade/work/nystrom/Code/WRFDA/WRFV3_3.9.1_preset_moves_sfc_coeff_param_estim/tools/standard.exe module_domain_type.bb | /lib/cpp -P -nostdinc -traditional-cpp > module_domain_type.f90
rm -f module_domain_type.b module_domain_type.bb
time mpif90 -f90=ifort -c -real-size `expr 8 \* 4` -i4  -O0 -fno-inline -no-ip -ip -fp-model precise -w -ftz -align all -fno-alias -FR -convert big_endian   -I../dyn_em -I../dyn_nmm   -I/glade/work/nystrom/Code/WRFDA/WRFV3_3.9.1_preset_moves_sfc_coeff_param_estim/external/esmf_time_f90  -I/glade/work/nystrom/Code/WRFDA/WRFV3_3.9.1_preset_moves_sfc_coeff_param_estim/main -I/glade/work/nystrom/Code/WRFDA/WRFV3_3.9.1_preset_moves_sfc_coeff_param_estim/external/io_netcdf -I/glade/work/nystrom/Code/WRFDA/WRFV3_3.9.1_preset_moves_sfc_coeff_param_estim/external/io_int -I/glade/work/nystrom/Code/WRFDA/WRFV3_3.9.1_preset_moves_sfc_coeff_param_estim/frame -I/glade/work/nystrom/Code/WRFDA/WRFV3_3.9.1_preset_moves_sfc_coeff_param_estim/share -I/glade/work/nystrom/Code/WRFDA/WRFV3_3.9.1_preset_moves_sfc_coeff_param_estim/phys -I/glade/work/nystrom/Code/WRFDA/WRFV3_3.9.1_preset_moves_sfc_coeff_param_estim/chem -I/glade/work/nystrom/Code/WRFDA/WRFV3_3.9.1_preset_moves_sfc_coeff_param_estim/inc -I/glade/u/apps/ch/opt/netcdf/4.7.3/intel/19.0.5//include  module_domain_type.f90

real	0m0.336s
user	0m0.078s
sys	0m0.072s
rm -f module_machine.o
sed -e "s/grid%mu/gridmu/g" -e "s/grid%Mu/gridMu/g" -e "s/^\!.*'.*//" -e "s/^ *\!.*'.*//" module_machine.F > module_machine.G
/lib/cpp -P -nostdinc -I/glade/work/nystrom/Code/WRFDA/WRFV3_3.9.1_preset_moves_sfc_coeff_param_estim/inc -DEM_CORE=1 -DNMM_CORE=0 -DNMM_MAX_DIM=2600 -DCOAMPS_CORE=0 -DDA_CORE=0 -DEXP_CORE=0 -DIWORDSIZE=4 -DDWORDSIZE=8 -DRWORDSIZE=4 -DLWORDSIZE=4 -DNONSTANDARD_SYSTEM_FUNC  -DWRF_USE_CLM  -DDM_PARALLEL -DNETCDF -DMOVE_NESTS -DUSE_ALLOCATABLES -DGRIB1 -DINTIO -DKEEP_INT_AROUND -DLIMIT_ARGS -DCONFIG_BUF_LEN=65536 -DMAX_DOMAINS_F=21 -DMAX_HISTORY=25 -DNMM_NEST=0  -I. -traditional-cpp   module_machine.G  > module_machine.H
sed -e "s/gridmu/grid%mu/g" -e "s/gridMu/grid%Mu/g" module_machine.H > module_machine.bb
/glade/work/nystrom/Code/WRFDA/WRFV3_3.9.1_preset_moves_sfc_coeff_param_estim/tools/standard.exe module_machine.bb | /lib/cpp -P -nostdinc -traditional-cpp > module_machine.f90
rm -f module_machine.G module_machine.H module_machine.bb
time mpif90 -f90=ifort -o module_machine.o -c -O3 -ip -fp-model precise -w -ftz -align all -fno-alias -FR -convert big_endian    -I../dyn_em -I../dyn_nmm   -I/glade/work/nystrom/Code/WRFDA/WRFV3_3.9.1_preset_moves_sfc_coeff_param_estim/external/esmf_time_f90  -I/glade/work/nystrom/Code/WRFDA/WRFV3_3.9.1_preset_moves_sfc_coeff_param_estim/main -I/glade/work/nystrom/Code/WRFDA/WRFV3_3.9.1_preset_moves_sfc_coeff_param_estim/external/io_netcdf -I/glade/work/nystrom/Code/WRFDA/WRFV3_3.9.1_preset_moves_sfc_coeff_param_estim/external/io_int -I/glade/work/nystrom/Code/WRFDA/WRFV3_3.9.1_preset_moves_sfc_coeff_param_estim/frame -I/glade/work/nystrom/Code/WRFDA/WRFV3_3.9.1_preset_moves_sfc_coeff_param_estim/share -I/glade/work/nystrom/Code/WRFDA/WRFV3_3.9.1_preset_moves_sfc_coeff_param_estim/phys -I/glade/work/nystrom/Code/WRFDA/WRFV3_3.9.1_preset_moves_sfc_coeff_param_estim/chem -I/glade/work/nystrom/Code/WRFDA/WRFV3_3.9.1_preset_moves_sfc_coeff_param_estim/inc -I/glade/u/apps/ch/opt/netcdf/4.7.3/intel/19.0.5//include  -real-size `expr 8 \* 4` -i4  module_machine.f90

real	0m0.319s
user	0m0.148s
sys	0m0.053s
rm -f module_quilt_outbuf_ops.o
sed -e "s/grid%mu/gridmu/g" -e "s/grid%Mu/gridMu/g" -e "s/^\!.*'.*//" -e "s/^ *\!.*'.*//" module_quilt_outbuf_ops.F > module_quilt_outbuf_ops.G
/lib/cpp -P -nostdinc -I/glade/work/nystrom/Code/WRFDA/WRFV3_3.9.1_preset_moves_sfc_coeff_param_estim/inc -DEM_CORE=1 -DNMM_CORE=0 -DNMM_MAX_DIM=2600 -DCOAMPS_CORE=0 -DDA_CORE=0 -DEXP_CORE=0 -DIWORDSIZE=4 -DDWORDSIZE=8 -DRWORDSIZE=4 -DLWORDSIZE=4 -DNONSTANDARD_SYSTEM_FUNC  -DWRF_USE_CLM  -DDM_PARALLEL -DNETCDF -DMOVE_NESTS -DUSE_ALLOCATABLES -DGRIB1 -DINTIO -DKEEP_INT_AROUND -DLIMIT_ARGS -DCONFIG_BUF_LEN=65536 -DMAX_DOMAINS_F=21 -DMAX_HISTORY=25 -DNMM_NEST=0  -I. -traditional-cpp   module_quilt_outbuf_ops.G  > module_quilt_outbuf_ops.H
sed -e "s/gridmu/grid%mu/g" -e "s/gridMu/grid%Mu/g" module_quilt_outbuf_ops.H > module_quilt_outbuf_ops.bb
/glade/work/nystrom/Code/WRFDA/WRFV3_3.9.1_preset_moves_sfc_coeff_param_estim/tools/standard.exe module_quilt_outbuf_ops.bb | /lib/cpp -P -nostdinc -traditional-cpp > module_quilt_outbuf_ops.f90
rm -f module_quilt_outbuf_ops.G module_quilt_outbuf_ops.H module_quilt_outbuf_ops.bb
time mpif90 -f90=ifort -o module_quilt_outbuf_ops.o -c -O3 -ip -fp-model precise -w -ftz -align all -fno-alias -FR -convert big_endian    -I../dyn_em -I../dyn_nmm   -I/glade/work/nystrom/Code/WRFDA/WRFV3_3.9.1_preset_moves_sfc_coeff_param_estim/external/esmf_time_f90  -I/glade/work/nystrom/Code/WRFDA/WRFV3_3.9.1_preset_moves_sfc_coeff_param_estim/main -I/glade/work/nystrom/Code/WRFDA/WRFV3_3.9.1_preset_moves_sfc_coeff_param_estim/external/io_netcdf -I/glade/work/nystrom/Code/WRFDA/WRFV3_3.9.1_preset_moves_sfc_coeff_param_estim/external/io_int -I/glade/work/nystrom/Code/WRFDA/WRFV3_3.9.1_preset_moves_sfc_coeff_param_estim/frame -I/glade/work/nystrom/Code/WRFDA/WRFV3_3.9.1_preset_moves_sfc_coeff_param_estim/share -I/glade/work/nystrom/Code/WRFDA/WRFV3_3.9.1_preset_moves_sfc_coeff_param_estim/phys -I/glade/work/nystrom/Code/WRFDA/WRFV3_3.9.1_preset_moves_sfc_coeff_param_estim/chem -I/glade/work/nystrom/Code/WRFDA/WRFV3_3.9.1_preset_moves_sfc_coeff_param_estim/inc -I/glade/u/apps/ch/opt/netcdf/4.7.3/intel/19.0.5//include  -real-size `expr 8 \* 4` -i4  module_quilt_outbuf_ops.f90

real	0m0.845s
user	0m0.523s
sys	0m0.130s
rm -f module_configure.o
/lib/cpp -P -nostdinc -I/glade/work/nystrom/Code/WRFDA/WRFV3_3.9.1_preset_moves_sfc_coeff_param_estim/inc -DEM_CORE=1 -DNMM_CORE=0 -DNMM_MAX_DIM=2600 -DCOAMPS_CORE=0 -DDA_CORE=0 -DEXP_CORE=0 -DIWORDSIZE=4 -DDWORDSIZE=8 -DRWORDSIZE=4 -DLWORDSIZE=4 -DNONSTANDARD_SYSTEM_FUNC  -DWRF_USE_CLM  -DDM_PARALLEL -DNETCDF -DMOVE_NESTS -DUSE_ALLOCATABLES -DGRIB1 -DINTIO -DKEEP_INT_AROUND -DLIMIT_ARGS -DCONFIG_BUF_LEN=65536 -DMAX_DOMAINS_F=21 -DMAX_HISTORY=25 -DNMM_NEST=0  -I. -traditional-cpp   module_configure.F  > module_configure.bb
/glade/work/nystrom/Code/WRFDA/WRFV3_3.9.1_preset_moves_sfc_coeff_param_estim/tools/standard.exe module_configure.bb | /lib/cpp -P -nostdinc -traditional-cpp > module_configure.f90
rm -f module_configure.b module_configure.bb
time mpif90 -f90=ifort -c -real-size `expr 8 \* 4` -i4  -O0 -fno-inline -no-ip -ip -fp-model precise -w -ftz -align all -fno-alias -FR -convert big_endian   -I../dyn_em -I../dyn_nmm   -I/glade/work/nystrom/Code/WRFDA/WRFV3_3.9.1_preset_moves_sfc_coeff_param_estim/external/esmf_time_f90  -I/glade/work/nystrom/Code/WRFDA/WRFV3_3.9.1_preset_moves_sfc_coeff_param_estim/main -I/glade/work/nystrom/Code/WRFDA/WRFV3_3.9.1_preset_moves_sfc_coeff_param_estim/external/io_netcdf -I/glade/work/nystrom/Code/WRFDA/WRFV3_3.9.1_preset_moves_sfc_coeff_param_estim/external/io_int -I/glade/work/nystrom/Code/WRFDA/WRFV3_3.9.1_preset_moves_sfc_coeff_param_estim/frame -I/glade/work/nystrom/Code/WRFDA/WRFV3_3.9.1_preset_moves_sfc_coeff_param_estim/share -I/glade/work/nystrom/Code/WRFDA/WRFV3_3.9.1_preset_moves_sfc_coeff_param_estim/phys -I/glade/work/nystrom/Code/WRFDA/WRFV3_3.9.1_preset_moves_sfc_coeff_param_estim/chem -I/glade/work/nystrom/Code/WRFDA/WRFV3_3.9.1_preset_moves_sfc_coeff_param_estim/inc -I/glade/u/apps/ch/opt/netcdf/4.7.3/intel/19.0.5//include  module_configure.f90

real	0m1.461s
user	0m1.203s
sys	0m0.135s

real	0m12.326s
user	0m11.803s
sys	0m0.363s
rm -f module_alloc_space_0.o
rm -f module_alloc_space_1.o
/lib/cpp -P -nostdinc -I/glade/work/nystrom/Code/WRFDA/WRFV3_3.9.1_preset_moves_sfc_coeff_param_estim/inc -DEM_CORE=1 -DNMM_CORE=0 -DNMM_MAX_DIM=2600 -DCOAMPS_CORE=0 -DDA_CORE=0 -DEXP_CORE=0 -DIWORDSIZE=4 -DDWORDSIZE=8 -DRWORDSIZE=4 -DLWORDSIZE=4 -DNONSTANDARD_SYSTEM_FUNC  -DWRF_USE_CLM  -DDM_PARALLEL -DNETCDF -DMOVE_NESTS -DUSE_ALLOCATABLES -DGRIB1 -DINTIO -DKEEP_INT_AROUND -DLIMIT_ARGS -DCONFIG_BUF_LEN=65536 -DMAX_DOMAINS_F=21 -DMAX_HISTORY=25 -DNMM_NEST=0  -I. -traditional-cpp   module_alloc_space_0.F  > module_alloc_space_0.bb
/lib/cpp -P -nostdinc -I/glade/work/nystrom/Code/WRFDA/WRFV3_3.9.1_preset_moves_sfc_coeff_param_estim/inc -DEM_CORE=1 -DNMM_CORE=0 -DNMM_MAX_DIM=2600 -DCOAMPS_CORE=0 -DDA_CORE=0 -DEXP_CORE=0 -DIWORDSIZE=4 -DDWORDSIZE=8 -DRWORDSIZE=4 -DLWORDSIZE=4 -DNONSTANDARD_SYSTEM_FUNC  -DWRF_USE_CLM  -DDM_PARALLEL -DNETCDF -DMOVE_NESTS -DUSE_ALLOCATABLES -DGRIB1 -DINTIO -DKEEP_INT_AROUND -DLIMIT_ARGS -DCONFIG_BUF_LEN=65536 -DMAX_DOMAINS_F=21 -DMAX_HISTORY=25 -DNMM_NEST=0  -I. -traditional-cpp   module_alloc_space_1.F  > module_alloc_space_1.bb
/glade/work/nystrom/Code/WRFDA/WRFV3_3.9.1_preset_moves_sfc_coeff_param_estim/tools/standard.exe module_alloc_space_0.bb | /lib/cpp -P -nostdinc -traditional-cpp > module_alloc_space_0.f90
/glade/work/nystrom/Code/WRFDA/WRFV3_3.9.1_preset_moves_sfc_coeff_param_estim/tools/standard.exe module_alloc_space_1.bb | /lib/cpp -P -nostdinc -traditional-cpp > module_alloc_space_1.f90
rm -f module_alloc_space_0.b module_alloc_space_0.bb
rm -f module_alloc_space_1.b module_alloc_space_1.bb
time mpif90 -f90=ifort -c -real-size `expr 8 \* 4` -i4  -O0 -fno-inline -no-ip -ip -fp-model precise -w -ftz -align all -fno-alias -FR -convert big_endian   -I../dyn_em -I../dyn_nmm   -I/glade/work/nystrom/Code/WRFDA/WRFV3_3.9.1_preset_moves_sfc_coeff_param_estim/external/esmf_time_f90  -I/glade/work/nystrom/Code/WRFDA/WRFV3_3.9.1_preset_moves_sfc_coeff_param_estim/main -I/glade/work/nystrom/Code/WRFDA/WRFV3_3.9.1_preset_moves_sfc_coeff_param_estim/external/io_netcdf -I/glade/work/nystrom/Code/WRFDA/WRFV3_3.9.1_preset_moves_sfc_coeff_param_estim/external/io_int -I/glade/work/nystrom/Code/WRFDA/WRFV3_3.9.1_preset_moves_sfc_coeff_param_estim/frame -I/glade/work/nystrom/Code/WRFDA/WRFV3_3.9.1_preset_moves_sfc_coeff_param_estim/share -I/glade/work/nystrom/Code/WRFDA/WRFV3_3.9.1_preset_moves_sfc_coeff_param_estim/phys -I/glade/work/nystrom/Code/WRFDA/WRFV3_3.9.1_preset_moves_sfc_coeff_param_estim/chem -I/glade/work/nystrom/Code/WRFDA/WRFV3_3.9.1_preset_moves_sfc_coeff_param_estim/inc -I/glade/u/apps/ch/opt/netcdf/4.7.3/intel/19.0.5//include  module_alloc_space_0.f90
time mpif90 -f90=ifort -c -real-size `expr 8 \* 4` -i4  -O0 -fno-inline -no-ip -ip -fp-model precise -w -ftz -align all -fno-alias -FR -convert big_endian   -I../dyn_em -I../dyn_nmm   -I/glade/work/nystrom/Code/WRFDA/WRFV3_3.9.1_preset_moves_sfc_coeff_param_estim/external/esmf_time_f90  -I/glade/work/nystrom/Code/WRFDA/WRFV3_3.9.1_preset_moves_sfc_coeff_param_estim/main -I/glade/work/nystrom/Code/WRFDA/WRFV3_3.9.1_preset_moves_sfc_coeff_param_estim/external/io_netcdf -I/glade/work/nystrom/Code/WRFDA/WRFV3_3.9.1_preset_moves_sfc_coeff_param_estim/external/io_int -I/glade/work/nystrom/Code/WRFDA/WRFV3_3.9.1_preset_moves_sfc_coeff_param_estim/frame -I/glade/work/nystrom/Code/WRFDA/WRFV3_3.9.1_preset_moves_sfc_coeff_param_estim/share -I/glade/work/nystrom/Code/WRFDA/WRFV3_3.9.1_preset_moves_sfc_coeff_param_estim/phys -I/glade/work/nystrom/Code/WRFDA/WRFV3_3.9.1_preset_moves_sfc_coeff_param_estim/chem -I/glade/work/nystrom/Code/WRFDA/WRFV3_3.9.1_preset_moves_sfc_coeff_param_estim/inc -I/glade/u/apps/ch/opt/netcdf/4.7.3/intel/19.0.5//include  module_alloc_space_1.f90

real	0m28.977s
user	0m28.246s
sys	0m0.571s
rm -f module_alloc_space_2.o
/lib/cpp -P -nostdinc -I/glade/work/nystrom/Code/WRFDA/WRFV3_3.9.1_preset_moves_sfc_coeff_param_estim/inc -DEM_CORE=1 -DNMM_CORE=0 -DNMM_MAX_DIM=2600 -DCOAMPS_CORE=0 -DDA_CORE=0 -DEXP_CORE=0 -DIWORDSIZE=4 -DDWORDSIZE=8 -DRWORDSIZE=4 -DLWORDSIZE=4 -DNONSTANDARD_SYSTEM_FUNC  -DWRF_USE_CLM  -DDM_PARALLEL -DNETCDF -DMOVE_NESTS -DUSE_ALLOCATABLES -DGRIB1 -DINTIO -DKEEP_INT_AROUND -DLIMIT_ARGS -DCONFIG_BUF_LEN=65536 -DMAX_DOMAINS_F=21 -DMAX_HISTORY=25 -DNMM_NEST=0  -I. -traditional-cpp   module_alloc_space_2.F  > module_alloc_space_2.bb
/glade/work/nystrom/Code/WRFDA/WRFV3_3.9.1_preset_moves_sfc_coeff_param_estim/tools/standard.exe module_alloc_space_2.bb | /lib/cpp -P -nostdinc -traditional-cpp > module_alloc_space_2.f90
rm -f module_alloc_space_2.b module_alloc_space_2.bb
time mpif90 -f90=ifort -c -real-size `expr 8 \* 4` -i4  -O0 -fno-inline -no-ip -ip -fp-model precise -w -ftz -align all -fno-alias -FR -convert big_endian   -I../dyn_em -I../dyn_nmm   -I/glade/work/nystrom/Code/WRFDA/WRFV3_3.9.1_preset_moves_sfc_coeff_param_estim/external/esmf_time_f90  -I/glade/work/nystrom/Code/WRFDA/WRFV3_3.9.1_preset_moves_sfc_coeff_param_estim/main -I/glade/work/nystrom/Code/WRFDA/WRFV3_3.9.1_preset_moves_sfc_coeff_param_estim/external/io_netcdf -I/glade/work/nystrom/Code/WRFDA/WRFV3_3.9.1_preset_moves_sfc_coeff_param_estim/external/io_int -I/glade/work/nystrom/Code/WRFDA/WRFV3_3.9.1_preset_moves_sfc_coeff_param_estim/frame -I/glade/work/nystrom/Code/WRFDA/WRFV3_3.9.1_preset_moves_sfc_coeff_param_estim/share -I/glade/work/nystrom/Code/WRFDA/WRFV3_3.9.1_preset_moves_sfc_coeff_param_estim/phys -I/glade/work/nystrom/Code/WRFDA/WRFV3_3.9.1_preset_moves_sfc_coeff_param_estim/chem -I/glade/work/nystrom/Code/WRFDA/WRFV3_3.9.1_preset_moves_sfc_coeff_param_estim/inc -I/glade/u/apps/ch/opt/netcdf/4.7.3/intel/19.0.5//include  module_alloc_space_2.f90

real	0m30.561s
user	0m29.920s
sys	0m0.468s
rm -f module_alloc_space_3.o
/lib/cpp -P -nostdinc -I/glade/work/nystrom/Code/WRFDA/WRFV3_3.9.1_preset_moves_sfc_coeff_param_estim/inc -DEM_CORE=1 -DNMM_CORE=0 -DNMM_MAX_DIM=2600 -DCOAMPS_CORE=0 -DDA_CORE=0 -DEXP_CORE=0 -DIWORDSIZE=4 -DDWORDSIZE=8 -DRWORDSIZE=4 -DLWORDSIZE=4 -DNONSTANDARD_SYSTEM_FUNC  -DWRF_USE_CLM  -DDM_PARALLEL -DNETCDF -DMOVE_NESTS -DUSE_ALLOCATABLES -DGRIB1 -DINTIO -DKEEP_INT_AROUND -DLIMIT_ARGS -DCONFIG_BUF_LEN=65536 -DMAX_DOMAINS_F=21 -DMAX_HISTORY=25 -DNMM_NEST=0  -I. -traditional-cpp   module_alloc_space_3.F  > module_alloc_space_3.bb
/glade/work/nystrom/Code/WRFDA/WRFV3_3.9.1_preset_moves_sfc_coeff_param_estim/tools/standard.exe module_alloc_space_3.bb | /lib/cpp -P -nostdinc -traditional-cpp > module_alloc_space_3.f90
rm -f module_alloc_space_3.b module_alloc_space_3.bb
time mpif90 -f90=ifort -c -real-size `expr 8 \* 4` -i4  -O0 -fno-inline -no-ip -ip -fp-model precise -w -ftz -align all -fno-alias -FR -convert big_endian   -I../dyn_em -I../dyn_nmm   -I/glade/work/nystrom/Code/WRFDA/WRFV3_3.9.1_preset_moves_sfc_coeff_param_estim/external/esmf_time_f90  -I/glade/work/nystrom/Code/WRFDA/WRFV3_3.9.1_preset_moves_sfc_coeff_param_estim/main -I/glade/work/nystrom/Code/WRFDA/WRFV3_3.9.1_preset_moves_sfc_coeff_param_estim/external/io_netcdf -I/glade/work/nystrom/Code/WRFDA/WRFV3_3.9.1_preset_moves_sfc_coeff_param_estim/external/io_int -I/glade/work/nystrom/Code/WRFDA/WRFV3_3.9.1_preset_moves_sfc_coeff_param_estim/frame -I/glade/work/nystrom/Code/WRFDA/WRFV3_3.9.1_preset_moves_sfc_coeff_param_estim/share -I/glade/work/nystrom/Code/WRFDA/WRFV3_3.9.1_preset_moves_sfc_coeff_param_estim/phys -I/glade/work/nystrom/Code/WRFDA/WRFV3_3.9.1_preset_moves_sfc_coeff_param_estim/chem -I/glade/work/nystrom/Code/WRFDA/WRFV3_3.9.1_preset_moves_sfc_coeff_param_estim/inc -I/glade/u/apps/ch/opt/netcdf/4.7.3/intel/19.0.5//include  module_alloc_space_3.f90

real	0m4.585s
user	0m4.256s
sys	0m0.164s
rm -f module_alloc_space_4.o
/lib/cpp -P -nostdinc -I/glade/work/nystrom/Code/WRFDA/WRFV3_3.9.1_preset_moves_sfc_coeff_param_estim/inc -DEM_CORE=1 -DNMM_CORE=0 -DNMM_MAX_DIM=2600 -DCOAMPS_CORE=0 -DDA_CORE=0 -DEXP_CORE=0 -DIWORDSIZE=4 -DDWORDSIZE=8 -DRWORDSIZE=4 -DLWORDSIZE=4 -DNONSTANDARD_SYSTEM_FUNC  -DWRF_USE_CLM  -DDM_PARALLEL -DNETCDF -DMOVE_NESTS -DUSE_ALLOCATABLES -DGRIB1 -DINTIO -DKEEP_INT_AROUND -DLIMIT_ARGS -DCONFIG_BUF_LEN=65536 -DMAX_DOMAINS_F=21 -DMAX_HISTORY=25 -DNMM_NEST=0  -I. -traditional-cpp   module_alloc_space_4.F  > module_alloc_space_4.bb
/glade/work/nystrom/Code/WRFDA/WRFV3_3.9.1_preset_moves_sfc_coeff_param_estim/tools/standard.exe module_alloc_space_4.bb | /lib/cpp -P -nostdinc -traditional-cpp > module_alloc_space_4.f90
rm -f module_alloc_space_4.b module_alloc_space_4.bb
time mpif90 -f90=ifort -c -real-size `expr 8 \* 4` -i4  -O0 -fno-inline -no-ip -ip -fp-model precise -w -ftz -align all -fno-alias -FR -convert big_endian   -I../dyn_em -I../dyn_nmm   -I/glade/work/nystrom/Code/WRFDA/WRFV3_3.9.1_preset_moves_sfc_coeff_param_estim/external/esmf_time_f90  -I/glade/work/nystrom/Code/WRFDA/WRFV3_3.9.1_preset_moves_sfc_coeff_param_estim/main -I/glade/work/nystrom/Code/WRFDA/WRFV3_3.9.1_preset_moves_sfc_coeff_param_estim/external/io_netcdf -I/glade/work/nystrom/Code/WRFDA/WRFV3_3.9.1_preset_moves_sfc_coeff_param_estim/external/io_int -I/glade/work/nystrom/Code/WRFDA/WRFV3_3.9.1_preset_moves_sfc_coeff_param_estim/frame -I/glade/work/nystrom/Code/WRFDA/WRFV3_3.9.1_preset_moves_sfc_coeff_param_estim/share -I/glade/work/nystrom/Code/WRFDA/WRFV3_3.9.1_preset_moves_sfc_coeff_param_estim/phys -I/glade/work/nystrom/Code/WRFDA/WRFV3_3.9.1_preset_moves_sfc_coeff_param_estim/chem -I/glade/work/nystrom/Code/WRFDA/WRFV3_3.9.1_preset_moves_sfc_coeff_param_estim/inc -I/glade/u/apps/ch/opt/netcdf/4.7.3/intel/19.0.5//include  module_alloc_space_4.f90

real	0m1.143s
user	0m0.904s
sys	0m0.085s
rm -f module_alloc_space_5.o
/lib/cpp -P -nostdinc -I/glade/work/nystrom/Code/WRFDA/WRFV3_3.9.1_preset_moves_sfc_coeff_param_estim/inc -DEM_CORE=1 -DNMM_CORE=0 -DNMM_MAX_DIM=2600 -DCOAMPS_CORE=0 -DDA_CORE=0 -DEXP_CORE=0 -DIWORDSIZE=4 -DDWORDSIZE=8 -DRWORDSIZE=4 -DLWORDSIZE=4 -DNONSTANDARD_SYSTEM_FUNC  -DWRF_USE_CLM  -DDM_PARALLEL -DNETCDF -DMOVE_NESTS -DUSE_ALLOCATABLES -DGRIB1 -DINTIO -DKEEP_INT_AROUND -DLIMIT_ARGS -DCONFIG_BUF_LEN=65536 -DMAX_DOMAINS_F=21 -DMAX_HISTORY=25 -DNMM_NEST=0  -I. -traditional-cpp   module_alloc_space_5.F  > module_alloc_space_5.bb
/glade/work/nystrom/Code/WRFDA/WRFV3_3.9.1_preset_moves_sfc_coeff_param_estim/tools/standard.exe module_alloc_space_5.bb | /lib/cpp -P -nostdinc -traditional-cpp > module_alloc_space_5.f90
rm -f module_alloc_space_5.b module_alloc_space_5.bb
time mpif90 -f90=ifort -c -real-size `expr 8 \* 4` -i4  -O0 -fno-inline -no-ip -ip -fp-model precise -w -ftz -align all -fno-alias -FR -convert big_endian   -I../dyn_em -I../dyn_nmm   -I/glade/work/nystrom/Code/WRFDA/WRFV3_3.9.1_preset_moves_sfc_coeff_param_estim/external/esmf_time_f90  -I/glade/work/nystrom/Code/WRFDA/WRFV3_3.9.1_preset_moves_sfc_coeff_param_estim/main -I/glade/work/nystrom/Code/WRFDA/WRFV3_3.9.1_preset_moves_sfc_coeff_param_estim/external/io_netcdf -I/glade/work/nystrom/Code/WRFDA/WRFV3_3.9.1_preset_moves_sfc_coeff_param_estim/external/io_int -I/glade/work/nystrom/Code/WRFDA/WRFV3_3.9.1_preset_moves_sfc_coeff_param_estim/frame -I/glade/work/nystrom/Code/WRFDA/WRFV3_3.9.1_preset_moves_sfc_coeff_param_estim/share -I/glade/work/nystrom/Code/WRFDA/WRFV3_3.9.1_preset_moves_sfc_coeff_param_estim/phys -I/glade/work/nystrom/Code/WRFDA/WRFV3_3.9.1_preset_moves_sfc_coeff_param_estim/chem -I/glade/work/nystrom/Code/WRFDA/WRFV3_3.9.1_preset_moves_sfc_coeff_param_estim/inc -I/glade/u/apps/ch/opt/netcdf/4.7.3/intel/19.0.5//include  module_alloc_space_5.f90

real	0m1.185s
user	0m0.934s
sys	0m0.075s
rm -f module_alloc_space_6.o
/lib/cpp -P -nostdinc -I/glade/work/nystrom/Code/WRFDA/WRFV3_3.9.1_preset_moves_sfc_coeff_param_estim/inc -DEM_CORE=1 -DNMM_CORE=0 -DNMM_MAX_DIM=2600 -DCOAMPS_CORE=0 -DDA_CORE=0 -DEXP_CORE=0 -DIWORDSIZE=4 -DDWORDSIZE=8 -DRWORDSIZE=4 -DLWORDSIZE=4 -DNONSTANDARD_SYSTEM_FUNC  -DWRF_USE_CLM  -DDM_PARALLEL -DNETCDF -DMOVE_NESTS -DUSE_ALLOCATABLES -DGRIB1 -DINTIO -DKEEP_INT_AROUND -DLIMIT_ARGS -DCONFIG_BUF_LEN=65536 -DMAX_DOMAINS_F=21 -DMAX_HISTORY=25 -DNMM_NEST=0  -I. -traditional-cpp   module_alloc_space_6.F  > module_alloc_space_6.bb
/glade/work/nystrom/Code/WRFDA/WRFV3_3.9.1_preset_moves_sfc_coeff_param_estim/tools/standard.exe module_alloc_space_6.bb | /lib/cpp -P -nostdinc -traditional-cpp > module_alloc_space_6.f90
rm -f module_alloc_space_6.b module_alloc_space_6.bb
time mpif90 -f90=ifort -c -real-size `expr 8 \* 4` -i4  -O0 -fno-inline -no-ip -ip -fp-model precise -w -ftz -align all -fno-alias -FR -convert big_endian   -I../dyn_em -I../dyn_nmm   -I/glade/work/nystrom/Code/WRFDA/WRFV3_3.9.1_preset_moves_sfc_coeff_param_estim/external/esmf_time_f90  -I/glade/work/nystrom/Code/WRFDA/WRFV3_3.9.1_preset_moves_sfc_coeff_param_estim/main -I/glade/work/nystrom/Code/WRFDA/WRFV3_3.9.1_preset_moves_sfc_coeff_param_estim/external/io_netcdf -I/glade/work/nystrom/Code/WRFDA/WRFV3_3.9.1_preset_moves_sfc_coeff_param_estim/external/io_int -I/glade/work/nystrom/Code/WRFDA/WRFV3_3.9.1_preset_moves_sfc_coeff_param_estim/frame -I/glade/work/nystrom/Code/WRFDA/WRFV3_3.9.1_preset_moves_sfc_coeff_param_estim/share -I/glade/work/nystrom/Code/WRFDA/WRFV3_3.9.1_preset_moves_sfc_coeff_param_estim/phys -I/glade/work/nystrom/Code/WRFDA/WRFV3_3.9.1_preset_moves_sfc_coeff_param_estim/chem -I/glade/work/nystrom/Code/WRFDA/WRFV3_3.9.1_preset_moves_sfc_coeff_param_estim/inc -I/glade/u/apps/ch/opt/netcdf/4.7.3/intel/19.0.5//include  module_alloc_space_6.f90

real	0m19.211s
user	0m18.709s
sys	0m0.281s
rm -f module_alloc_space_7.o
/lib/cpp -P -nostdinc -I/glade/work/nystrom/Code/WRFDA/WRFV3_3.9.1_preset_moves_sfc_coeff_param_estim/inc -DEM_CORE=1 -DNMM_CORE=0 -DNMM_MAX_DIM=2600 -DCOAMPS_CORE=0 -DDA_CORE=0 -DEXP_CORE=0 -DIWORDSIZE=4 -DDWORDSIZE=8 -DRWORDSIZE=4 -DLWORDSIZE=4 -DNONSTANDARD_SYSTEM_FUNC  -DWRF_USE_CLM  -DDM_PARALLEL -DNETCDF -DMOVE_NESTS -DUSE_ALLOCATABLES -DGRIB1 -DINTIO -DKEEP_INT_AROUND -DLIMIT_ARGS -DCONFIG_BUF_LEN=65536 -DMAX_DOMAINS_F=21 -DMAX_HISTORY=25 -DNMM_NEST=0  -I. -traditional-cpp   module_alloc_space_7.F  > module_alloc_space_7.bb
/glade/work/nystrom/Code/WRFDA/WRFV3_3.9.1_preset_moves_sfc_coeff_param_estim/tools/standard.exe module_alloc_space_7.bb | /lib/cpp -P -nostdinc -traditional-cpp > module_alloc_space_7.f90
rm -f module_alloc_space_7.b module_alloc_space_7.bb
time mpif90 -f90=ifort -c -real-size `expr 8 \* 4` -i4  -O0 -fno-inline -no-ip -ip -fp-model precise -w -ftz -align all -fno-alias -FR -convert big_endian   -I../dyn_em -I../dyn_nmm   -I/glade/work/nystrom/Code/WRFDA/WRFV3_3.9.1_preset_moves_sfc_coeff_param_estim/external/esmf_time_f90  -I/glade/work/nystrom/Code/WRFDA/WRFV3_3.9.1_preset_moves_sfc_coeff_param_estim/main -I/glade/work/nystrom/Code/WRFDA/WRFV3_3.9.1_preset_moves_sfc_coeff_param_estim/external/io_netcdf -I/glade/work/nystrom/Code/WRFDA/WRFV3_3.9.1_preset_moves_sfc_coeff_param_estim/external/io_int -I/glade/work/nystrom/Code/WRFDA/WRFV3_3.9.1_preset_moves_sfc_coeff_param_estim/frame -I/glade/work/nystrom/Code/WRFDA/WRFV3_3.9.1_preset_moves_sfc_coeff_param_estim/share -I/glade/work/nystrom/Code/WRFDA/WRFV3_3.9.1_preset_moves_sfc_coeff_param_estim/phys -I/glade/work/nystrom/Code/WRFDA/WRFV3_3.9.1_preset_moves_sfc_coeff_param_estim/chem -I/glade/work/nystrom/Code/WRFDA/WRFV3_3.9.1_preset_moves_sfc_coeff_param_estim/inc -I/glade/u/apps/ch/opt/netcdf/4.7.3/intel/19.0.5//include  module_alloc_space_7.f90

real	0m14.377s
user	0m13.896s
sys	0m0.268s
rm -f module_alloc_space_8.o
/lib/cpp -P -nostdinc -I/glade/work/nystrom/Code/WRFDA/WRFV3_3.9.1_preset_moves_sfc_coeff_param_estim/inc -DEM_CORE=1 -DNMM_CORE=0 -DNMM_MAX_DIM=2600 -DCOAMPS_CORE=0 -DDA_CORE=0 -DEXP_CORE=0 -DIWORDSIZE=4 -DDWORDSIZE=8 -DRWORDSIZE=4 -DLWORDSIZE=4 -DNONSTANDARD_SYSTEM_FUNC  -DWRF_USE_CLM  -DDM_PARALLEL -DNETCDF -DMOVE_NESTS -DUSE_ALLOCATABLES -DGRIB1 -DINTIO -DKEEP_INT_AROUND -DLIMIT_ARGS -DCONFIG_BUF_LEN=65536 -DMAX_DOMAINS_F=21 -DMAX_HISTORY=25 -DNMM_NEST=0  -I. -traditional-cpp   module_alloc_space_8.F  > module_alloc_space_8.bb
/glade/work/nystrom/Code/WRFDA/WRFV3_3.9.1_preset_moves_sfc_coeff_param_estim/tools/standard.exe module_alloc_space_8.bb | /lib/cpp -P -nostdinc -traditional-cpp > module_alloc_space_8.f90
rm -f module_alloc_space_8.b module_alloc_space_8.bb
time mpif90 -f90=ifort -c -real-size `expr 8 \* 4` -i4  -O0 -fno-inline -no-ip -ip -fp-model precise -w -ftz -align all -fno-alias -FR -convert big_endian   -I../dyn_em -I../dyn_nmm   -I/glade/work/nystrom/Code/WRFDA/WRFV3_3.9.1_preset_moves_sfc_coeff_param_estim/external/esmf_time_f90  -I/glade/work/nystrom/Code/WRFDA/WRFV3_3.9.1_preset_moves_sfc_coeff_param_estim/main -I/glade/work/nystrom/Code/WRFDA/WRFV3_3.9.1_preset_moves_sfc_coeff_param_estim/external/io_netcdf -I/glade/work/nystrom/Code/WRFDA/WRFV3_3.9.1_preset_moves_sfc_coeff_param_estim/external/io_int -I/glade/work/nystrom/Code/WRFDA/WRFV3_3.9.1_preset_moves_sfc_coeff_param_estim/frame -I/glade/work/nystrom/Code/WRFDA/WRFV3_3.9.1_preset_moves_sfc_coeff_param_estim/share -I/glade/work/nystrom/Code/WRFDA/WRFV3_3.9.1_preset_moves_sfc_coeff_param_estim/phys -I/glade/work/nystrom/Code/WRFDA/WRFV3_3.9.1_preset_moves_sfc_coeff_param_estim/chem -I/glade/work/nystrom/Code/WRFDA/WRFV3_3.9.1_preset_moves_sfc_coeff_param_estim/inc -I/glade/u/apps/ch/opt/netcdf/4.7.3/intel/19.0.5//include  module_alloc_space_8.f90

real	0m0.604s
user	0m0.360s
sys	0m0.084s
rm -f module_alloc_space_9.o
/lib/cpp -P -nostdinc -I/glade/work/nystrom/Code/WRFDA/WRFV3_3.9.1_preset_moves_sfc_coeff_param_estim/inc -DEM_CORE=1 -DNMM_CORE=0 -DNMM_MAX_DIM=2600 -DCOAMPS_CORE=0 -DDA_CORE=0 -DEXP_CORE=0 -DIWORDSIZE=4 -DDWORDSIZE=8 -DRWORDSIZE=4 -DLWORDSIZE=4 -DNONSTANDARD_SYSTEM_FUNC  -DWRF_USE_CLM  -DDM_PARALLEL -DNETCDF -DMOVE_NESTS -DUSE_ALLOCATABLES -DGRIB1 -DINTIO -DKEEP_INT_AROUND -DLIMIT_ARGS -DCONFIG_BUF_LEN=65536 -DMAX_DOMAINS_F=21 -DMAX_HISTORY=25 -DNMM_NEST=0  -I. -traditional-cpp   module_alloc_space_9.F  > module_alloc_space_9.bb
/glade/work/nystrom/Code/WRFDA/WRFV3_3.9.1_preset_moves_sfc_coeff_param_estim/tools/standard.exe module_alloc_space_9.bb | /lib/cpp -P -nostdinc -traditional-cpp > module_alloc_space_9.f90
rm -f module_alloc_space_9.b module_alloc_space_9.bb
time mpif90 -f90=ifort -c -real-size `expr 8 \* 4` -i4  -O0 -fno-inline -no-ip -ip -fp-model precise -w -ftz -align all -fno-alias -FR -convert big_endian   -I../dyn_em -I../dyn_nmm   -I/glade/work/nystrom/Code/WRFDA/WRFV3_3.9.1_preset_moves_sfc_coeff_param_estim/external/esmf_time_f90  -I/glade/work/nystrom/Code/WRFDA/WRFV3_3.9.1_preset_moves_sfc_coeff_param_estim/main -I/glade/work/nystrom/Code/WRFDA/WRFV3_3.9.1_preset_moves_sfc_coeff_param_estim/external/io_netcdf -I/glade/work/nystrom/Code/WRFDA/WRFV3_3.9.1_preset_moves_sfc_coeff_param_estim/external/io_int -I/glade/work/nystrom/Code/WRFDA/WRFV3_3.9.1_preset_moves_sfc_coeff_param_estim/frame -I/glade/work/nystrom/Code/WRFDA/WRFV3_3.9.1_preset_moves_sfc_coeff_param_estim/share -I/glade/work/nystrom/Code/WRFDA/WRFV3_3.9.1_preset_moves_sfc_coeff_param_estim/phys -I/glade/work/nystrom/Code/WRFDA/WRFV3_3.9.1_preset_moves_sfc_coeff_param_estim/chem -I/glade/work/nystrom/Code/WRFDA/WRFV3_3.9.1_preset_moves_sfc_coeff_param_estim/inc -I/glade/u/apps/ch/opt/netcdf/4.7.3/intel/19.0.5//include  module_alloc_space_9.f90

real	0m0.664s
user	0m0.394s
sys	0m0.056s
/lib/cpp -P -nostdinc -DNNN=0 -I../inc -DNL_get_ROUTINES nl_access_routines.F > yy0.f90
time mpif90 -f90=ifort -o nl_get_0_routines.o -c -real-size `expr 8 \* 4` -i4 -O0 -fno-inline -no-ip -ip -fp-model precise -w -ftz -align all -fno-alias -FR -convert big_endian  -I../dyn_em -I../dyn_nmm   -I/glade/work/nystrom/Code/WRFDA/WRFV3_3.9.1_preset_moves_sfc_coeff_param_estim/external/esmf_time_f90  -I/glade/work/nystrom/Code/WRFDA/WRFV3_3.9.1_preset_moves_sfc_coeff_param_estim/main -I/glade/work/nystrom/Code/WRFDA/WRFV3_3.9.1_preset_moves_sfc_coeff_param_estim/external/io_netcdf -I/glade/work/nystrom/Code/WRFDA/WRFV3_3.9.1_preset_moves_sfc_coeff_param_estim/external/io_int -I/glade/work/nystrom/Code/WRFDA/WRFV3_3.9.1_preset_moves_sfc_coeff_param_estim/frame -I/glade/work/nystrom/Code/WRFDA/WRFV3_3.9.1_preset_moves_sfc_coeff_param_estim/share -I/glade/work/nystrom/Code/WRFDA/WRFV3_3.9.1_preset_moves_sfc_coeff_param_estim/phys -I/glade/work/nystrom/Code/WRFDA/WRFV3_3.9.1_preset_moves_sfc_coeff_param_estim/chem -I/glade/work/nystrom/Code/WRFDA/WRFV3_3.9.1_preset_moves_sfc_coeff_param_estim/inc -I/glade/u/apps/ch/opt/netcdf/4.7.3/intel/19.0.5//include   yy0.f90

real	0m5.458s
user	0m4.271s
sys	0m0.995s
rm -f yy0.f90
/lib/cpp -P -nostdinc -DNNN=1 -I../inc -DNL_get_ROUTINES nl_access_routines.F > yy1.f90
time mpif90 -f90=ifort -o nl_get_1_routines.o -c -real-size `expr 8 \* 4` -i4 -O0 -fno-inline -no-ip -ip -fp-model precise -w -ftz -align all -fno-alias -FR -convert big_endian  -I../dyn_em -I../dyn_nmm   -I/glade/work/nystrom/Code/WRFDA/WRFV3_3.9.1_preset_moves_sfc_coeff_param_estim/external/esmf_time_f90  -I/glade/work/nystrom/Code/WRFDA/WRFV3_3.9.1_preset_moves_sfc_coeff_param_estim/main -I/glade/work/nystrom/Code/WRFDA/WRFV3_3.9.1_preset_moves_sfc_coeff_param_estim/external/io_netcdf -I/glade/work/nystrom/Code/WRFDA/WRFV3_3.9.1_preset_moves_sfc_coeff_param_estim/external/io_int -I/glade/work/nystrom/Code/WRFDA/WRFV3_3.9.1_preset_moves_sfc_coeff_param_estim/frame -I/glade/work/nystrom/Code/WRFDA/WRFV3_3.9.1_preset_moves_sfc_coeff_param_estim/share -I/glade/work/nystrom/Code/WRFDA/WRFV3_3.9.1_preset_moves_sfc_coeff_param_estim/phys -I/glade/work/nystrom/Code/WRFDA/WRFV3_3.9.1_preset_moves_sfc_coeff_param_estim/chem -I/glade/work/nystrom/Code/WRFDA/WRFV3_3.9.1_preset_moves_sfc_coeff_param_estim/inc -I/glade/u/apps/ch/opt/netcdf/4.7.3/intel/19.0.5//include   yy1.f90

real	0m4.933s
user	0m3.834s
sys	0m0.953s
rm -f yy1.f90
/lib/cpp -P -nostdinc -DNNN=2 -I../inc -DNL_get_ROUTINES nl_access_routines.F > yy2.f90
time mpif90 -f90=ifort -o nl_get_2_routines.o -c -real-size `expr 8 \* 4` -i4 -O0 -fno-inline -no-ip -ip -fp-model precise -w -ftz -align all -fno-alias -FR -convert big_endian  -I../dyn_em -I../dyn_nmm   -I/glade/work/nystrom/Code/WRFDA/WRFV3_3.9.1_preset_moves_sfc_coeff_param_estim/external/esmf_time_f90  -I/glade/work/nystrom/Code/WRFDA/WRFV3_3.9.1_preset_moves_sfc_coeff_param_estim/main -I/glade/work/nystrom/Code/WRFDA/WRFV3_3.9.1_preset_moves_sfc_coeff_param_estim/external/io_netcdf -I/glade/work/nystrom/Code/WRFDA/WRFV3_3.9.1_preset_moves_sfc_coeff_param_estim/external/io_int -I/glade/work/nystrom/Code/WRFDA/WRFV3_3.9.1_preset_moves_sfc_coeff_param_estim/frame -I/glade/work/nystrom/Code/WRFDA/WRFV3_3.9.1_preset_moves_sfc_coeff_param_estim/share -I/glade/work/nystrom/Code/WRFDA/WRFV3_3.9.1_preset_moves_sfc_coeff_param_estim/phys -I/glade/work/nystrom/Code/WRFDA/WRFV3_3.9.1_preset_moves_sfc_coeff_param_estim/chem -I/glade/work/nystrom/Code/WRFDA/WRFV3_3.9.1_preset_moves_sfc_coeff_param_estim/inc -I/glade/u/apps/ch/opt/netcdf/4.7.3/intel/19.0.5//include   yy2.f90

real	0m5.824s
user	0m4.406s
sys	0m1.128s
rm -f yy2.f90
/lib/cpp -P -nostdinc -DNNN=3 -I../inc -DNL_get_ROUTINES nl_access_routines.F > yy3.f90
time mpif90 -f90=ifort -o nl_get_3_routines.o -c -real-size `expr 8 \* 4` -i4 -O0 -fno-inline -no-ip -ip -fp-model precise -w -ftz -align all -fno-alias -FR -convert big_endian  -I../dyn_em -I../dyn_nmm   -I/glade/work/nystrom/Code/WRFDA/WRFV3_3.9.1_preset_moves_sfc_coeff_param_estim/external/esmf_time_f90  -I/glade/work/nystrom/Code/WRFDA/WRFV3_3.9.1_preset_moves_sfc_coeff_param_estim/main -I/glade/work/nystrom/Code/WRFDA/WRFV3_3.9.1_preset_moves_sfc_coeff_param_estim/external/io_netcdf -I/glade/work/nystrom/Code/WRFDA/WRFV3_3.9.1_preset_moves_sfc_coeff_param_estim/external/io_int -I/glade/work/nystrom/Code/WRFDA/WRFV3_3.9.1_preset_moves_sfc_coeff_param_estim/frame -I/glade/work/nystrom/Code/WRFDA/WRFV3_3.9.1_preset_moves_sfc_coeff_param_estim/share -I/glade/work/nystrom/Code/WRFDA/WRFV3_3.9.1_preset_moves_sfc_coeff_param_estim/phys -I/glade/work/nystrom/Code/WRFDA/WRFV3_3.9.1_preset_moves_sfc_coeff_param_estim/chem -I/glade/work/nystrom/Code/WRFDA/WRFV3_3.9.1_preset_moves_sfc_coeff_param_estim/inc -I/glade/u/apps/ch/opt/netcdf/4.7.3/intel/19.0.5//include   yy3.f90

real	0m5.680s
user	0m4.595s
sys	0m0.932s
rm -f yy3.f90
/lib/cpp -P -nostdinc -DNNN=4 -I../inc -DNL_get_ROUTINES nl_access_routines.F > yy4.f90
time mpif90 -f90=ifort -o nl_get_4_routines.o -c -real-size `expr 8 \* 4` -i4 -O0 -fno-inline -no-ip -ip -fp-model precise -w -ftz -align all -fno-alias -FR -convert big_endian  -I../dyn_em -I../dyn_nmm   -I/glade/work/nystrom/Code/WRFDA/WRFV3_3.9.1_preset_moves_sfc_coeff_param_estim/external/esmf_time_f90  -I/glade/work/nystrom/Code/WRFDA/WRFV3_3.9.1_preset_moves_sfc_coeff_param_estim/main -I/glade/work/nystrom/Code/WRFDA/WRFV3_3.9.1_preset_moves_sfc_coeff_param_estim/external/io_netcdf -I/glade/work/nystrom/Code/WRFDA/WRFV3_3.9.1_preset_moves_sfc_coeff_param_estim/external/io_int -I/glade/work/nystrom/Code/WRFDA/WRFV3_3.9.1_preset_moves_sfc_coeff_param_estim/frame -I/glade/work/nystrom/Code/WRFDA/WRFV3_3.9.1_preset_moves_sfc_coeff_param_estim/share -I/glade/work/nystrom/Code/WRFDA/WRFV3_3.9.1_preset_moves_sfc_coeff_param_estim/phys -I/glade/work/nystrom/Code/WRFDA/WRFV3_3.9.1_preset_moves_sfc_coeff_param_estim/chem -I/glade/work/nystrom/Code/WRFDA/WRFV3_3.9.1_preset_moves_sfc_coeff_param_estim/inc -I/glade/u/apps/ch/opt/netcdf/4.7.3/intel/19.0.5//include   yy4.f90

real	0m29.755s
user	0m29.148s
sys	0m0.416s
/lib/cpp -P -nostdinc -DNNN=5 -I../inc -DNL_get_ROUTINES nl_access_routines.F > yy5.f90
time mpif90 -f90=ifort -o nl_get_5_routines.o -c -real-size `expr 8 \* 4` -i4 -O0 -fno-inline -no-ip -ip -fp-model precise -w -ftz -align all -fno-alias -FR -convert big_endian  -I../dyn_em -I../dyn_nmm   -I/glade/work/nystrom/Code/WRFDA/WRFV3_3.9.1_preset_moves_sfc_coeff_param_estim/external/esmf_time_f90  -I/glade/work/nystrom/Code/WRFDA/WRFV3_3.9.1_preset_moves_sfc_coeff_param_estim/main -I/glade/work/nystrom/Code/WRFDA/WRFV3_3.9.1_preset_moves_sfc_coeff_param_estim/external/io_netcdf -I/glade/work/nystrom/Code/WRFDA/WRFV3_3.9.1_preset_moves_sfc_coeff_param_estim/external/io_int -I/glade/work/nystrom/Code/WRFDA/WRFV3_3.9.1_preset_moves_sfc_coeff_param_estim/frame -I/glade/work/nystrom/Code/WRFDA/WRFV3_3.9.1_preset_moves_sfc_coeff_param_estim/share -I/glade/work/nystrom/Code/WRFDA/WRFV3_3.9.1_preset_moves_sfc_coeff_param_estim/phys -I/glade/work/nystrom/Code/WRFDA/WRFV3_3.9.1_preset_moves_sfc_coeff_param_estim/chem -I/glade/work/nystrom/Code/WRFDA/WRFV3_3.9.1_preset_moves_sfc_coeff_param_estim/inc -I/glade/u/apps/ch/opt/netcdf/4.7.3/intel/19.0.5//include   yy5.f90

real	0m5.398s
user	0m4.227s
sys	0m1.003s
rm -f yy4.f90
/lib/cpp -P -nostdinc -DNNN=6 -I../inc -DNL_get_ROUTINES nl_access_routines.F > yy6.f90
time mpif90 -f90=ifort -o nl_get_6_routines.o -c -real-size `expr 8 \* 4` -i4 -O0 -fno-inline -no-ip -ip -fp-model precise -w -ftz -align all -fno-alias -FR -convert big_endian  -I../dyn_em -I../dyn_nmm   -I/glade/work/nystrom/Code/WRFDA/WRFV3_3.9.1_preset_moves_sfc_coeff_param_estim/external/esmf_time_f90  -I/glade/work/nystrom/Code/WRFDA/WRFV3_3.9.1_preset_moves_sfc_coeff_param_estim/main -I/glade/work/nystrom/Code/WRFDA/WRFV3_3.9.1_preset_moves_sfc_coeff_param_estim/external/io_netcdf -I/glade/work/nystrom/Code/WRFDA/WRFV3_3.9.1_preset_moves_sfc_coeff_param_estim/external/io_int -I/glade/work/nystrom/Code/WRFDA/WRFV3_3.9.1_preset_moves_sfc_coeff_param_estim/frame -I/glade/work/nystrom/Code/WRFDA/WRFV3_3.9.1_preset_moves_sfc_coeff_param_estim/share -I/glade/work/nystrom/Code/WRFDA/WRFV3_3.9.1_preset_moves_sfc_coeff_param_estim/phys -I/glade/work/nystrom/Code/WRFDA/WRFV3_3.9.1_preset_moves_sfc_coeff_param_estim/chem -I/glade/work/nystrom/Code/WRFDA/WRFV3_3.9.1_preset_moves_sfc_coeff_param_estim/inc -I/glade/u/apps/ch/opt/netcdf/4.7.3/intel/19.0.5//include   yy6.f90

real	0m5.385s
user	0m4.291s
sys	0m0.937s
rm -f yy5.f90
/lib/cpp -P -nostdinc -DNNN=7 -I../inc -DNL_get_ROUTINES nl_access_routines.F > yy7.f90
time mpif90 -f90=ifort -o nl_get_7_routines.o -c -real-size `expr 8 \* 4` -i4 -O0 -fno-inline -no-ip -ip -fp-model precise -w -ftz -align all -fno-alias -FR -convert big_endian  -I../dyn_em -I../dyn_nmm   -I/glade/work/nystrom/Code/WRFDA/WRFV3_3.9.1_preset_moves_sfc_coeff_param_estim/external/esmf_time_f90  -I/glade/work/nystrom/Code/WRFDA/WRFV3_3.9.1_preset_moves_sfc_coeff_param_estim/main -I/glade/work/nystrom/Code/WRFDA/WRFV3_3.9.1_preset_moves_sfc_coeff_param_estim/external/io_netcdf -I/glade/work/nystrom/Code/WRFDA/WRFV3_3.9.1_preset_moves_sfc_coeff_param_estim/external/io_int -I/glade/work/nystrom/Code/WRFDA/WRFV3_3.9.1_preset_moves_sfc_coeff_param_estim/frame -I/glade/work/nystrom/Code/WRFDA/WRFV3_3.9.1_preset_moves_sfc_coeff_param_estim/share -I/glade/work/nystrom/Code/WRFDA/WRFV3_3.9.1_preset_moves_sfc_coeff_param_estim/phys -I/glade/work/nystrom/Code/WRFDA/WRFV3_3.9.1_preset_moves_sfc_coeff_param_estim/chem -I/glade/work/nystrom/Code/WRFDA/WRFV3_3.9.1_preset_moves_sfc_coeff_param_estim/inc -I/glade/u/apps/ch/opt/netcdf/4.7.3/intel/19.0.5//include   yy7.f90

real	0m5.597s
user	0m4.382s
sys	0m1.074s
rm -f yy6.f90
/lib/cpp -P -nostdinc -DNNN=0 -I../inc -DNL_set_ROUTINES nl_access_routines.F > xx0.f90
time mpif90 -f90=ifort -o nl_set_0_routines.o -c -real-size `expr 8 \* 4` -i4 -O0 -fno-inline -no-ip -ip -fp-model precise -w -ftz -align all -fno-alias -FR -convert big_endian  -I../dyn_em -I../dyn_nmm   -I/glade/work/nystrom/Code/WRFDA/WRFV3_3.9.1_preset_moves_sfc_coeff_param_estim/external/esmf_time_f90  -I/glade/work/nystrom/Code/WRFDA/WRFV3_3.9.1_preset_moves_sfc_coeff_param_estim/main -I/glade/work/nystrom/Code/WRFDA/WRFV3_3.9.1_preset_moves_sfc_coeff_param_estim/external/io_netcdf -I/glade/work/nystrom/Code/WRFDA/WRFV3_3.9.1_preset_moves_sfc_coeff_param_estim/external/io_int -I/glade/work/nystrom/Code/WRFDA/WRFV3_3.9.1_preset_moves_sfc_coeff_param_estim/frame -I/glade/work/nystrom/Code/WRFDA/WRFV3_3.9.1_preset_moves_sfc_coeff_param_estim/share -I/glade/work/nystrom/Code/WRFDA/WRFV3_3.9.1_preset_moves_sfc_coeff_param_estim/phys -I/glade/work/nystrom/Code/WRFDA/WRFV3_3.9.1_preset_moves_sfc_coeff_param_estim/chem -I/glade/work/nystrom/Code/WRFDA/WRFV3_3.9.1_preset_moves_sfc_coeff_param_estim/inc -I/glade/u/apps/ch/opt/netcdf/4.7.3/intel/19.0.5//include   xx0.f90

real	0m5.228s
user	0m4.105s
sys	0m0.937s
rm -f yy7.f90
/lib/cpp -P -nostdinc -DNNN=1 -I../inc -DNL_set_ROUTINES nl_access_routines.F > xx1.f90
time mpif90 -f90=ifort -o nl_set_1_routines.o -c -real-size `expr 8 \* 4` -i4 -O0 -fno-inline -no-ip -ip -fp-model precise -w -ftz -align all -fno-alias -FR -convert big_endian  -I../dyn_em -I../dyn_nmm   -I/glade/work/nystrom/Code/WRFDA/WRFV3_3.9.1_preset_moves_sfc_coeff_param_estim/external/esmf_time_f90  -I/glade/work/nystrom/Code/WRFDA/WRFV3_3.9.1_preset_moves_sfc_coeff_param_estim/main -I/glade/work/nystrom/Code/WRFDA/WRFV3_3.9.1_preset_moves_sfc_coeff_param_estim/external/io_netcdf -I/glade/work/nystrom/Code/WRFDA/WRFV3_3.9.1_preset_moves_sfc_coeff_param_estim/external/io_int -I/glade/work/nystrom/Code/WRFDA/WRFV3_3.9.1_preset_moves_sfc_coeff_param_estim/frame -I/glade/work/nystrom/Code/WRFDA/WRFV3_3.9.1_preset_moves_sfc_coeff_param_estim/share -I/glade/work/nystrom/Code/WRFDA/WRFV3_3.9.1_preset_moves_sfc_coeff_param_estim/phys -I/glade/work/nystrom/Code/WRFDA/WRFV3_3.9.1_preset_moves_sfc_coeff_param_estim/chem -I/glade/work/nystrom/Code/WRFDA/WRFV3_3.9.1_preset_moves_sfc_coeff_param_estim/inc -I/glade/u/apps/ch/opt/netcdf/4.7.3/intel/19.0.5//include   xx1.f90

real	0m5.159s
user	0m4.030s
sys	0m0.967s
rm -f xx0.f90
/lib/cpp -P -nostdinc -DNNN=2 -I../inc -DNL_set_ROUTINES nl_access_routines.F > xx2.f90
time mpif90 -f90=ifort -o nl_set_2_routines.o -c -real-size `expr 8 \* 4` -i4 -O0 -fno-inline -no-ip -ip -fp-model precise -w -ftz -align all -fno-alias -FR -convert big_endian  -I../dyn_em -I../dyn_nmm   -I/glade/work/nystrom/Code/WRFDA/WRFV3_3.9.1_preset_moves_sfc_coeff_param_estim/external/esmf_time_f90  -I/glade/work/nystrom/Code/WRFDA/WRFV3_3.9.1_preset_moves_sfc_coeff_param_estim/main -I/glade/work/nystrom/Code/WRFDA/WRFV3_3.9.1_preset_moves_sfc_coeff_param_estim/external/io_netcdf -I/glade/work/nystrom/Code/WRFDA/WRFV3_3.9.1_preset_moves_sfc_coeff_param_estim/external/io_int -I/glade/work/nystrom/Code/WRFDA/WRFV3_3.9.1_preset_moves_sfc_coeff_param_estim/frame -I/glade/work/nystrom/Code/WRFDA/WRFV3_3.9.1_preset_moves_sfc_coeff_param_estim/share -I/glade/work/nystrom/Code/WRFDA/WRFV3_3.9.1_preset_moves_sfc_coeff_param_estim/phys -I/glade/work/nystrom/Code/WRFDA/WRFV3_3.9.1_preset_moves_sfc_coeff_param_estim/chem -I/glade/work/nystrom/Code/WRFDA/WRFV3_3.9.1_preset_moves_sfc_coeff_param_estim/inc -I/glade/u/apps/ch/opt/netcdf/4.7.3/intel/19.0.5//include   xx2.f90

real	0m5.173s
user	0m4.034s
sys	0m0.972s
rm -f xx1.f90
/lib/cpp -P -nostdinc -DNNN=3 -I../inc -DNL_set_ROUTINES nl_access_routines.F > xx3.f90
time mpif90 -f90=ifort -o nl_set_3_routines.o -c -real-size `expr 8 \* 4` -i4 -O0 -fno-inline -no-ip -ip -fp-model precise -w -ftz -align all -fno-alias -FR -convert big_endian  -I../dyn_em -I../dyn_nmm   -I/glade/work/nystrom/Code/WRFDA/WRFV3_3.9.1_preset_moves_sfc_coeff_param_estim/external/esmf_time_f90  -I/glade/work/nystrom/Code/WRFDA/WRFV3_3.9.1_preset_moves_sfc_coeff_param_estim/main -I/glade/work/nystrom/Code/WRFDA/WRFV3_3.9.1_preset_moves_sfc_coeff_param_estim/external/io_netcdf -I/glade/work/nystrom/Code/WRFDA/WRFV3_3.9.1_preset_moves_sfc_coeff_param_estim/external/io_int -I/glade/work/nystrom/Code/WRFDA/WRFV3_3.9.1_preset_moves_sfc_coeff_param_estim/frame -I/glade/work/nystrom/Code/WRFDA/WRFV3_3.9.1_preset_moves_sfc_coeff_param_estim/share -I/glade/work/nystrom/Code/WRFDA/WRFV3_3.9.1_preset_moves_sfc_coeff_param_estim/phys -I/glade/work/nystrom/Code/WRFDA/WRFV3_3.9.1_preset_moves_sfc_coeff_param_estim/chem -I/glade/work/nystrom/Code/WRFDA/WRFV3_3.9.1_preset_moves_sfc_coeff_param_estim/inc -I/glade/u/apps/ch/opt/netcdf/4.7.3/intel/19.0.5//include   xx3.f90

real	0m5.838s
user	0m4.435s
sys	0m1.233s
rm -f xx2.f90
/lib/cpp -P -nostdinc -DNNN=4 -I../inc -DNL_set_ROUTINES nl_access_routines.F > xx4.f90
time mpif90 -f90=ifort -o nl_set_4_routines.o -c -real-size `expr 8 \* 4` -i4 -O0 -fno-inline -no-ip -ip -fp-model precise -w -ftz -align all -fno-alias -FR -convert big_endian  -I../dyn_em -I../dyn_nmm   -I/glade/work/nystrom/Code/WRFDA/WRFV3_3.9.1_preset_moves_sfc_coeff_param_estim/external/esmf_time_f90  -I/glade/work/nystrom/Code/WRFDA/WRFV3_3.9.1_preset_moves_sfc_coeff_param_estim/main -I/glade/work/nystrom/Code/WRFDA/WRFV3_3.9.1_preset_moves_sfc_coeff_param_estim/external/io_netcdf -I/glade/work/nystrom/Code/WRFDA/WRFV3_3.9.1_preset_moves_sfc_coeff_param_estim/external/io_int -I/glade/work/nystrom/Code/WRFDA/WRFV3_3.9.1_preset_moves_sfc_coeff_param_estim/frame -I/glade/work/nystrom/Code/WRFDA/WRFV3_3.9.1_preset_moves_sfc_coeff_param_estim/share -I/glade/work/nystrom/Code/WRFDA/WRFV3_3.9.1_preset_moves_sfc_coeff_param_estim/phys -I/glade/work/nystrom/Code/WRFDA/WRFV3_3.9.1_preset_moves_sfc_coeff_param_estim/chem -I/glade/work/nystrom/Code/WRFDA/WRFV3_3.9.1_preset_moves_sfc_coeff_param_estim/inc -I/glade/u/apps/ch/opt/netcdf/4.7.3/intel/19.0.5//include   xx4.f90

real	0m5.699s
user	0m4.516s
sys	0m1.034s
rm -f xx3.f90
/lib/cpp -P -nostdinc -DNNN=5 -I../inc -DNL_set_ROUTINES nl_access_routines.F > xx5.f90
time mpif90 -f90=ifort -o nl_set_5_routines.o -c -real-size `expr 8 \* 4` -i4 -O0 -fno-inline -no-ip -ip -fp-model precise -w -ftz -align all -fno-alias -FR -convert big_endian  -I../dyn_em -I../dyn_nmm   -I/glade/work/nystrom/Code/WRFDA/WRFV3_3.9.1_preset_moves_sfc_coeff_param_estim/external/esmf_time_f90  -I/glade/work/nystrom/Code/WRFDA/WRFV3_3.9.1_preset_moves_sfc_coeff_param_estim/main -I/glade/work/nystrom/Code/WRFDA/WRFV3_3.9.1_preset_moves_sfc_coeff_param_estim/external/io_netcdf -I/glade/work/nystrom/Code/WRFDA/WRFV3_3.9.1_preset_moves_sfc_coeff_param_estim/external/io_int -I/glade/work/nystrom/Code/WRFDA/WRFV3_3.9.1_preset_moves_sfc_coeff_param_estim/frame -I/glade/work/nystrom/Code/WRFDA/WRFV3_3.9.1_preset_moves_sfc_coeff_param_estim/share -I/glade/work/nystrom/Code/WRFDA/WRFV3_3.9.1_preset_moves_sfc_coeff_param_estim/phys -I/glade/work/nystrom/Code/WRFDA/WRFV3_3.9.1_preset_moves_sfc_coeff_param_estim/chem -I/glade/work/nystrom/Code/WRFDA/WRFV3_3.9.1_preset_moves_sfc_coeff_param_estim/inc -I/glade/u/apps/ch/opt/netcdf/4.7.3/intel/19.0.5//include   xx5.f90

real	0m5.657s
user	0m4.472s
sys	0m1.066s
rm -f xx4.f90
/lib/cpp -P -nostdinc -DNNN=6 -I../inc -DNL_set_ROUTINES nl_access_routines.F > xx6.f90
time mpif90 -f90=ifort -o nl_set_6_routines.o -c -real-size `expr 8 \* 4` -i4 -O0 -fno-inline -no-ip -ip -fp-model precise -w -ftz -align all -fno-alias -FR -convert big_endian  -I../dyn_em -I../dyn_nmm   -I/glade/work/nystrom/Code/WRFDA/WRFV3_3.9.1_preset_moves_sfc_coeff_param_estim/external/esmf_time_f90  -I/glade/work/nystrom/Code/WRFDA/WRFV3_3.9.1_preset_moves_sfc_coeff_param_estim/main -I/glade/work/nystrom/Code/WRFDA/WRFV3_3.9.1_preset_moves_sfc_coeff_param_estim/external/io_netcdf -I/glade/work/nystrom/Code/WRFDA/WRFV3_3.9.1_preset_moves_sfc_coeff_param_estim/external/io_int -I/glade/work/nystrom/Code/WRFDA/WRFV3_3.9.1_preset_moves_sfc_coeff_param_estim/frame -I/glade/work/nystrom/Code/WRFDA/WRFV3_3.9.1_preset_moves_sfc_coeff_param_estim/share -I/glade/work/nystrom/Code/WRFDA/WRFV3_3.9.1_preset_moves_sfc_coeff_param_estim/phys -I/glade/work/nystrom/Code/WRFDA/WRFV3_3.9.1_preset_moves_sfc_coeff_param_estim/chem -I/glade/work/nystrom/Code/WRFDA/WRFV3_3.9.1_preset_moves_sfc_coeff_param_estim/inc -I/glade/u/apps/ch/opt/netcdf/4.7.3/intel/19.0.5//include   xx6.f90

real	0m5.598s
user	0m4.370s
sys	0m1.107s
rm -f xx5.f90
/lib/cpp -P -nostdinc -DNNN=7 -I../inc -DNL_set_ROUTINES nl_access_routines.F > xx7.f90
time mpif90 -f90=ifort -o nl_set_7_routines.o -c -real-size `expr 8 \* 4` -i4 -O0 -fno-inline -no-ip -ip -fp-model precise -w -ftz -align all -fno-alias -FR -convert big_endian  -I../dyn_em -I../dyn_nmm   -I/glade/work/nystrom/Code/WRFDA/WRFV3_3.9.1_preset_moves_sfc_coeff_param_estim/external/esmf_time_f90  -I/glade/work/nystrom/Code/WRFDA/WRFV3_3.9.1_preset_moves_sfc_coeff_param_estim/main -I/glade/work/nystrom/Code/WRFDA/WRFV3_3.9.1_preset_moves_sfc_coeff_param_estim/external/io_netcdf -I/glade/work/nystrom/Code/WRFDA/WRFV3_3.9.1_preset_moves_sfc_coeff_param_estim/external/io_int -I/glade/work/nystrom/Code/WRFDA/WRFV3_3.9.1_preset_moves_sfc_coeff_param_estim/frame -I/glade/work/nystrom/Code/WRFDA/WRFV3_3.9.1_preset_moves_sfc_coeff_param_estim/share -I/glade/work/nystrom/Code/WRFDA/WRFV3_3.9.1_preset_moves_sfc_coeff_param_estim/phys -I/glade/work/nystrom/Code/WRFDA/WRFV3_3.9.1_preset_moves_sfc_coeff_param_estim/chem -I/glade/work/nystrom/Code/WRFDA/WRFV3_3.9.1_preset_moves_sfc_coeff_param_estim/inc -I/glade/u/apps/ch/opt/netcdf/4.7.3/intel/19.0.5//include   xx7.f90

real	0m6.008s
user	0m4.933s
sys	0m0.891s
rm -f xx6.f90
rm -f module_domain.o
/lib/cpp -P -nostdinc -I/glade/work/nystrom/Code/WRFDA/WRFV3_3.9.1_preset_moves_sfc_coeff_param_estim/inc -DEM_CORE=1 -DNMM_CORE=0 -DNMM_MAX_DIM=2600 -DCOAMPS_CORE=0 -DDA_CORE=0 -DEXP_CORE=0 -DIWORDSIZE=4 -DDWORDSIZE=8 -DRWORDSIZE=4 -DLWORDSIZE=4 -DNONSTANDARD_SYSTEM_FUNC  -DWRF_USE_CLM  -DDM_PARALLEL -DNETCDF -DMOVE_NESTS -DUSE_ALLOCATABLES -DGRIB1 -DINTIO -DKEEP_INT_AROUND -DLIMIT_ARGS -DCONFIG_BUF_LEN=65536 -DMAX_DOMAINS_F=21 -DMAX_HISTORY=25 -DNMM_NEST=0  -I. -traditional-cpp   module_domain.F  > module_domain.bb
/glade/work/nystrom/Code/WRFDA/WRFV3_3.9.1_preset_moves_sfc_coeff_param_estim/tools/standard.exe module_domain.bb | /lib/cpp -P -nostdinc -traditional-cpp > module_domain.f90
rm -f module_domain.b module_domain.bb
time mpif90 -f90=ifort -c -real-size `expr 8 \* 4` -i4  -O0 -fno-inline -no-ip -ip -fp-model precise -w -ftz -align all -fno-alias -FR -convert big_endian   -I../dyn_em -I../dyn_nmm   -I/glade/work/nystrom/Code/WRFDA/WRFV3_3.9.1_preset_moves_sfc_coeff_param_estim/external/esmf_time_f90  -I/glade/work/nystrom/Code/WRFDA/WRFV3_3.9.1_preset_moves_sfc_coeff_param_estim/main -I/glade/work/nystrom/Code/WRFDA/WRFV3_3.9.1_preset_moves_sfc_coeff_param_estim/external/io_netcdf -I/glade/work/nystrom/Code/WRFDA/WRFV3_3.9.1_preset_moves_sfc_coeff_param_estim/external/io_int -I/glade/work/nystrom/Code/WRFDA/WRFV3_3.9.1_preset_moves_sfc_coeff_param_estim/frame -I/glade/work/nystrom/Code/WRFDA/WRFV3_3.9.1_preset_moves_sfc_coeff_param_estim/share -I/glade/work/nystrom/Code/WRFDA/WRFV3_3.9.1_preset_moves_sfc_coeff_param_estim/phys -I/glade/work/nystrom/Code/WRFDA/WRFV3_3.9.1_preset_moves_sfc_coeff_param_estim/chem -I/glade/work/nystrom/Code/WRFDA/WRFV3_3.9.1_preset_moves_sfc_coeff_param_estim/inc -I/glade/u/apps/ch/opt/netcdf/4.7.3/intel/19.0.5//include  module_domain.f90

real	0m5.213s
user	0m4.015s
sys	0m1.066s
rm -f xx7.f90

real	0m11.006s
user	0m10.016s
sys	0m0.380s
rm -f module_nesting.o
rm -f module_cpl_oasis3.o
sed -e "s/grid%mu/gridmu/g" -e "s/grid%Mu/gridMu/g" -e "s/^\!.*'.*//" -e "s/^ *\!.*'.*//" module_nesting.F > module_nesting.G
sed -e "s/grid%mu/gridmu/g" -e "s/grid%Mu/gridMu/g" -e "s/^\!.*'.*//" -e "s/^ *\!.*'.*//" module_cpl_oasis3.F > module_cpl_oasis3.G
/lib/cpp -P -nostdinc -I/glade/work/nystrom/Code/WRFDA/WRFV3_3.9.1_preset_moves_sfc_coeff_param_estim/inc -DEM_CORE=1 -DNMM_CORE=0 -DNMM_MAX_DIM=2600 -DCOAMPS_CORE=0 -DDA_CORE=0 -DEXP_CORE=0 -DIWORDSIZE=4 -DDWORDSIZE=8 -DRWORDSIZE=4 -DLWORDSIZE=4 -DNONSTANDARD_SYSTEM_FUNC  -DWRF_USE_CLM  -DDM_PARALLEL -DNETCDF -DMOVE_NESTS -DUSE_ALLOCATABLES -DGRIB1 -DINTIO -DKEEP_INT_AROUND -DLIMIT_ARGS -DCONFIG_BUF_LEN=65536 -DMAX_DOMAINS_F=21 -DMAX_HISTORY=25 -DNMM_NEST=0  -I. -traditional-cpp   module_nesting.G  > module_nesting.H
/lib/cpp -P -nostdinc -I/glade/work/nystrom/Code/WRFDA/WRFV3_3.9.1_preset_moves_sfc_coeff_param_estim/inc -DEM_CORE=1 -DNMM_CORE=0 -DNMM_MAX_DIM=2600 -DCOAMPS_CORE=0 -DDA_CORE=0 -DEXP_CORE=0 -DIWORDSIZE=4 -DDWORDSIZE=8 -DRWORDSIZE=4 -DLWORDSIZE=4 -DNONSTANDARD_SYSTEM_FUNC  -DWRF_USE_CLM  -DDM_PARALLEL -DNETCDF -DMOVE_NESTS -DUSE_ALLOCATABLES -DGRIB1 -DINTIO -DKEEP_INT_AROUND -DLIMIT_ARGS -DCONFIG_BUF_LEN=65536 -DMAX_DOMAINS_F=21 -DMAX_HISTORY=25 -DNMM_NEST=0  -I. -traditional-cpp   module_cpl_oasis3.G  > module_cpl_oasis3.H
sed -e "s/gridmu/grid%mu/g" -e "s/gridMu/grid%Mu/g" module_nesting.H > module_nesting.bb
/glade/work/nystrom/Code/WRFDA/WRFV3_3.9.1_preset_moves_sfc_coeff_param_estim/tools/standard.exe module_nesting.bb | /lib/cpp -P -nostdinc -traditional-cpp > module_nesting.f90
sed -e "s/gridmu/grid%mu/g" -e "s/gridMu/grid%Mu/g" module_cpl_oasis3.H > module_cpl_oasis3.bb
rm -f module_nesting.G module_nesting.H module_nesting.bb
/glade/work/nystrom/Code/WRFDA/WRFV3_3.9.1_preset_moves_sfc_coeff_param_estim/tools/standard.exe module_cpl_oasis3.bb | /lib/cpp -P -nostdinc -traditional-cpp > module_cpl_oasis3.f90
time mpif90 -f90=ifort -o module_nesting.o -c -O3 -ip -fp-model precise -w -ftz -align all -fno-alias -FR -convert big_endian    -I../dyn_em -I../dyn_nmm   -I/glade/work/nystrom/Code/WRFDA/WRFV3_3.9.1_preset_moves_sfc_coeff_param_estim/external/esmf_time_f90  -I/glade/work/nystrom/Code/WRFDA/WRFV3_3.9.1_preset_moves_sfc_coeff_param_estim/main -I/glade/work/nystrom/Code/WRFDA/WRFV3_3.9.1_preset_moves_sfc_coeff_param_estim/external/io_netcdf -I/glade/work/nystrom/Code/WRFDA/WRFV3_3.9.1_preset_moves_sfc_coeff_param_estim/external/io_int -I/glade/work/nystrom/Code/WRFDA/WRFV3_3.9.1_preset_moves_sfc_coeff_param_estim/frame -I/glade/work/nystrom/Code/WRFDA/WRFV3_3.9.1_preset_moves_sfc_coeff_param_estim/share -I/glade/work/nystrom/Code/WRFDA/WRFV3_3.9.1_preset_moves_sfc_coeff_param_estim/phys -I/glade/work/nystrom/Code/WRFDA/WRFV3_3.9.1_preset_moves_sfc_coeff_param_estim/chem -I/glade/work/nystrom/Code/WRFDA/WRFV3_3.9.1_preset_moves_sfc_coeff_param_estim/inc -I/glade/u/apps/ch/opt/netcdf/4.7.3/intel/19.0.5//include  -real-size `expr 8 \* 4` -i4  module_nesting.f90
rm -f module_cpl_oasis3.G module_cpl_oasis3.H module_cpl_oasis3.bb
time mpif90 -f90=ifort -o module_cpl_oasis3.o -c -O3 -ip -fp-model precise -w -ftz -align all -fno-alias -FR -convert big_endian    -I../dyn_em -I../dyn_nmm   -I/glade/work/nystrom/Code/WRFDA/WRFV3_3.9.1_preset_moves_sfc_coeff_param_estim/external/esmf_time_f90  -I/glade/work/nystrom/Code/WRFDA/WRFV3_3.9.1_preset_moves_sfc_coeff_param_estim/main -I/glade/work/nystrom/Code/WRFDA/WRFV3_3.9.1_preset_moves_sfc_coeff_param_estim/external/io_netcdf -I/glade/work/nystrom/Code/WRFDA/WRFV3_3.9.1_preset_moves_sfc_coeff_param_estim/external/io_int -I/glade/work/nystrom/Code/WRFDA/WRFV3_3.9.1_preset_moves_sfc_coeff_param_estim/frame -I/glade/work/nystrom/Code/WRFDA/WRFV3_3.9.1_preset_moves_sfc_coeff_param_estim/share -I/glade/work/nystrom/Code/WRFDA/WRFV3_3.9.1_preset_moves_sfc_coeff_param_estim/phys -I/glade/work/nystrom/Code/WRFDA/WRFV3_3.9.1_preset_moves_sfc_coeff_param_estim/chem -I/glade/work/nystrom/Code/WRFDA/WRFV3_3.9.1_preset_moves_sfc_coeff_param_estim/inc -I/glade/u/apps/ch/opt/netcdf/4.7.3/intel/19.0.5//include  -real-size `expr 8 \* 4` -i4  module_cpl_oasis3.f90

real	0m0.656s
user	0m0.439s
sys	0m0.098s
rm -f module_comm_nesting_dm.o
/lib/cpp -P -nostdinc -I/glade/work/nystrom/Code/WRFDA/WRFV3_3.9.1_preset_moves_sfc_coeff_param_estim/inc -DEM_CORE=1 -DNMM_CORE=0 -DNMM_MAX_DIM=2600 -DCOAMPS_CORE=0 -DDA_CORE=0 -DEXP_CORE=0 -DIWORDSIZE=4 -DDWORDSIZE=8 -DRWORDSIZE=4 -DLWORDSIZE=4 -DNONSTANDARD_SYSTEM_FUNC  -DWRF_USE_CLM  -DDM_PARALLEL -DNETCDF -DMOVE_NESTS -DUSE_ALLOCATABLES -DGRIB1 -DINTIO -DKEEP_INT_AROUND -DLIMIT_ARGS -DCONFIG_BUF_LEN=65536 -DMAX_DOMAINS_F=21 -DMAX_HISTORY=25 -DNMM_NEST=0  -I. -traditional-cpp   module_comm_nesting_dm.F  > module_comm_nesting_dm.bb

real	0m0.746s
user	0m0.538s
sys	0m0.093s
rm -f module_comm_dm_0.o
/lib/cpp -P -nostdinc -I/glade/work/nystrom/Code/WRFDA/WRFV3_3.9.1_preset_moves_sfc_coeff_param_estim/inc -DEM_CORE=1 -DNMM_CORE=0 -DNMM_MAX_DIM=2600 -DCOAMPS_CORE=0 -DDA_CORE=0 -DEXP_CORE=0 -DIWORDSIZE=4 -DDWORDSIZE=8 -DRWORDSIZE=4 -DLWORDSIZE=4 -DNONSTANDARD_SYSTEM_FUNC  -DWRF_USE_CLM  -DDM_PARALLEL -DNETCDF -DMOVE_NESTS -DUSE_ALLOCATABLES -DGRIB1 -DINTIO -DKEEP_INT_AROUND -DLIMIT_ARGS -DCONFIG_BUF_LEN=65536 -DMAX_DOMAINS_F=21 -DMAX_HISTORY=25 -DNMM_NEST=0  -I. -traditional-cpp   module_comm_dm_0.F  > module_comm_dm_0.bb
/glade/work/nystrom/Code/WRFDA/WRFV3_3.9.1_preset_moves_sfc_coeff_param_estim/tools/standard.exe module_comm_nesting_dm.bb | /lib/cpp -P -nostdinc -traditional-cpp > module_comm_nesting_dm.f90
/glade/work/nystrom/Code/WRFDA/WRFV3_3.9.1_preset_moves_sfc_coeff_param_estim/tools/standard.exe module_comm_dm_0.bb | /lib/cpp -P -nostdinc -traditional-cpp > module_comm_dm_0.f90
rm -f module_comm_nesting_dm.b module_comm_nesting_dm.bb
time mpif90 -f90=ifort -c -real-size `expr 8 \* 4` -i4  -O0 -fno-inline -no-ip -ip -fp-model precise -w -ftz -align all -fno-alias -FR -convert big_endian   -I../dyn_em -I../dyn_nmm   -I/glade/work/nystrom/Code/WRFDA/WRFV3_3.9.1_preset_moves_sfc_coeff_param_estim/external/esmf_time_f90  -I/glade/work/nystrom/Code/WRFDA/WRFV3_3.9.1_preset_moves_sfc_coeff_param_estim/main -I/glade/work/nystrom/Code/WRFDA/WRFV3_3.9.1_preset_moves_sfc_coeff_param_estim/external/io_netcdf -I/glade/work/nystrom/Code/WRFDA/WRFV3_3.9.1_preset_moves_sfc_coeff_param_estim/external/io_int -I/glade/work/nystrom/Code/WRFDA/WRFV3_3.9.1_preset_moves_sfc_coeff_param_estim/frame -I/glade/work/nystrom/Code/WRFDA/WRFV3_3.9.1_preset_moves_sfc_coeff_param_estim/share -I/glade/work/nystrom/Code/WRFDA/WRFV3_3.9.1_preset_moves_sfc_coeff_param_estim/phys -I/glade/work/nystrom/Code/WRFDA/WRFV3_3.9.1_preset_moves_sfc_coeff_param_estim/chem -I/glade/work/nystrom/Code/WRFDA/WRFV3_3.9.1_preset_moves_sfc_coeff_param_estim/inc -I/glade/u/apps/ch/opt/netcdf/4.7.3/intel/19.0.5//include  module_comm_nesting_dm.f90
rm -f module_comm_dm_0.b module_comm_dm_0.bb
time mpif90 -f90=ifort -c -real-size `expr 8 \* 4` -i4  -O0 -fno-inline -no-ip -ip -fp-model precise -w -ftz -align all -fno-alias -FR -convert big_endian   -I../dyn_em -I../dyn_nmm   -I/glade/work/nystrom/Code/WRFDA/WRFV3_3.9.1_preset_moves_sfc_coeff_param_estim/external/esmf_time_f90  -I/glade/work/nystrom/Code/WRFDA/WRFV3_3.9.1_preset_moves_sfc_coeff_param_estim/main -I/glade/work/nystrom/Code/WRFDA/WRFV3_3.9.1_preset_moves_sfc_coeff_param_estim/external/io_netcdf -I/glade/work/nystrom/Code/WRFDA/WRFV3_3.9.1_preset_moves_sfc_coeff_param_estim/external/io_int -I/glade/work/nystrom/Code/WRFDA/WRFV3_3.9.1_preset_moves_sfc_coeff_param_estim/frame -I/glade/work/nystrom/Code/WRFDA/WRFV3_3.9.1_preset_moves_sfc_coeff_param_estim/share -I/glade/work/nystrom/Code/WRFDA/WRFV3_3.9.1_preset_moves_sfc_coeff_param_estim/phys -I/glade/work/nystrom/Code/WRFDA/WRFV3_3.9.1_preset_moves_sfc_coeff_param_estim/chem -I/glade/work/nystrom/Code/WRFDA/WRFV3_3.9.1_preset_moves_sfc_coeff_param_estim/inc -I/glade/u/apps/ch/opt/netcdf/4.7.3/intel/19.0.5//include  module_comm_dm_0.f90

real	0m10.319s
user	0m9.814s
sys	0m0.372s
rm -f module_comm_dm_1.o
/lib/cpp -P -nostdinc -I/glade/work/nystrom/Code/WRFDA/WRFV3_3.9.1_preset_moves_sfc_coeff_param_estim/inc -DEM_CORE=1 -DNMM_CORE=0 -DNMM_MAX_DIM=2600 -DCOAMPS_CORE=0 -DDA_CORE=0 -DEXP_CORE=0 -DIWORDSIZE=4 -DDWORDSIZE=8 -DRWORDSIZE=4 -DLWORDSIZE=4 -DNONSTANDARD_SYSTEM_FUNC  -DWRF_USE_CLM  -DDM_PARALLEL -DNETCDF -DMOVE_NESTS -DUSE_ALLOCATABLES -DGRIB1 -DINTIO -DKEEP_INT_AROUND -DLIMIT_ARGS -DCONFIG_BUF_LEN=65536 -DMAX_DOMAINS_F=21 -DMAX_HISTORY=25 -DNMM_NEST=0  -I. -traditional-cpp   module_comm_dm_1.F  > module_comm_dm_1.bb
/glade/work/nystrom/Code/WRFDA/WRFV3_3.9.1_preset_moves_sfc_coeff_param_estim/tools/standard.exe module_comm_dm_1.bb | /lib/cpp -P -nostdinc -traditional-cpp > module_comm_dm_1.f90
rm -f module_comm_dm_1.b module_comm_dm_1.bb
time mpif90 -f90=ifort -c -real-size `expr 8 \* 4` -i4  -O0 -fno-inline -no-ip -ip -fp-model precise -w -ftz -align all -fno-alias -FR -convert big_endian   -I../dyn_em -I../dyn_nmm   -I/glade/work/nystrom/Code/WRFDA/WRFV3_3.9.1_preset_moves_sfc_coeff_param_estim/external/esmf_time_f90  -I/glade/work/nystrom/Code/WRFDA/WRFV3_3.9.1_preset_moves_sfc_coeff_param_estim/main -I/glade/work/nystrom/Code/WRFDA/WRFV3_3.9.1_preset_moves_sfc_coeff_param_estim/external/io_netcdf -I/glade/work/nystrom/Code/WRFDA/WRFV3_3.9.1_preset_moves_sfc_coeff_param_estim/external/io_int -I/glade/work/nystrom/Code/WRFDA/WRFV3_3.9.1_preset_moves_sfc_coeff_param_estim/frame -I/glade/work/nystrom/Code/WRFDA/WRFV3_3.9.1_preset_moves_sfc_coeff_param_estim/share -I/glade/work/nystrom/Code/WRFDA/WRFV3_3.9.1_preset_moves_sfc_coeff_param_estim/phys -I/glade/work/nystrom/Code/WRFDA/WRFV3_3.9.1_preset_moves_sfc_coeff_param_estim/chem -I/glade/work/nystrom/Code/WRFDA/WRFV3_3.9.1_preset_moves_sfc_coeff_param_estim/inc -I/glade/u/apps/ch/opt/netcdf/4.7.3/intel/19.0.5//include  module_comm_dm_1.f90

real	0m46.192s
user	0m45.486s
sys	0m0.557s
rm -f module_comm_dm_2.o
/lib/cpp -P -nostdinc -I/glade/work/nystrom/Code/WRFDA/WRFV3_3.9.1_preset_moves_sfc_coeff_param_estim/inc -DEM_CORE=1 -DNMM_CORE=0 -DNMM_MAX_DIM=2600 -DCOAMPS_CORE=0 -DDA_CORE=0 -DEXP_CORE=0 -DIWORDSIZE=4 -DDWORDSIZE=8 -DRWORDSIZE=4 -DLWORDSIZE=4 -DNONSTANDARD_SYSTEM_FUNC  -DWRF_USE_CLM  -DDM_PARALLEL -DNETCDF -DMOVE_NESTS -DUSE_ALLOCATABLES -DGRIB1 -DINTIO -DKEEP_INT_AROUND -DLIMIT_ARGS -DCONFIG_BUF_LEN=65536 -DMAX_DOMAINS_F=21 -DMAX_HISTORY=25 -DNMM_NEST=0  -I. -traditional-cpp   module_comm_dm_2.F  > module_comm_dm_2.bb
/glade/work/nystrom/Code/WRFDA/WRFV3_3.9.1_preset_moves_sfc_coeff_param_estim/tools/standard.exe module_comm_dm_2.bb | /lib/cpp -P -nostdinc -traditional-cpp > module_comm_dm_2.f90
rm -f module_comm_dm_2.b module_comm_dm_2.bb
time mpif90 -f90=ifort -c -real-size `expr 8 \* 4` -i4  -O0 -fno-inline -no-ip -ip -fp-model precise -w -ftz -align all -fno-alias -FR -convert big_endian   -I../dyn_em -I../dyn_nmm   -I/glade/work/nystrom/Code/WRFDA/WRFV3_3.9.1_preset_moves_sfc_coeff_param_estim/external/esmf_time_f90  -I/glade/work/nystrom/Code/WRFDA/WRFV3_3.9.1_preset_moves_sfc_coeff_param_estim/main -I/glade/work/nystrom/Code/WRFDA/WRFV3_3.9.1_preset_moves_sfc_coeff_param_estim/external/io_netcdf -I/glade/work/nystrom/Code/WRFDA/WRFV3_3.9.1_preset_moves_sfc_coeff_param_estim/external/io_int -I/glade/work/nystrom/Code/WRFDA/WRFV3_3.9.1_preset_moves_sfc_coeff_param_estim/frame -I/glade/work/nystrom/Code/WRFDA/WRFV3_3.9.1_preset_moves_sfc_coeff_param_estim/share -I/glade/work/nystrom/Code/WRFDA/WRFV3_3.9.1_preset_moves_sfc_coeff_param_estim/phys -I/glade/work/nystrom/Code/WRFDA/WRFV3_3.9.1_preset_moves_sfc_coeff_param_estim/chem -I/glade/work/nystrom/Code/WRFDA/WRFV3_3.9.1_preset_moves_sfc_coeff_param_estim/inc -I/glade/u/apps/ch/opt/netcdf/4.7.3/intel/19.0.5//include  module_comm_dm_2.f90

real	0m43.831s
user	0m42.803s
sys	0m0.843s
rm -f module_comm_dm_3.o
/lib/cpp -P -nostdinc -I/glade/work/nystrom/Code/WRFDA/WRFV3_3.9.1_preset_moves_sfc_coeff_param_estim/inc -DEM_CORE=1 -DNMM_CORE=0 -DNMM_MAX_DIM=2600 -DCOAMPS_CORE=0 -DDA_CORE=0 -DEXP_CORE=0 -DIWORDSIZE=4 -DDWORDSIZE=8 -DRWORDSIZE=4 -DLWORDSIZE=4 -DNONSTANDARD_SYSTEM_FUNC  -DWRF_USE_CLM  -DDM_PARALLEL -DNETCDF -DMOVE_NESTS -DUSE_ALLOCATABLES -DGRIB1 -DINTIO -DKEEP_INT_AROUND -DLIMIT_ARGS -DCONFIG_BUF_LEN=65536 -DMAX_DOMAINS_F=21 -DMAX_HISTORY=25 -DNMM_NEST=0  -I. -traditional-cpp   module_comm_dm_3.F  > module_comm_dm_3.bb
/glade/work/nystrom/Code/WRFDA/WRFV3_3.9.1_preset_moves_sfc_coeff_param_estim/tools/standard.exe module_comm_dm_3.bb | /lib/cpp -P -nostdinc -traditional-cpp > module_comm_dm_3.f90
rm -f module_comm_dm_3.b module_comm_dm_3.bb
time mpif90 -f90=ifort -c -real-size `expr 8 \* 4` -i4  -O0 -fno-inline -no-ip -ip -fp-model precise -w -ftz -align all -fno-alias -FR -convert big_endian   -I../dyn_em -I../dyn_nmm   -I/glade/work/nystrom/Code/WRFDA/WRFV3_3.9.1_preset_moves_sfc_coeff_param_estim/external/esmf_time_f90  -I/glade/work/nystrom/Code/WRFDA/WRFV3_3.9.1_preset_moves_sfc_coeff_param_estim/main -I/glade/work/nystrom/Code/WRFDA/WRFV3_3.9.1_preset_moves_sfc_coeff_param_estim/external/io_netcdf -I/glade/work/nystrom/Code/WRFDA/WRFV3_3.9.1_preset_moves_sfc_coeff_param_estim/external/io_int -I/glade/work/nystrom/Code/WRFDA/WRFV3_3.9.1_preset_moves_sfc_coeff_param_estim/frame -I/glade/work/nystrom/Code/WRFDA/WRFV3_3.9.1_preset_moves_sfc_coeff_param_estim/share -I/glade/work/nystrom/Code/WRFDA/WRFV3_3.9.1_preset_moves_sfc_coeff_param_estim/phys -I/glade/work/nystrom/Code/WRFDA/WRFV3_3.9.1_preset_moves_sfc_coeff_param_estim/chem -I/glade/work/nystrom/Code/WRFDA/WRFV3_3.9.1_preset_moves_sfc_coeff_param_estim/inc -I/glade/u/apps/ch/opt/netcdf/4.7.3/intel/19.0.5//include  module_comm_dm_3.f90

real	0m45.786s
user	0m45.057s
sys	0m0.566s
rm -f module_comm_dm_4.o
sed -e "s/grid%mu/gridmu/g" -e "s/grid%Mu/gridMu/g" -e "s/^\!.*'.*//" -e "s/^ *\!.*'.*//" module_comm_dm_4.F > module_comm_dm_4.G
/lib/cpp -P -nostdinc -I/glade/work/nystrom/Code/WRFDA/WRFV3_3.9.1_preset_moves_sfc_coeff_param_estim/inc -DEM_CORE=1 -DNMM_CORE=0 -DNMM_MAX_DIM=2600 -DCOAMPS_CORE=0 -DDA_CORE=0 -DEXP_CORE=0 -DIWORDSIZE=4 -DDWORDSIZE=8 -DRWORDSIZE=4 -DLWORDSIZE=4 -DNONSTANDARD_SYSTEM_FUNC  -DWRF_USE_CLM  -DDM_PARALLEL -DNETCDF -DMOVE_NESTS -DUSE_ALLOCATABLES -DGRIB1 -DINTIO -DKEEP_INT_AROUND -DLIMIT_ARGS -DCONFIG_BUF_LEN=65536 -DMAX_DOMAINS_F=21 -DMAX_HISTORY=25 -DNMM_NEST=0  -I. -traditional-cpp   module_comm_dm_4.G  > module_comm_dm_4.H
sed -e "s/gridmu/grid%mu/g" -e "s/gridMu/grid%Mu/g" module_comm_dm_4.H > module_comm_dm_4.bb
/glade/work/nystrom/Code/WRFDA/WRFV3_3.9.1_preset_moves_sfc_coeff_param_estim/tools/standard.exe module_comm_dm_4.bb | /lib/cpp -P -nostdinc -traditional-cpp > module_comm_dm_4.f90
rm -f module_comm_dm_4.G module_comm_dm_4.H module_comm_dm_4.bb
time mpif90 -f90=ifort -o module_comm_dm_4.o -c -O3 -ip -fp-model precise -w -ftz -align all -fno-alias -FR -convert big_endian    -I../dyn_em -I../dyn_nmm   -I/glade/work/nystrom/Code/WRFDA/WRFV3_3.9.1_preset_moves_sfc_coeff_param_estim/external/esmf_time_f90  -I/glade/work/nystrom/Code/WRFDA/WRFV3_3.9.1_preset_moves_sfc_coeff_param_estim/main -I/glade/work/nystrom/Code/WRFDA/WRFV3_3.9.1_preset_moves_sfc_coeff_param_estim/external/io_netcdf -I/glade/work/nystrom/Code/WRFDA/WRFV3_3.9.1_preset_moves_sfc_coeff_param_estim/external/io_int -I/glade/work/nystrom/Code/WRFDA/WRFV3_3.9.1_preset_moves_sfc_coeff_param_estim/frame -I/glade/work/nystrom/Code/WRFDA/WRFV3_3.9.1_preset_moves_sfc_coeff_param_estim/share -I/glade/work/nystrom/Code/WRFDA/WRFV3_3.9.1_preset_moves_sfc_coeff_param_estim/phys -I/glade/work/nystrom/Code/WRFDA/WRFV3_3.9.1_preset_moves_sfc_coeff_param_estim/chem -I/glade/work/nystrom/Code/WRFDA/WRFV3_3.9.1_preset_moves_sfc_coeff_param_estim/inc -I/glade/u/apps/ch/opt/netcdf/4.7.3/intel/19.0.5//include  -real-size `expr 8 \* 4` -i4  module_comm_dm_4.f90

real	0m39.049s
user	0m38.284s
sys	0m0.625s
rm -f module_tiles.o
/glade/work/nystrom/Code/WRFDA/WRFV3_3.9.1_preset_moves_sfc_coeff_param_estim/tools/standard.exe module_tiles.F > module_tiles.b 
/lib/cpp -P -nostdinc -I/glade/work/nystrom/Code/WRFDA/WRFV3_3.9.1_preset_moves_sfc_coeff_param_estim/inc -DEM_CORE=1 -DNMM_CORE=0 -DNMM_MAX_DIM=2600 -DCOAMPS_CORE=0 -DDA_CORE=0 -DEXP_CORE=0 -DIWORDSIZE=4 -DDWORDSIZE=8 -DRWORDSIZE=4 -DLWORDSIZE=4 -DNONSTANDARD_SYSTEM_FUNC  -DWRF_USE_CLM  -DDM_PARALLEL -DNETCDF -DMOVE_NESTS -DUSE_ALLOCATABLES -DGRIB1 -DINTIO -DKEEP_INT_AROUND -DLIMIT_ARGS -DCONFIG_BUF_LEN=65536 -DMAX_DOMAINS_F=21 -DMAX_HISTORY=25 -DNMM_NEST=0  -I. -traditional-cpp   module_tiles.b  > module_tiles.f90
rm -f module_tiles.b
if fgrep -iq '!$OMP' module_tiles.f90 ; then \
          if [ -n "" ] ; then echo COMPILING module_tiles.F WITH OMP ; fi ; \
  time mpif90 -f90=ifort -c -real-size `expr 8 \* 4` -i4 -O0 -fno-inline -no-ip -ip -fp-model precise -w -ftz -align all -fno-alias -FR -convert big_endian   -I../dyn_em -I../dyn_nmm   -I/glade/work/nystrom/Code/WRFDA/WRFV3_3.9.1_preset_moves_sfc_coeff_param_estim/external/esmf_time_f90  -I/glade/work/nystrom/Code/WRFDA/WRFV3_3.9.1_preset_moves_sfc_coeff_param_estim/main -I/glade/work/nystrom/Code/WRFDA/WRFV3_3.9.1_preset_moves_sfc_coeff_param_estim/external/io_netcdf -I/glade/work/nystrom/Code/WRFDA/WRFV3_3.9.1_preset_moves_sfc_coeff_param_estim/external/io_int -I/glade/work/nystrom/Code/WRFDA/WRFV3_3.9.1_preset_moves_sfc_coeff_param_estim/frame -I/glade/work/nystrom/Code/WRFDA/WRFV3_3.9.1_preset_moves_sfc_coeff_param_estim/share -I/glade/work/nystrom/Code/WRFDA/WRFV3_3.9.1_preset_moves_sfc_coeff_param_estim/phys -I/glade/work/nystrom/Code/WRFDA/WRFV3_3.9.1_preset_moves_sfc_coeff_param_estim/chem -I/glade/work/nystrom/Code/WRFDA/WRFV3_3.9.1_preset_moves_sfc_coeff_param_estim/inc -I/glade/u/apps/ch/opt/netcdf/4.7.3/intel/19.0.5//include    module_tiles.f90 ; \
        else \
          if [ -n "" ] ; then echo COMPILING module_tiles.F WITHOUT OMP ; fi ; \
  time mpif90 -f90=ifort -c -real-size `expr 8 \* 4` -i4 -O0 -fno-inline -no-ip -ip -fp-model precise -w -ftz -align all -fno-alias -FR -convert big_endian   -I../dyn_em -I../dyn_nmm   -I/glade/work/nystrom/Code/WRFDA/WRFV3_3.9.1_preset_moves_sfc_coeff_param_estim/external/esmf_time_f90  -I/glade/work/nystrom/Code/WRFDA/WRFV3_3.9.1_preset_moves_sfc_coeff_param_estim/main -I/glade/work/nystrom/Code/WRFDA/WRFV3_3.9.1_preset_moves_sfc_coeff_param_estim/external/io_netcdf -I/glade/work/nystrom/Code/WRFDA/WRFV3_3.9.1_preset_moves_sfc_coeff_param_estim/external/io_int -I/glade/work/nystrom/Code/WRFDA/WRFV3_3.9.1_preset_moves_sfc_coeff_param_estim/frame -I/glade/work/nystrom/Code/WRFDA/WRFV3_3.9.1_preset_moves_sfc_coeff_param_estim/share -I/glade/work/nystrom/Code/WRFDA/WRFV3_3.9.1_preset_moves_sfc_coeff_param_estim/phys -I/glade/work/nystrom/Code/WRFDA/WRFV3_3.9.1_preset_moves_sfc_coeff_param_estim/chem -I/glade/work/nystrom/Code/WRFDA/WRFV3_3.9.1_preset_moves_sfc_coeff_param_estim/inc -I/glade/u/apps/ch/opt/netcdf/4.7.3/intel/19.0.5//include   module_tiles.f90 ; \
        fi

real	0m2.183s
user	0m1.929s
sys	0m0.122s
rm -f module_clear_halos.o
sed -e "s/grid%mu/gridmu/g" -e "s/grid%Mu/gridMu/g" -e "s/^\!.*'.*//" -e "s/^ *\!.*'.*//" module_clear_halos.F > module_clear_halos.G
/lib/cpp -P -nostdinc -I/glade/work/nystrom/Code/WRFDA/WRFV3_3.9.1_preset_moves_sfc_coeff_param_estim/inc -DEM_CORE=1 -DNMM_CORE=0 -DNMM_MAX_DIM=2600 -DCOAMPS_CORE=0 -DDA_CORE=0 -DEXP_CORE=0 -DIWORDSIZE=4 -DDWORDSIZE=8 -DRWORDSIZE=4 -DLWORDSIZE=4 -DNONSTANDARD_SYSTEM_FUNC  -DWRF_USE_CLM  -DDM_PARALLEL -DNETCDF -DMOVE_NESTS -DUSE_ALLOCATABLES -DGRIB1 -DINTIO -DKEEP_INT_AROUND -DLIMIT_ARGS -DCONFIG_BUF_LEN=65536 -DMAX_DOMAINS_F=21 -DMAX_HISTORY=25 -DNMM_NEST=0  -I. -traditional-cpp   module_clear_halos.G  > module_clear_halos.H
sed -e "s/gridmu/grid%mu/g" -e "s/gridMu/grid%Mu/g" module_clear_halos.H > module_clear_halos.bb
/glade/work/nystrom/Code/WRFDA/WRFV3_3.9.1_preset_moves_sfc_coeff_param_estim/tools/standard.exe module_clear_halos.bb | /lib/cpp -P -nostdinc -traditional-cpp > module_clear_halos.f90
rm -f module_clear_halos.G module_clear_halos.H module_clear_halos.bb
time mpif90 -f90=ifort -o module_clear_halos.o -c -O3 -ip -fp-model precise -w -ftz -align all -fno-alias -FR -convert big_endian    -I../dyn_em -I../dyn_nmm   -I/glade/work/nystrom/Code/WRFDA/WRFV3_3.9.1_preset_moves_sfc_coeff_param_estim/external/esmf_time_f90  -I/glade/work/nystrom/Code/WRFDA/WRFV3_3.9.1_preset_moves_sfc_coeff_param_estim/main -I/glade/work/nystrom/Code/WRFDA/WRFV3_3.9.1_preset_moves_sfc_coeff_param_estim/external/io_netcdf -I/glade/work/nystrom/Code/WRFDA/WRFV3_3.9.1_preset_moves_sfc_coeff_param_estim/external/io_int -I/glade/work/nystrom/Code/WRFDA/WRFV3_3.9.1_preset_moves_sfc_coeff_param_estim/frame -I/glade/work/nystrom/Code/WRFDA/WRFV3_3.9.1_preset_moves_sfc_coeff_param_estim/share -I/glade/work/nystrom/Code/WRFDA/WRFV3_3.9.1_preset_moves_sfc_coeff_param_estim/phys -I/glade/work/nystrom/Code/WRFDA/WRFV3_3.9.1_preset_moves_sfc_coeff_param_estim/chem -I/glade/work/nystrom/Code/WRFDA/WRFV3_3.9.1_preset_moves_sfc_coeff_param_estim/inc -I/glade/u/apps/ch/opt/netcdf/4.7.3/intel/19.0.5//include  -real-size `expr 8 \* 4` -i4  module_clear_halos.f90

real	0m15.738s
user	0m15.297s
sys	0m0.284s
rm -f module_cpl.o
sed -e "s/grid%mu/gridmu/g" -e "s/grid%Mu/gridMu/g" -e "s/^\!.*'.*//" -e "s/^ *\!.*'.*//" module_cpl.F > module_cpl.G
/lib/cpp -P -nostdinc -I/glade/work/nystrom/Code/WRFDA/WRFV3_3.9.1_preset_moves_sfc_coeff_param_estim/inc -DEM_CORE=1 -DNMM_CORE=0 -DNMM_MAX_DIM=2600 -DCOAMPS_CORE=0 -DDA_CORE=0 -DEXP_CORE=0 -DIWORDSIZE=4 -DDWORDSIZE=8 -DRWORDSIZE=4 -DLWORDSIZE=4 -DNONSTANDARD_SYSTEM_FUNC  -DWRF_USE_CLM  -DDM_PARALLEL -DNETCDF -DMOVE_NESTS -DUSE_ALLOCATABLES -DGRIB1 -DINTIO -DKEEP_INT_AROUND -DLIMIT_ARGS -DCONFIG_BUF_LEN=65536 -DMAX_DOMAINS_F=21 -DMAX_HISTORY=25 -DNMM_NEST=0  -I. -traditional-cpp   module_cpl.G  > module_cpl.H
sed -e "s/gridmu/grid%mu/g" -e "s/gridMu/grid%Mu/g" module_cpl.H > module_cpl.bb
/glade/work/nystrom/Code/WRFDA/WRFV3_3.9.1_preset_moves_sfc_coeff_param_estim/tools/standard.exe module_cpl.bb | /lib/cpp -P -nostdinc -traditional-cpp > module_cpl.f90
rm -f module_cpl.G module_cpl.H module_cpl.bb
time mpif90 -f90=ifort -o module_cpl.o -c -O3 -ip -fp-model precise -w -ftz -align all -fno-alias -FR -convert big_endian    -I../dyn_em -I../dyn_nmm   -I/glade/work/nystrom/Code/WRFDA/WRFV3_3.9.1_preset_moves_sfc_coeff_param_estim/external/esmf_time_f90  -I/glade/work/nystrom/Code/WRFDA/WRFV3_3.9.1_preset_moves_sfc_coeff_param_estim/main -I/glade/work/nystrom/Code/WRFDA/WRFV3_3.9.1_preset_moves_sfc_coeff_param_estim/external/io_netcdf -I/glade/work/nystrom/Code/WRFDA/WRFV3_3.9.1_preset_moves_sfc_coeff_param_estim/external/io_int -I/glade/work/nystrom/Code/WRFDA/WRFV3_3.9.1_preset_moves_sfc_coeff_param_estim/frame -I/glade/work/nystrom/Code/WRFDA/WRFV3_3.9.1_preset_moves_sfc_coeff_param_estim/share -I/glade/work/nystrom/Code/WRFDA/WRFV3_3.9.1_preset_moves_sfc_coeff_param_estim/phys -I/glade/work/nystrom/Code/WRFDA/WRFV3_3.9.1_preset_moves_sfc_coeff_param_estim/chem -I/glade/work/nystrom/Code/WRFDA/WRFV3_3.9.1_preset_moves_sfc_coeff_param_estim/inc -I/glade/u/apps/ch/opt/netcdf/4.7.3/intel/19.0.5//include  -real-size `expr 8 \* 4` -i4  module_cpl.f90

real	0m1.883s
user	0m1.552s
sys	0m0.147s

real	3m17.187s
user	3m14.800s
sys	0m2.108s
rm -f module_comm_dm.o
/lib/cpp -P -nostdinc -I/glade/work/nystrom/Code/WRFDA/WRFV3_3.9.1_preset_moves_sfc_coeff_param_estim/inc -DEM_CORE=1 -DNMM_CORE=0 -DNMM_MAX_DIM=2600 -DCOAMPS_CORE=0 -DDA_CORE=0 -DEXP_CORE=0 -DIWORDSIZE=4 -DDWORDSIZE=8 -DRWORDSIZE=4 -DLWORDSIZE=4 -DNONSTANDARD_SYSTEM_FUNC  -DWRF_USE_CLM  -DDM_PARALLEL -DNETCDF -DMOVE_NESTS -DUSE_ALLOCATABLES -DGRIB1 -DINTIO -DKEEP_INT_AROUND -DLIMIT_ARGS -DCONFIG_BUF_LEN=65536 -DMAX_DOMAINS_F=21 -DMAX_HISTORY=25 -DNMM_NEST=0  -I. -traditional-cpp   module_comm_dm.F  > module_comm_dm.bb
/glade/work/nystrom/Code/WRFDA/WRFV3_3.9.1_preset_moves_sfc_coeff_param_estim/tools/standard.exe module_comm_dm.bb | /lib/cpp -P -nostdinc -traditional-cpp > module_comm_dm.f90
rm -f module_comm_dm.b module_comm_dm.bb
time mpif90 -f90=ifort -c -real-size `expr 8 \* 4` -i4  -O0 -fno-inline -no-ip -ip -fp-model precise -w -ftz -align all -fno-alias -FR -convert big_endian   -I../dyn_em -I../dyn_nmm   -I/glade/work/nystrom/Code/WRFDA/WRFV3_3.9.1_preset_moves_sfc_coeff_param_estim/external/esmf_time_f90  -I/glade/work/nystrom/Code/WRFDA/WRFV3_3.9.1_preset_moves_sfc_coeff_param_estim/main -I/glade/work/nystrom/Code/WRFDA/WRFV3_3.9.1_preset_moves_sfc_coeff_param_estim/external/io_netcdf -I/glade/work/nystrom/Code/WRFDA/WRFV3_3.9.1_preset_moves_sfc_coeff_param_estim/external/io_int -I/glade/work/nystrom/Code/WRFDA/WRFV3_3.9.1_preset_moves_sfc_coeff_param_estim/frame -I/glade/work/nystrom/Code/WRFDA/WRFV3_3.9.1_preset_moves_sfc_coeff_param_estim/share -I/glade/work/nystrom/Code/WRFDA/WRFV3_3.9.1_preset_moves_sfc_coeff_param_estim/phys -I/glade/work/nystrom/Code/WRFDA/WRFV3_3.9.1_preset_moves_sfc_coeff_param_estim/chem -I/glade/work/nystrom/Code/WRFDA/WRFV3_3.9.1_preset_moves_sfc_coeff_param_estim/inc -I/glade/u/apps/ch/opt/netcdf/4.7.3/intel/19.0.5//include  module_comm_dm.f90

real	0m20.200s
user	0m18.486s
sys	0m0.906s
rm -f module_dm.o
sed -e "s/grid%mu/gridmu/g" -e "s/grid%Mu/gridMu/g" -e "s/^\!.*'.*//" -e "s/^ *\!.*'.*//" module_dm.F > module_dm.G
/lib/cpp -P -nostdinc -I/glade/work/nystrom/Code/WRFDA/WRFV3_3.9.1_preset_moves_sfc_coeff_param_estim/inc -DEM_CORE=1 -DNMM_CORE=0 -DNMM_MAX_DIM=2600 -DCOAMPS_CORE=0 -DDA_CORE=0 -DEXP_CORE=0 -DIWORDSIZE=4 -DDWORDSIZE=8 -DRWORDSIZE=4 -DLWORDSIZE=4 -DNONSTANDARD_SYSTEM_FUNC  -DWRF_USE_CLM  -DDM_PARALLEL -DNETCDF -DMOVE_NESTS -DUSE_ALLOCATABLES -DGRIB1 -DINTIO -DKEEP_INT_AROUND -DLIMIT_ARGS -DCONFIG_BUF_LEN=65536 -DMAX_DOMAINS_F=21 -DMAX_HISTORY=25 -DNMM_NEST=0  -I. -traditional-cpp   module_dm.G  > module_dm.H
sed -e "s/gridmu/grid%mu/g" -e "s/gridMu/grid%Mu/g" module_dm.H > module_dm.bb
/glade/work/nystrom/Code/WRFDA/WRFV3_3.9.1_preset_moves_sfc_coeff_param_estim/tools/standard.exe module_dm.bb | /lib/cpp -P -nostdinc -traditional-cpp > module_dm.f90
rm -f module_dm.G module_dm.H module_dm.bb
time mpif90 -f90=ifort -o module_dm.o -c -O3 -ip -fp-model precise -w -ftz -align all -fno-alias -FR -convert big_endian    -I../dyn_em -I../dyn_nmm   -I/glade/work/nystrom/Code/WRFDA/WRFV3_3.9.1_preset_moves_sfc_coeff_param_estim/external/esmf_time_f90  -I/glade/work/nystrom/Code/WRFDA/WRFV3_3.9.1_preset_moves_sfc_coeff_param_estim/main -I/glade/work/nystrom/Code/WRFDA/WRFV3_3.9.1_preset_moves_sfc_coeff_param_estim/external/io_netcdf -I/glade/work/nystrom/Code/WRFDA/WRFV3_3.9.1_preset_moves_sfc_coeff_param_estim/external/io_int -I/glade/work/nystrom/Code/WRFDA/WRFV3_3.9.1_preset_moves_sfc_coeff_param_estim/frame -I/glade/work/nystrom/Code/WRFDA/WRFV3_3.9.1_preset_moves_sfc_coeff_param_estim/share -I/glade/work/nystrom/Code/WRFDA/WRFV3_3.9.1_preset_moves_sfc_coeff_param_estim/phys -I/glade/work/nystrom/Code/WRFDA/WRFV3_3.9.1_preset_moves_sfc_coeff_param_estim/chem -I/glade/work/nystrom/Code/WRFDA/WRFV3_3.9.1_preset_moves_sfc_coeff_param_estim/inc -I/glade/u/apps/ch/opt/netcdf/4.7.3/intel/19.0.5//include  -real-size `expr 8 \* 4` -i4  module_dm.f90

real	2m59.870s
user	2m55.096s
sys	0m3.560s
rm -f module_integrate.o
rm -f module_io.o
/glade/work/nystrom/Code/WRFDA/WRFV3_3.9.1_preset_moves_sfc_coeff_param_estim/tools/standard.exe module_integrate.F > module_integrate.b 
/lib/cpp -P -nostdinc -I/glade/work/nystrom/Code/WRFDA/WRFV3_3.9.1_preset_moves_sfc_coeff_param_estim/inc -DEM_CORE=1 -DNMM_CORE=0 -DNMM_MAX_DIM=2600 -DCOAMPS_CORE=0 -DDA_CORE=0 -DEXP_CORE=0 -DIWORDSIZE=4 -DDWORDSIZE=8 -DRWORDSIZE=4 -DLWORDSIZE=4 -DNONSTANDARD_SYSTEM_FUNC  -DWRF_USE_CLM  -DDM_PARALLEL -DNETCDF -DMOVE_NESTS -DUSE_ALLOCATABLES -DGRIB1 -DINTIO -DKEEP_INT_AROUND -DLIMIT_ARGS -DCONFIG_BUF_LEN=65536 -DMAX_DOMAINS_F=21 -DMAX_HISTORY=25 -DNMM_NEST=0  -I. -traditional-cpp   module_io.F  > module_io.bb
/lib/cpp -P -nostdinc -I/glade/work/nystrom/Code/WRFDA/WRFV3_3.9.1_preset_moves_sfc_coeff_param_estim/inc -DEM_CORE=1 -DNMM_CORE=0 -DNMM_MAX_DIM=2600 -DCOAMPS_CORE=0 -DDA_CORE=0 -DEXP_CORE=0 -DIWORDSIZE=4 -DDWORDSIZE=8 -DRWORDSIZE=4 -DLWORDSIZE=4 -DNONSTANDARD_SYSTEM_FUNC  -DWRF_USE_CLM  -DDM_PARALLEL -DNETCDF -DMOVE_NESTS -DUSE_ALLOCATABLES -DGRIB1 -DINTIO -DKEEP_INT_AROUND -DLIMIT_ARGS -DCONFIG_BUF_LEN=65536 -DMAX_DOMAINS_F=21 -DMAX_HISTORY=25 -DNMM_NEST=0  -I. -traditional-cpp   module_integrate.b  > module_integrate.f90
rm -f module_integrate.b
if fgrep -iq '!$OMP' module_integrate.f90 ; then \
          if [ -n "" ] ; then echo COMPILING module_integrate.F WITH OMP ; fi ; \
  time mpif90 -f90=ifort -c -real-size `expr 8 \* 4` -i4 -O0 -fno-inline -no-ip -ip -fp-model precise -w -ftz -align all -fno-alias -FR -convert big_endian   -I../dyn_em -I../dyn_nmm   -I/glade/work/nystrom/Code/WRFDA/WRFV3_3.9.1_preset_moves_sfc_coeff_param_estim/external/esmf_time_f90  -I/glade/work/nystrom/Code/WRFDA/WRFV3_3.9.1_preset_moves_sfc_coeff_param_estim/main -I/glade/work/nystrom/Code/WRFDA/WRFV3_3.9.1_preset_moves_sfc_coeff_param_estim/external/io_netcdf -I/glade/work/nystrom/Code/WRFDA/WRFV3_3.9.1_preset_moves_sfc_coeff_param_estim/external/io_int -I/glade/work/nystrom/Code/WRFDA/WRFV3_3.9.1_preset_moves_sfc_coeff_param_estim/frame -I/glade/work/nystrom/Code/WRFDA/WRFV3_3.9.1_preset_moves_sfc_coeff_param_estim/share -I/glade/work/nystrom/Code/WRFDA/WRFV3_3.9.1_preset_moves_sfc_coeff_param_estim/phys -I/glade/work/nystrom/Code/WRFDA/WRFV3_3.9.1_preset_moves_sfc_coeff_param_estim/chem -I/glade/work/nystrom/Code/WRFDA/WRFV3_3.9.1_preset_moves_sfc_coeff_param_estim/inc -I/glade/u/apps/ch/opt/netcdf/4.7.3/intel/19.0.5//include    module_integrate.f90 ; \
        else \
          if [ -n "" ] ; then echo COMPILING module_integrate.F WITHOUT OMP ; fi ; \
  time mpif90 -f90=ifort -c -real-size `expr 8 \* 4` -i4 -O0 -fno-inline -no-ip -ip -fp-model precise -w -ftz -align all -fno-alias -FR -convert big_endian   -I../dyn_em -I../dyn_nmm   -I/glade/work/nystrom/Code/WRFDA/WRFV3_3.9.1_preset_moves_sfc_coeff_param_estim/external/esmf_time_f90  -I/glade/work/nystrom/Code/WRFDA/WRFV3_3.9.1_preset_moves_sfc_coeff_param_estim/main -I/glade/work/nystrom/Code/WRFDA/WRFV3_3.9.1_preset_moves_sfc_coeff_param_estim/external/io_netcdf -I/glade/work/nystrom/Code/WRFDA/WRFV3_3.9.1_preset_moves_sfc_coeff_param_estim/external/io_int -I/glade/work/nystrom/Code/WRFDA/WRFV3_3.9.1_preset_moves_sfc_coeff_param_estim/frame -I/glade/work/nystrom/Code/WRFDA/WRFV3_3.9.1_preset_moves_sfc_coeff_param_estim/share -I/glade/work/nystrom/Code/WRFDA/WRFV3_3.9.1_preset_moves_sfc_coeff_param_estim/phys -I/glade/work/nystrom/Code/WRFDA/WRFV3_3.9.1_preset_moves_sfc_coeff_param_estim/chem -I/glade/work/nystrom/Code/WRFDA/WRFV3_3.9.1_preset_moves_sfc_coeff_param_estim/inc -I/glade/u/apps/ch/opt/netcdf/4.7.3/intel/19.0.5//include   module_integrate.f90 ; \
        fi
/glade/work/nystrom/Code/WRFDA/WRFV3_3.9.1_preset_moves_sfc_coeff_param_estim/tools/standard.exe module_io.bb | /lib/cpp -P -nostdinc -traditional-cpp > module_io.f90
rm -f module_io.b module_io.bb
time mpif90 -f90=ifort -c -real-size `expr 8 \* 4` -i4  -O0 -fno-inline -no-ip -ip -fp-model precise -w -ftz -align all -fno-alias -FR -convert big_endian   -I../dyn_em -I../dyn_nmm   -I/glade/work/nystrom/Code/WRFDA/WRFV3_3.9.1_preset_moves_sfc_coeff_param_estim/external/esmf_time_f90  -I/glade/work/nystrom/Code/WRFDA/WRFV3_3.9.1_preset_moves_sfc_coeff_param_estim/main -I/glade/work/nystrom/Code/WRFDA/WRFV3_3.9.1_preset_moves_sfc_coeff_param_estim/external/io_netcdf -I/glade/work/nystrom/Code/WRFDA/WRFV3_3.9.1_preset_moves_sfc_coeff_param_estim/external/io_int -I/glade/work/nystrom/Code/WRFDA/WRFV3_3.9.1_preset_moves_sfc_coeff_param_estim/frame -I/glade/work/nystrom/Code/WRFDA/WRFV3_3.9.1_preset_moves_sfc_coeff_param_estim/share -I/glade/work/nystrom/Code/WRFDA/WRFV3_3.9.1_preset_moves_sfc_coeff_param_estim/phys -I/glade/work/nystrom/Code/WRFDA/WRFV3_3.9.1_preset_moves_sfc_coeff_param_estim/chem -I/glade/work/nystrom/Code/WRFDA/WRFV3_3.9.1_preset_moves_sfc_coeff_param_estim/inc -I/glade/u/apps/ch/opt/netcdf/4.7.3/intel/19.0.5//include  module_io.f90

real	0m3.592s
user	0m3.098s
sys	0m0.328s
rm -f module_io_quilt.o
sed -e "s/grid%mu/gridmu/g" -e "s/grid%Mu/gridMu/g" -e "s/^\!.*'.*//" -e "s/^ *\!.*'.*//" module_io_quilt.F > module_io_quilt.G
/lib/cpp -P -nostdinc -I/glade/work/nystrom/Code/WRFDA/WRFV3_3.9.1_preset_moves_sfc_coeff_param_estim/inc -DEM_CORE=1 -DNMM_CORE=0 -DNMM_MAX_DIM=2600 -DCOAMPS_CORE=0 -DDA_CORE=0 -DEXP_CORE=0 -DIWORDSIZE=4 -DDWORDSIZE=8 -DRWORDSIZE=4 -DLWORDSIZE=4 -DNONSTANDARD_SYSTEM_FUNC  -DWRF_USE_CLM  -DDM_PARALLEL -DNETCDF -DMOVE_NESTS -DUSE_ALLOCATABLES -DGRIB1 -DINTIO -DKEEP_INT_AROUND -DLIMIT_ARGS -DCONFIG_BUF_LEN=65536 -DMAX_DOMAINS_F=21 -DMAX_HISTORY=25 -DNMM_NEST=0  -I. -traditional-cpp   module_io_quilt.G  > module_io_quilt.H
sed -e "s/gridmu/grid%mu/g" -e "s/gridMu/grid%Mu/g" module_io_quilt.H > module_io_quilt.bb
/glade/work/nystrom/Code/WRFDA/WRFV3_3.9.1_preset_moves_sfc_coeff_param_estim/tools/standard.exe module_io_quilt.bb | /lib/cpp -P -nostdinc -traditional-cpp > module_io_quilt.f90
rm -f module_io_quilt.G module_io_quilt.H module_io_quilt.bb
time mpif90 -f90=ifort -o module_io_quilt.o -c -O3 -ip -fp-model precise -w -ftz -align all -fno-alias -FR -convert big_endian    -I../dyn_em -I../dyn_nmm   -I/glade/work/nystrom/Code/WRFDA/WRFV3_3.9.1_preset_moves_sfc_coeff_param_estim/external/esmf_time_f90  -I/glade/work/nystrom/Code/WRFDA/WRFV3_3.9.1_preset_moves_sfc_coeff_param_estim/main -I/glade/work/nystrom/Code/WRFDA/WRFV3_3.9.1_preset_moves_sfc_coeff_param_estim/external/io_netcdf -I/glade/work/nystrom/Code/WRFDA/WRFV3_3.9.1_preset_moves_sfc_coeff_param_estim/external/io_int -I/glade/work/nystrom/Code/WRFDA/WRFV3_3.9.1_preset_moves_sfc_coeff_param_estim/frame -I/glade/work/nystrom/Code/WRFDA/WRFV3_3.9.1_preset_moves_sfc_coeff_param_estim/share -I/glade/work/nystrom/Code/WRFDA/WRFV3_3.9.1_preset_moves_sfc_coeff_param_estim/phys -I/glade/work/nystrom/Code/WRFDA/WRFV3_3.9.1_preset_moves_sfc_coeff_param_estim/chem -I/glade/work/nystrom/Code/WRFDA/WRFV3_3.9.1_preset_moves_sfc_coeff_param_estim/inc -I/glade/u/apps/ch/opt/netcdf/4.7.3/intel/19.0.5//include  -real-size `expr 8 \* 4` -i4  module_io_quilt.f90

real	0m4.323s
user	0m3.491s
sys	0m0.368s
rm -f module_intermediate_nmm.o
sed -e "s/grid%mu/gridmu/g" -e "s/grid%Mu/gridMu/g" -e "s/^\!.*'.*//" -e "s/^ *\!.*'.*//" module_intermediate_nmm.F > module_intermediate_nmm.G
/lib/cpp -P -nostdinc -I/glade/work/nystrom/Code/WRFDA/WRFV3_3.9.1_preset_moves_sfc_coeff_param_estim/inc -DEM_CORE=1 -DNMM_CORE=0 -DNMM_MAX_DIM=2600 -DCOAMPS_CORE=0 -DDA_CORE=0 -DEXP_CORE=0 -DIWORDSIZE=4 -DDWORDSIZE=8 -DRWORDSIZE=4 -DLWORDSIZE=4 -DNONSTANDARD_SYSTEM_FUNC  -DWRF_USE_CLM  -DDM_PARALLEL -DNETCDF -DMOVE_NESTS -DUSE_ALLOCATABLES -DGRIB1 -DINTIO -DKEEP_INT_AROUND -DLIMIT_ARGS -DCONFIG_BUF_LEN=65536 -DMAX_DOMAINS_F=21 -DMAX_HISTORY=25 -DNMM_NEST=0  -I. -traditional-cpp   module_intermediate_nmm.G  > module_intermediate_nmm.H
sed -e "s/gridmu/grid%mu/g" -e "s/gridMu/grid%Mu/g" module_intermediate_nmm.H > module_intermediate_nmm.bb
/glade/work/nystrom/Code/WRFDA/WRFV3_3.9.1_preset_moves_sfc_coeff_param_estim/tools/standard.exe module_intermediate_nmm.bb | /lib/cpp -P -nostdinc -traditional-cpp > module_intermediate_nmm.f90
rm -f module_intermediate_nmm.G module_intermediate_nmm.H module_intermediate_nmm.bb
time mpif90 -f90=ifort -o module_intermediate_nmm.o -c -O3 -ip -fp-model precise -w -ftz -align all -fno-alias -FR -convert big_endian    -I../dyn_em -I../dyn_nmm   -I/glade/work/nystrom/Code/WRFDA/WRFV3_3.9.1_preset_moves_sfc_coeff_param_estim/external/esmf_time_f90  -I/glade/work/nystrom/Code/WRFDA/WRFV3_3.9.1_preset_moves_sfc_coeff_param_estim/main -I/glade/work/nystrom/Code/WRFDA/WRFV3_3.9.1_preset_moves_sfc_coeff_param_estim/external/io_netcdf -I/glade/work/nystrom/Code/WRFDA/WRFV3_3.9.1_preset_moves_sfc_coeff_param_estim/external/io_int -I/glade/work/nystrom/Code/WRFDA/WRFV3_3.9.1_preset_moves_sfc_coeff_param_estim/frame -I/glade/work/nystrom/Code/WRFDA/WRFV3_3.9.1_preset_moves_sfc_coeff_param_estim/share -I/glade/work/nystrom/Code/WRFDA/WRFV3_3.9.1_preset_moves_sfc_coeff_param_estim/phys -I/glade/work/nystrom/Code/WRFDA/WRFV3_3.9.1_preset_moves_sfc_coeff_param_estim/chem -I/glade/work/nystrom/Code/WRFDA/WRFV3_3.9.1_preset_moves_sfc_coeff_param_estim/inc -I/glade/u/apps/ch/opt/netcdf/4.7.3/intel/19.0.5//include  -real-size `expr 8 \* 4` -i4  module_intermediate_nmm.f90

real	0m0.271s
user	0m0.079s
sys	0m0.056s

real	0m2.216s
user	0m1.835s
sys	0m0.206s
ar ru ../main/libwrflib.a module_driver_constants.o module_domain_type.o module_streams.o module_domain.o module_integrate.o module_timing.o module_configure.o module_tiles.o module_machine.o module_nesting.o module_wrf_error.o module_state_description.o module_sm.o module_io.o module_comm_dm.o module_comm_dm_0.o module_comm_dm_1.o module_comm_dm_2.o module_comm_dm_3.o module_comm_dm_4.o module_comm_nesting_dm.o module_dm.o module_quilt_outbuf_ops.o module_io_quilt.o module_intermediate_nmm.o module_cpl.o module_cpl_oasis3.o module_clear_halos.o wrf_num_bytes_between.o wrf_shutdown.o wrf_debug.o libmassv.o collect_on_comm.o hires_timer.o clog.o nl_get_0_routines.o nl_get_1_routines.o nl_get_2_routines.o nl_get_3_routines.o nl_get_4_routines.o nl_get_5_routines.o nl_get_6_routines.o nl_get_7_routines.o nl_set_0_routines.o nl_set_1_routines.o nl_set_2_routines.o nl_set_3_routines.o nl_set_4_routines.o nl_set_5_routines.o nl_set_6_routines.o nl_set_7_routines.o  module_alloc_space_0.o module_alloc_space_1.o module_alloc_space_2.o module_alloc_space_3.o module_alloc_space_4.o module_alloc_space_5.o module_alloc_space_6.o module_alloc_space_7.o module_alloc_space_8.o module_alloc_space_9.o
ar: creating ../main/libwrflib.a
ranlib ../main/libwrflib.a
make[2]: Leaving directory '/glade/work/nystrom/Code/WRFDA/WRFV3_3.9.1_preset_moves_sfc_coeff_param_estim/frame'
make[2]: Entering directory '/glade/work/nystrom/Code/WRFDA/WRFV3_3.9.1_preset_moves_sfc_coeff_param_estim/external/io_netcdf'
x=`echo "time mpif90 -f90=ifort -ip -fp-model precise -w -ftz -align all -fno-alias -FR -convert big_endian   -real-size 32 -i4  " | awk '{print $1}'` ; export x ; \
if [ $x = "gfortran" ] ; then \
           echo removing external declaration of iargc for gfortran ; \
   /lib/cpp -P -nostdinc -P -traditional-cpp -I/glade/u/apps/ch/opt/netcdf/4.7.3/intel/19.0.5//include -I../ioapi_share diffwrf.F90 | sed '/integer *, *external.*iargc/d' > diffwrf.f ;\
        else \
   /lib/cpp -P -nostdinc -P -traditional-cpp -I/glade/u/apps/ch/opt/netcdf/4.7.3/intel/19.0.5//include -I../ioapi_share diffwrf.F90 > diffwrf.f ; \
        fi
time mpif90 -f90=ifort -ip -fp-model precise -w -ftz -align all -fno-alias -FR -convert big_endian   -real-size 32 -i4   -c  -I/glade/u/apps/ch/opt/netcdf/4.7.3/intel/19.0.5//include -I../ioapi_share diffwrf.f
0.43user 0.08system 0:00.66elapsed 76%CPU (0avgtext+0avgdata 59020maxresident)k
0inputs+0outputs (0major+29940minor)pagefaults 0swaps
diffwrf io_netcdf is being built now. 

real	0m2.150s
user	0m0.331s
sys	0m1.545s
make[2]: Leaving directory '/glade/work/nystrom/Code/WRFDA/WRFV3_3.9.1_preset_moves_sfc_coeff_param_estim/external/io_netcdf'
make[2]: Entering directory '/glade/work/nystrom/Code/WRFDA/WRFV3_3.9.1_preset_moves_sfc_coeff_param_estim/external/io_netcdf'
make[2]: Nothing to be done for 'all'.
make[2]: Leaving directory '/glade/work/nystrom/Code/WRFDA/WRFV3_3.9.1_preset_moves_sfc_coeff_param_estim/external/io_netcdf'
SKIPPING PIO BUILD make -i -r NETCDFPATH= FC=ifort -ip -fp-model precise -w -ftz -align all -fno-alias -FR -convert big_endian   -real-size 32 -i4   RANLIB=ranlib CPP=/lib/cpp -P -nostdinc LDFLAGS= -O3 -ip -fp-model precise -w -ftz -align all -fno-alias -FR -convert big_endian   -ip   TRADFLAG=-traditional-cpp ESMF_IO_LIB_EXT=-L/glade/work/nystrom/Code/WRFDA/WRFV3_3.9.1_preset_moves_sfc_coeff_param_estim/external/esmf_time_f90 -lesmf_time LIB_LOCAL= ESMF_MOD_DEPENDENCE=/glade/work/nystrom/Code/WRFDA/WRFV3_3.9.1_preset_moves_sfc_coeff_param_estim/external/esmf_time_f90/module_utility.o AR=INTERNAL_BUILD_ERROR_SHOULD_NOT_NEED_AR
make[2]: Entering directory '/glade/work/nystrom/Code/WRFDA/WRFV3_3.9.1_preset_moves_sfc_coeff_param_estim/external/io_int'
if [ -f ../../frame/pack_utils.o -a -f ../../frame/clog.o ] ; then \
  ifort -ip -fp-model precise -w -ftz -align all -fno-alias -FR -convert big_endian   -real-size 32 -i4     -I../ioapi_share -o diffwrf diffwrf.f \
	../../frame/pack_utils.o ../../frame/module_internal_header_util.o ../../frame/module_driver_constants.o ../../frame/module_machine.o ../../frame/module_wrf_error.o ../../frame/wrf_debug.o -L/glade/work/nystrom/Code/WRFDA/WRFV3_3.9.1_preset_moves_sfc_coeff_param_estim/external/esmf_time_f90 -lesmf_time libwrfio_int.a ; \
fi
make[2]: Leaving directory '/glade/work/nystrom/Code/WRFDA/WRFV3_3.9.1_preset_moves_sfc_coeff_param_estim/external/io_int'
make[1]: Leaving directory '/glade/work/nystrom/Code/WRFDA/WRFV3_3.9.1_preset_moves_sfc_coeff_param_estim'
make -i -r MODULE_DIRS="-I../dyn_em -I../dyn_nmm   -I/glade/work/nystrom/Code/WRFDA/WRFV3_3.9.1_preset_moves_sfc_coeff_param_estim/external/esmf_time_f90  -I/glade/work/nystrom/Code/WRFDA/WRFV3_3.9.1_preset_moves_sfc_coeff_param_estim/main -I/glade/work/nystrom/Code/WRFDA/WRFV3_3.9.1_preset_moves_sfc_coeff_param_estim/external/io_netcdf -I/glade/work/nystrom/Code/WRFDA/WRFV3_3.9.1_preset_moves_sfc_coeff_param_estim/external/io_int -I/glade/work/nystrom/Code/WRFDA/WRFV3_3.9.1_preset_moves_sfc_coeff_param_estim/frame -I/glade/work/nystrom/Code/WRFDA/WRFV3_3.9.1_preset_moves_sfc_coeff_param_estim/share -I/glade/work/nystrom/Code/WRFDA/WRFV3_3.9.1_preset_moves_sfc_coeff_param_estim/phys -I/glade/work/nystrom/Code/WRFDA/WRFV3_3.9.1_preset_moves_sfc_coeff_param_estim/chem -I/glade/work/nystrom/Code/WRFDA/WRFV3_3.9.1_preset_moves_sfc_coeff_param_estim/inc -I/glade/u/apps/ch/opt/netcdf/4.7.3/intel/19.0.5//include " shared
make[1]: Entering directory '/glade/work/nystrom/Code/WRFDA/WRFV3_3.9.1_preset_moves_sfc_coeff_param_estim'
--------------------------------------
if [ "`echo -j 2 | sed -e 's/-j//g' -e 's/ \+//g'`" -gt "6" ] ; then \
  ( cd share ; make -i -r -j 6 ) ;  \
else \
  ( cd share ; make -i -r -j 2 ) ;  \
fi
make[2]: Entering directory '/glade/work/nystrom/Code/WRFDA/WRFV3_3.9.1_preset_moves_sfc_coeff_param_estim/share'
rm -f module_bc_time_utilities.o
rm -f module_get_file_names.o
sed -e "s/grid%mu/gridmu/g" -e "s/grid%Mu/gridMu/g" -e "s/^\!.*'.*//" -e "s/^ *\!.*'.*//" module_bc_time_utilities.F > module_bc_time_utilities.G
sed -e "s/grid%mu/gridmu/g" -e "s/grid%Mu/gridMu/g" -e "s/^\!.*'.*//" -e "s/^ *\!.*'.*//" module_get_file_names.F > module_get_file_names.G
/lib/cpp -P -nostdinc -I/glade/work/nystrom/Code/WRFDA/WRFV3_3.9.1_preset_moves_sfc_coeff_param_estim/inc -DEM_CORE=1 -DNMM_CORE=0 -DNMM_MAX_DIM=2600 -DCOAMPS_CORE=0 -DDA_CORE=0 -DEXP_CORE=0 -DIWORDSIZE=4 -DDWORDSIZE=8 -DRWORDSIZE=4 -DLWORDSIZE=4 -DNONSTANDARD_SYSTEM_FUNC  -DWRF_USE_CLM  -DDM_PARALLEL -DNETCDF -DMOVE_NESTS -DUSE_ALLOCATABLES -DGRIB1 -DINTIO -DKEEP_INT_AROUND -DLIMIT_ARGS -DCONFIG_BUF_LEN=65536 -DMAX_DOMAINS_F=21 -DMAX_HISTORY=25 -DNMM_NEST=0  -I. -traditional-cpp   module_bc_time_utilities.G  > module_bc_time_utilities.H
sed -e "s/gridmu/grid%mu/g" -e "s/gridMu/grid%Mu/g" module_bc_time_utilities.H > module_bc_time_utilities.bb
/lib/cpp -P -nostdinc -I/glade/work/nystrom/Code/WRFDA/WRFV3_3.9.1_preset_moves_sfc_coeff_param_estim/inc -DEM_CORE=1 -DNMM_CORE=0 -DNMM_MAX_DIM=2600 -DCOAMPS_CORE=0 -DDA_CORE=0 -DEXP_CORE=0 -DIWORDSIZE=4 -DDWORDSIZE=8 -DRWORDSIZE=4 -DLWORDSIZE=4 -DNONSTANDARD_SYSTEM_FUNC  -DWRF_USE_CLM  -DDM_PARALLEL -DNETCDF -DMOVE_NESTS -DUSE_ALLOCATABLES -DGRIB1 -DINTIO -DKEEP_INT_AROUND -DLIMIT_ARGS -DCONFIG_BUF_LEN=65536 -DMAX_DOMAINS_F=21 -DMAX_HISTORY=25 -DNMM_NEST=0  -I. -traditional-cpp   module_get_file_names.G  > module_get_file_names.H
/glade/work/nystrom/Code/WRFDA/WRFV3_3.9.1_preset_moves_sfc_coeff_param_estim/tools/standard.exe module_bc_time_utilities.bb | /lib/cpp -P -nostdinc -traditional-cpp > module_bc_time_utilities.f90
sed -e "s/gridmu/grid%mu/g" -e "s/gridMu/grid%Mu/g" module_get_file_names.H > module_get_file_names.bb
rm -f module_bc_time_utilities.G module_bc_time_utilities.H module_bc_time_utilities.bb
/glade/work/nystrom/Code/WRFDA/WRFV3_3.9.1_preset_moves_sfc_coeff_param_estim/tools/standard.exe module_get_file_names.bb | /lib/cpp -P -nostdinc -traditional-cpp > module_get_file_names.f90
time mpif90 -f90=ifort -o module_bc_time_utilities.o -c -O3 -ip -fp-model precise -w -ftz -align all -fno-alias -FR -convert big_endian    -I../dyn_em -I../dyn_nmm   -I/glade/work/nystrom/Code/WRFDA/WRFV3_3.9.1_preset_moves_sfc_coeff_param_estim/external/esmf_time_f90  -I/glade/work/nystrom/Code/WRFDA/WRFV3_3.9.1_preset_moves_sfc_coeff_param_estim/main -I/glade/work/nystrom/Code/WRFDA/WRFV3_3.9.1_preset_moves_sfc_coeff_param_estim/external/io_netcdf -I/glade/work/nystrom/Code/WRFDA/WRFV3_3.9.1_preset_moves_sfc_coeff_param_estim/external/io_int -I/glade/work/nystrom/Code/WRFDA/WRFV3_3.9.1_preset_moves_sfc_coeff_param_estim/frame -I/glade/work/nystrom/Code/WRFDA/WRFV3_3.9.1_preset_moves_sfc_coeff_param_estim/share -I/glade/work/nystrom/Code/WRFDA/WRFV3_3.9.1_preset_moves_sfc_coeff_param_estim/phys -I/glade/work/nystrom/Code/WRFDA/WRFV3_3.9.1_preset_moves_sfc_coeff_param_estim/chem -I/glade/work/nystrom/Code/WRFDA/WRFV3_3.9.1_preset_moves_sfc_coeff_param_estim/inc -I/glade/u/apps/ch/opt/netcdf/4.7.3/intel/19.0.5//include  -real-size `expr 8 \* 4` -i4  module_bc_time_utilities.f90
rm -f module_get_file_names.G module_get_file_names.H module_get_file_names.bb
time mpif90 -f90=ifort -o module_get_file_names.o -c -O3 -ip -fp-model precise -w -ftz -align all -fno-alias -FR -convert big_endian    -I../dyn_em -I../dyn_nmm   -I/glade/work/nystrom/Code/WRFDA/WRFV3_3.9.1_preset_moves_sfc_coeff_param_estim/external/esmf_time_f90  -I/glade/work/nystrom/Code/WRFDA/WRFV3_3.9.1_preset_moves_sfc_coeff_param_estim/main -I/glade/work/nystrom/Code/WRFDA/WRFV3_3.9.1_preset_moves_sfc_coeff_param_estim/external/io_netcdf -I/glade/work/nystrom/Code/WRFDA/WRFV3_3.9.1_preset_moves_sfc_coeff_param_estim/external/io_int -I/glade/work/nystrom/Code/WRFDA/WRFV3_3.9.1_preset_moves_sfc_coeff_param_estim/frame -I/glade/work/nystrom/Code/WRFDA/WRFV3_3.9.1_preset_moves_sfc_coeff_param_estim/share -I/glade/work/nystrom/Code/WRFDA/WRFV3_3.9.1_preset_moves_sfc_coeff_param_estim/phys -I/glade/work/nystrom/Code/WRFDA/WRFV3_3.9.1_preset_moves_sfc_coeff_param_estim/chem -I/glade/work/nystrom/Code/WRFDA/WRFV3_3.9.1_preset_moves_sfc_coeff_param_estim/inc -I/glade/u/apps/ch/opt/netcdf/4.7.3/intel/19.0.5//include  -real-size `expr 8 \* 4` -i4  module_get_file_names.f90

real	0m0.292s
user	0m0.102s
sys	0m0.060s
rm -f module_compute_geop.o
sed -e "s/grid%mu/gridmu/g" -e "s/grid%Mu/gridMu/g" -e "s/^\!.*'.*//" -e "s/^ *\!.*'.*//" module_compute_geop.F > module_compute_geop.G
/lib/cpp -P -nostdinc -I/glade/work/nystrom/Code/WRFDA/WRFV3_3.9.1_preset_moves_sfc_coeff_param_estim/inc -DEM_CORE=1 -DNMM_CORE=0 -DNMM_MAX_DIM=2600 -DCOAMPS_CORE=0 -DDA_CORE=0 -DEXP_CORE=0 -DIWORDSIZE=4 -DDWORDSIZE=8 -DRWORDSIZE=4 -DLWORDSIZE=4 -DNONSTANDARD_SYSTEM_FUNC  -DWRF_USE_CLM  -DDM_PARALLEL -DNETCDF -DMOVE_NESTS -DUSE_ALLOCATABLES -DGRIB1 -DINTIO -DKEEP_INT_AROUND -DLIMIT_ARGS -DCONFIG_BUF_LEN=65536 -DMAX_DOMAINS_F=21 -DMAX_HISTORY=25 -DNMM_NEST=0  -I. -traditional-cpp   module_compute_geop.G  > module_compute_geop.H
sed -e "s/gridmu/grid%mu/g" -e "s/gridMu/grid%Mu/g" module_compute_geop.H > module_compute_geop.bb
/glade/work/nystrom/Code/WRFDA/WRFV3_3.9.1_preset_moves_sfc_coeff_param_estim/tools/standard.exe module_compute_geop.bb | /lib/cpp -P -nostdinc -traditional-cpp > module_compute_geop.f90
rm -f module_compute_geop.G module_compute_geop.H module_compute_geop.bb
time mpif90 -f90=ifort -o module_compute_geop.o -c -O3 -ip -fp-model precise -w -ftz -align all -fno-alias -FR -convert big_endian    -I../dyn_em -I../dyn_nmm   -I/glade/work/nystrom/Code/WRFDA/WRFV3_3.9.1_preset_moves_sfc_coeff_param_estim/external/esmf_time_f90  -I/glade/work/nystrom/Code/WRFDA/WRFV3_3.9.1_preset_moves_sfc_coeff_param_estim/main -I/glade/work/nystrom/Code/WRFDA/WRFV3_3.9.1_preset_moves_sfc_coeff_param_estim/external/io_netcdf -I/glade/work/nystrom/Code/WRFDA/WRFV3_3.9.1_preset_moves_sfc_coeff_param_estim/external/io_int -I/glade/work/nystrom/Code/WRFDA/WRFV3_3.9.1_preset_moves_sfc_coeff_param_estim/frame -I/glade/work/nystrom/Code/WRFDA/WRFV3_3.9.1_preset_moves_sfc_coeff_param_estim/share -I/glade/work/nystrom/Code/WRFDA/WRFV3_3.9.1_preset_moves_sfc_coeff_param_estim/phys -I/glade/work/nystrom/Code/WRFDA/WRFV3_3.9.1_preset_moves_sfc_coeff_param_estim/chem -I/glade/work/nystrom/Code/WRFDA/WRFV3_3.9.1_preset_moves_sfc_coeff_param_estim/inc -I/glade/u/apps/ch/opt/netcdf/4.7.3/intel/19.0.5//include  -real-size `expr 8 \* 4` -i4  module_compute_geop.f90

real	0m0.349s
user	0m0.142s
sys	0m0.077s
rm -f module_check_a_mundo.o
sed -e "s/grid%mu/gridmu/g" -e "s/grid%Mu/gridMu/g" -e "s/^\!.*'.*//" -e "s/^ *\!.*'.*//" module_check_a_mundo.F > module_check_a_mundo.G
/lib/cpp -P -nostdinc -I/glade/work/nystrom/Code/WRFDA/WRFV3_3.9.1_preset_moves_sfc_coeff_param_estim/inc -DEM_CORE=1 -DNMM_CORE=0 -DNMM_MAX_DIM=2600 -DCOAMPS_CORE=0 -DDA_CORE=0 -DEXP_CORE=0 -DIWORDSIZE=4 -DDWORDSIZE=8 -DRWORDSIZE=4 -DLWORDSIZE=4 -DNONSTANDARD_SYSTEM_FUNC  -DWRF_USE_CLM  -DDM_PARALLEL -DNETCDF -DMOVE_NESTS -DUSE_ALLOCATABLES -DGRIB1 -DINTIO -DKEEP_INT_AROUND -DLIMIT_ARGS -DCONFIG_BUF_LEN=65536 -DMAX_DOMAINS_F=21 -DMAX_HISTORY=25 -DNMM_NEST=0  -I. -traditional-cpp   module_check_a_mundo.G  > module_check_a_mundo.H
sed -e "s/gridmu/grid%mu/g" -e "s/gridMu/grid%Mu/g" module_check_a_mundo.H > module_check_a_mundo.bb
/glade/work/nystrom/Code/WRFDA/WRFV3_3.9.1_preset_moves_sfc_coeff_param_estim/tools/standard.exe module_check_a_mundo.bb | /lib/cpp -P -nostdinc -traditional-cpp > module_check_a_mundo.f90
rm -f module_check_a_mundo.G module_check_a_mundo.H module_check_a_mundo.bb
time mpif90 -f90=ifort -o module_check_a_mundo.o -c -O3 -ip -fp-model precise -w -ftz -align all -fno-alias -FR -convert big_endian    -I../dyn_em -I../dyn_nmm   -I/glade/work/nystrom/Code/WRFDA/WRFV3_3.9.1_preset_moves_sfc_coeff_param_estim/external/esmf_time_f90  -I/glade/work/nystrom/Code/WRFDA/WRFV3_3.9.1_preset_moves_sfc_coeff_param_estim/main -I/glade/work/nystrom/Code/WRFDA/WRFV3_3.9.1_preset_moves_sfc_coeff_param_estim/external/io_netcdf -I/glade/work/nystrom/Code/WRFDA/WRFV3_3.9.1_preset_moves_sfc_coeff_param_estim/external/io_int -I/glade/work/nystrom/Code/WRFDA/WRFV3_3.9.1_preset_moves_sfc_coeff_param_estim/frame -I/glade/work/nystrom/Code/WRFDA/WRFV3_3.9.1_preset_moves_sfc_coeff_param_estim/share -I/glade/work/nystrom/Code/WRFDA/WRFV3_3.9.1_preset_moves_sfc_coeff_param_estim/phys -I/glade/work/nystrom/Code/WRFDA/WRFV3_3.9.1_preset_moves_sfc_coeff_param_estim/chem -I/glade/work/nystrom/Code/WRFDA/WRFV3_3.9.1_preset_moves_sfc_coeff_param_estim/inc -I/glade/u/apps/ch/opt/netcdf/4.7.3/intel/19.0.5//include  -real-size `expr 8 \* 4` -i4  module_check_a_mundo.f90

real	0m0.324s
user	0m0.112s
sys	0m0.081s
rm -f bobrand.o
mpicc -cc=icc -DMPI2_SUPPORT -DFSEEKO64_OK  -o bobrand.o -c -w -O3 -ip  -DDM_PARALLEL -DMAX_HISTORY=25 -DNMM_CORE=0 bobrand.c
rm -f module_llxy.o
sed -e "s/grid%mu/gridmu/g" -e "s/grid%Mu/gridMu/g" -e "s/^\!.*'.*//" -e "s/^ *\!.*'.*//" module_llxy.F > module_llxy.G
/lib/cpp -P -nostdinc -I/glade/work/nystrom/Code/WRFDA/WRFV3_3.9.1_preset_moves_sfc_coeff_param_estim/inc -DEM_CORE=1 -DNMM_CORE=0 -DNMM_MAX_DIM=2600 -DCOAMPS_CORE=0 -DDA_CORE=0 -DEXP_CORE=0 -DIWORDSIZE=4 -DDWORDSIZE=8 -DRWORDSIZE=4 -DLWORDSIZE=4 -DNONSTANDARD_SYSTEM_FUNC  -DWRF_USE_CLM  -DDM_PARALLEL -DNETCDF -DMOVE_NESTS -DUSE_ALLOCATABLES -DGRIB1 -DINTIO -DKEEP_INT_AROUND -DLIMIT_ARGS -DCONFIG_BUF_LEN=65536 -DMAX_DOMAINS_F=21 -DMAX_HISTORY=25 -DNMM_NEST=0  -I. -traditional-cpp   module_llxy.G  > module_llxy.H
sed -e "s/gridmu/grid%mu/g" -e "s/gridMu/grid%Mu/g" module_llxy.H > module_llxy.bb
/glade/work/nystrom/Code/WRFDA/WRFV3_3.9.1_preset_moves_sfc_coeff_param_estim/tools/standard.exe module_llxy.bb | /lib/cpp -P -nostdinc -traditional-cpp > module_llxy.f90
rm -f module_llxy.G module_llxy.H module_llxy.bb
time mpif90 -f90=ifort -o module_llxy.o -c -O3 -ip -fp-model precise -w -ftz -align all -fno-alias -FR -convert big_endian    -I../dyn_em -I../dyn_nmm   -I/glade/work/nystrom/Code/WRFDA/WRFV3_3.9.1_preset_moves_sfc_coeff_param_estim/external/esmf_time_f90  -I/glade/work/nystrom/Code/WRFDA/WRFV3_3.9.1_preset_moves_sfc_coeff_param_estim/main -I/glade/work/nystrom/Code/WRFDA/WRFV3_3.9.1_preset_moves_sfc_coeff_param_estim/external/io_netcdf -I/glade/work/nystrom/Code/WRFDA/WRFV3_3.9.1_preset_moves_sfc_coeff_param_estim/external/io_int -I/glade/work/nystrom/Code/WRFDA/WRFV3_3.9.1_preset_moves_sfc_coeff_param_estim/frame -I/glade/work/nystrom/Code/WRFDA/WRFV3_3.9.1_preset_moves_sfc_coeff_param_estim/share -I/glade/work/nystrom/Code/WRFDA/WRFV3_3.9.1_preset_moves_sfc_coeff_param_estim/phys -I/glade/work/nystrom/Code/WRFDA/WRFV3_3.9.1_preset_moves_sfc_coeff_param_estim/chem -I/glade/work/nystrom/Code/WRFDA/WRFV3_3.9.1_preset_moves_sfc_coeff_param_estim/inc -I/glade/u/apps/ch/opt/netcdf/4.7.3/intel/19.0.5//include  -real-size `expr 8 \* 4` -i4  module_llxy.f90

real	0m1.195s
user	0m0.957s
sys	0m0.090s
rm -f module_interp_store.o
sed -e "s/grid%mu/gridmu/g" -e "s/grid%Mu/gridMu/g" -e "s/^\!.*'.*//" -e "s/^ *\!.*'.*//" module_interp_store.F > module_interp_store.G
/lib/cpp -P -nostdinc -I/glade/work/nystrom/Code/WRFDA/WRFV3_3.9.1_preset_moves_sfc_coeff_param_estim/inc -DEM_CORE=1 -DNMM_CORE=0 -DNMM_MAX_DIM=2600 -DCOAMPS_CORE=0 -DDA_CORE=0 -DEXP_CORE=0 -DIWORDSIZE=4 -DDWORDSIZE=8 -DRWORDSIZE=4 -DLWORDSIZE=4 -DNONSTANDARD_SYSTEM_FUNC  -DWRF_USE_CLM  -DDM_PARALLEL -DNETCDF -DMOVE_NESTS -DUSE_ALLOCATABLES -DGRIB1 -DINTIO -DKEEP_INT_AROUND -DLIMIT_ARGS -DCONFIG_BUF_LEN=65536 -DMAX_DOMAINS_F=21 -DMAX_HISTORY=25 -DNMM_NEST=0  -I. -traditional-cpp   module_interp_store.G  > module_interp_store.H
sed -e "s/gridmu/grid%mu/g" -e "s/gridMu/grid%Mu/g" module_interp_store.H > module_interp_store.bb
/glade/work/nystrom/Code/WRFDA/WRFV3_3.9.1_preset_moves_sfc_coeff_param_estim/tools/standard.exe module_interp_store.bb | /lib/cpp -P -nostdinc -traditional-cpp > module_interp_store.f90
rm -f module_interp_store.G module_interp_store.H module_interp_store.bb
time mpif90 -f90=ifort -o module_interp_store.o -c -O3 -ip -fp-model precise -w -ftz -align all -fno-alias -FR -convert big_endian    -I../dyn_em -I../dyn_nmm   -I/glade/work/nystrom/Code/WRFDA/WRFV3_3.9.1_preset_moves_sfc_coeff_param_estim/external/esmf_time_f90  -I/glade/work/nystrom/Code/WRFDA/WRFV3_3.9.1_preset_moves_sfc_coeff_param_estim/main -I/glade/work/nystrom/Code/WRFDA/WRFV3_3.9.1_preset_moves_sfc_coeff_param_estim/external/io_netcdf -I/glade/work/nystrom/Code/WRFDA/WRFV3_3.9.1_preset_moves_sfc_coeff_param_estim/external/io_int -I/glade/work/nystrom/Code/WRFDA/WRFV3_3.9.1_preset_moves_sfc_coeff_param_estim/frame -I/glade/work/nystrom/Code/WRFDA/WRFV3_3.9.1_preset_moves_sfc_coeff_param_estim/share -I/glade/work/nystrom/Code/WRFDA/WRFV3_3.9.1_preset_moves_sfc_coeff_param_estim/phys -I/glade/work/nystrom/Code/WRFDA/WRFV3_3.9.1_preset_moves_sfc_coeff_param_estim/chem -I/glade/work/nystrom/Code/WRFDA/WRFV3_3.9.1_preset_moves_sfc_coeff_param_estim/inc -I/glade/u/apps/ch/opt/netcdf/4.7.3/intel/19.0.5//include  -real-size `expr 8 \* 4` -i4  module_interp_store.f90

real	0m3.378s
user	0m3.078s
sys	0m0.093s
rm -f module_MPP.o
sed -e "s/grid%mu/gridmu/g" -e "s/grid%Mu/gridMu/g" -e "s/^\!.*'.*//" -e "s/^ *\!.*'.*//" module_MPP.F > module_MPP.G
/lib/cpp -P -nostdinc -I/glade/work/nystrom/Code/WRFDA/WRFV3_3.9.1_preset_moves_sfc_coeff_param_estim/inc -DEM_CORE=1 -DNMM_CORE=0 -DNMM_MAX_DIM=2600 -DCOAMPS_CORE=0 -DDA_CORE=0 -DEXP_CORE=0 -DIWORDSIZE=4 -DDWORDSIZE=8 -DRWORDSIZE=4 -DLWORDSIZE=4 -DNONSTANDARD_SYSTEM_FUNC  -DWRF_USE_CLM  -DDM_PARALLEL -DNETCDF -DMOVE_NESTS -DUSE_ALLOCATABLES -DGRIB1 -DINTIO -DKEEP_INT_AROUND -DLIMIT_ARGS -DCONFIG_BUF_LEN=65536 -DMAX_DOMAINS_F=21 -DMAX_HISTORY=25 -DNMM_NEST=0  -I. -traditional-cpp   module_MPP.G  > module_MPP.H
sed -e "s/gridmu/grid%mu/g" -e "s/gridMu/grid%Mu/g" module_MPP.H > module_MPP.bb
/glade/work/nystrom/Code/WRFDA/WRFV3_3.9.1_preset_moves_sfc_coeff_param_estim/tools/standard.exe module_MPP.bb | /lib/cpp -P -nostdinc -traditional-cpp > module_MPP.f90
rm -f module_MPP.G module_MPP.H module_MPP.bb
time mpif90 -f90=ifort -o module_MPP.o -c -O3 -ip -fp-model precise -w -ftz -align all -fno-alias -FR -convert big_endian    -I../dyn_em -I../dyn_nmm   -I/glade/work/nystrom/Code/WRFDA/WRFV3_3.9.1_preset_moves_sfc_coeff_param_estim/external/esmf_time_f90  -I/glade/work/nystrom/Code/WRFDA/WRFV3_3.9.1_preset_moves_sfc_coeff_param_estim/main -I/glade/work/nystrom/Code/WRFDA/WRFV3_3.9.1_preset_moves_sfc_coeff_param_estim/external/io_netcdf -I/glade/work/nystrom/Code/WRFDA/WRFV3_3.9.1_preset_moves_sfc_coeff_param_estim/external/io_int -I/glade/work/nystrom/Code/WRFDA/WRFV3_3.9.1_preset_moves_sfc_coeff_param_estim/frame -I/glade/work/nystrom/Code/WRFDA/WRFV3_3.9.1_preset_moves_sfc_coeff_param_estim/share -I/glade/work/nystrom/Code/WRFDA/WRFV3_3.9.1_preset_moves_sfc_coeff_param_estim/phys -I/glade/work/nystrom/Code/WRFDA/WRFV3_3.9.1_preset_moves_sfc_coeff_param_estim/chem -I/glade/work/nystrom/Code/WRFDA/WRFV3_3.9.1_preset_moves_sfc_coeff_param_estim/inc -I/glade/u/apps/ch/opt/netcdf/4.7.3/intel/19.0.5//include  -real-size `expr 8 \* 4` -i4  module_MPP.f90

real	0m0.584s
user	0m0.363s
sys	0m0.071s
rm -f module_date_time.o
sed -e "s/grid%mu/gridmu/g" -e "s/grid%Mu/gridMu/g" -e "s/^\!.*'.*//" -e "s/^ *\!.*'.*//" module_date_time.F > module_date_time.G
/lib/cpp -P -nostdinc -I/glade/work/nystrom/Code/WRFDA/WRFV3_3.9.1_preset_moves_sfc_coeff_param_estim/inc -DEM_CORE=1 -DNMM_CORE=0 -DNMM_MAX_DIM=2600 -DCOAMPS_CORE=0 -DDA_CORE=0 -DEXP_CORE=0 -DIWORDSIZE=4 -DDWORDSIZE=8 -DRWORDSIZE=4 -DLWORDSIZE=4 -DNONSTANDARD_SYSTEM_FUNC  -DWRF_USE_CLM  -DDM_PARALLEL -DNETCDF -DMOVE_NESTS -DUSE_ALLOCATABLES -DGRIB1 -DINTIO -DKEEP_INT_AROUND -DLIMIT_ARGS -DCONFIG_BUF_LEN=65536 -DMAX_DOMAINS_F=21 -DMAX_HISTORY=25 -DNMM_NEST=0  -I. -traditional-cpp   module_date_time.G  > module_date_time.H
sed -e "s/gridmu/grid%mu/g" -e "s/gridMu/grid%Mu/g" module_date_time.H > module_date_time.bb
/glade/work/nystrom/Code/WRFDA/WRFV3_3.9.1_preset_moves_sfc_coeff_param_estim/tools/standard.exe module_date_time.bb | /lib/cpp -P -nostdinc -traditional-cpp > module_date_time.f90
rm -f module_date_time.G module_date_time.H module_date_time.bb
time mpif90 -f90=ifort -o module_date_time.o -c -O3 -ip -fp-model precise -w -ftz -align all -fno-alias -FR -convert big_endian    -I../dyn_em -I../dyn_nmm   -I/glade/work/nystrom/Code/WRFDA/WRFV3_3.9.1_preset_moves_sfc_coeff_param_estim/external/esmf_time_f90  -I/glade/work/nystrom/Code/WRFDA/WRFV3_3.9.1_preset_moves_sfc_coeff_param_estim/main -I/glade/work/nystrom/Code/WRFDA/WRFV3_3.9.1_preset_moves_sfc_coeff_param_estim/external/io_netcdf -I/glade/work/nystrom/Code/WRFDA/WRFV3_3.9.1_preset_moves_sfc_coeff_param_estim/external/io_int -I/glade/work/nystrom/Code/WRFDA/WRFV3_3.9.1_preset_moves_sfc_coeff_param_estim/frame -I/glade/work/nystrom/Code/WRFDA/WRFV3_3.9.1_preset_moves_sfc_coeff_param_estim/share -I/glade/work/nystrom/Code/WRFDA/WRFV3_3.9.1_preset_moves_sfc_coeff_param_estim/phys -I/glade/work/nystrom/Code/WRFDA/WRFV3_3.9.1_preset_moves_sfc_coeff_param_estim/chem -I/glade/work/nystrom/Code/WRFDA/WRFV3_3.9.1_preset_moves_sfc_coeff_param_estim/inc -I/glade/u/apps/ch/opt/netcdf/4.7.3/intel/19.0.5//include  -real-size `expr 8 \* 4` -i4  module_date_time.f90

real	0m0.289s
user	0m0.091s
sys	0m0.041s
rm -f mediation_interp_domain.o
sed -e "s/grid%mu/gridmu/g" -e "s/grid%Mu/gridMu/g" -e "s/^\!.*'.*//" -e "s/^ *\!.*'.*//" mediation_interp_domain.F > mediation_interp_domain.G
/lib/cpp -P -nostdinc -I/glade/work/nystrom/Code/WRFDA/WRFV3_3.9.1_preset_moves_sfc_coeff_param_estim/inc -DEM_CORE=1 -DNMM_CORE=0 -DNMM_MAX_DIM=2600 -DCOAMPS_CORE=0 -DDA_CORE=0 -DEXP_CORE=0 -DIWORDSIZE=4 -DDWORDSIZE=8 -DRWORDSIZE=4 -DLWORDSIZE=4 -DNONSTANDARD_SYSTEM_FUNC  -DWRF_USE_CLM  -DDM_PARALLEL -DNETCDF -DMOVE_NESTS -DUSE_ALLOCATABLES -DGRIB1 -DINTIO -DKEEP_INT_AROUND -DLIMIT_ARGS -DCONFIG_BUF_LEN=65536 -DMAX_DOMAINS_F=21 -DMAX_HISTORY=25 -DNMM_NEST=0  -I. -traditional-cpp   mediation_interp_domain.G  > mediation_interp_domain.H
sed -e "s/gridmu/grid%mu/g" -e "s/gridMu/grid%Mu/g" mediation_interp_domain.H > mediation_interp_domain.bb
/glade/work/nystrom/Code/WRFDA/WRFV3_3.9.1_preset_moves_sfc_coeff_param_estim/tools/standard.exe mediation_interp_domain.bb | /lib/cpp -P -nostdinc -traditional-cpp > mediation_interp_domain.f90
rm -f mediation_interp_domain.G mediation_interp_domain.H mediation_interp_domain.bb
time mpif90 -f90=ifort -o mediation_interp_domain.o -c -O3 -ip -fp-model precise -w -ftz -align all -fno-alias -FR -convert big_endian    -I../dyn_em -I../dyn_nmm   -I/glade/work/nystrom/Code/WRFDA/WRFV3_3.9.1_preset_moves_sfc_coeff_param_estim/external/esmf_time_f90  -I/glade/work/nystrom/Code/WRFDA/WRFV3_3.9.1_preset_moves_sfc_coeff_param_estim/main -I/glade/work/nystrom/Code/WRFDA/WRFV3_3.9.1_preset_moves_sfc_coeff_param_estim/external/io_netcdf -I/glade/work/nystrom/Code/WRFDA/WRFV3_3.9.1_preset_moves_sfc_coeff_param_estim/external/io_int -I/glade/work/nystrom/Code/WRFDA/WRFV3_3.9.1_preset_moves_sfc_coeff_param_estim/frame -I/glade/work/nystrom/Code/WRFDA/WRFV3_3.9.1_preset_moves_sfc_coeff_param_estim/share -I/glade/work/nystrom/Code/WRFDA/WRFV3_3.9.1_preset_moves_sfc_coeff_param_estim/phys -I/glade/work/nystrom/Code/WRFDA/WRFV3_3.9.1_preset_moves_sfc_coeff_param_estim/chem -I/glade/work/nystrom/Code/WRFDA/WRFV3_3.9.1_preset_moves_sfc_coeff_param_estim/inc -I/glade/u/apps/ch/opt/netcdf/4.7.3/intel/19.0.5//include  -real-size `expr 8 \* 4` -i4  mediation_interp_domain.f90

real	0m0.631s
user	0m0.400s
sys	0m0.074s
rm -f mediation_force_domain.o
sed -e "s/grid%mu/gridmu/g" -e "s/grid%Mu/gridMu/g" -e "s/^\!.*'.*//" -e "s/^ *\!.*'.*//" mediation_force_domain.F > mediation_force_domain.G
/lib/cpp -P -nostdinc -I/glade/work/nystrom/Code/WRFDA/WRFV3_3.9.1_preset_moves_sfc_coeff_param_estim/inc -DEM_CORE=1 -DNMM_CORE=0 -DNMM_MAX_DIM=2600 -DCOAMPS_CORE=0 -DDA_CORE=0 -DEXP_CORE=0 -DIWORDSIZE=4 -DDWORDSIZE=8 -DRWORDSIZE=4 -DLWORDSIZE=4 -DNONSTANDARD_SYSTEM_FUNC  -DWRF_USE_CLM  -DDM_PARALLEL -DNETCDF -DMOVE_NESTS -DUSE_ALLOCATABLES -DGRIB1 -DINTIO -DKEEP_INT_AROUND -DLIMIT_ARGS -DCONFIG_BUF_LEN=65536 -DMAX_DOMAINS_F=21 -DMAX_HISTORY=25 -DNMM_NEST=0  -I. -traditional-cpp   mediation_force_domain.G  > mediation_force_domain.H
sed -e "s/gridmu/grid%mu/g" -e "s/gridMu/grid%Mu/g" mediation_force_domain.H > mediation_force_domain.bb
/glade/work/nystrom/Code/WRFDA/WRFV3_3.9.1_preset_moves_sfc_coeff_param_estim/tools/standard.exe mediation_force_domain.bb | /lib/cpp -P -nostdinc -traditional-cpp > mediation_force_domain.f90
rm -f mediation_force_domain.G mediation_force_domain.H mediation_force_domain.bb
time mpif90 -f90=ifort -o mediation_force_domain.o -c -O3 -ip -fp-model precise -w -ftz -align all -fno-alias -FR -convert big_endian    -I../dyn_em -I../dyn_nmm   -I/glade/work/nystrom/Code/WRFDA/WRFV3_3.9.1_preset_moves_sfc_coeff_param_estim/external/esmf_time_f90  -I/glade/work/nystrom/Code/WRFDA/WRFV3_3.9.1_preset_moves_sfc_coeff_param_estim/main -I/glade/work/nystrom/Code/WRFDA/WRFV3_3.9.1_preset_moves_sfc_coeff_param_estim/external/io_netcdf -I/glade/work/nystrom/Code/WRFDA/WRFV3_3.9.1_preset_moves_sfc_coeff_param_estim/external/io_int -I/glade/work/nystrom/Code/WRFDA/WRFV3_3.9.1_preset_moves_sfc_coeff_param_estim/frame -I/glade/work/nystrom/Code/WRFDA/WRFV3_3.9.1_preset_moves_sfc_coeff_param_estim/share -I/glade/work/nystrom/Code/WRFDA/WRFV3_3.9.1_preset_moves_sfc_coeff_param_estim/phys -I/glade/work/nystrom/Code/WRFDA/WRFV3_3.9.1_preset_moves_sfc_coeff_param_estim/chem -I/glade/work/nystrom/Code/WRFDA/WRFV3_3.9.1_preset_moves_sfc_coeff_param_estim/inc -I/glade/u/apps/ch/opt/netcdf/4.7.3/intel/19.0.5//include  -real-size `expr 8 \* 4` -i4  mediation_force_domain.f90

real	0m2.006s
user	0m1.700s
sys	0m0.173s
rm -f mediation_feedback_domain.o
sed -e "s/grid%mu/gridmu/g" -e "s/grid%Mu/gridMu/g" -e "s/^\!.*'.*//" -e "s/^ *\!.*'.*//" mediation_feedback_domain.F > mediation_feedback_domain.G
/lib/cpp -P -nostdinc -I/glade/work/nystrom/Code/WRFDA/WRFV3_3.9.1_preset_moves_sfc_coeff_param_estim/inc -DEM_CORE=1 -DNMM_CORE=0 -DNMM_MAX_DIM=2600 -DCOAMPS_CORE=0 -DDA_CORE=0 -DEXP_CORE=0 -DIWORDSIZE=4 -DDWORDSIZE=8 -DRWORDSIZE=4 -DLWORDSIZE=4 -DNONSTANDARD_SYSTEM_FUNC  -DWRF_USE_CLM  -DDM_PARALLEL -DNETCDF -DMOVE_NESTS -DUSE_ALLOCATABLES -DGRIB1 -DINTIO -DKEEP_INT_AROUND -DLIMIT_ARGS -DCONFIG_BUF_LEN=65536 -DMAX_DOMAINS_F=21 -DMAX_HISTORY=25 -DNMM_NEST=0  -I. -traditional-cpp   mediation_feedback_domain.G  > mediation_feedback_domain.H
sed -e "s/gridmu/grid%mu/g" -e "s/gridMu/grid%Mu/g" mediation_feedback_domain.H > mediation_feedback_domain.bb
/glade/work/nystrom/Code/WRFDA/WRFV3_3.9.1_preset_moves_sfc_coeff_param_estim/tools/standard.exe mediation_feedback_domain.bb | /lib/cpp -P -nostdinc -traditional-cpp > mediation_feedback_domain.f90
rm -f mediation_feedback_domain.G mediation_feedback_domain.H mediation_feedback_domain.bb
time mpif90 -f90=ifort -o mediation_feedback_domain.o -c -O3 -ip -fp-model precise -w -ftz -align all -fno-alias -FR -convert big_endian    -I../dyn_em -I../dyn_nmm   -I/glade/work/nystrom/Code/WRFDA/WRFV3_3.9.1_preset_moves_sfc_coeff_param_estim/external/esmf_time_f90  -I/glade/work/nystrom/Code/WRFDA/WRFV3_3.9.1_preset_moves_sfc_coeff_param_estim/main -I/glade/work/nystrom/Code/WRFDA/WRFV3_3.9.1_preset_moves_sfc_coeff_param_estim/external/io_netcdf -I/glade/work/nystrom/Code/WRFDA/WRFV3_3.9.1_preset_moves_sfc_coeff_param_estim/external/io_int -I/glade/work/nystrom/Code/WRFDA/WRFV3_3.9.1_preset_moves_sfc_coeff_param_estim/frame -I/glade/work/nystrom/Code/WRFDA/WRFV3_3.9.1_preset_moves_sfc_coeff_param_estim/share -I/glade/work/nystrom/Code/WRFDA/WRFV3_3.9.1_preset_moves_sfc_coeff_param_estim/phys -I/glade/work/nystrom/Code/WRFDA/WRFV3_3.9.1_preset_moves_sfc_coeff_param_estim/chem -I/glade/work/nystrom/Code/WRFDA/WRFV3_3.9.1_preset_moves_sfc_coeff_param_estim/inc -I/glade/u/apps/ch/opt/netcdf/4.7.3/intel/19.0.5//include  -real-size `expr 8 \* 4` -i4  mediation_feedback_domain.f90

real	0m2.264s
user	0m1.896s
sys	0m0.176s
rm -f module_bc.o
sed -e "s/grid%mu/gridmu/g" -e "s/grid%Mu/gridMu/g" -e "s/^\!.*'.*//" -e "s/^ *\!.*'.*//" module_bc.F > module_bc.G
/lib/cpp -P -nostdinc -I/glade/work/nystrom/Code/WRFDA/WRFV3_3.9.1_preset_moves_sfc_coeff_param_estim/inc -DEM_CORE=1 -DNMM_CORE=0 -DNMM_MAX_DIM=2600 -DCOAMPS_CORE=0 -DDA_CORE=0 -DEXP_CORE=0 -DIWORDSIZE=4 -DDWORDSIZE=8 -DRWORDSIZE=4 -DLWORDSIZE=4 -DNONSTANDARD_SYSTEM_FUNC  -DWRF_USE_CLM  -DDM_PARALLEL -DNETCDF -DMOVE_NESTS -DUSE_ALLOCATABLES -DGRIB1 -DINTIO -DKEEP_INT_AROUND -DLIMIT_ARGS -DCONFIG_BUF_LEN=65536 -DMAX_DOMAINS_F=21 -DMAX_HISTORY=25 -DNMM_NEST=0  -I. -traditional-cpp   module_bc.G  > module_bc.H
sed -e "s/gridmu/grid%mu/g" -e "s/gridMu/grid%Mu/g" module_bc.H > module_bc.bb
/glade/work/nystrom/Code/WRFDA/WRFV3_3.9.1_preset_moves_sfc_coeff_param_estim/tools/standard.exe module_bc.bb | /lib/cpp -P -nostdinc -traditional-cpp > module_bc.f90
rm -f module_bc.G module_bc.H module_bc.bb
time mpif90 -f90=ifort -o module_bc.o -c -O3 -ip -fp-model precise -w -ftz -align all -fno-alias -FR -convert big_endian    -I../dyn_em -I../dyn_nmm   -I/glade/work/nystrom/Code/WRFDA/WRFV3_3.9.1_preset_moves_sfc_coeff_param_estim/external/esmf_time_f90  -I/glade/work/nystrom/Code/WRFDA/WRFV3_3.9.1_preset_moves_sfc_coeff_param_estim/main -I/glade/work/nystrom/Code/WRFDA/WRFV3_3.9.1_preset_moves_sfc_coeff_param_estim/external/io_netcdf -I/glade/work/nystrom/Code/WRFDA/WRFV3_3.9.1_preset_moves_sfc_coeff_param_estim/external/io_int -I/glade/work/nystrom/Code/WRFDA/WRFV3_3.9.1_preset_moves_sfc_coeff_param_estim/frame -I/glade/work/nystrom/Code/WRFDA/WRFV3_3.9.1_preset_moves_sfc_coeff_param_estim/share -I/glade/work/nystrom/Code/WRFDA/WRFV3_3.9.1_preset_moves_sfc_coeff_param_estim/phys -I/glade/work/nystrom/Code/WRFDA/WRFV3_3.9.1_preset_moves_sfc_coeff_param_estim/chem -I/glade/work/nystrom/Code/WRFDA/WRFV3_3.9.1_preset_moves_sfc_coeff_param_estim/inc -I/glade/u/apps/ch/opt/netcdf/4.7.3/intel/19.0.5//include  -real-size `expr 8 \* 4` -i4  module_bc.f90

real	0m1.929s
user	0m1.607s
sys	0m0.177s
rm -f module_io_wrf.o
/glade/work/nystrom/Code/WRFDA/WRFV3_3.9.1_preset_moves_sfc_coeff_param_estim/tools/standard.exe module_io_wrf.F > module_io_wrf.b 
/lib/cpp -P -nostdinc -I/glade/work/nystrom/Code/WRFDA/WRFV3_3.9.1_preset_moves_sfc_coeff_param_estim/inc -DEM_CORE=1 -DNMM_CORE=0 -DNMM_MAX_DIM=2600 -DCOAMPS_CORE=0 -DDA_CORE=0 -DEXP_CORE=0 -DIWORDSIZE=4 -DDWORDSIZE=8 -DRWORDSIZE=4 -DLWORDSIZE=4 -DNONSTANDARD_SYSTEM_FUNC  -DWRF_USE_CLM  -DDM_PARALLEL -DNETCDF -DMOVE_NESTS -DUSE_ALLOCATABLES -DGRIB1 -DINTIO -DKEEP_INT_AROUND -DLIMIT_ARGS -DCONFIG_BUF_LEN=65536 -DMAX_DOMAINS_F=21 -DMAX_HISTORY=25 -DNMM_NEST=0  -I. -traditional-cpp   module_io_wrf.b  > module_io_wrf.f90
rm -f module_io_wrf.b
if fgrep -iq '!$OMP' module_io_wrf.f90 ; then \
          if [ -n "" ] ; then echo COMPILING module_io_wrf.F WITH OMP ; fi ; \
  time mpif90 -f90=ifort -c -real-size `expr 8 \* 4` -i4 -O0 -fno-inline -no-ip -ip -fp-model precise -w -ftz -align all -fno-alias -FR -convert big_endian   -I../dyn_em -I../dyn_nmm   -I/glade/work/nystrom/Code/WRFDA/WRFV3_3.9.1_preset_moves_sfc_coeff_param_estim/external/esmf_time_f90  -I/glade/work/nystrom/Code/WRFDA/WRFV3_3.9.1_preset_moves_sfc_coeff_param_estim/main -I/glade/work/nystrom/Code/WRFDA/WRFV3_3.9.1_preset_moves_sfc_coeff_param_estim/external/io_netcdf -I/glade/work/nystrom/Code/WRFDA/WRFV3_3.9.1_preset_moves_sfc_coeff_param_estim/external/io_int -I/glade/work/nystrom/Code/WRFDA/WRFV3_3.9.1_preset_moves_sfc_coeff_param_estim/frame -I/glade/work/nystrom/Code/WRFDA/WRFV3_3.9.1_preset_moves_sfc_coeff_param_estim/share -I/glade/work/nystrom/Code/WRFDA/WRFV3_3.9.1_preset_moves_sfc_coeff_param_estim/phys -I/glade/work/nystrom/Code/WRFDA/WRFV3_3.9.1_preset_moves_sfc_coeff_param_estim/chem -I/glade/work/nystrom/Code/WRFDA/WRFV3_3.9.1_preset_moves_sfc_coeff_param_estim/inc -I/glade/u/apps/ch/opt/netcdf/4.7.3/intel/19.0.5//include    module_io_wrf.f90 ; \
        else \
          if [ -n "" ] ; then echo COMPILING module_io_wrf.F WITHOUT OMP ; fi ; \
  time mpif90 -f90=ifort -c -real-size `expr 8 \* 4` -i4 -O0 -fno-inline -no-ip -ip -fp-model precise -w -ftz -align all -fno-alias -FR -convert big_endian   -I../dyn_em -I../dyn_nmm   -I/glade/work/nystrom/Code/WRFDA/WRFV3_3.9.1_preset_moves_sfc_coeff_param_estim/external/esmf_time_f90  -I/glade/work/nystrom/Code/WRFDA/WRFV3_3.9.1_preset_moves_sfc_coeff_param_estim/main -I/glade/work/nystrom/Code/WRFDA/WRFV3_3.9.1_preset_moves_sfc_coeff_param_estim/external/io_netcdf -I/glade/work/nystrom/Code/WRFDA/WRFV3_3.9.1_preset_moves_sfc_coeff_param_estim/external/io_int -I/glade/work/nystrom/Code/WRFDA/WRFV3_3.9.1_preset_moves_sfc_coeff_param_estim/frame -I/glade/work/nystrom/Code/WRFDA/WRFV3_3.9.1_preset_moves_sfc_coeff_param_estim/share -I/glade/work/nystrom/Code/WRFDA/WRFV3_3.9.1_preset_moves_sfc_coeff_param_estim/phys -I/glade/work/nystrom/Code/WRFDA/WRFV3_3.9.1_preset_moves_sfc_coeff_param_estim/chem -I/glade/work/nystrom/Code/WRFDA/WRFV3_3.9.1_preset_moves_sfc_coeff_param_estim/inc -I/glade/u/apps/ch/opt/netcdf/4.7.3/intel/19.0.5//include   module_io_wrf.f90 ; \
        fi

real	0m0.298s
user	0m0.065s
sys	0m0.077s
rm -f module_soil_pre.o
sed -e "s/grid%mu/gridmu/g" -e "s/grid%Mu/gridMu/g" -e "s/^\!.*'.*//" -e "s/^ *\!.*'.*//" module_soil_pre.F > module_soil_pre.G
/lib/cpp -P -nostdinc -I/glade/work/nystrom/Code/WRFDA/WRFV3_3.9.1_preset_moves_sfc_coeff_param_estim/inc -DEM_CORE=1 -DNMM_CORE=0 -DNMM_MAX_DIM=2600 -DCOAMPS_CORE=0 -DDA_CORE=0 -DEXP_CORE=0 -DIWORDSIZE=4 -DDWORDSIZE=8 -DRWORDSIZE=4 -DLWORDSIZE=4 -DNONSTANDARD_SYSTEM_FUNC  -DWRF_USE_CLM  -DDM_PARALLEL -DNETCDF -DMOVE_NESTS -DUSE_ALLOCATABLES -DGRIB1 -DINTIO -DKEEP_INT_AROUND -DLIMIT_ARGS -DCONFIG_BUF_LEN=65536 -DMAX_DOMAINS_F=21 -DMAX_HISTORY=25 -DNMM_NEST=0  -I. -traditional-cpp   module_soil_pre.G  > module_soil_pre.H
sed -e "s/gridmu/grid%mu/g" -e "s/gridMu/grid%Mu/g" module_soil_pre.H > module_soil_pre.bb
/glade/work/nystrom/Code/WRFDA/WRFV3_3.9.1_preset_moves_sfc_coeff_param_estim/tools/standard.exe module_soil_pre.bb | /lib/cpp -P -nostdinc -traditional-cpp > module_soil_pre.f90
rm -f module_soil_pre.G module_soil_pre.H module_soil_pre.bb
time mpif90 -f90=ifort -o module_soil_pre.o -c -O3 -ip -fp-model precise -w -ftz -align all -fno-alias -FR -convert big_endian    -I../dyn_em -I../dyn_nmm   -I/glade/work/nystrom/Code/WRFDA/WRFV3_3.9.1_preset_moves_sfc_coeff_param_estim/external/esmf_time_f90  -I/glade/work/nystrom/Code/WRFDA/WRFV3_3.9.1_preset_moves_sfc_coeff_param_estim/main -I/glade/work/nystrom/Code/WRFDA/WRFV3_3.9.1_preset_moves_sfc_coeff_param_estim/external/io_netcdf -I/glade/work/nystrom/Code/WRFDA/WRFV3_3.9.1_preset_moves_sfc_coeff_param_estim/external/io_int -I/glade/work/nystrom/Code/WRFDA/WRFV3_3.9.1_preset_moves_sfc_coeff_param_estim/frame -I/glade/work/nystrom/Code/WRFDA/WRFV3_3.9.1_preset_moves_sfc_coeff_param_estim/share -I/glade/work/nystrom/Code/WRFDA/WRFV3_3.9.1_preset_moves_sfc_coeff_param_estim/phys -I/glade/work/nystrom/Code/WRFDA/WRFV3_3.9.1_preset_moves_sfc_coeff_param_estim/chem -I/glade/work/nystrom/Code/WRFDA/WRFV3_3.9.1_preset_moves_sfc_coeff_param_estim/inc -I/glade/u/apps/ch/opt/netcdf/4.7.3/intel/19.0.5//include  -real-size `expr 8 \* 4` -i4  module_soil_pre.f90

real	0m4.400s
user	0m4.121s
sys	0m0.132s
rm -f wrf_tsin.o
/glade/work/nystrom/Code/WRFDA/WRFV3_3.9.1_preset_moves_sfc_coeff_param_estim/tools/standard.exe wrf_tsin.F > wrf_tsin.b 
/lib/cpp -P -nostdinc -I/glade/work/nystrom/Code/WRFDA/WRFV3_3.9.1_preset_moves_sfc_coeff_param_estim/inc -DEM_CORE=1 -DNMM_CORE=0 -DNMM_MAX_DIM=2600 -DCOAMPS_CORE=0 -DDA_CORE=0 -DEXP_CORE=0 -DIWORDSIZE=4 -DDWORDSIZE=8 -DRWORDSIZE=4 -DLWORDSIZE=4 -DNONSTANDARD_SYSTEM_FUNC  -DWRF_USE_CLM  -DDM_PARALLEL -DNETCDF -DMOVE_NESTS -DUSE_ALLOCATABLES -DGRIB1 -DINTIO -DKEEP_INT_AROUND -DLIMIT_ARGS -DCONFIG_BUF_LEN=65536 -DMAX_DOMAINS_F=21 -DMAX_HISTORY=25 -DNMM_NEST=0  -I. -traditional-cpp   wrf_tsin.b  > wrf_tsin.f90
rm -f wrf_tsin.b
if fgrep -iq '!$OMP' wrf_tsin.f90 ; then \
          if [ -n "" ] ; then echo COMPILING wrf_tsin.F WITH OMP ; fi ; \
  time mpif90 -f90=ifort -c -real-size `expr 8 \* 4` -i4 -O0 -fno-inline -no-ip -ip -fp-model precise -w -ftz -align all -fno-alias -FR -convert big_endian   -I../dyn_em -I../dyn_nmm   -I/glade/work/nystrom/Code/WRFDA/WRFV3_3.9.1_preset_moves_sfc_coeff_param_estim/external/esmf_time_f90  -I/glade/work/nystrom/Code/WRFDA/WRFV3_3.9.1_preset_moves_sfc_coeff_param_estim/main -I/glade/work/nystrom/Code/WRFDA/WRFV3_3.9.1_preset_moves_sfc_coeff_param_estim/external/io_netcdf -I/glade/work/nystrom/Code/WRFDA/WRFV3_3.9.1_preset_moves_sfc_coeff_param_estim/external/io_int -I/glade/work/nystrom/Code/WRFDA/WRFV3_3.9.1_preset_moves_sfc_coeff_param_estim/frame -I/glade/work/nystrom/Code/WRFDA/WRFV3_3.9.1_preset_moves_sfc_coeff_param_estim/share -I/glade/work/nystrom/Code/WRFDA/WRFV3_3.9.1_preset_moves_sfc_coeff_param_estim/phys -I/glade/work/nystrom/Code/WRFDA/WRFV3_3.9.1_preset_moves_sfc_coeff_param_estim/chem -I/glade/work/nystrom/Code/WRFDA/WRFV3_3.9.1_preset_moves_sfc_coeff_param_estim/inc -I/glade/u/apps/ch/opt/netcdf/4.7.3/intel/19.0.5//include    wrf_tsin.f90 ; \
        else \
          if [ -n "" ] ; then echo COMPILING wrf_tsin.F WITHOUT OMP ; fi ; \
  time mpif90 -f90=ifort -c -real-size `expr 8 \* 4` -i4 -O0 -fno-inline -no-ip -ip -fp-model precise -w -ftz -align all -fno-alias -FR -convert big_endian   -I../dyn_em -I../dyn_nmm   -I/glade/work/nystrom/Code/WRFDA/WRFV3_3.9.1_preset_moves_sfc_coeff_param_estim/external/esmf_time_f90  -I/glade/work/nystrom/Code/WRFDA/WRFV3_3.9.1_preset_moves_sfc_coeff_param_estim/main -I/glade/work/nystrom/Code/WRFDA/WRFV3_3.9.1_preset_moves_sfc_coeff_param_estim/external/io_netcdf -I/glade/work/nystrom/Code/WRFDA/WRFV3_3.9.1_preset_moves_sfc_coeff_param_estim/external/io_int -I/glade/work/nystrom/Code/WRFDA/WRFV3_3.9.1_preset_moves_sfc_coeff_param_estim/frame -I/glade/work/nystrom/Code/WRFDA/WRFV3_3.9.1_preset_moves_sfc_coeff_param_estim/share -I/glade/work/nystrom/Code/WRFDA/WRFV3_3.9.1_preset_moves_sfc_coeff_param_estim/phys -I/glade/work/nystrom/Code/WRFDA/WRFV3_3.9.1_preset_moves_sfc_coeff_param_estim/chem -I/glade/work/nystrom/Code/WRFDA/WRFV3_3.9.1_preset_moves_sfc_coeff_param_estim/inc -I/glade/u/apps/ch/opt/netcdf/4.7.3/intel/19.0.5//include   wrf_tsin.f90 ; \
        fi

real	0m0.551s
user	0m0.319s
sys	0m0.081s
rm -f track_input.o
sed -e "s/grid%mu/gridmu/g" -e "s/grid%Mu/gridMu/g" -e "s/^\!.*'.*//" -e "s/^ *\!.*'.*//" track_input.F > track_input.G
/lib/cpp -P -nostdinc -I/glade/work/nystrom/Code/WRFDA/WRFV3_3.9.1_preset_moves_sfc_coeff_param_estim/inc -DEM_CORE=1 -DNMM_CORE=0 -DNMM_MAX_DIM=2600 -DCOAMPS_CORE=0 -DDA_CORE=0 -DEXP_CORE=0 -DIWORDSIZE=4 -DDWORDSIZE=8 -DRWORDSIZE=4 -DLWORDSIZE=4 -DNONSTANDARD_SYSTEM_FUNC  -DWRF_USE_CLM  -DDM_PARALLEL -DNETCDF -DMOVE_NESTS -DUSE_ALLOCATABLES -DGRIB1 -DINTIO -DKEEP_INT_AROUND -DLIMIT_ARGS -DCONFIG_BUF_LEN=65536 -DMAX_DOMAINS_F=21 -DMAX_HISTORY=25 -DNMM_NEST=0  -I. -traditional-cpp   track_input.G  > track_input.H
sed -e "s/gridmu/grid%mu/g" -e "s/gridMu/grid%Mu/g" track_input.H > track_input.bb
/glade/work/nystrom/Code/WRFDA/WRFV3_3.9.1_preset_moves_sfc_coeff_param_estim/tools/standard.exe track_input.bb | /lib/cpp -P -nostdinc -traditional-cpp > track_input.f90
rm -f track_input.G track_input.H track_input.bb
time mpif90 -f90=ifort -o track_input.o -c -O3 -ip -fp-model precise -w -ftz -align all -fno-alias -FR -convert big_endian    -I../dyn_em -I../dyn_nmm   -I/glade/work/nystrom/Code/WRFDA/WRFV3_3.9.1_preset_moves_sfc_coeff_param_estim/external/esmf_time_f90  -I/glade/work/nystrom/Code/WRFDA/WRFV3_3.9.1_preset_moves_sfc_coeff_param_estim/main -I/glade/work/nystrom/Code/WRFDA/WRFV3_3.9.1_preset_moves_sfc_coeff_param_estim/external/io_netcdf -I/glade/work/nystrom/Code/WRFDA/WRFV3_3.9.1_preset_moves_sfc_coeff_param_estim/external/io_int -I/glade/work/nystrom/Code/WRFDA/WRFV3_3.9.1_preset_moves_sfc_coeff_param_estim/frame -I/glade/work/nystrom/Code/WRFDA/WRFV3_3.9.1_preset_moves_sfc_coeff_param_estim/share -I/glade/work/nystrom/Code/WRFDA/WRFV3_3.9.1_preset_moves_sfc_coeff_param_estim/phys -I/glade/work/nystrom/Code/WRFDA/WRFV3_3.9.1_preset_moves_sfc_coeff_param_estim/chem -I/glade/work/nystrom/Code/WRFDA/WRFV3_3.9.1_preset_moves_sfc_coeff_param_estim/inc -I/glade/u/apps/ch/opt/netcdf/4.7.3/intel/19.0.5//include  -real-size `expr 8 \* 4` -i4  track_input.f90

real	0m0.772s
user	0m0.536s
sys	0m0.117s
rm -f set_timekeeping.o
sed -e "s/grid%mu/gridmu/g" -e "s/grid%Mu/gridMu/g" -e "s/^\!.*'.*//" -e "s/^ *\!.*'.*//" set_timekeeping.F > set_timekeeping.G
/lib/cpp -P -nostdinc -I/glade/work/nystrom/Code/WRFDA/WRFV3_3.9.1_preset_moves_sfc_coeff_param_estim/inc -DEM_CORE=1 -DNMM_CORE=0 -DNMM_MAX_DIM=2600 -DCOAMPS_CORE=0 -DDA_CORE=0 -DEXP_CORE=0 -DIWORDSIZE=4 -DDWORDSIZE=8 -DRWORDSIZE=4 -DLWORDSIZE=4 -DNONSTANDARD_SYSTEM_FUNC  -DWRF_USE_CLM  -DDM_PARALLEL -DNETCDF -DMOVE_NESTS -DUSE_ALLOCATABLES -DGRIB1 -DINTIO -DKEEP_INT_AROUND -DLIMIT_ARGS -DCONFIG_BUF_LEN=65536 -DMAX_DOMAINS_F=21 -DMAX_HISTORY=25 -DNMM_NEST=0  -I. -traditional-cpp   set_timekeeping.G  > set_timekeeping.H
sed -e "s/gridmu/grid%mu/g" -e "s/gridMu/grid%Mu/g" set_timekeeping.H > set_timekeeping.bb
/glade/work/nystrom/Code/WRFDA/WRFV3_3.9.1_preset_moves_sfc_coeff_param_estim/tools/standard.exe set_timekeeping.bb | /lib/cpp -P -nostdinc -traditional-cpp > set_timekeeping.f90
rm -f set_timekeeping.G set_timekeeping.H set_timekeeping.bb
time mpif90 -f90=ifort -o set_timekeeping.o -c -O3 -ip -fp-model precise -w -ftz -align all -fno-alias -FR -convert big_endian    -I../dyn_em -I../dyn_nmm   -I/glade/work/nystrom/Code/WRFDA/WRFV3_3.9.1_preset_moves_sfc_coeff_param_estim/external/esmf_time_f90  -I/glade/work/nystrom/Code/WRFDA/WRFV3_3.9.1_preset_moves_sfc_coeff_param_estim/main -I/glade/work/nystrom/Code/WRFDA/WRFV3_3.9.1_preset_moves_sfc_coeff_param_estim/external/io_netcdf -I/glade/work/nystrom/Code/WRFDA/WRFV3_3.9.1_preset_moves_sfc_coeff_param_estim/external/io_int -I/glade/work/nystrom/Code/WRFDA/WRFV3_3.9.1_preset_moves_sfc_coeff_param_estim/frame -I/glade/work/nystrom/Code/WRFDA/WRFV3_3.9.1_preset_moves_sfc_coeff_param_estim/share -I/glade/work/nystrom/Code/WRFDA/WRFV3_3.9.1_preset_moves_sfc_coeff_param_estim/phys -I/glade/work/nystrom/Code/WRFDA/WRFV3_3.9.1_preset_moves_sfc_coeff_param_estim/chem -I/glade/work/nystrom/Code/WRFDA/WRFV3_3.9.1_preset_moves_sfc_coeff_param_estim/inc -I/glade/u/apps/ch/opt/netcdf/4.7.3/intel/19.0.5//include  -real-size `expr 8 \* 4` -i4  set_timekeeping.f90

real	0m10.405s
user	0m10.016s
sys	0m0.208s
rm -f sint.o
sed -e "s/grid%mu/gridmu/g" -e "s/grid%Mu/gridMu/g" -e "s/^\!.*'.*//" -e "s/^ *\!.*'.*//" sint.F > sint.G
/lib/cpp -P -nostdinc -I/glade/work/nystrom/Code/WRFDA/WRFV3_3.9.1_preset_moves_sfc_coeff_param_estim/inc -DEM_CORE=1 -DNMM_CORE=0 -DNMM_MAX_DIM=2600 -DCOAMPS_CORE=0 -DDA_CORE=0 -DEXP_CORE=0 -DIWORDSIZE=4 -DDWORDSIZE=8 -DRWORDSIZE=4 -DLWORDSIZE=4 -DNONSTANDARD_SYSTEM_FUNC  -DWRF_USE_CLM  -DDM_PARALLEL -DNETCDF -DMOVE_NESTS -DUSE_ALLOCATABLES -DGRIB1 -DINTIO -DKEEP_INT_AROUND -DLIMIT_ARGS -DCONFIG_BUF_LEN=65536 -DMAX_DOMAINS_F=21 -DMAX_HISTORY=25 -DNMM_NEST=0  -I. -traditional-cpp   sint.G  > sint.H
sed -e "s/gridmu/grid%mu/g" -e "s/gridMu/grid%Mu/g" sint.H > sint.bb
/glade/work/nystrom/Code/WRFDA/WRFV3_3.9.1_preset_moves_sfc_coeff_param_estim/tools/standard.exe sint.bb | /lib/cpp -P -nostdinc -traditional-cpp > sint.f90
rm -f sint.G sint.H sint.bb
time mpif90 -f90=ifort -o sint.o -c -O3 -ip -fp-model precise -w -ftz -align all -fno-alias -FR -convert big_endian    -I../dyn_em -I../dyn_nmm   -I/glade/work/nystrom/Code/WRFDA/WRFV3_3.9.1_preset_moves_sfc_coeff_param_estim/external/esmf_time_f90  -I/glade/work/nystrom/Code/WRFDA/WRFV3_3.9.1_preset_moves_sfc_coeff_param_estim/main -I/glade/work/nystrom/Code/WRFDA/WRFV3_3.9.1_preset_moves_sfc_coeff_param_estim/external/io_netcdf -I/glade/work/nystrom/Code/WRFDA/WRFV3_3.9.1_preset_moves_sfc_coeff_param_estim/external/io_int -I/glade/work/nystrom/Code/WRFDA/WRFV3_3.9.1_preset_moves_sfc_coeff_param_estim/frame -I/glade/work/nystrom/Code/WRFDA/WRFV3_3.9.1_preset_moves_sfc_coeff_param_estim/share -I/glade/work/nystrom/Code/WRFDA/WRFV3_3.9.1_preset_moves_sfc_coeff_param_estim/phys -I/glade/work/nystrom/Code/WRFDA/WRFV3_3.9.1_preset_moves_sfc_coeff_param_estim/chem -I/glade/work/nystrom/Code/WRFDA/WRFV3_3.9.1_preset_moves_sfc_coeff_param_estim/inc -I/glade/u/apps/ch/opt/netcdf/4.7.3/intel/19.0.5//include  -real-size `expr 8 \* 4` -i4  sint.f90

real	0m0.735s
user	0m0.533s
sys	0m0.071s
rm -f wrf_ext_write_field.o
/lib/cpp -P -nostdinc -I/glade/work/nystrom/Code/WRFDA/WRFV3_3.9.1_preset_moves_sfc_coeff_param_estim/inc -DEM_CORE=1 -DNMM_CORE=0 -DNMM_MAX_DIM=2600 -DCOAMPS_CORE=0 -DDA_CORE=0 -DEXP_CORE=0 -DIWORDSIZE=4 -DDWORDSIZE=8 -DRWORDSIZE=4 -DLWORDSIZE=4 -DNONSTANDARD_SYSTEM_FUNC  -DWRF_USE_CLM  -DDM_PARALLEL -DNETCDF -DMOVE_NESTS -DUSE_ALLOCATABLES -DGRIB1 -DINTIO -DKEEP_INT_AROUND -DLIMIT_ARGS -DCONFIG_BUF_LEN=65536 -DMAX_DOMAINS_F=21 -DMAX_HISTORY=25 -DNMM_NEST=0  -I. -traditional-cpp   wrf_ext_write_field.F  > wrf_ext_write_field.bb
/glade/work/nystrom/Code/WRFDA/WRFV3_3.9.1_preset_moves_sfc_coeff_param_estim/tools/standard.exe wrf_ext_write_field.bb | /lib/cpp -P -nostdinc -traditional-cpp > wrf_ext_write_field.f90
rm -f wrf_ext_write_field.b wrf_ext_write_field.bb
time mpif90 -f90=ifort -c -real-size `expr 8 \* 4` -i4  -O0 -fno-inline -no-ip -ip -fp-model precise -w -ftz -align all -fno-alias -FR -convert big_endian   -I../dyn_em -I../dyn_nmm   -I/glade/work/nystrom/Code/WRFDA/WRFV3_3.9.1_preset_moves_sfc_coeff_param_estim/external/esmf_time_f90  -I/glade/work/nystrom/Code/WRFDA/WRFV3_3.9.1_preset_moves_sfc_coeff_param_estim/main -I/glade/work/nystrom/Code/WRFDA/WRFV3_3.9.1_preset_moves_sfc_coeff_param_estim/external/io_netcdf -I/glade/work/nystrom/Code/WRFDA/WRFV3_3.9.1_preset_moves_sfc_coeff_param_estim/external/io_int -I/glade/work/nystrom/Code/WRFDA/WRFV3_3.9.1_preset_moves_sfc_coeff_param_estim/frame -I/glade/work/nystrom/Code/WRFDA/WRFV3_3.9.1_preset_moves_sfc_coeff_param_estim/share -I/glade/work/nystrom/Code/WRFDA/WRFV3_3.9.1_preset_moves_sfc_coeff_param_estim/phys -I/glade/work/nystrom/Code/WRFDA/WRFV3_3.9.1_preset_moves_sfc_coeff_param_estim/chem -I/glade/work/nystrom/Code/WRFDA/WRFV3_3.9.1_preset_moves_sfc_coeff_param_estim/inc -I/glade/u/apps/ch/opt/netcdf/4.7.3/intel/19.0.5//include  wrf_ext_write_field.f90

real	0m0.585s
user	0m0.324s
sys	0m0.090s
rm -f wrf_ext_read_field.o
/lib/cpp -P -nostdinc -I/glade/work/nystrom/Code/WRFDA/WRFV3_3.9.1_preset_moves_sfc_coeff_param_estim/inc -DEM_CORE=1 -DNMM_CORE=0 -DNMM_MAX_DIM=2600 -DCOAMPS_CORE=0 -DDA_CORE=0 -DEXP_CORE=0 -DIWORDSIZE=4 -DDWORDSIZE=8 -DRWORDSIZE=4 -DLWORDSIZE=4 -DNONSTANDARD_SYSTEM_FUNC  -DWRF_USE_CLM  -DDM_PARALLEL -DNETCDF -DMOVE_NESTS -DUSE_ALLOCATABLES -DGRIB1 -DINTIO -DKEEP_INT_AROUND -DLIMIT_ARGS -DCONFIG_BUF_LEN=65536 -DMAX_DOMAINS_F=21 -DMAX_HISTORY=25 -DNMM_NEST=0  -I. -traditional-cpp   wrf_ext_read_field.F  > wrf_ext_read_field.bb
/glade/work/nystrom/Code/WRFDA/WRFV3_3.9.1_preset_moves_sfc_coeff_param_estim/tools/standard.exe wrf_ext_read_field.bb | /lib/cpp -P -nostdinc -traditional-cpp > wrf_ext_read_field.f90

real	0m4.471s
user	0m4.197s
sys	0m0.145s
rm -f module_io_domain.o
sed -e "s/grid%mu/gridmu/g" -e "s/grid%Mu/gridMu/g" -e "s/^\!.*'.*//" -e "s/^ *\!.*'.*//" module_io_domain.F > module_io_domain.G
rm -f wrf_ext_read_field.b wrf_ext_read_field.bb
time mpif90 -f90=ifort -c -real-size `expr 8 \* 4` -i4  -O0 -fno-inline -no-ip -ip -fp-model precise -w -ftz -align all -fno-alias -FR -convert big_endian   -I../dyn_em -I../dyn_nmm   -I/glade/work/nystrom/Code/WRFDA/WRFV3_3.9.1_preset_moves_sfc_coeff_param_estim/external/esmf_time_f90  -I/glade/work/nystrom/Code/WRFDA/WRFV3_3.9.1_preset_moves_sfc_coeff_param_estim/main -I/glade/work/nystrom/Code/WRFDA/WRFV3_3.9.1_preset_moves_sfc_coeff_param_estim/external/io_netcdf -I/glade/work/nystrom/Code/WRFDA/WRFV3_3.9.1_preset_moves_sfc_coeff_param_estim/external/io_int -I/glade/work/nystrom/Code/WRFDA/WRFV3_3.9.1_preset_moves_sfc_coeff_param_estim/frame -I/glade/work/nystrom/Code/WRFDA/WRFV3_3.9.1_preset_moves_sfc_coeff_param_estim/share -I/glade/work/nystrom/Code/WRFDA/WRFV3_3.9.1_preset_moves_sfc_coeff_param_estim/phys -I/glade/work/nystrom/Code/WRFDA/WRFV3_3.9.1_preset_moves_sfc_coeff_param_estim/chem -I/glade/work/nystrom/Code/WRFDA/WRFV3_3.9.1_preset_moves_sfc_coeff_param_estim/inc -I/glade/u/apps/ch/opt/netcdf/4.7.3/intel/19.0.5//include  wrf_ext_read_field.f90
/lib/cpp -P -nostdinc -I/glade/work/nystrom/Code/WRFDA/WRFV3_3.9.1_preset_moves_sfc_coeff_param_estim/inc -DEM_CORE=1 -DNMM_CORE=0 -DNMM_MAX_DIM=2600 -DCOAMPS_CORE=0 -DDA_CORE=0 -DEXP_CORE=0 -DIWORDSIZE=4 -DDWORDSIZE=8 -DRWORDSIZE=4 -DLWORDSIZE=4 -DNONSTANDARD_SYSTEM_FUNC  -DWRF_USE_CLM  -DDM_PARALLEL -DNETCDF -DMOVE_NESTS -DUSE_ALLOCATABLES -DGRIB1 -DINTIO -DKEEP_INT_AROUND -DLIMIT_ARGS -DCONFIG_BUF_LEN=65536 -DMAX_DOMAINS_F=21 -DMAX_HISTORY=25 -DNMM_NEST=0  -I. -traditional-cpp   module_io_domain.G  > module_io_domain.H
sed -e "s/gridmu/grid%mu/g" -e "s/gridMu/grid%Mu/g" module_io_domain.H > module_io_domain.bb
/glade/work/nystrom/Code/WRFDA/WRFV3_3.9.1_preset_moves_sfc_coeff_param_estim/tools/standard.exe module_io_domain.bb | /lib/cpp -P -nostdinc -traditional-cpp > module_io_domain.f90
rm -f module_io_domain.G module_io_domain.H module_io_domain.bb
time mpif90 -f90=ifort -o module_io_domain.o -c -O3 -ip -fp-model precise -w -ftz -align all -fno-alias -FR -convert big_endian    -I../dyn_em -I../dyn_nmm   -I/glade/work/nystrom/Code/WRFDA/WRFV3_3.9.1_preset_moves_sfc_coeff_param_estim/external/esmf_time_f90  -I/glade/work/nystrom/Code/WRFDA/WRFV3_3.9.1_preset_moves_sfc_coeff_param_estim/main -I/glade/work/nystrom/Code/WRFDA/WRFV3_3.9.1_preset_moves_sfc_coeff_param_estim/external/io_netcdf -I/glade/work/nystrom/Code/WRFDA/WRFV3_3.9.1_preset_moves_sfc_coeff_param_estim/external/io_int -I/glade/work/nystrom/Code/WRFDA/WRFV3_3.9.1_preset_moves_sfc_coeff_param_estim/frame -I/glade/work/nystrom/Code/WRFDA/WRFV3_3.9.1_preset_moves_sfc_coeff_param_estim/share -I/glade/work/nystrom/Code/WRFDA/WRFV3_3.9.1_preset_moves_sfc_coeff_param_estim/phys -I/glade/work/nystrom/Code/WRFDA/WRFV3_3.9.1_preset_moves_sfc_coeff_param_estim/chem -I/glade/work/nystrom/Code/WRFDA/WRFV3_3.9.1_preset_moves_sfc_coeff_param_estim/inc -I/glade/u/apps/ch/opt/netcdf/4.7.3/intel/19.0.5//include  -real-size `expr 8 \* 4` -i4  module_io_domain.f90

real	0m0.574s
user	0m0.309s
sys	0m0.109s
rm -f landread.o
mpicc -cc=icc -DMPI2_SUPPORT -DFSEEKO64_OK  -o landread.o -c -w -O3 -ip  -DDM_PARALLEL -DMAX_HISTORY=25 -DNMM_CORE=0 landread.c
rm -f wrf_fddaobs_in.o
/glade/work/nystrom/Code/WRFDA/WRFV3_3.9.1_preset_moves_sfc_coeff_param_estim/tools/standard.exe wrf_fddaobs_in.F > wrf_fddaobs_in.b 
/lib/cpp -P -nostdinc -I/glade/work/nystrom/Code/WRFDA/WRFV3_3.9.1_preset_moves_sfc_coeff_param_estim/inc -DEM_CORE=1 -DNMM_CORE=0 -DNMM_MAX_DIM=2600 -DCOAMPS_CORE=0 -DDA_CORE=0 -DEXP_CORE=0 -DIWORDSIZE=4 -DDWORDSIZE=8 -DRWORDSIZE=4 -DLWORDSIZE=4 -DNONSTANDARD_SYSTEM_FUNC  -DWRF_USE_CLM  -DDM_PARALLEL -DNETCDF -DMOVE_NESTS -DUSE_ALLOCATABLES -DGRIB1 -DINTIO -DKEEP_INT_AROUND -DLIMIT_ARGS -DCONFIG_BUF_LEN=65536 -DMAX_DOMAINS_F=21 -DMAX_HISTORY=25 -DNMM_NEST=0  -I. -traditional-cpp   wrf_fddaobs_in.b  > wrf_fddaobs_in.f90
rm -f wrf_fddaobs_in.b
if fgrep -iq '!$OMP' wrf_fddaobs_in.f90 ; then \
          if [ -n "" ] ; then echo COMPILING wrf_fddaobs_in.F WITH OMP ; fi ; \
  time mpif90 -f90=ifort -c -real-size `expr 8 \* 4` -i4 -O0 -fno-inline -no-ip -ip -fp-model precise -w -ftz -align all -fno-alias -FR -convert big_endian   -I../dyn_em -I../dyn_nmm   -I/glade/work/nystrom/Code/WRFDA/WRFV3_3.9.1_preset_moves_sfc_coeff_param_estim/external/esmf_time_f90  -I/glade/work/nystrom/Code/WRFDA/WRFV3_3.9.1_preset_moves_sfc_coeff_param_estim/main -I/glade/work/nystrom/Code/WRFDA/WRFV3_3.9.1_preset_moves_sfc_coeff_param_estim/external/io_netcdf -I/glade/work/nystrom/Code/WRFDA/WRFV3_3.9.1_preset_moves_sfc_coeff_param_estim/external/io_int -I/glade/work/nystrom/Code/WRFDA/WRFV3_3.9.1_preset_moves_sfc_coeff_param_estim/frame -I/glade/work/nystrom/Code/WRFDA/WRFV3_3.9.1_preset_moves_sfc_coeff_param_estim/share -I/glade/work/nystrom/Code/WRFDA/WRFV3_3.9.1_preset_moves_sfc_coeff_param_estim/phys -I/glade/work/nystrom/Code/WRFDA/WRFV3_3.9.1_preset_moves_sfc_coeff_param_estim/chem -I/glade/work/nystrom/Code/WRFDA/WRFV3_3.9.1_preset_moves_sfc_coeff_param_estim/inc -I/glade/u/apps/ch/opt/netcdf/4.7.3/intel/19.0.5//include    wrf_fddaobs_in.f90 ; \
        else \
          if [ -n "" ] ; then echo COMPILING wrf_fddaobs_in.F WITHOUT OMP ; fi ; \
  time mpif90 -f90=ifort -c -real-size `expr 8 \* 4` -i4 -O0 -fno-inline -no-ip -ip -fp-model precise -w -ftz -align all -fno-alias -FR -convert big_endian   -I../dyn_em -I../dyn_nmm   -I/glade/work/nystrom/Code/WRFDA/WRFV3_3.9.1_preset_moves_sfc_coeff_param_estim/external/esmf_time_f90  -I/glade/work/nystrom/Code/WRFDA/WRFV3_3.9.1_preset_moves_sfc_coeff_param_estim/main -I/glade/work/nystrom/Code/WRFDA/WRFV3_3.9.1_preset_moves_sfc_coeff_param_estim/external/io_netcdf -I/glade/work/nystrom/Code/WRFDA/WRFV3_3.9.1_preset_moves_sfc_coeff_param_estim/external/io_int -I/glade/work/nystrom/Code/WRFDA/WRFV3_3.9.1_preset_moves_sfc_coeff_param_estim/frame -I/glade/work/nystrom/Code/WRFDA/WRFV3_3.9.1_preset_moves_sfc_coeff_param_estim/share -I/glade/work/nystrom/Code/WRFDA/WRFV3_3.9.1_preset_moves_sfc_coeff_param_estim/phys -I/glade/work/nystrom/Code/WRFDA/WRFV3_3.9.1_preset_moves_sfc_coeff_param_estim/chem -I/glade/work/nystrom/Code/WRFDA/WRFV3_3.9.1_preset_moves_sfc_coeff_param_estim/inc -I/glade/u/apps/ch/opt/netcdf/4.7.3/intel/19.0.5//include   wrf_fddaobs_in.f90 ; \
        fi

real	0m0.722s
user	0m0.438s
sys	0m0.113s
rm -f setfeenv.o
icc -o setfeenv.o -c -w -O3 -ip  -DDM_PARALLEL -DMAX_HISTORY=25 -DNMM_CORE=0  setfeenv.c
rm -f input_wrf.o
/lib/cpp -P -nostdinc -I/glade/work/nystrom/Code/WRFDA/WRFV3_3.9.1_preset_moves_sfc_coeff_param_estim/inc -DEM_CORE=1 -DNMM_CORE=0 -DNMM_MAX_DIM=2600 -DCOAMPS_CORE=0 -DDA_CORE=0 -DEXP_CORE=0 -DIWORDSIZE=4 -DDWORDSIZE=8 -DRWORDSIZE=4 -DLWORDSIZE=4 -DNONSTANDARD_SYSTEM_FUNC  -DWRF_USE_CLM  -DDM_PARALLEL -DNETCDF -DMOVE_NESTS -DUSE_ALLOCATABLES -DGRIB1 -DINTIO -DKEEP_INT_AROUND -DLIMIT_ARGS -DCONFIG_BUF_LEN=65536 -DMAX_DOMAINS_F=21 -DMAX_HISTORY=25 -DNMM_NEST=0  -I. -traditional-cpp   input_wrf.F  > input_wrf.bb
/glade/work/nystrom/Code/WRFDA/WRFV3_3.9.1_preset_moves_sfc_coeff_param_estim/tools/standard.exe input_wrf.bb | /lib/cpp -P -nostdinc -traditional-cpp > input_wrf.f90
rm -f input_wrf.b input_wrf.bb
time mpif90 -f90=ifort -c -real-size `expr 8 \* 4` -i4  -O0 -fno-inline -no-ip -ip -fp-model precise -w -ftz -align all -fno-alias -FR -convert big_endian   -I../dyn_em -I../dyn_nmm   -I/glade/work/nystrom/Code/WRFDA/WRFV3_3.9.1_preset_moves_sfc_coeff_param_estim/external/esmf_time_f90  -I/glade/work/nystrom/Code/WRFDA/WRFV3_3.9.1_preset_moves_sfc_coeff_param_estim/main -I/glade/work/nystrom/Code/WRFDA/WRFV3_3.9.1_preset_moves_sfc_coeff_param_estim/external/io_netcdf -I/glade/work/nystrom/Code/WRFDA/WRFV3_3.9.1_preset_moves_sfc_coeff_param_estim/external/io_int -I/glade/work/nystrom/Code/WRFDA/WRFV3_3.9.1_preset_moves_sfc_coeff_param_estim/frame -I/glade/work/nystrom/Code/WRFDA/WRFV3_3.9.1_preset_moves_sfc_coeff_param_estim/share -I/glade/work/nystrom/Code/WRFDA/WRFV3_3.9.1_preset_moves_sfc_coeff_param_estim/phys -I/glade/work/nystrom/Code/WRFDA/WRFV3_3.9.1_preset_moves_sfc_coeff_param_estim/chem -I/glade/work/nystrom/Code/WRFDA/WRFV3_3.9.1_preset_moves_sfc_coeff_param_estim/inc -I/glade/u/apps/ch/opt/netcdf/4.7.3/intel/19.0.5//include  input_wrf.f90

real	0m0.829s
user	0m0.504s
sys	0m0.110s
rm -f output_wrf.o
/glade/work/nystrom/Code/WRFDA/WRFV3_3.9.1_preset_moves_sfc_coeff_param_estim/tools/standard.exe output_wrf.F > output_wrf.b 
/lib/cpp -P -nostdinc -I/glade/work/nystrom/Code/WRFDA/WRFV3_3.9.1_preset_moves_sfc_coeff_param_estim/inc -DEM_CORE=1 -DNMM_CORE=0 -DNMM_MAX_DIM=2600 -DCOAMPS_CORE=0 -DDA_CORE=0 -DEXP_CORE=0 -DIWORDSIZE=4 -DDWORDSIZE=8 -DRWORDSIZE=4 -DLWORDSIZE=4 -DNONSTANDARD_SYSTEM_FUNC  -DWRF_USE_CLM  -DDM_PARALLEL -DNETCDF -DMOVE_NESTS -DUSE_ALLOCATABLES -DGRIB1 -DINTIO -DKEEP_INT_AROUND -DLIMIT_ARGS -DCONFIG_BUF_LEN=65536 -DMAX_DOMAINS_F=21 -DMAX_HISTORY=25 -DNMM_NEST=0  -I. -traditional-cpp   output_wrf.b  > output_wrf.f90
rm -f output_wrf.b
if fgrep -iq '!$OMP' output_wrf.f90 ; then \
          if [ -n "" ] ; then echo COMPILING output_wrf.F WITH OMP ; fi ; \
  time mpif90 -f90=ifort -c -real-size `expr 8 \* 4` -i4 -O0 -fno-inline -no-ip -ip -fp-model precise -w -ftz -align all -fno-alias -FR -convert big_endian   -I../dyn_em -I../dyn_nmm   -I/glade/work/nystrom/Code/WRFDA/WRFV3_3.9.1_preset_moves_sfc_coeff_param_estim/external/esmf_time_f90  -I/glade/work/nystrom/Code/WRFDA/WRFV3_3.9.1_preset_moves_sfc_coeff_param_estim/main -I/glade/work/nystrom/Code/WRFDA/WRFV3_3.9.1_preset_moves_sfc_coeff_param_estim/external/io_netcdf -I/glade/work/nystrom/Code/WRFDA/WRFV3_3.9.1_preset_moves_sfc_coeff_param_estim/external/io_int -I/glade/work/nystrom/Code/WRFDA/WRFV3_3.9.1_preset_moves_sfc_coeff_param_estim/frame -I/glade/work/nystrom/Code/WRFDA/WRFV3_3.9.1_preset_moves_sfc_coeff_param_estim/share -I/glade/work/nystrom/Code/WRFDA/WRFV3_3.9.1_preset_moves_sfc_coeff_param_estim/phys -I/glade/work/nystrom/Code/WRFDA/WRFV3_3.9.1_preset_moves_sfc_coeff_param_estim/chem -I/glade/work/nystrom/Code/WRFDA/WRFV3_3.9.1_preset_moves_sfc_coeff_param_estim/inc -I/glade/u/apps/ch/opt/netcdf/4.7.3/intel/19.0.5//include    output_wrf.f90 ; \
        else \
          if [ -n "" ] ; then echo COMPILING output_wrf.F WITHOUT OMP ; fi ; \
  time mpif90 -f90=ifort -c -real-size `expr 8 \* 4` -i4 -O0 -fno-inline -no-ip -ip -fp-model precise -w -ftz -align all -fno-alias -FR -convert big_endian   -I../dyn_em -I../dyn_nmm   -I/glade/work/nystrom/Code/WRFDA/WRFV3_3.9.1_preset_moves_sfc_coeff_param_estim/external/esmf_time_f90  -I/glade/work/nystrom/Code/WRFDA/WRFV3_3.9.1_preset_moves_sfc_coeff_param_estim/main -I/glade/work/nystrom/Code/WRFDA/WRFV3_3.9.1_preset_moves_sfc_coeff_param_estim/external/io_netcdf -I/glade/work/nystrom/Code/WRFDA/WRFV3_3.9.1_preset_moves_sfc_coeff_param_estim/external/io_int -I/glade/work/nystrom/Code/WRFDA/WRFV3_3.9.1_preset_moves_sfc_coeff_param_estim/frame -I/glade/work/nystrom/Code/WRFDA/WRFV3_3.9.1_preset_moves_sfc_coeff_param_estim/share -I/glade/work/nystrom/Code/WRFDA/WRFV3_3.9.1_preset_moves_sfc_coeff_param_estim/phys -I/glade/work/nystrom/Code/WRFDA/WRFV3_3.9.1_preset_moves_sfc_coeff_param_estim/chem -I/glade/work/nystrom/Code/WRFDA/WRFV3_3.9.1_preset_moves_sfc_coeff_param_estim/inc -I/glade/u/apps/ch/opt/netcdf/4.7.3/intel/19.0.5//include   output_wrf.f90 ; \
        fi

real	0m3.415s
user	0m3.127s
sys	0m0.128s
rm -f wrf_bdyout.o
/lib/cpp -P -nostdinc -I/glade/work/nystrom/Code/WRFDA/WRFV3_3.9.1_preset_moves_sfc_coeff_param_estim/inc -DEM_CORE=1 -DNMM_CORE=0 -DNMM_MAX_DIM=2600 -DCOAMPS_CORE=0 -DDA_CORE=0 -DEXP_CORE=0 -DIWORDSIZE=4 -DDWORDSIZE=8 -DRWORDSIZE=4 -DLWORDSIZE=4 -DNONSTANDARD_SYSTEM_FUNC  -DWRF_USE_CLM  -DDM_PARALLEL -DNETCDF -DMOVE_NESTS -DUSE_ALLOCATABLES -DGRIB1 -DINTIO -DKEEP_INT_AROUND -DLIMIT_ARGS -DCONFIG_BUF_LEN=65536 -DMAX_DOMAINS_F=21 -DMAX_HISTORY=25 -DNMM_NEST=0  -I. -traditional-cpp   wrf_bdyout.F  > wrf_bdyout.bb
/glade/work/nystrom/Code/WRFDA/WRFV3_3.9.1_preset_moves_sfc_coeff_param_estim/tools/standard.exe wrf_bdyout.bb | /lib/cpp -P -nostdinc -traditional-cpp > wrf_bdyout.f90
rm -f wrf_bdyout.b wrf_bdyout.bb
time mpif90 -f90=ifort -c -real-size `expr 8 \* 4` -i4  -O0 -fno-inline -no-ip -ip -fp-model precise -w -ftz -align all -fno-alias -FR -convert big_endian   -I../dyn_em -I../dyn_nmm   -I/glade/work/nystrom/Code/WRFDA/WRFV3_3.9.1_preset_moves_sfc_coeff_param_estim/external/esmf_time_f90  -I/glade/work/nystrom/Code/WRFDA/WRFV3_3.9.1_preset_moves_sfc_coeff_param_estim/main -I/glade/work/nystrom/Code/WRFDA/WRFV3_3.9.1_preset_moves_sfc_coeff_param_estim/external/io_netcdf -I/glade/work/nystrom/Code/WRFDA/WRFV3_3.9.1_preset_moves_sfc_coeff_param_estim/external/io_int -I/glade/work/nystrom/Code/WRFDA/WRFV3_3.9.1_preset_moves_sfc_coeff_param_estim/frame -I/glade/work/nystrom/Code/WRFDA/WRFV3_3.9.1_preset_moves_sfc_coeff_param_estim/share -I/glade/work/nystrom/Code/WRFDA/WRFV3_3.9.1_preset_moves_sfc_coeff_param_estim/phys -I/glade/work/nystrom/Code/WRFDA/WRFV3_3.9.1_preset_moves_sfc_coeff_param_estim/chem -I/glade/work/nystrom/Code/WRFDA/WRFV3_3.9.1_preset_moves_sfc_coeff_param_estim/inc -I/glade/u/apps/ch/opt/netcdf/4.7.3/intel/19.0.5//include  wrf_bdyout.f90

real	0m0.828s
user	0m0.546s
sys	0m0.111s
rm -f wrf_bdyin.o
/lib/cpp -P -nostdinc -I/glade/work/nystrom/Code/WRFDA/WRFV3_3.9.1_preset_moves_sfc_coeff_param_estim/inc -DEM_CORE=1 -DNMM_CORE=0 -DNMM_MAX_DIM=2600 -DCOAMPS_CORE=0 -DDA_CORE=0 -DEXP_CORE=0 -DIWORDSIZE=4 -DDWORDSIZE=8 -DRWORDSIZE=4 -DLWORDSIZE=4 -DNONSTANDARD_SYSTEM_FUNC  -DWRF_USE_CLM  -DDM_PARALLEL -DNETCDF -DMOVE_NESTS -DUSE_ALLOCATABLES -DGRIB1 -DINTIO -DKEEP_INT_AROUND -DLIMIT_ARGS -DCONFIG_BUF_LEN=65536 -DMAX_DOMAINS_F=21 -DMAX_HISTORY=25 -DNMM_NEST=0  -I. -traditional-cpp   wrf_bdyin.F  > wrf_bdyin.bb
/glade/work/nystrom/Code/WRFDA/WRFV3_3.9.1_preset_moves_sfc_coeff_param_estim/tools/standard.exe wrf_bdyin.bb | /lib/cpp -P -nostdinc -traditional-cpp > wrf_bdyin.f90
rm -f wrf_bdyin.b wrf_bdyin.bb
time mpif90 -f90=ifort -c -real-size `expr 8 \* 4` -i4  -O0 -fno-inline -no-ip -ip -fp-model precise -w -ftz -align all -fno-alias -FR -convert big_endian   -I../dyn_em -I../dyn_nmm   -I/glade/work/nystrom/Code/WRFDA/WRFV3_3.9.1_preset_moves_sfc_coeff_param_estim/external/esmf_time_f90  -I/glade/work/nystrom/Code/WRFDA/WRFV3_3.9.1_preset_moves_sfc_coeff_param_estim/main -I/glade/work/nystrom/Code/WRFDA/WRFV3_3.9.1_preset_moves_sfc_coeff_param_estim/external/io_netcdf -I/glade/work/nystrom/Code/WRFDA/WRFV3_3.9.1_preset_moves_sfc_coeff_param_estim/external/io_int -I/glade/work/nystrom/Code/WRFDA/WRFV3_3.9.1_preset_moves_sfc_coeff_param_estim/frame -I/glade/work/nystrom/Code/WRFDA/WRFV3_3.9.1_preset_moves_sfc_coeff_param_estim/share -I/glade/work/nystrom/Code/WRFDA/WRFV3_3.9.1_preset_moves_sfc_coeff_param_estim/phys -I/glade/work/nystrom/Code/WRFDA/WRFV3_3.9.1_preset_moves_sfc_coeff_param_estim/chem -I/glade/work/nystrom/Code/WRFDA/WRFV3_3.9.1_preset_moves_sfc_coeff_param_estim/inc -I/glade/u/apps/ch/opt/netcdf/4.7.3/intel/19.0.5//include  wrf_bdyin.f90

real	0m0.902s
user	0m0.653s
sys	0m0.089s
rm -f dfi.o
sed -e "s/grid%mu/gridmu/g" -e "s/grid%Mu/gridMu/g" -e "s/^\!.*'.*//" -e "s/^ *\!.*'.*//" dfi.F > dfi.G
/lib/cpp -P -nostdinc -I/glade/work/nystrom/Code/WRFDA/WRFV3_3.9.1_preset_moves_sfc_coeff_param_estim/inc -DEM_CORE=1 -DNMM_CORE=0 -DNMM_MAX_DIM=2600 -DCOAMPS_CORE=0 -DDA_CORE=0 -DEXP_CORE=0 -DIWORDSIZE=4 -DDWORDSIZE=8 -DRWORDSIZE=4 -DLWORDSIZE=4 -DNONSTANDARD_SYSTEM_FUNC  -DWRF_USE_CLM  -DDM_PARALLEL -DNETCDF -DMOVE_NESTS -DUSE_ALLOCATABLES -DGRIB1 -DINTIO -DKEEP_INT_AROUND -DLIMIT_ARGS -DCONFIG_BUF_LEN=65536 -DMAX_DOMAINS_F=21 -DMAX_HISTORY=25 -DNMM_NEST=0  -I. -traditional-cpp   dfi.G  > dfi.H
sed -e "s/gridmu/grid%mu/g" -e "s/gridMu/grid%Mu/g" dfi.H > dfi.bb
/glade/work/nystrom/Code/WRFDA/WRFV3_3.9.1_preset_moves_sfc_coeff_param_estim/tools/standard.exe dfi.bb | /lib/cpp -P -nostdinc -traditional-cpp > dfi.f90
rm -f dfi.G dfi.H dfi.bb
time mpif90 -f90=ifort -o dfi.o -c -O3 -ip -fp-model precise -w -ftz -align all -fno-alias -FR -convert big_endian    -I../dyn_em -I../dyn_nmm   -I/glade/work/nystrom/Code/WRFDA/WRFV3_3.9.1_preset_moves_sfc_coeff_param_estim/external/esmf_time_f90  -I/glade/work/nystrom/Code/WRFDA/WRFV3_3.9.1_preset_moves_sfc_coeff_param_estim/main -I/glade/work/nystrom/Code/WRFDA/WRFV3_3.9.1_preset_moves_sfc_coeff_param_estim/external/io_netcdf -I/glade/work/nystrom/Code/WRFDA/WRFV3_3.9.1_preset_moves_sfc_coeff_param_estim/external/io_int -I/glade/work/nystrom/Code/WRFDA/WRFV3_3.9.1_preset_moves_sfc_coeff_param_estim/frame -I/glade/work/nystrom/Code/WRFDA/WRFV3_3.9.1_preset_moves_sfc_coeff_param_estim/share -I/glade/work/nystrom/Code/WRFDA/WRFV3_3.9.1_preset_moves_sfc_coeff_param_estim/phys -I/glade/work/nystrom/Code/WRFDA/WRFV3_3.9.1_preset_moves_sfc_coeff_param_estim/chem -I/glade/work/nystrom/Code/WRFDA/WRFV3_3.9.1_preset_moves_sfc_coeff_param_estim/inc -I/glade/u/apps/ch/opt/netcdf/4.7.3/intel/19.0.5//include  -real-size `expr 8 \* 4` -i4  dfi.f90

real	0m0.847s
user	0m0.596s
sys	0m0.099s
rm -f mediation_integrate.o
sed -e "s/grid%mu/gridmu/g" -e "s/grid%Mu/gridMu/g" -e "s/^\!.*'.*//" -e "s/^ *\!.*'.*//" mediation_integrate.F > mediation_integrate.G
/lib/cpp -P -nostdinc -I/glade/work/nystrom/Code/WRFDA/WRFV3_3.9.1_preset_moves_sfc_coeff_param_estim/inc -DEM_CORE=1 -DNMM_CORE=0 -DNMM_MAX_DIM=2600 -DCOAMPS_CORE=0 -DDA_CORE=0 -DEXP_CORE=0 -DIWORDSIZE=4 -DDWORDSIZE=8 -DRWORDSIZE=4 -DLWORDSIZE=4 -DNONSTANDARD_SYSTEM_FUNC  -DWRF_USE_CLM  -DDM_PARALLEL -DNETCDF -DMOVE_NESTS -DUSE_ALLOCATABLES -DGRIB1 -DINTIO -DKEEP_INT_AROUND -DLIMIT_ARGS -DCONFIG_BUF_LEN=65536 -DMAX_DOMAINS_F=21 -DMAX_HISTORY=25 -DNMM_NEST=0  -I. -traditional-cpp   mediation_integrate.G  > mediation_integrate.H
sed -e "s/gridmu/grid%mu/g" -e "s/gridMu/grid%Mu/g" mediation_integrate.H > mediation_integrate.bb
/glade/work/nystrom/Code/WRFDA/WRFV3_3.9.1_preset_moves_sfc_coeff_param_estim/tools/standard.exe mediation_integrate.bb | /lib/cpp -P -nostdinc -traditional-cpp > mediation_integrate.f90
rm -f mediation_integrate.G mediation_integrate.H mediation_integrate.bb
time mpif90 -f90=ifort -o mediation_integrate.o -c -O3 -ip -fp-model precise -w -ftz -align all -fno-alias -FR -convert big_endian    -I../dyn_em -I../dyn_nmm   -I/glade/work/nystrom/Code/WRFDA/WRFV3_3.9.1_preset_moves_sfc_coeff_param_estim/external/esmf_time_f90  -I/glade/work/nystrom/Code/WRFDA/WRFV3_3.9.1_preset_moves_sfc_coeff_param_estim/main -I/glade/work/nystrom/Code/WRFDA/WRFV3_3.9.1_preset_moves_sfc_coeff_param_estim/external/io_netcdf -I/glade/work/nystrom/Code/WRFDA/WRFV3_3.9.1_preset_moves_sfc_coeff_param_estim/external/io_int -I/glade/work/nystrom/Code/WRFDA/WRFV3_3.9.1_preset_moves_sfc_coeff_param_estim/frame -I/glade/work/nystrom/Code/WRFDA/WRFV3_3.9.1_preset_moves_sfc_coeff_param_estim/share -I/glade/work/nystrom/Code/WRFDA/WRFV3_3.9.1_preset_moves_sfc_coeff_param_estim/phys -I/glade/work/nystrom/Code/WRFDA/WRFV3_3.9.1_preset_moves_sfc_coeff_param_estim/chem -I/glade/work/nystrom/Code/WRFDA/WRFV3_3.9.1_preset_moves_sfc_coeff_param_estim/inc -I/glade/u/apps/ch/opt/netcdf/4.7.3/intel/19.0.5//include  -real-size `expr 8 \* 4` -i4  mediation_integrate.f90

real	0m7.347s
user	0m6.555s
sys	0m0.527s
rm -f mediation_wrfmain.o
sed -e "s/grid%mu/gridmu/g" -e "s/grid%Mu/gridMu/g" -e "s/^\!.*'.*//" -e "s/^ *\!.*'.*//" mediation_wrfmain.F > mediation_wrfmain.G
/lib/cpp -P -nostdinc -I/glade/work/nystrom/Code/WRFDA/WRFV3_3.9.1_preset_moves_sfc_coeff_param_estim/inc -DEM_CORE=1 -DNMM_CORE=0 -DNMM_MAX_DIM=2600 -DCOAMPS_CORE=0 -DDA_CORE=0 -DEXP_CORE=0 -DIWORDSIZE=4 -DDWORDSIZE=8 -DRWORDSIZE=4 -DLWORDSIZE=4 -DNONSTANDARD_SYSTEM_FUNC  -DWRF_USE_CLM  -DDM_PARALLEL -DNETCDF -DMOVE_NESTS -DUSE_ALLOCATABLES -DGRIB1 -DINTIO -DKEEP_INT_AROUND -DLIMIT_ARGS -DCONFIG_BUF_LEN=65536 -DMAX_DOMAINS_F=21 -DMAX_HISTORY=25 -DNMM_NEST=0  -I. -traditional-cpp   mediation_wrfmain.G  > mediation_wrfmain.H
sed -e "s/gridmu/grid%mu/g" -e "s/gridMu/grid%Mu/g" mediation_wrfmain.H > mediation_wrfmain.bb
/glade/work/nystrom/Code/WRFDA/WRFV3_3.9.1_preset_moves_sfc_coeff_param_estim/tools/standard.exe mediation_wrfmain.bb | /lib/cpp -P -nostdinc -traditional-cpp > mediation_wrfmain.f90
rm -f mediation_wrfmain.G mediation_wrfmain.H mediation_wrfmain.bb
time mpif90 -f90=ifort -o mediation_wrfmain.o -c -O3 -ip -fp-model precise -w -ftz -align all -fno-alias -FR -convert big_endian    -I../dyn_em -I../dyn_nmm   -I/glade/work/nystrom/Code/WRFDA/WRFV3_3.9.1_preset_moves_sfc_coeff_param_estim/external/esmf_time_f90  -I/glade/work/nystrom/Code/WRFDA/WRFV3_3.9.1_preset_moves_sfc_coeff_param_estim/main -I/glade/work/nystrom/Code/WRFDA/WRFV3_3.9.1_preset_moves_sfc_coeff_param_estim/external/io_netcdf -I/glade/work/nystrom/Code/WRFDA/WRFV3_3.9.1_preset_moves_sfc_coeff_param_estim/external/io_int -I/glade/work/nystrom/Code/WRFDA/WRFV3_3.9.1_preset_moves_sfc_coeff_param_estim/frame -I/glade/work/nystrom/Code/WRFDA/WRFV3_3.9.1_preset_moves_sfc_coeff_param_estim/share -I/glade/work/nystrom/Code/WRFDA/WRFV3_3.9.1_preset_moves_sfc_coeff_param_estim/phys -I/glade/work/nystrom/Code/WRFDA/WRFV3_3.9.1_preset_moves_sfc_coeff_param_estim/chem -I/glade/work/nystrom/Code/WRFDA/WRFV3_3.9.1_preset_moves_sfc_coeff_param_estim/inc -I/glade/u/apps/ch/opt/netcdf/4.7.3/intel/19.0.5//include  -real-size `expr 8 \* 4` -i4  mediation_wrfmain.f90

real	0m5.180s
user	0m4.616s
sys	0m0.292s
rm -f module_random.o
sed -e "s/grid%mu/gridmu/g" -e "s/grid%Mu/gridMu/g" -e "s/^\!.*'.*//" -e "s/^ *\!.*'.*//" module_random.F > module_random.G
/lib/cpp -P -nostdinc -I/glade/work/nystrom/Code/WRFDA/WRFV3_3.9.1_preset_moves_sfc_coeff_param_estim/inc -DEM_CORE=1 -DNMM_CORE=0 -DNMM_MAX_DIM=2600 -DCOAMPS_CORE=0 -DDA_CORE=0 -DEXP_CORE=0 -DIWORDSIZE=4 -DDWORDSIZE=8 -DRWORDSIZE=4 -DLWORDSIZE=4 -DNONSTANDARD_SYSTEM_FUNC  -DWRF_USE_CLM  -DDM_PARALLEL -DNETCDF -DMOVE_NESTS -DUSE_ALLOCATABLES -DGRIB1 -DINTIO -DKEEP_INT_AROUND -DLIMIT_ARGS -DCONFIG_BUF_LEN=65536 -DMAX_DOMAINS_F=21 -DMAX_HISTORY=25 -DNMM_NEST=0  -I. -traditional-cpp   module_random.G  > module_random.H
sed -e "s/gridmu/grid%mu/g" -e "s/gridMu/grid%Mu/g" module_random.H > module_random.bb
/glade/work/nystrom/Code/WRFDA/WRFV3_3.9.1_preset_moves_sfc_coeff_param_estim/tools/standard.exe module_random.bb | /lib/cpp -P -nostdinc -traditional-cpp > module_random.f90
rm -f module_random.G module_random.H module_random.bb
time mpif90 -f90=ifort -o module_random.o -c -O3 -ip -fp-model precise -w -ftz -align all -fno-alias -FR -convert big_endian    -I../dyn_em -I../dyn_nmm   -I/glade/work/nystrom/Code/WRFDA/WRFV3_3.9.1_preset_moves_sfc_coeff_param_estim/external/esmf_time_f90  -I/glade/work/nystrom/Code/WRFDA/WRFV3_3.9.1_preset_moves_sfc_coeff_param_estim/main -I/glade/work/nystrom/Code/WRFDA/WRFV3_3.9.1_preset_moves_sfc_coeff_param_estim/external/io_netcdf -I/glade/work/nystrom/Code/WRFDA/WRFV3_3.9.1_preset_moves_sfc_coeff_param_estim/external/io_int -I/glade/work/nystrom/Code/WRFDA/WRFV3_3.9.1_preset_moves_sfc_coeff_param_estim/frame -I/glade/work/nystrom/Code/WRFDA/WRFV3_3.9.1_preset_moves_sfc_coeff_param_estim/share -I/glade/work/nystrom/Code/WRFDA/WRFV3_3.9.1_preset_moves_sfc_coeff_param_estim/phys -I/glade/work/nystrom/Code/WRFDA/WRFV3_3.9.1_preset_moves_sfc_coeff_param_estim/chem -I/glade/work/nystrom/Code/WRFDA/WRFV3_3.9.1_preset_moves_sfc_coeff_param_estim/inc -I/glade/u/apps/ch/opt/netcdf/4.7.3/intel/19.0.5//include  -real-size `expr 8 \* 4` -i4  module_random.f90

real	0m0.382s
user	0m0.165s
sys	0m0.061s
rm -f module_interp_nmm.o
sed -e "s/grid%mu/gridmu/g" -e "s/grid%Mu/gridMu/g" -e "s/^\!.*'.*//" -e "s/^ *\!.*'.*//" module_interp_nmm.F > module_interp_nmm.G
/lib/cpp -P -nostdinc -I/glade/work/nystrom/Code/WRFDA/WRFV3_3.9.1_preset_moves_sfc_coeff_param_estim/inc -DEM_CORE=1 -DNMM_CORE=0 -DNMM_MAX_DIM=2600 -DCOAMPS_CORE=0 -DDA_CORE=0 -DEXP_CORE=0 -DIWORDSIZE=4 -DDWORDSIZE=8 -DRWORDSIZE=4 -DLWORDSIZE=4 -DNONSTANDARD_SYSTEM_FUNC  -DWRF_USE_CLM  -DDM_PARALLEL -DNETCDF -DMOVE_NESTS -DUSE_ALLOCATABLES -DGRIB1 -DINTIO -DKEEP_INT_AROUND -DLIMIT_ARGS -DCONFIG_BUF_LEN=65536 -DMAX_DOMAINS_F=21 -DMAX_HISTORY=25 -DNMM_NEST=0  -I. -traditional-cpp   module_interp_nmm.G  > module_interp_nmm.H
sed -e "s/gridmu/grid%mu/g" -e "s/gridMu/grid%Mu/g" module_interp_nmm.H > module_interp_nmm.bb
/glade/work/nystrom/Code/WRFDA/WRFV3_3.9.1_preset_moves_sfc_coeff_param_estim/tools/standard.exe module_interp_nmm.bb | /lib/cpp -P -nostdinc -traditional-cpp > module_interp_nmm.f90
rm -f module_interp_nmm.G module_interp_nmm.H module_interp_nmm.bb
time mpif90 -f90=ifort -o module_interp_nmm.o -c -O3 -ip -fp-model precise -w -ftz -align all -fno-alias -FR -convert big_endian    -I../dyn_em -I../dyn_nmm   -I/glade/work/nystrom/Code/WRFDA/WRFV3_3.9.1_preset_moves_sfc_coeff_param_estim/external/esmf_time_f90  -I/glade/work/nystrom/Code/WRFDA/WRFV3_3.9.1_preset_moves_sfc_coeff_param_estim/main -I/glade/work/nystrom/Code/WRFDA/WRFV3_3.9.1_preset_moves_sfc_coeff_param_estim/external/io_netcdf -I/glade/work/nystrom/Code/WRFDA/WRFV3_3.9.1_preset_moves_sfc_coeff_param_estim/external/io_int -I/glade/work/nystrom/Code/WRFDA/WRFV3_3.9.1_preset_moves_sfc_coeff_param_estim/frame -I/glade/work/nystrom/Code/WRFDA/WRFV3_3.9.1_preset_moves_sfc_coeff_param_estim/share -I/glade/work/nystrom/Code/WRFDA/WRFV3_3.9.1_preset_moves_sfc_coeff_param_estim/phys -I/glade/work/nystrom/Code/WRFDA/WRFV3_3.9.1_preset_moves_sfc_coeff_param_estim/chem -I/glade/work/nystrom/Code/WRFDA/WRFV3_3.9.1_preset_moves_sfc_coeff_param_estim/inc -I/glade/u/apps/ch/opt/netcdf/4.7.3/intel/19.0.5//include  -real-size `expr 8 \* 4` -i4  module_interp_nmm.f90

real	0m18.505s
user	0m16.647s
sys	0m1.183s
rm -f module_trajectory.o
sed -e "s/grid%mu/gridmu/g" -e "s/grid%Mu/gridMu/g" -e "s/^\!.*'.*//" -e "s/^ *\!.*'.*//" module_trajectory.F > module_trajectory.G
/lib/cpp -P -nostdinc -I/glade/work/nystrom/Code/WRFDA/WRFV3_3.9.1_preset_moves_sfc_coeff_param_estim/inc -DEM_CORE=1 -DNMM_CORE=0 -DNMM_MAX_DIM=2600 -DCOAMPS_CORE=0 -DDA_CORE=0 -DEXP_CORE=0 -DIWORDSIZE=4 -DDWORDSIZE=8 -DRWORDSIZE=4 -DLWORDSIZE=4 -DNONSTANDARD_SYSTEM_FUNC  -DWRF_USE_CLM  -DDM_PARALLEL -DNETCDF -DMOVE_NESTS -DUSE_ALLOCATABLES -DGRIB1 -DINTIO -DKEEP_INT_AROUND -DLIMIT_ARGS -DCONFIG_BUF_LEN=65536 -DMAX_DOMAINS_F=21 -DMAX_HISTORY=25 -DNMM_NEST=0  -I. -traditional-cpp   module_trajectory.G  > module_trajectory.H
sed -e "s/gridmu/grid%mu/g" -e "s/gridMu/grid%Mu/g" module_trajectory.H > module_trajectory.bb
/glade/work/nystrom/Code/WRFDA/WRFV3_3.9.1_preset_moves_sfc_coeff_param_estim/tools/standard.exe module_trajectory.bb | /lib/cpp -P -nostdinc -traditional-cpp > module_trajectory.f90
rm -f module_trajectory.G module_trajectory.H module_trajectory.bb
time mpif90 -f90=ifort -o module_trajectory.o -c -O3 -ip -fp-model precise -w -ftz -align all -fno-alias -FR -convert big_endian    -I../dyn_em -I../dyn_nmm   -I/glade/work/nystrom/Code/WRFDA/WRFV3_3.9.1_preset_moves_sfc_coeff_param_estim/external/esmf_time_f90  -I/glade/work/nystrom/Code/WRFDA/WRFV3_3.9.1_preset_moves_sfc_coeff_param_estim/main -I/glade/work/nystrom/Code/WRFDA/WRFV3_3.9.1_preset_moves_sfc_coeff_param_estim/external/io_netcdf -I/glade/work/nystrom/Code/WRFDA/WRFV3_3.9.1_preset_moves_sfc_coeff_param_estim/external/io_int -I/glade/work/nystrom/Code/WRFDA/WRFV3_3.9.1_preset_moves_sfc_coeff_param_estim/frame -I/glade/work/nystrom/Code/WRFDA/WRFV3_3.9.1_preset_moves_sfc_coeff_param_estim/share -I/glade/work/nystrom/Code/WRFDA/WRFV3_3.9.1_preset_moves_sfc_coeff_param_estim/phys -I/glade/work/nystrom/Code/WRFDA/WRFV3_3.9.1_preset_moves_sfc_coeff_param_estim/chem -I/glade/work/nystrom/Code/WRFDA/WRFV3_3.9.1_preset_moves_sfc_coeff_param_estim/inc -I/glade/u/apps/ch/opt/netcdf/4.7.3/intel/19.0.5//include  -real-size `expr 8 \* 4` -i4  module_trajectory.f90

real	0m5.432s
user	0m5.063s
sys	0m0.205s
rm -f wrf_timeseries.o
sed -e "s/grid%mu/gridmu/g" -e "s/grid%Mu/gridMu/g" -e "s/^\!.*'.*//" -e "s/^ *\!.*'.*//" wrf_timeseries.F > wrf_timeseries.G
/lib/cpp -P -nostdinc -I/glade/work/nystrom/Code/WRFDA/WRFV3_3.9.1_preset_moves_sfc_coeff_param_estim/inc -DEM_CORE=1 -DNMM_CORE=0 -DNMM_MAX_DIM=2600 -DCOAMPS_CORE=0 -DDA_CORE=0 -DEXP_CORE=0 -DIWORDSIZE=4 -DDWORDSIZE=8 -DRWORDSIZE=4 -DLWORDSIZE=4 -DNONSTANDARD_SYSTEM_FUNC  -DWRF_USE_CLM  -DDM_PARALLEL -DNETCDF -DMOVE_NESTS -DUSE_ALLOCATABLES -DGRIB1 -DINTIO -DKEEP_INT_AROUND -DLIMIT_ARGS -DCONFIG_BUF_LEN=65536 -DMAX_DOMAINS_F=21 -DMAX_HISTORY=25 -DNMM_NEST=0  -I. -traditional-cpp   wrf_timeseries.G  > wrf_timeseries.H
sed -e "s/gridmu/grid%mu/g" -e "s/gridMu/grid%Mu/g" wrf_timeseries.H > wrf_timeseries.bb
/glade/work/nystrom/Code/WRFDA/WRFV3_3.9.1_preset_moves_sfc_coeff_param_estim/tools/standard.exe wrf_timeseries.bb | /lib/cpp -P -nostdinc -traditional-cpp > wrf_timeseries.f90
rm -f wrf_timeseries.G wrf_timeseries.H wrf_timeseries.bb
time mpif90 -f90=ifort -o wrf_timeseries.o -c -O3 -ip -fp-model precise -w -ftz -align all -fno-alias -FR -convert big_endian    -I../dyn_em -I../dyn_nmm   -I/glade/work/nystrom/Code/WRFDA/WRFV3_3.9.1_preset_moves_sfc_coeff_param_estim/external/esmf_time_f90  -I/glade/work/nystrom/Code/WRFDA/WRFV3_3.9.1_preset_moves_sfc_coeff_param_estim/main -I/glade/work/nystrom/Code/WRFDA/WRFV3_3.9.1_preset_moves_sfc_coeff_param_estim/external/io_netcdf -I/glade/work/nystrom/Code/WRFDA/WRFV3_3.9.1_preset_moves_sfc_coeff_param_estim/external/io_int -I/glade/work/nystrom/Code/WRFDA/WRFV3_3.9.1_preset_moves_sfc_coeff_param_estim/frame -I/glade/work/nystrom/Code/WRFDA/WRFV3_3.9.1_preset_moves_sfc_coeff_param_estim/share -I/glade/work/nystrom/Code/WRFDA/WRFV3_3.9.1_preset_moves_sfc_coeff_param_estim/phys -I/glade/work/nystrom/Code/WRFDA/WRFV3_3.9.1_preset_moves_sfc_coeff_param_estim/chem -I/glade/work/nystrom/Code/WRFDA/WRFV3_3.9.1_preset_moves_sfc_coeff_param_estim/inc -I/glade/u/apps/ch/opt/netcdf/4.7.3/intel/19.0.5//include  -real-size `expr 8 \* 4` -i4  wrf_timeseries.f90

real	0m4.140s
user	0m3.802s
sys	0m0.213s
rm -f track_driver.o
/glade/work/nystrom/Code/WRFDA/WRFV3_3.9.1_preset_moves_sfc_coeff_param_estim/tools/standard.exe track_driver.F > track_driver.b 
/lib/cpp -P -nostdinc -I/glade/work/nystrom/Code/WRFDA/WRFV3_3.9.1_preset_moves_sfc_coeff_param_estim/inc -DEM_CORE=1 -DNMM_CORE=0 -DNMM_MAX_DIM=2600 -DCOAMPS_CORE=0 -DDA_CORE=0 -DEXP_CORE=0 -DIWORDSIZE=4 -DDWORDSIZE=8 -DRWORDSIZE=4 -DLWORDSIZE=4 -DNONSTANDARD_SYSTEM_FUNC  -DWRF_USE_CLM  -DDM_PARALLEL -DNETCDF -DMOVE_NESTS -DUSE_ALLOCATABLES -DGRIB1 -DINTIO -DKEEP_INT_AROUND -DLIMIT_ARGS -DCONFIG_BUF_LEN=65536 -DMAX_DOMAINS_F=21 -DMAX_HISTORY=25 -DNMM_NEST=0  -I. -traditional-cpp   track_driver.b  > track_driver.f90
rm -f track_driver.b
if fgrep -iq '!$OMP' track_driver.f90 ; then \
          if [ -n "" ] ; then echo COMPILING track_driver.F WITH OMP ; fi ; \
  time mpif90 -f90=ifort -c -real-size `expr 8 \* 4` -i4 -O0 -fno-inline -no-ip -ip -fp-model precise -w -ftz -align all -fno-alias -FR -convert big_endian   -I../dyn_em -I../dyn_nmm   -I/glade/work/nystrom/Code/WRFDA/WRFV3_3.9.1_preset_moves_sfc_coeff_param_estim/external/esmf_time_f90  -I/glade/work/nystrom/Code/WRFDA/WRFV3_3.9.1_preset_moves_sfc_coeff_param_estim/main -I/glade/work/nystrom/Code/WRFDA/WRFV3_3.9.1_preset_moves_sfc_coeff_param_estim/external/io_netcdf -I/glade/work/nystrom/Code/WRFDA/WRFV3_3.9.1_preset_moves_sfc_coeff_param_estim/external/io_int -I/glade/work/nystrom/Code/WRFDA/WRFV3_3.9.1_preset_moves_sfc_coeff_param_estim/frame -I/glade/work/nystrom/Code/WRFDA/WRFV3_3.9.1_preset_moves_sfc_coeff_param_estim/share -I/glade/work/nystrom/Code/WRFDA/WRFV3_3.9.1_preset_moves_sfc_coeff_param_estim/phys -I/glade/work/nystrom/Code/WRFDA/WRFV3_3.9.1_preset_moves_sfc_coeff_param_estim/chem -I/glade/work/nystrom/Code/WRFDA/WRFV3_3.9.1_preset_moves_sfc_coeff_param_estim/inc -I/glade/u/apps/ch/opt/netcdf/4.7.3/intel/19.0.5//include    track_driver.f90 ; \
        else \
          if [ -n "" ] ; then echo COMPILING track_driver.F WITHOUT OMP ; fi ; \
  time mpif90 -f90=ifort -c -real-size `expr 8 \* 4` -i4 -O0 -fno-inline -no-ip -ip -fp-model precise -w -ftz -align all -fno-alias -FR -convert big_endian   -I../dyn_em -I../dyn_nmm   -I/glade/work/nystrom/Code/WRFDA/WRFV3_3.9.1_preset_moves_sfc_coeff_param_estim/external/esmf_time_f90  -I/glade/work/nystrom/Code/WRFDA/WRFV3_3.9.1_preset_moves_sfc_coeff_param_estim/main -I/glade/work/nystrom/Code/WRFDA/WRFV3_3.9.1_preset_moves_sfc_coeff_param_estim/external/io_netcdf -I/glade/work/nystrom/Code/WRFDA/WRFV3_3.9.1_preset_moves_sfc_coeff_param_estim/external/io_int -I/glade/work/nystrom/Code/WRFDA/WRFV3_3.9.1_preset_moves_sfc_coeff_param_estim/frame -I/glade/work/nystrom/Code/WRFDA/WRFV3_3.9.1_preset_moves_sfc_coeff_param_estim/share -I/glade/work/nystrom/Code/WRFDA/WRFV3_3.9.1_preset_moves_sfc_coeff_param_estim/phys -I/glade/work/nystrom/Code/WRFDA/WRFV3_3.9.1_preset_moves_sfc_coeff_param_estim/chem -I/glade/work/nystrom/Code/WRFDA/WRFV3_3.9.1_preset_moves_sfc_coeff_param_estim/inc -I/glade/u/apps/ch/opt/netcdf/4.7.3/intel/19.0.5//include   track_driver.f90 ; \
        fi

real	0m0.890s
user	0m0.635s
sys	0m0.124s
rm -f init_modules.o
sed -e "s/grid%mu/gridmu/g" -e "s/grid%Mu/gridMu/g" -e "s/^\!.*'.*//" -e "s/^ *\!.*'.*//" init_modules.F > init_modules.G
/lib/cpp -P -nostdinc -I/glade/work/nystrom/Code/WRFDA/WRFV3_3.9.1_preset_moves_sfc_coeff_param_estim/inc -DEM_CORE=1 -DNMM_CORE=0 -DNMM_MAX_DIM=2600 -DCOAMPS_CORE=0 -DDA_CORE=0 -DEXP_CORE=0 -DIWORDSIZE=4 -DDWORDSIZE=8 -DRWORDSIZE=4 -DLWORDSIZE=4 -DNONSTANDARD_SYSTEM_FUNC  -DWRF_USE_CLM  -DDM_PARALLEL -DNETCDF -DMOVE_NESTS -DUSE_ALLOCATABLES -DGRIB1 -DINTIO -DKEEP_INT_AROUND -DLIMIT_ARGS -DCONFIG_BUF_LEN=65536 -DMAX_DOMAINS_F=21 -DMAX_HISTORY=25 -DNMM_NEST=0  -I. -traditional-cpp   init_modules.G  > init_modules.H
sed -e "s/gridmu/grid%mu/g" -e "s/gridMu/grid%Mu/g" init_modules.H > init_modules.bb
/glade/work/nystrom/Code/WRFDA/WRFV3_3.9.1_preset_moves_sfc_coeff_param_estim/tools/standard.exe init_modules.bb | /lib/cpp -P -nostdinc -traditional-cpp > init_modules.f90
rm -f init_modules.G init_modules.H init_modules.bb
time mpif90 -f90=ifort -o init_modules.o -c -O3 -ip -fp-model precise -w -ftz -align all -fno-alias -FR -convert big_endian    -I../dyn_em -I../dyn_nmm   -I/glade/work/nystrom/Code/WRFDA/WRFV3_3.9.1_preset_moves_sfc_coeff_param_estim/external/esmf_time_f90  -I/glade/work/nystrom/Code/WRFDA/WRFV3_3.9.1_preset_moves_sfc_coeff_param_estim/main -I/glade/work/nystrom/Code/WRFDA/WRFV3_3.9.1_preset_moves_sfc_coeff_param_estim/external/io_netcdf -I/glade/work/nystrom/Code/WRFDA/WRFV3_3.9.1_preset_moves_sfc_coeff_param_estim/external/io_int -I/glade/work/nystrom/Code/WRFDA/WRFV3_3.9.1_preset_moves_sfc_coeff_param_estim/frame -I/glade/work/nystrom/Code/WRFDA/WRFV3_3.9.1_preset_moves_sfc_coeff_param_estim/share -I/glade/work/nystrom/Code/WRFDA/WRFV3_3.9.1_preset_moves_sfc_coeff_param_estim/phys -I/glade/work/nystrom/Code/WRFDA/WRFV3_3.9.1_preset_moves_sfc_coeff_param_estim/chem -I/glade/work/nystrom/Code/WRFDA/WRFV3_3.9.1_preset_moves_sfc_coeff_param_estim/inc -I/glade/u/apps/ch/opt/netcdf/4.7.3/intel/19.0.5//include  -real-size `expr 8 \* 4` -i4  init_modules.f90

real	0m0.459s
user	0m0.130s
sys	0m0.098s
rm -f interp_fcn.o
sed -e "s/grid%mu/gridmu/g" -e "s/grid%Mu/gridMu/g" -e "s/^\!.*'.*//" -e "s/^ *\!.*'.*//" interp_fcn.F > interp_fcn.G
/lib/cpp -P -nostdinc -I/glade/work/nystrom/Code/WRFDA/WRFV3_3.9.1_preset_moves_sfc_coeff_param_estim/inc -DEM_CORE=1 -DNMM_CORE=0 -DNMM_MAX_DIM=2600 -DCOAMPS_CORE=0 -DDA_CORE=0 -DEXP_CORE=0 -DIWORDSIZE=4 -DDWORDSIZE=8 -DRWORDSIZE=4 -DLWORDSIZE=4 -DNONSTANDARD_SYSTEM_FUNC  -DWRF_USE_CLM  -DDM_PARALLEL -DNETCDF -DMOVE_NESTS -DUSE_ALLOCATABLES -DGRIB1 -DINTIO -DKEEP_INT_AROUND -DLIMIT_ARGS -DCONFIG_BUF_LEN=65536 -DMAX_DOMAINS_F=21 -DMAX_HISTORY=25 -DNMM_NEST=0  -I. -traditional-cpp   interp_fcn.G  > interp_fcn.H
sed -e "s/gridmu/grid%mu/g" -e "s/gridMu/grid%Mu/g" interp_fcn.H > interp_fcn.bb
/glade/work/nystrom/Code/WRFDA/WRFV3_3.9.1_preset_moves_sfc_coeff_param_estim/tools/standard.exe interp_fcn.bb | /lib/cpp -P -nostdinc -traditional-cpp > interp_fcn.f90
rm -f interp_fcn.G interp_fcn.H interp_fcn.bb
time mpif90 -f90=ifort -o interp_fcn.o -c -O3 -ip -fp-model precise -w -ftz -align all -fno-alias -FR -convert big_endian    -I../dyn_em -I../dyn_nmm   -I/glade/work/nystrom/Code/WRFDA/WRFV3_3.9.1_preset_moves_sfc_coeff_param_estim/external/esmf_time_f90  -I/glade/work/nystrom/Code/WRFDA/WRFV3_3.9.1_preset_moves_sfc_coeff_param_estim/main -I/glade/work/nystrom/Code/WRFDA/WRFV3_3.9.1_preset_moves_sfc_coeff_param_estim/external/io_netcdf -I/glade/work/nystrom/Code/WRFDA/WRFV3_3.9.1_preset_moves_sfc_coeff_param_estim/external/io_int -I/glade/work/nystrom/Code/WRFDA/WRFV3_3.9.1_preset_moves_sfc_coeff_param_estim/frame -I/glade/work/nystrom/Code/WRFDA/WRFV3_3.9.1_preset_moves_sfc_coeff_param_estim/share -I/glade/work/nystrom/Code/WRFDA/WRFV3_3.9.1_preset_moves_sfc_coeff_param_estim/phys -I/glade/work/nystrom/Code/WRFDA/WRFV3_3.9.1_preset_moves_sfc_coeff_param_estim/chem -I/glade/work/nystrom/Code/WRFDA/WRFV3_3.9.1_preset_moves_sfc_coeff_param_estim/inc -I/glade/u/apps/ch/opt/netcdf/4.7.3/intel/19.0.5//include  -real-size `expr 8 \* 4` -i4  interp_fcn.f90

real	0m5.689s
user	0m5.385s
sys	0m0.154s
rm -f mediation_nest_move.o
sed -e "s/grid%mu/gridmu/g" -e "s/grid%Mu/gridMu/g" -e "s/^\!.*'.*//" -e "s/^ *\!.*'.*//" mediation_nest_move.F > mediation_nest_move.G
/lib/cpp -P -nostdinc -I/glade/work/nystrom/Code/WRFDA/WRFV3_3.9.1_preset_moves_sfc_coeff_param_estim/inc -DEM_CORE=1 -DNMM_CORE=0 -DNMM_MAX_DIM=2600 -DCOAMPS_CORE=0 -DDA_CORE=0 -DEXP_CORE=0 -DIWORDSIZE=4 -DDWORDSIZE=8 -DRWORDSIZE=4 -DLWORDSIZE=4 -DNONSTANDARD_SYSTEM_FUNC  -DWRF_USE_CLM  -DDM_PARALLEL -DNETCDF -DMOVE_NESTS -DUSE_ALLOCATABLES -DGRIB1 -DINTIO -DKEEP_INT_AROUND -DLIMIT_ARGS -DCONFIG_BUF_LEN=65536 -DMAX_DOMAINS_F=21 -DMAX_HISTORY=25 -DNMM_NEST=0  -I. -traditional-cpp   mediation_nest_move.G  > mediation_nest_move.H
sed -e "s/gridmu/grid%mu/g" -e "s/gridMu/grid%Mu/g" mediation_nest_move.H > mediation_nest_move.bb
/glade/work/nystrom/Code/WRFDA/WRFV3_3.9.1_preset_moves_sfc_coeff_param_estim/tools/standard.exe mediation_nest_move.bb | /lib/cpp -P -nostdinc -traditional-cpp > mediation_nest_move.f90
rm -f mediation_nest_move.G mediation_nest_move.H mediation_nest_move.bb
time mpif90 -f90=ifort -o mediation_nest_move.o -c -O3 -ip -fp-model precise -w -ftz -align all -fno-alias -FR -convert big_endian    -I../dyn_em -I../dyn_nmm   -I/glade/work/nystrom/Code/WRFDA/WRFV3_3.9.1_preset_moves_sfc_coeff_param_estim/external/esmf_time_f90  -I/glade/work/nystrom/Code/WRFDA/WRFV3_3.9.1_preset_moves_sfc_coeff_param_estim/main -I/glade/work/nystrom/Code/WRFDA/WRFV3_3.9.1_preset_moves_sfc_coeff_param_estim/external/io_netcdf -I/glade/work/nystrom/Code/WRFDA/WRFV3_3.9.1_preset_moves_sfc_coeff_param_estim/external/io_int -I/glade/work/nystrom/Code/WRFDA/WRFV3_3.9.1_preset_moves_sfc_coeff_param_estim/frame -I/glade/work/nystrom/Code/WRFDA/WRFV3_3.9.1_preset_moves_sfc_coeff_param_estim/share -I/glade/work/nystrom/Code/WRFDA/WRFV3_3.9.1_preset_moves_sfc_coeff_param_estim/phys -I/glade/work/nystrom/Code/WRFDA/WRFV3_3.9.1_preset_moves_sfc_coeff_param_estim/chem -I/glade/work/nystrom/Code/WRFDA/WRFV3_3.9.1_preset_moves_sfc_coeff_param_estim/inc -I/glade/u/apps/ch/opt/netcdf/4.7.3/intel/19.0.5//include  -real-size `expr 8 \* 4` -i4  mediation_nest_move.f90

real	0m12.585s
user	0m11.351s
sys	0m0.686s
rm -f module_optional_input.o
sed -e "s/grid%mu/gridmu/g" -e "s/grid%Mu/gridMu/g" -e "s/^\!.*'.*//" -e "s/^ *\!.*'.*//" module_optional_input.F > module_optional_input.G
/lib/cpp -P -nostdinc -I/glade/work/nystrom/Code/WRFDA/WRFV3_3.9.1_preset_moves_sfc_coeff_param_estim/inc -DEM_CORE=1 -DNMM_CORE=0 -DNMM_MAX_DIM=2600 -DCOAMPS_CORE=0 -DDA_CORE=0 -DEXP_CORE=0 -DIWORDSIZE=4 -DDWORDSIZE=8 -DRWORDSIZE=4 -DLWORDSIZE=4 -DNONSTANDARD_SYSTEM_FUNC  -DWRF_USE_CLM  -DDM_PARALLEL -DNETCDF -DMOVE_NESTS -DUSE_ALLOCATABLES -DGRIB1 -DINTIO -DKEEP_INT_AROUND -DLIMIT_ARGS -DCONFIG_BUF_LEN=65536 -DMAX_DOMAINS_F=21 -DMAX_HISTORY=25 -DNMM_NEST=0  -I. -traditional-cpp   module_optional_input.G  > module_optional_input.H
sed -e "s/gridmu/grid%mu/g" -e "s/gridMu/grid%Mu/g" module_optional_input.H > module_optional_input.bb
/glade/work/nystrom/Code/WRFDA/WRFV3_3.9.1_preset_moves_sfc_coeff_param_estim/tools/standard.exe module_optional_input.bb | /lib/cpp -P -nostdinc -traditional-cpp > module_optional_input.f90
rm -f module_optional_input.G module_optional_input.H module_optional_input.bb
time mpif90 -f90=ifort -o module_optional_input.o -c -O3 -ip -fp-model precise -w -ftz -align all -fno-alias -FR -convert big_endian    -I../dyn_em -I../dyn_nmm   -I/glade/work/nystrom/Code/WRFDA/WRFV3_3.9.1_preset_moves_sfc_coeff_param_estim/external/esmf_time_f90  -I/glade/work/nystrom/Code/WRFDA/WRFV3_3.9.1_preset_moves_sfc_coeff_param_estim/main -I/glade/work/nystrom/Code/WRFDA/WRFV3_3.9.1_preset_moves_sfc_coeff_param_estim/external/io_netcdf -I/glade/work/nystrom/Code/WRFDA/WRFV3_3.9.1_preset_moves_sfc_coeff_param_estim/external/io_int -I/glade/work/nystrom/Code/WRFDA/WRFV3_3.9.1_preset_moves_sfc_coeff_param_estim/frame -I/glade/work/nystrom/Code/WRFDA/WRFV3_3.9.1_preset_moves_sfc_coeff_param_estim/share -I/glade/work/nystrom/Code/WRFDA/WRFV3_3.9.1_preset_moves_sfc_coeff_param_estim/phys -I/glade/work/nystrom/Code/WRFDA/WRFV3_3.9.1_preset_moves_sfc_coeff_param_estim/chem -I/glade/work/nystrom/Code/WRFDA/WRFV3_3.9.1_preset_moves_sfc_coeff_param_estim/inc -I/glade/u/apps/ch/opt/netcdf/4.7.3/intel/19.0.5//include  -real-size `expr 8 \* 4` -i4  module_optional_input.f90

real	0m4.683s
user	0m4.281s
sys	0m0.249s
rm -f solve_interface.o
/glade/work/nystrom/Code/WRFDA/WRFV3_3.9.1_preset_moves_sfc_coeff_param_estim/tools/standard.exe solve_interface.F > solve_interface.b 
/lib/cpp -P -nostdinc -I/glade/work/nystrom/Code/WRFDA/WRFV3_3.9.1_preset_moves_sfc_coeff_param_estim/inc -DEM_CORE=1 -DNMM_CORE=0 -DNMM_MAX_DIM=2600 -DCOAMPS_CORE=0 -DDA_CORE=0 -DEXP_CORE=0 -DIWORDSIZE=4 -DDWORDSIZE=8 -DRWORDSIZE=4 -DLWORDSIZE=4 -DNONSTANDARD_SYSTEM_FUNC  -DWRF_USE_CLM  -DDM_PARALLEL -DNETCDF -DMOVE_NESTS -DUSE_ALLOCATABLES -DGRIB1 -DINTIO -DKEEP_INT_AROUND -DLIMIT_ARGS -DCONFIG_BUF_LEN=65536 -DMAX_DOMAINS_F=21 -DMAX_HISTORY=25 -DNMM_NEST=0  -I. -traditional-cpp   solve_interface.b  > solve_interface.f90
rm -f solve_interface.b
if fgrep -iq '!$OMP' solve_interface.f90 ; then \
          if [ -n "" ] ; then echo COMPILING solve_interface.F WITH OMP ; fi ; \
  time mpif90 -f90=ifort -c -real-size `expr 8 \* 4` -i4 -O0 -fno-inline -no-ip -ip -fp-model precise -w -ftz -align all -fno-alias -FR -convert big_endian   -I../dyn_em -I../dyn_nmm   -I/glade/work/nystrom/Code/WRFDA/WRFV3_3.9.1_preset_moves_sfc_coeff_param_estim/external/esmf_time_f90  -I/glade/work/nystrom/Code/WRFDA/WRFV3_3.9.1_preset_moves_sfc_coeff_param_estim/main -I/glade/work/nystrom/Code/WRFDA/WRFV3_3.9.1_preset_moves_sfc_coeff_param_estim/external/io_netcdf -I/glade/work/nystrom/Code/WRFDA/WRFV3_3.9.1_preset_moves_sfc_coeff_param_estim/external/io_int -I/glade/work/nystrom/Code/WRFDA/WRFV3_3.9.1_preset_moves_sfc_coeff_param_estim/frame -I/glade/work/nystrom/Code/WRFDA/WRFV3_3.9.1_preset_moves_sfc_coeff_param_estim/share -I/glade/work/nystrom/Code/WRFDA/WRFV3_3.9.1_preset_moves_sfc_coeff_param_estim/phys -I/glade/work/nystrom/Code/WRFDA/WRFV3_3.9.1_preset_moves_sfc_coeff_param_estim/chem -I/glade/work/nystrom/Code/WRFDA/WRFV3_3.9.1_preset_moves_sfc_coeff_param_estim/inc -I/glade/u/apps/ch/opt/netcdf/4.7.3/intel/19.0.5//include    solve_interface.f90 ; \
        else \
          if [ -n "" ] ; then echo COMPILING solve_interface.F WITHOUT OMP ; fi ; \
  time mpif90 -f90=ifort -c -real-size `expr 8 \* 4` -i4 -O0 -fno-inline -no-ip -ip -fp-model precise -w -ftz -align all -fno-alias -FR -convert big_endian   -I../dyn_em -I../dyn_nmm   -I/glade/work/nystrom/Code/WRFDA/WRFV3_3.9.1_preset_moves_sfc_coeff_param_estim/external/esmf_time_f90  -I/glade/work/nystrom/Code/WRFDA/WRFV3_3.9.1_preset_moves_sfc_coeff_param_estim/main -I/glade/work/nystrom/Code/WRFDA/WRFV3_3.9.1_preset_moves_sfc_coeff_param_estim/external/io_netcdf -I/glade/work/nystrom/Code/WRFDA/WRFV3_3.9.1_preset_moves_sfc_coeff_param_estim/external/io_int -I/glade/work/nystrom/Code/WRFDA/WRFV3_3.9.1_preset_moves_sfc_coeff_param_estim/frame -I/glade/work/nystrom/Code/WRFDA/WRFV3_3.9.1_preset_moves_sfc_coeff_param_estim/share -I/glade/work/nystrom/Code/WRFDA/WRFV3_3.9.1_preset_moves_sfc_coeff_param_estim/phys -I/glade/work/nystrom/Code/WRFDA/WRFV3_3.9.1_preset_moves_sfc_coeff_param_estim/chem -I/glade/work/nystrom/Code/WRFDA/WRFV3_3.9.1_preset_moves_sfc_coeff_param_estim/inc -I/glade/u/apps/ch/opt/netcdf/4.7.3/intel/19.0.5//include   solve_interface.f90 ; \
        fi

real	0m0.833s
user	0m0.618s
sys	0m0.101s
rm -f start_domain.o
/glade/work/nystrom/Code/WRFDA/WRFV3_3.9.1_preset_moves_sfc_coeff_param_estim/tools/standard.exe start_domain.F > start_domain.b 
/lib/cpp -P -nostdinc -I/glade/work/nystrom/Code/WRFDA/WRFV3_3.9.1_preset_moves_sfc_coeff_param_estim/inc -DEM_CORE=1 -DNMM_CORE=0 -DNMM_MAX_DIM=2600 -DCOAMPS_CORE=0 -DDA_CORE=0 -DEXP_CORE=0 -DIWORDSIZE=4 -DDWORDSIZE=8 -DRWORDSIZE=4 -DLWORDSIZE=4 -DNONSTANDARD_SYSTEM_FUNC  -DWRF_USE_CLM  -DDM_PARALLEL -DNETCDF -DMOVE_NESTS -DUSE_ALLOCATABLES -DGRIB1 -DINTIO -DKEEP_INT_AROUND -DLIMIT_ARGS -DCONFIG_BUF_LEN=65536 -DMAX_DOMAINS_F=21 -DMAX_HISTORY=25 -DNMM_NEST=0  -I. -traditional-cpp   start_domain.b  > start_domain.f90
rm -f start_domain.b
if fgrep -iq '!$OMP' start_domain.f90 ; then \
          if [ -n "" ] ; then echo COMPILING start_domain.F WITH OMP ; fi ; \
  time mpif90 -f90=ifort -c -real-size `expr 8 \* 4` -i4 -O0 -fno-inline -no-ip -ip -fp-model precise -w -ftz -align all -fno-alias -FR -convert big_endian   -I../dyn_em -I../dyn_nmm   -I/glade/work/nystrom/Code/WRFDA/WRFV3_3.9.1_preset_moves_sfc_coeff_param_estim/external/esmf_time_f90  -I/glade/work/nystrom/Code/WRFDA/WRFV3_3.9.1_preset_moves_sfc_coeff_param_estim/main -I/glade/work/nystrom/Code/WRFDA/WRFV3_3.9.1_preset_moves_sfc_coeff_param_estim/external/io_netcdf -I/glade/work/nystrom/Code/WRFDA/WRFV3_3.9.1_preset_moves_sfc_coeff_param_estim/external/io_int -I/glade/work/nystrom/Code/WRFDA/WRFV3_3.9.1_preset_moves_sfc_coeff_param_estim/frame -I/glade/work/nystrom/Code/WRFDA/WRFV3_3.9.1_preset_moves_sfc_coeff_param_estim/share -I/glade/work/nystrom/Code/WRFDA/WRFV3_3.9.1_preset_moves_sfc_coeff_param_estim/phys -I/glade/work/nystrom/Code/WRFDA/WRFV3_3.9.1_preset_moves_sfc_coeff_param_estim/chem -I/glade/work/nystrom/Code/WRFDA/WRFV3_3.9.1_preset_moves_sfc_coeff_param_estim/inc -I/glade/u/apps/ch/opt/netcdf/4.7.3/intel/19.0.5//include    start_domain.f90 ; \
        else \
          if [ -n "" ] ; then echo COMPILING start_domain.F WITHOUT OMP ; fi ; \
  time mpif90 -f90=ifort -c -real-size `expr 8 \* 4` -i4 -O0 -fno-inline -no-ip -ip -fp-model precise -w -ftz -align all -fno-alias -FR -convert big_endian   -I../dyn_em -I../dyn_nmm   -I/glade/work/nystrom/Code/WRFDA/WRFV3_3.9.1_preset_moves_sfc_coeff_param_estim/external/esmf_time_f90  -I/glade/work/nystrom/Code/WRFDA/WRFV3_3.9.1_preset_moves_sfc_coeff_param_estim/main -I/glade/work/nystrom/Code/WRFDA/WRFV3_3.9.1_preset_moves_sfc_coeff_param_estim/external/io_netcdf -I/glade/work/nystrom/Code/WRFDA/WRFV3_3.9.1_preset_moves_sfc_coeff_param_estim/external/io_int -I/glade/work/nystrom/Code/WRFDA/WRFV3_3.9.1_preset_moves_sfc_coeff_param_estim/frame -I/glade/work/nystrom/Code/WRFDA/WRFV3_3.9.1_preset_moves_sfc_coeff_param_estim/share -I/glade/work/nystrom/Code/WRFDA/WRFV3_3.9.1_preset_moves_sfc_coeff_param_estim/phys -I/glade/work/nystrom/Code/WRFDA/WRFV3_3.9.1_preset_moves_sfc_coeff_param_estim/chem -I/glade/work/nystrom/Code/WRFDA/WRFV3_3.9.1_preset_moves_sfc_coeff_param_estim/inc -I/glade/u/apps/ch/opt/netcdf/4.7.3/intel/19.0.5//include   start_domain.f90 ; \
        fi

real	0m1.345s
user	0m1.101s
sys	0m0.125s

real	0m27.396s
user	0m26.636s
sys	0m0.602s
if [ 0 -eq 1 ] ; then \
                  make -i -r nmm_contrib                                      ; \
                  ar ru ../main/libwrflib.a module_model_constants.o module_bc_time_utilities.o module_get_file_names.o module_compute_geop.o module_check_a_mundo.o module_random.o module_llxy.o module_interp_nmm.o module_interp_store.o module_MPP.o  module_date_time.o module_bc.o module_io_wrf.o module_soil_pre.o  module_io_domain.o               module_optional_input.o          solve_interface.o mediation_interp_domain.o mediation_force_domain.o mediation_feedback_domain.o start_domain.o init_modules.o set_timekeeping.o interp_fcn.o sint.o wrf_ext_write_field.o wrf_ext_read_field.o  wrf_tsin.o landread.o track_driver.o track_input.o module_trajectory.o bobrand.o wrf_timeseries.o track_driver.o wrf_fddaobs_in.o mediation_nest_move.o setfeenv.o input_wrf.o output_wrf.o wrf_bdyout.o wrf_bdyin.o dfi.o mediation_integrate.o mediation_wrfmain.o    ; \
                  else                                                         \
                  ar ru ../main/libwrflib.a module_model_constants.o module_bc_time_utilities.o module_get_file_names.o module_compute_geop.o module_check_a_mundo.o module_random.o module_llxy.o module_interp_nmm.o module_interp_store.o module_MPP.o  module_date_time.o module_bc.o module_io_wrf.o module_soil_pre.o  module_io_domain.o               module_optional_input.o          solve_interface.o mediation_interp_domain.o mediation_force_domain.o mediation_feedback_domain.o start_domain.o init_modules.o set_timekeeping.o interp_fcn.o sint.o wrf_ext_write_field.o wrf_ext_read_field.o  wrf_tsin.o landread.o track_driver.o track_input.o module_trajectory.o bobrand.o wrf_timeseries.o track_driver.o wrf_fddaobs_in.o mediation_nest_move.o setfeenv.o input_wrf.o output_wrf.o wrf_bdyout.o wrf_bdyin.o dfi.o mediation_integrate.o mediation_wrfmain.o              ; \
                fi
make[2]: Leaving directory '/glade/work/nystrom/Code/WRFDA/WRFV3_3.9.1_preset_moves_sfc_coeff_param_estim/share'
make[1]: Leaving directory '/glade/work/nystrom/Code/WRFDA/WRFV3_3.9.1_preset_moves_sfc_coeff_param_estim'
make -i -r MODULE_DIRS="-I../dyn_em -I../dyn_nmm   -I/glade/work/nystrom/Code/WRFDA/WRFV3_3.9.1_preset_moves_sfc_coeff_param_estim/external/esmf_time_f90  -I/glade/work/nystrom/Code/WRFDA/WRFV3_3.9.1_preset_moves_sfc_coeff_param_estim/main -I/glade/work/nystrom/Code/WRFDA/WRFV3_3.9.1_preset_moves_sfc_coeff_param_estim/external/io_netcdf -I/glade/work/nystrom/Code/WRFDA/WRFV3_3.9.1_preset_moves_sfc_coeff_param_estim/external/io_int -I/glade/work/nystrom/Code/WRFDA/WRFV3_3.9.1_preset_moves_sfc_coeff_param_estim/frame -I/glade/work/nystrom/Code/WRFDA/WRFV3_3.9.1_preset_moves_sfc_coeff_param_estim/share -I/glade/work/nystrom/Code/WRFDA/WRFV3_3.9.1_preset_moves_sfc_coeff_param_estim/phys -I/glade/work/nystrom/Code/WRFDA/WRFV3_3.9.1_preset_moves_sfc_coeff_param_estim/chem -I/glade/work/nystrom/Code/WRFDA/WRFV3_3.9.1_preset_moves_sfc_coeff_param_estim/inc -I/glade/u/apps/ch/opt/netcdf/4.7.3/intel/19.0.5//include " physics
make[1]: Entering directory '/glade/work/nystrom/Code/WRFDA/WRFV3_3.9.1_preset_moves_sfc_coeff_param_estim'
--------------------------------------
if [ 0  -eq 0 ] ; then \
	( cd phys ; make -i -r CF2=" " ) ; \
else \
	( cd phys ; make -i -r CF2="../chem/module_data_mosaic_asect.o" ) ; \
fi
make[2]: Entering directory '/glade/work/nystrom/Code/WRFDA/WRFV3_3.9.1_preset_moves_sfc_coeff_param_estim/phys'
if [ 0 -eq 1 ] ; then \
                  make -i -r -j 2 nmm_contrib  ; \
                  ar ru ../main/libwrflib.a module_cam_shr_kind_mod.o module_cam_support.o module_cam_shr_const_mod.o module_cam_physconst.o module_cam_cldwat.o module_cam_wv_saturation.o module_cam_esinti.o module_cam_gffgch.o module_cam_error_function.o module_cam_constituents.o module_cam_trb_mtn_stress.o module_cam_molec_diff.o module_cam_upper_bc.o module_cam_bl_diffusion_solver.o module_cam_bl_eddy_diff.o module_cam_mp_microp_aero.o module_cam_mp_cldwat2m_micro.o module_cam_mp_ndrop.o module_cam_mp_modal_aero_initialize_data_phys.o module_cam_mp_radconstants.o module_cam_mp_conv_water.o module_cam_mp_qneg3.o module_data_cam_mam_aero.o module_data_cam_mam_asect.o module_cam_infnan.o module_bl_ysu.o module_bl_shinhong.o module_bl_mrf.o module_bl_gfs.o module_bl_gfsedmf.o module_bl_myjpbl.o module_bl_qnsepbl.o module_bl_acm.o module_bl_mynn.o module_bl_fogdes.o module_bl_gwdo.o module_bl_myjurb.o module_bl_boulac.o module_bl_camuwpbl_driver.o module_bl_mfshconvpbl.o module_shcu_camuwshcu_driver.o module_shcu_camuwshcu.o module_shcu_grims.o module_cu_camzm_driver.o module_cu_camzm.o module_bl_temf.o module_bl_gbmpbl.o module_cu_g3.o module_cu_kf.o module_cu_bmj.o module_cu_kfeta.o module_cu_mskf.o module_cu_tiedtke.o module_cu_ntiedtke.o module_cu_gd.o module_cu_gf_wrfdrv.o module_cu_gf_deep.o module_cu_gf_sh.o module_cu_nsas.o module_cu_sas.o module_cu_scalesas.o module_cu_osas.o module_cu_kfcup.o module_mp_radar.o module_mp_kessler.o module_mp_lin.o module_mp_sbu_ylin.o module_mp_wsm3.o module_mp_wsm5.o module_mp_wsm6.o module_mp_etanew.o module_mp_fer_hires.o module_mp_HWRF.o module_mp_thompson.o module_mp_full_sbm.o module_mp_fast_sbm.o module_ltng_lpi.o module_mp_gsfcgce.o module_mp_morr_two_moment.o module_mp_p3.o module_mp_milbrandt2mom.o module_mp_nssl_2mom.o module_mp_wdm5.o module_mp_wdm6.o module_mp_cammgmp_driver.o module_ra_sw.o module_ra_clWRF_support.o module_ra_gsfcsw.o module_ra_goddard.o module_ra_rrtm.o module_ra_rrtmg_lw.o module_ra_rrtmg_sw.o module_ra_rrtmg_lwf.o module_ra_rrtmg_swf.o module_ra_cam_support.o module_ra_cam.o module_ra_gfdleta.o module_ra_flg.o module_ra_HWRF.o module_ra_hs.o module_ra_aerosol.o module_sf_sfclay.o module_sf_sfclayrev.o module_sf_gfs.o module_sf_exchcoef.o module_sf_gfdl.o module_sf_slab.o module_sf_noahdrv.o module_sf_noahlsm.o module_sf_clm.o module_sf_ssib.o module_sf_noah_seaice.o module_sf_noah_seaice_drv.o module_sf_noahlsm_glacial_only.o module_sf_noahmp_groundwater.o module_sf_noahmpdrv.o module_sf_noahmplsm.o module_sf_noahmp_glacier.o module_sf_urban.o module_sf_bep.o module_sf_bep_bem.o module_sf_bem.o module_sf_pxlsm.o module_sf_pxlsm_data.o module_sf_ruclsm.o module_sf_sfcdiags.o module_sf_sfcdiags_ruclsm.o module_sf_sstskin.o module_sf_tmnupdate.o module_sf_ocean_driver.o module_sf_oml.o module_sf_3dpwp.o module_sf_myjsfc.o module_sf_qnsesfc.o module_sf_mynn.o module_sf_fogdes.o module_sf_pxsfclay.o module_sf_temfsfclay.o module_sf_idealscmsfclay.o module_sf_scmflux.o module_sf_scmskintemp.o module_physics_addtendc.o module_physics_init.o module_gfs_machine.o module_gfs_funcphys.o module_gfs_physcons.o module_progtm.o module_pbl_driver.o module_data_gocart_dust.o module_cumulus_driver.o module_shallowcu_driver.o module_microphysics_driver.o module_microphysics_zero_out.o module_mixactivate.o module_radiation_driver.o module_surface_driver.o module_lightning_driver.o module_ltng_cpmpr92z.o module_ltng_crmpr92.o module_ltng_iccg.o module_fdda_psufddagd.o module_fdda_spnudging.o module_fddagd_driver.o module_fddaobs_rtfdda.o module_fddaobs_driver.o module_wind_fitch.o module_sf_lake.o module_diagnostics_driver.o  \
                                     \
                                   module_diag_refl.o ; \
                else                                                         \
                  make -i -r -j 2 non_nmm      ; \
                  ar ru ../main/libwrflib.a module_cam_shr_kind_mod.o module_cam_support.o module_cam_shr_const_mod.o module_cam_physconst.o module_cam_cldwat.o module_cam_wv_saturation.o module_cam_esinti.o module_cam_gffgch.o module_cam_error_function.o module_cam_constituents.o module_cam_trb_mtn_stress.o module_cam_molec_diff.o module_cam_upper_bc.o module_cam_bl_diffusion_solver.o module_cam_bl_eddy_diff.o module_cam_mp_microp_aero.o module_cam_mp_cldwat2m_micro.o module_cam_mp_ndrop.o module_cam_mp_modal_aero_initialize_data_phys.o module_cam_mp_radconstants.o module_cam_mp_conv_water.o module_cam_mp_qneg3.o module_data_cam_mam_aero.o module_data_cam_mam_asect.o module_cam_infnan.o module_bl_ysu.o module_bl_shinhong.o module_bl_mrf.o module_bl_gfs.o module_bl_gfsedmf.o module_bl_myjpbl.o module_bl_qnsepbl.o module_bl_acm.o module_bl_mynn.o module_bl_fogdes.o module_bl_gwdo.o module_bl_myjurb.o module_bl_boulac.o module_bl_camuwpbl_driver.o module_bl_mfshconvpbl.o module_shcu_camuwshcu_driver.o module_shcu_camuwshcu.o module_shcu_grims.o module_cu_camzm_driver.o module_cu_camzm.o module_bl_temf.o module_bl_gbmpbl.o module_cu_g3.o module_cu_kf.o module_cu_bmj.o module_cu_kfeta.o module_cu_mskf.o module_cu_tiedtke.o module_cu_ntiedtke.o module_cu_gd.o module_cu_gf_wrfdrv.o module_cu_gf_deep.o module_cu_gf_sh.o module_cu_nsas.o module_cu_sas.o module_cu_scalesas.o module_cu_osas.o module_cu_kfcup.o module_mp_radar.o module_mp_kessler.o module_mp_lin.o module_mp_sbu_ylin.o module_mp_wsm3.o module_mp_wsm5.o module_mp_wsm6.o module_mp_etanew.o module_mp_fer_hires.o module_mp_HWRF.o module_mp_thompson.o module_mp_full_sbm.o module_mp_fast_sbm.o module_ltng_lpi.o module_mp_gsfcgce.o module_mp_morr_two_moment.o module_mp_p3.o module_mp_milbrandt2mom.o module_mp_nssl_2mom.o module_mp_wdm5.o module_mp_wdm6.o module_mp_cammgmp_driver.o module_ra_sw.o module_ra_clWRF_support.o module_ra_gsfcsw.o module_ra_goddard.o module_ra_rrtm.o module_ra_rrtmg_lw.o module_ra_rrtmg_sw.o module_ra_rrtmg_lwf.o module_ra_rrtmg_swf.o module_ra_cam_support.o module_ra_cam.o module_ra_gfdleta.o module_ra_flg.o module_ra_HWRF.o module_ra_hs.o module_ra_aerosol.o module_sf_sfclay.o module_sf_sfclayrev.o module_sf_gfs.o module_sf_exchcoef.o module_sf_gfdl.o module_sf_slab.o module_sf_noahdrv.o module_sf_noahlsm.o module_sf_clm.o module_sf_ssib.o module_sf_noah_seaice.o module_sf_noah_seaice_drv.o module_sf_noahlsm_glacial_only.o module_sf_noahmp_groundwater.o module_sf_noahmpdrv.o module_sf_noahmplsm.o module_sf_noahmp_glacier.o module_sf_urban.o module_sf_bep.o module_sf_bep_bem.o module_sf_bem.o module_sf_pxlsm.o module_sf_pxlsm_data.o module_sf_ruclsm.o module_sf_sfcdiags.o module_sf_sfcdiags_ruclsm.o module_sf_sstskin.o module_sf_tmnupdate.o module_sf_ocean_driver.o module_sf_oml.o module_sf_3dpwp.o module_sf_myjsfc.o module_sf_qnsesfc.o module_sf_mynn.o module_sf_fogdes.o module_sf_pxsfclay.o module_sf_temfsfclay.o module_sf_idealscmsfclay.o module_sf_scmflux.o module_sf_scmskintemp.o module_physics_addtendc.o module_physics_init.o module_gfs_machine.o module_gfs_funcphys.o module_gfs_physcons.o module_progtm.o module_pbl_driver.o module_data_gocart_dust.o module_cumulus_driver.o module_shallowcu_driver.o module_microphysics_driver.o module_microphysics_zero_out.o module_mixactivate.o module_radiation_driver.o module_surface_driver.o module_lightning_driver.o module_ltng_cpmpr92z.o module_ltng_crmpr92.o module_ltng_iccg.o module_fdda_psufddagd.o module_fdda_spnudging.o module_fddagd_driver.o module_fddaobs_rtfdda.o module_fddaobs_driver.o module_wind_fitch.o module_sf_lake.o module_diagnostics_driver.o  \
                                   module_fr_fire_driver.o module_fr_fire_driver_wrf.o module_fr_fire_atm.o module_fr_fire_model.o module_fr_fire_core.o module_fr_fire_phys.o module_fr_fire_util.o \
                                   module_diag_afwa.o module_diag_cl.o module_diag_hailcast.o module_diag_misc.o module_diag_rasm.o module_diag_pld.o module_diag_zld.o  ; \
                fi
make[3]: Entering directory '/glade/work/nystrom/Code/WRFDA/WRFV3_3.9.1_preset_moves_sfc_coeff_param_estim/phys'
rm -f module_cam_shr_kind_mod.o
sed -e "s/grid%mu/gridmu/g" -e "s/grid%Mu/gridMu/g" -e "s/^\!.*'.*//" -e "s/^ *\!.*'.*//" module_cam_shr_kind_mod.F > module_cam_shr_kind_mod.G
rm -f module_cam_error_function.o
/lib/cpp -P -nostdinc -I/glade/work/nystrom/Code/WRFDA/WRFV3_3.9.1_preset_moves_sfc_coeff_param_estim/inc -DEM_CORE=1 -DNMM_CORE=0 -DNMM_MAX_DIM=2600 -DCOAMPS_CORE=0 -DDA_CORE=0 -DEXP_CORE=0 -DIWORDSIZE=4 -DDWORDSIZE=8 -DRWORDSIZE=4 -DLWORDSIZE=4 -DNONSTANDARD_SYSTEM_FUNC  -DWRF_USE_CLM  -DDM_PARALLEL -DNETCDF -DMOVE_NESTS -DUSE_ALLOCATABLES -DGRIB1 -DINTIO -DKEEP_INT_AROUND -DLIMIT_ARGS -DCONFIG_BUF_LEN=65536 -DMAX_DOMAINS_F=21 -DMAX_HISTORY=25 -DNMM_NEST=0  -I. -traditional-cpp   module_cam_shr_kind_mod.G  > module_cam_shr_kind_mod.H
sed -e "s/grid%mu/gridmu/g" -e "s/grid%Mu/gridMu/g" -e "s/^\!.*'.*//" -e "s/^ *\!.*'.*//" module_cam_error_function.F > module_cam_error_function.G
sed -e "s/gridmu/grid%mu/g" -e "s/gridMu/grid%Mu/g" module_cam_shr_kind_mod.H > module_cam_shr_kind_mod.bb
/glade/work/nystrom/Code/WRFDA/WRFV3_3.9.1_preset_moves_sfc_coeff_param_estim/tools/standard.exe module_cam_shr_kind_mod.bb | /lib/cpp -P -nostdinc -traditional-cpp > module_cam_shr_kind_mod.f90
/lib/cpp -P -nostdinc -I/glade/work/nystrom/Code/WRFDA/WRFV3_3.9.1_preset_moves_sfc_coeff_param_estim/inc -DEM_CORE=1 -DNMM_CORE=0 -DNMM_MAX_DIM=2600 -DCOAMPS_CORE=0 -DDA_CORE=0 -DEXP_CORE=0 -DIWORDSIZE=4 -DDWORDSIZE=8 -DRWORDSIZE=4 -DLWORDSIZE=4 -DNONSTANDARD_SYSTEM_FUNC  -DWRF_USE_CLM  -DDM_PARALLEL -DNETCDF -DMOVE_NESTS -DUSE_ALLOCATABLES -DGRIB1 -DINTIO -DKEEP_INT_AROUND -DLIMIT_ARGS -DCONFIG_BUF_LEN=65536 -DMAX_DOMAINS_F=21 -DMAX_HISTORY=25 -DNMM_NEST=0  -I. -traditional-cpp   module_cam_error_function.G  > module_cam_error_function.H
rm -f module_cam_shr_kind_mod.G module_cam_shr_kind_mod.H module_cam_shr_kind_mod.bb
sed -e "s/gridmu/grid%mu/g" -e "s/gridMu/grid%Mu/g" module_cam_error_function.H > module_cam_error_function.bb
time mpif90 -f90=ifort -o module_cam_shr_kind_mod.o -c -O3 -ip -fp-model precise -w -ftz -align all -fno-alias -FR -convert big_endian    -I../dyn_em -I../dyn_nmm   -I/glade/work/nystrom/Code/WRFDA/WRFV3_3.9.1_preset_moves_sfc_coeff_param_estim/external/esmf_time_f90  -I/glade/work/nystrom/Code/WRFDA/WRFV3_3.9.1_preset_moves_sfc_coeff_param_estim/main -I/glade/work/nystrom/Code/WRFDA/WRFV3_3.9.1_preset_moves_sfc_coeff_param_estim/external/io_netcdf -I/glade/work/nystrom/Code/WRFDA/WRFV3_3.9.1_preset_moves_sfc_coeff_param_estim/external/io_int -I/glade/work/nystrom/Code/WRFDA/WRFV3_3.9.1_preset_moves_sfc_coeff_param_estim/frame -I/glade/work/nystrom/Code/WRFDA/WRFV3_3.9.1_preset_moves_sfc_coeff_param_estim/share -I/glade/work/nystrom/Code/WRFDA/WRFV3_3.9.1_preset_moves_sfc_coeff_param_estim/phys -I/glade/work/nystrom/Code/WRFDA/WRFV3_3.9.1_preset_moves_sfc_coeff_param_estim/chem -I/glade/work/nystrom/Code/WRFDA/WRFV3_3.9.1_preset_moves_sfc_coeff_param_estim/inc -I/glade/u/apps/ch/opt/netcdf/4.7.3/intel/19.0.5//include  -real-size `expr 8 \* 4` -i4  module_cam_shr_kind_mod.f90
/glade/work/nystrom/Code/WRFDA/WRFV3_3.9.1_preset_moves_sfc_coeff_param_estim/tools/standard.exe module_cam_error_function.bb | /lib/cpp -P -nostdinc -traditional-cpp > module_cam_error_function.f90
rm -f module_cam_error_function.G module_cam_error_function.H module_cam_error_function.bb
time mpif90 -f90=ifort -o module_cam_error_function.o -c -O3 -ip -fp-model precise -w -ftz -align all -fno-alias -FR -convert big_endian    -I../dyn_em -I../dyn_nmm   -I/glade/work/nystrom/Code/WRFDA/WRFV3_3.9.1_preset_moves_sfc_coeff_param_estim/external/esmf_time_f90  -I/glade/work/nystrom/Code/WRFDA/WRFV3_3.9.1_preset_moves_sfc_coeff_param_estim/main -I/glade/work/nystrom/Code/WRFDA/WRFV3_3.9.1_preset_moves_sfc_coeff_param_estim/external/io_netcdf -I/glade/work/nystrom/Code/WRFDA/WRFV3_3.9.1_preset_moves_sfc_coeff_param_estim/external/io_int -I/glade/work/nystrom/Code/WRFDA/WRFV3_3.9.1_preset_moves_sfc_coeff_param_estim/frame -I/glade/work/nystrom/Code/WRFDA/WRFV3_3.9.1_preset_moves_sfc_coeff_param_estim/share -I/glade/work/nystrom/Code/WRFDA/WRFV3_3.9.1_preset_moves_sfc_coeff_param_estim/phys -I/glade/work/nystrom/Code/WRFDA/WRFV3_3.9.1_preset_moves_sfc_coeff_param_estim/chem -I/glade/work/nystrom/Code/WRFDA/WRFV3_3.9.1_preset_moves_sfc_coeff_param_estim/inc -I/glade/u/apps/ch/opt/netcdf/4.7.3/intel/19.0.5//include  -real-size `expr 8 \* 4` -i4  module_cam_error_function.f90

real	0m0.251s
user	0m0.078s
sys	0m0.056s
rm -f module_bl_ysu.o
sed -e "s/grid%mu/gridmu/g" -e "s/grid%Mu/gridMu/g" -e "s/^\!.*'.*//" -e "s/^ *\!.*'.*//" module_bl_ysu.F > module_bl_ysu.G
/lib/cpp -P -nostdinc -I/glade/work/nystrom/Code/WRFDA/WRFV3_3.9.1_preset_moves_sfc_coeff_param_estim/inc -DEM_CORE=1 -DNMM_CORE=0 -DNMM_MAX_DIM=2600 -DCOAMPS_CORE=0 -DDA_CORE=0 -DEXP_CORE=0 -DIWORDSIZE=4 -DDWORDSIZE=8 -DRWORDSIZE=4 -DLWORDSIZE=4 -DNONSTANDARD_SYSTEM_FUNC  -DWRF_USE_CLM  -DDM_PARALLEL -DNETCDF -DMOVE_NESTS -DUSE_ALLOCATABLES -DGRIB1 -DINTIO -DKEEP_INT_AROUND -DLIMIT_ARGS -DCONFIG_BUF_LEN=65536 -DMAX_DOMAINS_F=21 -DMAX_HISTORY=25 -DNMM_NEST=0  -I. -traditional-cpp   module_bl_ysu.G  > module_bl_ysu.H
sed -e "s/gridmu/grid%mu/g" -e "s/gridMu/grid%Mu/g" module_bl_ysu.H > module_bl_ysu.bb
/glade/work/nystrom/Code/WRFDA/WRFV3_3.9.1_preset_moves_sfc_coeff_param_estim/tools/standard.exe module_bl_ysu.bb | /lib/cpp -P -nostdinc -traditional-cpp > module_bl_ysu.f90
rm -f module_bl_ysu.G module_bl_ysu.H module_bl_ysu.bb
time mpif90 -f90=ifort -o module_bl_ysu.o -c -O3 -ip -fp-model precise -w -ftz -align all -fno-alias -FR -convert big_endian    -I../dyn_em -I../dyn_nmm   -I/glade/work/nystrom/Code/WRFDA/WRFV3_3.9.1_preset_moves_sfc_coeff_param_estim/external/esmf_time_f90  -I/glade/work/nystrom/Code/WRFDA/WRFV3_3.9.1_preset_moves_sfc_coeff_param_estim/main -I/glade/work/nystrom/Code/WRFDA/WRFV3_3.9.1_preset_moves_sfc_coeff_param_estim/external/io_netcdf -I/glade/work/nystrom/Code/WRFDA/WRFV3_3.9.1_preset_moves_sfc_coeff_param_estim/external/io_int -I/glade/work/nystrom/Code/WRFDA/WRFV3_3.9.1_preset_moves_sfc_coeff_param_estim/frame -I/glade/work/nystrom/Code/WRFDA/WRFV3_3.9.1_preset_moves_sfc_coeff_param_estim/share -I/glade/work/nystrom/Code/WRFDA/WRFV3_3.9.1_preset_moves_sfc_coeff_param_estim/phys -I/glade/work/nystrom/Code/WRFDA/WRFV3_3.9.1_preset_moves_sfc_coeff_param_estim/chem -I/glade/work/nystrom/Code/WRFDA/WRFV3_3.9.1_preset_moves_sfc_coeff_param_estim/inc -I/glade/u/apps/ch/opt/netcdf/4.7.3/intel/19.0.5//include  -real-size `expr 8 \* 4` -i4  module_bl_ysu.f90

real	0m0.373s
user	0m0.198s
sys	0m0.054s
rm -f module_bl_shinhong.o
sed -e "s/grid%mu/gridmu/g" -e "s/grid%Mu/gridMu/g" -e "s/^\!.*'.*//" -e "s/^ *\!.*'.*//" module_bl_shinhong.F > module_bl_shinhong.G
/lib/cpp -P -nostdinc -I/glade/work/nystrom/Code/WRFDA/WRFV3_3.9.1_preset_moves_sfc_coeff_param_estim/inc -DEM_CORE=1 -DNMM_CORE=0 -DNMM_MAX_DIM=2600 -DCOAMPS_CORE=0 -DDA_CORE=0 -DEXP_CORE=0 -DIWORDSIZE=4 -DDWORDSIZE=8 -DRWORDSIZE=4 -DLWORDSIZE=4 -DNONSTANDARD_SYSTEM_FUNC  -DWRF_USE_CLM  -DDM_PARALLEL -DNETCDF -DMOVE_NESTS -DUSE_ALLOCATABLES -DGRIB1 -DINTIO -DKEEP_INT_AROUND -DLIMIT_ARGS -DCONFIG_BUF_LEN=65536 -DMAX_DOMAINS_F=21 -DMAX_HISTORY=25 -DNMM_NEST=0  -I. -traditional-cpp   module_bl_shinhong.G  > module_bl_shinhong.H
sed -e "s/gridmu/grid%mu/g" -e "s/gridMu/grid%Mu/g" module_bl_shinhong.H > module_bl_shinhong.bb
/glade/work/nystrom/Code/WRFDA/WRFV3_3.9.1_preset_moves_sfc_coeff_param_estim/tools/standard.exe module_bl_shinhong.bb | /lib/cpp -P -nostdinc -traditional-cpp > module_bl_shinhong.f90
rm -f module_bl_shinhong.G module_bl_shinhong.H module_bl_shinhong.bb
time mpif90 -f90=ifort -o module_bl_shinhong.o -c -O3 -ip -fp-model precise -w -ftz -align all -fno-alias -FR -convert big_endian    -I../dyn_em -I../dyn_nmm   -I/glade/work/nystrom/Code/WRFDA/WRFV3_3.9.1_preset_moves_sfc_coeff_param_estim/external/esmf_time_f90  -I/glade/work/nystrom/Code/WRFDA/WRFV3_3.9.1_preset_moves_sfc_coeff_param_estim/main -I/glade/work/nystrom/Code/WRFDA/WRFV3_3.9.1_preset_moves_sfc_coeff_param_estim/external/io_netcdf -I/glade/work/nystrom/Code/WRFDA/WRFV3_3.9.1_preset_moves_sfc_coeff_param_estim/external/io_int -I/glade/work/nystrom/Code/WRFDA/WRFV3_3.9.1_preset_moves_sfc_coeff_param_estim/frame -I/glade/work/nystrom/Code/WRFDA/WRFV3_3.9.1_preset_moves_sfc_coeff_param_estim/share -I/glade/work/nystrom/Code/WRFDA/WRFV3_3.9.1_preset_moves_sfc_coeff_param_estim/phys -I/glade/work/nystrom/Code/WRFDA/WRFV3_3.9.1_preset_moves_sfc_coeff_param_estim/chem -I/glade/work/nystrom/Code/WRFDA/WRFV3_3.9.1_preset_moves_sfc_coeff_param_estim/inc -I/glade/u/apps/ch/opt/netcdf/4.7.3/intel/19.0.5//include  -real-size `expr 8 \* 4` -i4  module_bl_shinhong.f90

real	0m7.033s
user	0m6.687s
sys	0m0.184s
rm -f module_bl_mrf.o
sed -e "s/grid%mu/gridmu/g" -e "s/grid%Mu/gridMu/g" -e "s/^\!.*'.*//" -e "s/^ *\!.*'.*//" module_bl_mrf.F > module_bl_mrf.G
/lib/cpp -P -nostdinc -I/glade/work/nystrom/Code/WRFDA/WRFV3_3.9.1_preset_moves_sfc_coeff_param_estim/inc -DEM_CORE=1 -DNMM_CORE=0 -DNMM_MAX_DIM=2600 -DCOAMPS_CORE=0 -DDA_CORE=0 -DEXP_CORE=0 -DIWORDSIZE=4 -DDWORDSIZE=8 -DRWORDSIZE=4 -DLWORDSIZE=4 -DNONSTANDARD_SYSTEM_FUNC  -DWRF_USE_CLM  -DDM_PARALLEL -DNETCDF -DMOVE_NESTS -DUSE_ALLOCATABLES -DGRIB1 -DINTIO -DKEEP_INT_AROUND -DLIMIT_ARGS -DCONFIG_BUF_LEN=65536 -DMAX_DOMAINS_F=21 -DMAX_HISTORY=25 -DNMM_NEST=0  -I. -traditional-cpp   module_bl_mrf.G  > module_bl_mrf.H
sed -e "s/gridmu/grid%mu/g" -e "s/gridMu/grid%Mu/g" module_bl_mrf.H > module_bl_mrf.bb
/glade/work/nystrom/Code/WRFDA/WRFV3_3.9.1_preset_moves_sfc_coeff_param_estim/tools/standard.exe module_bl_mrf.bb | /lib/cpp -P -nostdinc -traditional-cpp > module_bl_mrf.f90
rm -f module_bl_mrf.G module_bl_mrf.H module_bl_mrf.bb
time mpif90 -f90=ifort -o module_bl_mrf.o -c -O3 -ip -fp-model precise -w -ftz -align all -fno-alias -FR -convert big_endian    -I../dyn_em -I../dyn_nmm   -I/glade/work/nystrom/Code/WRFDA/WRFV3_3.9.1_preset_moves_sfc_coeff_param_estim/external/esmf_time_f90  -I/glade/work/nystrom/Code/WRFDA/WRFV3_3.9.1_preset_moves_sfc_coeff_param_estim/main -I/glade/work/nystrom/Code/WRFDA/WRFV3_3.9.1_preset_moves_sfc_coeff_param_estim/external/io_netcdf -I/glade/work/nystrom/Code/WRFDA/WRFV3_3.9.1_preset_moves_sfc_coeff_param_estim/external/io_int -I/glade/work/nystrom/Code/WRFDA/WRFV3_3.9.1_preset_moves_sfc_coeff_param_estim/frame -I/glade/work/nystrom/Code/WRFDA/WRFV3_3.9.1_preset_moves_sfc_coeff_param_estim/share -I/glade/work/nystrom/Code/WRFDA/WRFV3_3.9.1_preset_moves_sfc_coeff_param_estim/phys -I/glade/work/nystrom/Code/WRFDA/WRFV3_3.9.1_preset_moves_sfc_coeff_param_estim/chem -I/glade/work/nystrom/Code/WRFDA/WRFV3_3.9.1_preset_moves_sfc_coeff_param_estim/inc -I/glade/u/apps/ch/opt/netcdf/4.7.3/intel/19.0.5//include  -real-size `expr 8 \* 4` -i4  module_bl_mrf.f90

real	0m9.341s
user	0m9.019s
sys	0m0.186s
rm -f module_gfs_machine.o
sed -e "s/grid%mu/gridmu/g" -e "s/grid%Mu/gridMu/g" -e "s/^\!.*'.*//" -e "s/^ *\!.*'.*//" module_gfs_machine.F > module_gfs_machine.G
/lib/cpp -P -nostdinc -I/glade/work/nystrom/Code/WRFDA/WRFV3_3.9.1_preset_moves_sfc_coeff_param_estim/inc -DEM_CORE=1 -DNMM_CORE=0 -DNMM_MAX_DIM=2600 -DCOAMPS_CORE=0 -DDA_CORE=0 -DEXP_CORE=0 -DIWORDSIZE=4 -DDWORDSIZE=8 -DRWORDSIZE=4 -DLWORDSIZE=4 -DNONSTANDARD_SYSTEM_FUNC  -DWRF_USE_CLM  -DDM_PARALLEL -DNETCDF -DMOVE_NESTS -DUSE_ALLOCATABLES -DGRIB1 -DINTIO -DKEEP_INT_AROUND -DLIMIT_ARGS -DCONFIG_BUF_LEN=65536 -DMAX_DOMAINS_F=21 -DMAX_HISTORY=25 -DNMM_NEST=0  -I. -traditional-cpp   module_gfs_machine.G  > module_gfs_machine.H
sed -e "s/gridmu/grid%mu/g" -e "s/gridMu/grid%Mu/g" module_gfs_machine.H > module_gfs_machine.bb
/glade/work/nystrom/Code/WRFDA/WRFV3_3.9.1_preset_moves_sfc_coeff_param_estim/tools/standard.exe module_gfs_machine.bb | /lib/cpp -P -nostdinc -traditional-cpp > module_gfs_machine.f90
rm -f module_gfs_machine.G module_gfs_machine.H module_gfs_machine.bb
time mpif90 -f90=ifort -o module_gfs_machine.o -c -O3 -ip -fp-model precise -w -ftz -align all -fno-alias -FR -convert big_endian    -I../dyn_em -I../dyn_nmm   -I/glade/work/nystrom/Code/WRFDA/WRFV3_3.9.1_preset_moves_sfc_coeff_param_estim/external/esmf_time_f90  -I/glade/work/nystrom/Code/WRFDA/WRFV3_3.9.1_preset_moves_sfc_coeff_param_estim/main -I/glade/work/nystrom/Code/WRFDA/WRFV3_3.9.1_preset_moves_sfc_coeff_param_estim/external/io_netcdf -I/glade/work/nystrom/Code/WRFDA/WRFV3_3.9.1_preset_moves_sfc_coeff_param_estim/external/io_int -I/glade/work/nystrom/Code/WRFDA/WRFV3_3.9.1_preset_moves_sfc_coeff_param_estim/frame -I/glade/work/nystrom/Code/WRFDA/WRFV3_3.9.1_preset_moves_sfc_coeff_param_estim/share -I/glade/work/nystrom/Code/WRFDA/WRFV3_3.9.1_preset_moves_sfc_coeff_param_estim/phys -I/glade/work/nystrom/Code/WRFDA/WRFV3_3.9.1_preset_moves_sfc_coeff_param_estim/chem -I/glade/work/nystrom/Code/WRFDA/WRFV3_3.9.1_preset_moves_sfc_coeff_param_estim/inc -I/glade/u/apps/ch/opt/netcdf/4.7.3/intel/19.0.5//include  -real-size `expr 8 \* 4` -i4  module_gfs_machine.f90

real	0m0.249s
user	0m0.072s
sys	0m0.064s
rm -f module_bl_myjpbl.o
sed -e "s/grid%mu/gridmu/g" -e "s/grid%Mu/gridMu/g" -e "s/^\!.*'.*//" -e "s/^ *\!.*'.*//" module_bl_myjpbl.F > module_bl_myjpbl.G
/lib/cpp -P -nostdinc -I/glade/work/nystrom/Code/WRFDA/WRFV3_3.9.1_preset_moves_sfc_coeff_param_estim/inc -DEM_CORE=1 -DNMM_CORE=0 -DNMM_MAX_DIM=2600 -DCOAMPS_CORE=0 -DDA_CORE=0 -DEXP_CORE=0 -DIWORDSIZE=4 -DDWORDSIZE=8 -DRWORDSIZE=4 -DLWORDSIZE=4 -DNONSTANDARD_SYSTEM_FUNC  -DWRF_USE_CLM  -DDM_PARALLEL -DNETCDF -DMOVE_NESTS -DUSE_ALLOCATABLES -DGRIB1 -DINTIO -DKEEP_INT_AROUND -DLIMIT_ARGS -DCONFIG_BUF_LEN=65536 -DMAX_DOMAINS_F=21 -DMAX_HISTORY=25 -DNMM_NEST=0  -I. -traditional-cpp   module_bl_myjpbl.G  > module_bl_myjpbl.H
sed -e "s/gridmu/grid%mu/g" -e "s/gridMu/grid%Mu/g" module_bl_myjpbl.H > module_bl_myjpbl.bb
/glade/work/nystrom/Code/WRFDA/WRFV3_3.9.1_preset_moves_sfc_coeff_param_estim/tools/standard.exe module_bl_myjpbl.bb | /lib/cpp -P -nostdinc -traditional-cpp > module_bl_myjpbl.f90
rm -f module_bl_myjpbl.G module_bl_myjpbl.H module_bl_myjpbl.bb
time mpif90 -f90=ifort -o module_bl_myjpbl.o -c -O3 -ip -fp-model precise -w -ftz -align all -fno-alias -FR -convert big_endian    -I../dyn_em -I../dyn_nmm   -I/glade/work/nystrom/Code/WRFDA/WRFV3_3.9.1_preset_moves_sfc_coeff_param_estim/external/esmf_time_f90  -I/glade/work/nystrom/Code/WRFDA/WRFV3_3.9.1_preset_moves_sfc_coeff_param_estim/main -I/glade/work/nystrom/Code/WRFDA/WRFV3_3.9.1_preset_moves_sfc_coeff_param_estim/external/io_netcdf -I/glade/work/nystrom/Code/WRFDA/WRFV3_3.9.1_preset_moves_sfc_coeff_param_estim/external/io_int -I/glade/work/nystrom/Code/WRFDA/WRFV3_3.9.1_preset_moves_sfc_coeff_param_estim/frame -I/glade/work/nystrom/Code/WRFDA/WRFV3_3.9.1_preset_moves_sfc_coeff_param_estim/share -I/glade/work/nystrom/Code/WRFDA/WRFV3_3.9.1_preset_moves_sfc_coeff_param_estim/phys -I/glade/work/nystrom/Code/WRFDA/WRFV3_3.9.1_preset_moves_sfc_coeff_param_estim/chem -I/glade/work/nystrom/Code/WRFDA/WRFV3_3.9.1_preset_moves_sfc_coeff_param_estim/inc -I/glade/u/apps/ch/opt/netcdf/4.7.3/intel/19.0.5//include  -real-size `expr 8 \* 4` -i4  module_bl_myjpbl.f90

real	0m3.614s
user	0m3.323s
sys	0m0.135s
rm -f module_bl_qnsepbl.o
sed -e "s/grid%mu/gridmu/g" -e "s/grid%Mu/gridMu/g" -e "s/^\!.*'.*//" -e "s/^ *\!.*'.*//" module_bl_qnsepbl.F > module_bl_qnsepbl.G
/lib/cpp -P -nostdinc -I/glade/work/nystrom/Code/WRFDA/WRFV3_3.9.1_preset_moves_sfc_coeff_param_estim/inc -DEM_CORE=1 -DNMM_CORE=0 -DNMM_MAX_DIM=2600 -DCOAMPS_CORE=0 -DDA_CORE=0 -DEXP_CORE=0 -DIWORDSIZE=4 -DDWORDSIZE=8 -DRWORDSIZE=4 -DLWORDSIZE=4 -DNONSTANDARD_SYSTEM_FUNC  -DWRF_USE_CLM  -DDM_PARALLEL -DNETCDF -DMOVE_NESTS -DUSE_ALLOCATABLES -DGRIB1 -DINTIO -DKEEP_INT_AROUND -DLIMIT_ARGS -DCONFIG_BUF_LEN=65536 -DMAX_DOMAINS_F=21 -DMAX_HISTORY=25 -DNMM_NEST=0  -I. -traditional-cpp   module_bl_qnsepbl.G  > module_bl_qnsepbl.H
sed -e "s/gridmu/grid%mu/g" -e "s/gridMu/grid%Mu/g" module_bl_qnsepbl.H > module_bl_qnsepbl.bb
/glade/work/nystrom/Code/WRFDA/WRFV3_3.9.1_preset_moves_sfc_coeff_param_estim/tools/standard.exe module_bl_qnsepbl.bb | /lib/cpp -P -nostdinc -traditional-cpp > module_bl_qnsepbl.f90
rm -f module_bl_qnsepbl.G module_bl_qnsepbl.H module_bl_qnsepbl.bb
time mpif90 -f90=ifort -o module_bl_qnsepbl.o -c -O3 -ip -fp-model precise -w -ftz -align all -fno-alias -FR -convert big_endian    -I../dyn_em -I../dyn_nmm   -I/glade/work/nystrom/Code/WRFDA/WRFV3_3.9.1_preset_moves_sfc_coeff_param_estim/external/esmf_time_f90  -I/glade/work/nystrom/Code/WRFDA/WRFV3_3.9.1_preset_moves_sfc_coeff_param_estim/main -I/glade/work/nystrom/Code/WRFDA/WRFV3_3.9.1_preset_moves_sfc_coeff_param_estim/external/io_netcdf -I/glade/work/nystrom/Code/WRFDA/WRFV3_3.9.1_preset_moves_sfc_coeff_param_estim/external/io_int -I/glade/work/nystrom/Code/WRFDA/WRFV3_3.9.1_preset_moves_sfc_coeff_param_estim/frame -I/glade/work/nystrom/Code/WRFDA/WRFV3_3.9.1_preset_moves_sfc_coeff_param_estim/share -I/glade/work/nystrom/Code/WRFDA/WRFV3_3.9.1_preset_moves_sfc_coeff_param_estim/phys -I/glade/work/nystrom/Code/WRFDA/WRFV3_3.9.1_preset_moves_sfc_coeff_param_estim/chem -I/glade/work/nystrom/Code/WRFDA/WRFV3_3.9.1_preset_moves_sfc_coeff_param_estim/inc -I/glade/u/apps/ch/opt/netcdf/4.7.3/intel/19.0.5//include  -real-size `expr 8 \* 4` -i4  module_bl_qnsepbl.f90

real	0m2.795s
user	0m2.550s
sys	0m0.124s
rm -f module_bl_acm.o
sed -e "s/grid%mu/gridmu/g" -e "s/grid%Mu/gridMu/g" -e "s/^\!.*'.*//" -e "s/^ *\!.*'.*//" module_bl_acm.F > module_bl_acm.G
/lib/cpp -P -nostdinc -I/glade/work/nystrom/Code/WRFDA/WRFV3_3.9.1_preset_moves_sfc_coeff_param_estim/inc -DEM_CORE=1 -DNMM_CORE=0 -DNMM_MAX_DIM=2600 -DCOAMPS_CORE=0 -DDA_CORE=0 -DEXP_CORE=0 -DIWORDSIZE=4 -DDWORDSIZE=8 -DRWORDSIZE=4 -DLWORDSIZE=4 -DNONSTANDARD_SYSTEM_FUNC  -DWRF_USE_CLM  -DDM_PARALLEL -DNETCDF -DMOVE_NESTS -DUSE_ALLOCATABLES -DGRIB1 -DINTIO -DKEEP_INT_AROUND -DLIMIT_ARGS -DCONFIG_BUF_LEN=65536 -DMAX_DOMAINS_F=21 -DMAX_HISTORY=25 -DNMM_NEST=0  -I. -traditional-cpp   module_bl_acm.G  > module_bl_acm.H
sed -e "s/gridmu/grid%mu/g" -e "s/gridMu/grid%Mu/g" module_bl_acm.H > module_bl_acm.bb
/glade/work/nystrom/Code/WRFDA/WRFV3_3.9.1_preset_moves_sfc_coeff_param_estim/tools/standard.exe module_bl_acm.bb | /lib/cpp -P -nostdinc -traditional-cpp > module_bl_acm.f90
rm -f module_bl_acm.G module_bl_acm.H module_bl_acm.bb
time mpif90 -f90=ifort -o module_bl_acm.o -c -O3 -ip -fp-model precise -w -ftz -align all -fno-alias -FR -convert big_endian    -I../dyn_em -I../dyn_nmm   -I/glade/work/nystrom/Code/WRFDA/WRFV3_3.9.1_preset_moves_sfc_coeff_param_estim/external/esmf_time_f90  -I/glade/work/nystrom/Code/WRFDA/WRFV3_3.9.1_preset_moves_sfc_coeff_param_estim/main -I/glade/work/nystrom/Code/WRFDA/WRFV3_3.9.1_preset_moves_sfc_coeff_param_estim/external/io_netcdf -I/glade/work/nystrom/Code/WRFDA/WRFV3_3.9.1_preset_moves_sfc_coeff_param_estim/external/io_int -I/glade/work/nystrom/Code/WRFDA/WRFV3_3.9.1_preset_moves_sfc_coeff_param_estim/frame -I/glade/work/nystrom/Code/WRFDA/WRFV3_3.9.1_preset_moves_sfc_coeff_param_estim/share -I/glade/work/nystrom/Code/WRFDA/WRFV3_3.9.1_preset_moves_sfc_coeff_param_estim/phys -I/glade/work/nystrom/Code/WRFDA/WRFV3_3.9.1_preset_moves_sfc_coeff_param_estim/chem -I/glade/work/nystrom/Code/WRFDA/WRFV3_3.9.1_preset_moves_sfc_coeff_param_estim/inc -I/glade/u/apps/ch/opt/netcdf/4.7.3/intel/19.0.5//include  -real-size `expr 8 \* 4` -i4  module_bl_acm.f90

real	0m2.439s
user	0m2.212s
sys	0m0.108s
rm -f module_bl_mynn.o
sed -e "s/grid%mu/gridmu/g" -e "s/grid%Mu/gridMu/g" -e "s/^\!.*'.*//" -e "s/^ *\!.*'.*//" module_bl_mynn.F > module_bl_mynn.G
/lib/cpp -P -nostdinc -I/glade/work/nystrom/Code/WRFDA/WRFV3_3.9.1_preset_moves_sfc_coeff_param_estim/inc -DEM_CORE=1 -DNMM_CORE=0 -DNMM_MAX_DIM=2600 -DCOAMPS_CORE=0 -DDA_CORE=0 -DEXP_CORE=0 -DIWORDSIZE=4 -DDWORDSIZE=8 -DRWORDSIZE=4 -DLWORDSIZE=4 -DNONSTANDARD_SYSTEM_FUNC  -DWRF_USE_CLM  -DDM_PARALLEL -DNETCDF -DMOVE_NESTS -DUSE_ALLOCATABLES -DGRIB1 -DINTIO -DKEEP_INT_AROUND -DLIMIT_ARGS -DCONFIG_BUF_LEN=65536 -DMAX_DOMAINS_F=21 -DMAX_HISTORY=25 -DNMM_NEST=0  -I. -traditional-cpp   module_bl_mynn.G  > module_bl_mynn.H
sed -e "s/gridmu/grid%mu/g" -e "s/gridMu/grid%Mu/g" module_bl_mynn.H > module_bl_mynn.bb
/glade/work/nystrom/Code/WRFDA/WRFV3_3.9.1_preset_moves_sfc_coeff_param_estim/tools/standard.exe module_bl_mynn.bb | /lib/cpp -P -nostdinc -traditional-cpp > module_bl_mynn.f90
rm -f module_bl_mynn.G module_bl_mynn.H module_bl_mynn.bb
time mpif90 -f90=ifort -o module_bl_mynn.o -c -O3 -ip -fp-model precise -w -ftz -align all -fno-alias -FR -convert big_endian    -I../dyn_em -I../dyn_nmm   -I/glade/work/nystrom/Code/WRFDA/WRFV3_3.9.1_preset_moves_sfc_coeff_param_estim/external/esmf_time_f90  -I/glade/work/nystrom/Code/WRFDA/WRFV3_3.9.1_preset_moves_sfc_coeff_param_estim/main -I/glade/work/nystrom/Code/WRFDA/WRFV3_3.9.1_preset_moves_sfc_coeff_param_estim/external/io_netcdf -I/glade/work/nystrom/Code/WRFDA/WRFV3_3.9.1_preset_moves_sfc_coeff_param_estim/external/io_int -I/glade/work/nystrom/Code/WRFDA/WRFV3_3.9.1_preset_moves_sfc_coeff_param_estim/frame -I/glade/work/nystrom/Code/WRFDA/WRFV3_3.9.1_preset_moves_sfc_coeff_param_estim/share -I/glade/work/nystrom/Code/WRFDA/WRFV3_3.9.1_preset_moves_sfc_coeff_param_estim/phys -I/glade/work/nystrom/Code/WRFDA/WRFV3_3.9.1_preset_moves_sfc_coeff_param_estim/chem -I/glade/work/nystrom/Code/WRFDA/WRFV3_3.9.1_preset_moves_sfc_coeff_param_estim/inc -I/glade/u/apps/ch/opt/netcdf/4.7.3/intel/19.0.5//include  -real-size `expr 8 \* 4` -i4  module_bl_mynn.f90

real	0m2.288s
user	0m2.064s
sys	0m0.097s
rm -f module_bl_gwdo.o
sed -e "s/grid%mu/gridmu/g" -e "s/grid%Mu/gridMu/g" -e "s/^\!.*'.*//" -e "s/^ *\!.*'.*//" module_bl_gwdo.F > module_bl_gwdo.G
/lib/cpp -P -nostdinc -I/glade/work/nystrom/Code/WRFDA/WRFV3_3.9.1_preset_moves_sfc_coeff_param_estim/inc -DEM_CORE=1 -DNMM_CORE=0 -DNMM_MAX_DIM=2600 -DCOAMPS_CORE=0 -DDA_CORE=0 -DEXP_CORE=0 -DIWORDSIZE=4 -DDWORDSIZE=8 -DRWORDSIZE=4 -DLWORDSIZE=4 -DNONSTANDARD_SYSTEM_FUNC  -DWRF_USE_CLM  -DDM_PARALLEL -DNETCDF -DMOVE_NESTS -DUSE_ALLOCATABLES -DGRIB1 -DINTIO -DKEEP_INT_AROUND -DLIMIT_ARGS -DCONFIG_BUF_LEN=65536 -DMAX_DOMAINS_F=21 -DMAX_HISTORY=25 -DNMM_NEST=0  -I. -traditional-cpp   module_bl_gwdo.G  > module_bl_gwdo.H
sed -e "s/gridmu/grid%mu/g" -e "s/gridMu/grid%Mu/g" module_bl_gwdo.H > module_bl_gwdo.bb
/glade/work/nystrom/Code/WRFDA/WRFV3_3.9.1_preset_moves_sfc_coeff_param_estim/tools/standard.exe module_bl_gwdo.bb | /lib/cpp -P -nostdinc -traditional-cpp > module_bl_gwdo.f90
rm -f module_bl_gwdo.G module_bl_gwdo.H module_bl_gwdo.bb
time mpif90 -f90=ifort -o module_bl_gwdo.o -c -O3 -ip -fp-model precise -w -ftz -align all -fno-alias -FR -convert big_endian    -I../dyn_em -I../dyn_nmm   -I/glade/work/nystrom/Code/WRFDA/WRFV3_3.9.1_preset_moves_sfc_coeff_param_estim/external/esmf_time_f90  -I/glade/work/nystrom/Code/WRFDA/WRFV3_3.9.1_preset_moves_sfc_coeff_param_estim/main -I/glade/work/nystrom/Code/WRFDA/WRFV3_3.9.1_preset_moves_sfc_coeff_param_estim/external/io_netcdf -I/glade/work/nystrom/Code/WRFDA/WRFV3_3.9.1_preset_moves_sfc_coeff_param_estim/external/io_int -I/glade/work/nystrom/Code/WRFDA/WRFV3_3.9.1_preset_moves_sfc_coeff_param_estim/frame -I/glade/work/nystrom/Code/WRFDA/WRFV3_3.9.1_preset_moves_sfc_coeff_param_estim/share -I/glade/work/nystrom/Code/WRFDA/WRFV3_3.9.1_preset_moves_sfc_coeff_param_estim/phys -I/glade/work/nystrom/Code/WRFDA/WRFV3_3.9.1_preset_moves_sfc_coeff_param_estim/chem -I/glade/work/nystrom/Code/WRFDA/WRFV3_3.9.1_preset_moves_sfc_coeff_param_estim/inc -I/glade/u/apps/ch/opt/netcdf/4.7.3/intel/19.0.5//include  -real-size `expr 8 \* 4` -i4  module_bl_gwdo.f90

real	0m1.945s
user	0m1.692s
sys	0m0.132s
rm -f module_bl_myjurb.o
sed -e "s/grid%mu/gridmu/g" -e "s/grid%Mu/gridMu/g" -e "s/^\!.*'.*//" -e "s/^ *\!.*'.*//" module_bl_myjurb.F > module_bl_myjurb.G
/lib/cpp -P -nostdinc -I/glade/work/nystrom/Code/WRFDA/WRFV3_3.9.1_preset_moves_sfc_coeff_param_estim/inc -DEM_CORE=1 -DNMM_CORE=0 -DNMM_MAX_DIM=2600 -DCOAMPS_CORE=0 -DDA_CORE=0 -DEXP_CORE=0 -DIWORDSIZE=4 -DDWORDSIZE=8 -DRWORDSIZE=4 -DLWORDSIZE=4 -DNONSTANDARD_SYSTEM_FUNC  -DWRF_USE_CLM  -DDM_PARALLEL -DNETCDF -DMOVE_NESTS -DUSE_ALLOCATABLES -DGRIB1 -DINTIO -DKEEP_INT_AROUND -DLIMIT_ARGS -DCONFIG_BUF_LEN=65536 -DMAX_DOMAINS_F=21 -DMAX_HISTORY=25 -DNMM_NEST=0  -I. -traditional-cpp   module_bl_myjurb.G  > module_bl_myjurb.H
sed -e "s/gridmu/grid%mu/g" -e "s/gridMu/grid%Mu/g" module_bl_myjurb.H > module_bl_myjurb.bb
/glade/work/nystrom/Code/WRFDA/WRFV3_3.9.1_preset_moves_sfc_coeff_param_estim/tools/standard.exe module_bl_myjurb.bb | /lib/cpp -P -nostdinc -traditional-cpp > module_bl_myjurb.f90
rm -f module_bl_myjurb.G module_bl_myjurb.H module_bl_myjurb.bb
time mpif90 -f90=ifort -o module_bl_myjurb.o -c -O3 -ip -fp-model precise -w -ftz -align all -fno-alias -FR -convert big_endian    -I../dyn_em -I../dyn_nmm   -I/glade/work/nystrom/Code/WRFDA/WRFV3_3.9.1_preset_moves_sfc_coeff_param_estim/external/esmf_time_f90  -I/glade/work/nystrom/Code/WRFDA/WRFV3_3.9.1_preset_moves_sfc_coeff_param_estim/main -I/glade/work/nystrom/Code/WRFDA/WRFV3_3.9.1_preset_moves_sfc_coeff_param_estim/external/io_netcdf -I/glade/work/nystrom/Code/WRFDA/WRFV3_3.9.1_preset_moves_sfc_coeff_param_estim/external/io_int -I/glade/work/nystrom/Code/WRFDA/WRFV3_3.9.1_preset_moves_sfc_coeff_param_estim/frame -I/glade/work/nystrom/Code/WRFDA/WRFV3_3.9.1_preset_moves_sfc_coeff_param_estim/share -I/glade/work/nystrom/Code/WRFDA/WRFV3_3.9.1_preset_moves_sfc_coeff_param_estim/phys -I/glade/work/nystrom/Code/WRFDA/WRFV3_3.9.1_preset_moves_sfc_coeff_param_estim/chem -I/glade/work/nystrom/Code/WRFDA/WRFV3_3.9.1_preset_moves_sfc_coeff_param_estim/inc -I/glade/u/apps/ch/opt/netcdf/4.7.3/intel/19.0.5//include  -real-size `expr 8 \* 4` -i4  module_bl_myjurb.f90

real	0m2.826s
user	0m2.533s
sys	0m0.170s
rm -f module_bl_boulac.o
sed -e "s/grid%mu/gridmu/g" -e "s/grid%Mu/gridMu/g" -e "s/^\!.*'.*//" -e "s/^ *\!.*'.*//" module_bl_boulac.F > module_bl_boulac.G
/lib/cpp -P -nostdinc -I/glade/work/nystrom/Code/WRFDA/WRFV3_3.9.1_preset_moves_sfc_coeff_param_estim/inc -DEM_CORE=1 -DNMM_CORE=0 -DNMM_MAX_DIM=2600 -DCOAMPS_CORE=0 -DDA_CORE=0 -DEXP_CORE=0 -DIWORDSIZE=4 -DDWORDSIZE=8 -DRWORDSIZE=4 -DLWORDSIZE=4 -DNONSTANDARD_SYSTEM_FUNC  -DWRF_USE_CLM  -DDM_PARALLEL -DNETCDF -DMOVE_NESTS -DUSE_ALLOCATABLES -DGRIB1 -DINTIO -DKEEP_INT_AROUND -DLIMIT_ARGS -DCONFIG_BUF_LEN=65536 -DMAX_DOMAINS_F=21 -DMAX_HISTORY=25 -DNMM_NEST=0  -I. -traditional-cpp   module_bl_boulac.G  > module_bl_boulac.H
sed -e "s/gridmu/grid%mu/g" -e "s/gridMu/grid%Mu/g" module_bl_boulac.H > module_bl_boulac.bb
/glade/work/nystrom/Code/WRFDA/WRFV3_3.9.1_preset_moves_sfc_coeff_param_estim/tools/standard.exe module_bl_boulac.bb | /lib/cpp -P -nostdinc -traditional-cpp > module_bl_boulac.f90
rm -f module_bl_boulac.G module_bl_boulac.H module_bl_boulac.bb
time mpif90 -f90=ifort -o module_bl_boulac.o -c -O3 -ip -fp-model precise -w -ftz -align all -fno-alias -FR -convert big_endian    -I../dyn_em -I../dyn_nmm   -I/glade/work/nystrom/Code/WRFDA/WRFV3_3.9.1_preset_moves_sfc_coeff_param_estim/external/esmf_time_f90  -I/glade/work/nystrom/Code/WRFDA/WRFV3_3.9.1_preset_moves_sfc_coeff_param_estim/main -I/glade/work/nystrom/Code/WRFDA/WRFV3_3.9.1_preset_moves_sfc_coeff_param_estim/external/io_netcdf -I/glade/work/nystrom/Code/WRFDA/WRFV3_3.9.1_preset_moves_sfc_coeff_param_estim/external/io_int -I/glade/work/nystrom/Code/WRFDA/WRFV3_3.9.1_preset_moves_sfc_coeff_param_estim/frame -I/glade/work/nystrom/Code/WRFDA/WRFV3_3.9.1_preset_moves_sfc_coeff_param_estim/share -I/glade/work/nystrom/Code/WRFDA/WRFV3_3.9.1_preset_moves_sfc_coeff_param_estim/phys -I/glade/work/nystrom/Code/WRFDA/WRFV3_3.9.1_preset_moves_sfc_coeff_param_estim/chem -I/glade/work/nystrom/Code/WRFDA/WRFV3_3.9.1_preset_moves_sfc_coeff_param_estim/inc -I/glade/u/apps/ch/opt/netcdf/4.7.3/intel/19.0.5//include  -real-size `expr 8 \* 4` -i4  module_bl_boulac.f90

real	0m7.871s
user	0m7.587s
sys	0m0.139s
rm -f module_bl_mfshconvpbl.o
sed -e "s/grid%mu/gridmu/g" -e "s/grid%Mu/gridMu/g" -e "s/^\!.*'.*//" -e "s/^ *\!.*'.*//" module_bl_mfshconvpbl.F > module_bl_mfshconvpbl.G
/lib/cpp -P -nostdinc -I/glade/work/nystrom/Code/WRFDA/WRFV3_3.9.1_preset_moves_sfc_coeff_param_estim/inc -DEM_CORE=1 -DNMM_CORE=0 -DNMM_MAX_DIM=2600 -DCOAMPS_CORE=0 -DDA_CORE=0 -DEXP_CORE=0 -DIWORDSIZE=4 -DDWORDSIZE=8 -DRWORDSIZE=4 -DLWORDSIZE=4 -DNONSTANDARD_SYSTEM_FUNC  -DWRF_USE_CLM  -DDM_PARALLEL -DNETCDF -DMOVE_NESTS -DUSE_ALLOCATABLES -DGRIB1 -DINTIO -DKEEP_INT_AROUND -DLIMIT_ARGS -DCONFIG_BUF_LEN=65536 -DMAX_DOMAINS_F=21 -DMAX_HISTORY=25 -DNMM_NEST=0  -I. -traditional-cpp   module_bl_mfshconvpbl.G  > module_bl_mfshconvpbl.H
sed -e "s/gridmu/grid%mu/g" -e "s/gridMu/grid%Mu/g" module_bl_mfshconvpbl.H > module_bl_mfshconvpbl.bb
/glade/work/nystrom/Code/WRFDA/WRFV3_3.9.1_preset_moves_sfc_coeff_param_estim/tools/standard.exe module_bl_mfshconvpbl.bb | /lib/cpp -P -nostdinc -traditional-cpp > module_bl_mfshconvpbl.f90
rm -f module_bl_mfshconvpbl.G module_bl_mfshconvpbl.H module_bl_mfshconvpbl.bb
time mpif90 -f90=ifort -o module_bl_mfshconvpbl.o -c -O3 -ip -fp-model precise -w -ftz -align all -fno-alias -FR -convert big_endian    -I../dyn_em -I../dyn_nmm   -I/glade/work/nystrom/Code/WRFDA/WRFV3_3.9.1_preset_moves_sfc_coeff_param_estim/external/esmf_time_f90  -I/glade/work/nystrom/Code/WRFDA/WRFV3_3.9.1_preset_moves_sfc_coeff_param_estim/main -I/glade/work/nystrom/Code/WRFDA/WRFV3_3.9.1_preset_moves_sfc_coeff_param_estim/external/io_netcdf -I/glade/work/nystrom/Code/WRFDA/WRFV3_3.9.1_preset_moves_sfc_coeff_param_estim/external/io_int -I/glade/work/nystrom/Code/WRFDA/WRFV3_3.9.1_preset_moves_sfc_coeff_param_estim/frame -I/glade/work/nystrom/Code/WRFDA/WRFV3_3.9.1_preset_moves_sfc_coeff_param_estim/share -I/glade/work/nystrom/Code/WRFDA/WRFV3_3.9.1_preset_moves_sfc_coeff_param_estim/phys -I/glade/work/nystrom/Code/WRFDA/WRFV3_3.9.1_preset_moves_sfc_coeff_param_estim/chem -I/glade/work/nystrom/Code/WRFDA/WRFV3_3.9.1_preset_moves_sfc_coeff_param_estim/inc -I/glade/u/apps/ch/opt/netcdf/4.7.3/intel/19.0.5//include  -real-size `expr 8 \* 4` -i4  module_bl_mfshconvpbl.f90

real	0m2.538s
user	0m2.319s
sys	0m0.100s
rm -f module_shcu_grims.o
sed -e "s/grid%mu/gridmu/g" -e "s/grid%Mu/gridMu/g" -e "s/^\!.*'.*//" -e "s/^ *\!.*'.*//" module_shcu_grims.F > module_shcu_grims.G
/lib/cpp -P -nostdinc -I/glade/work/nystrom/Code/WRFDA/WRFV3_3.9.1_preset_moves_sfc_coeff_param_estim/inc -DEM_CORE=1 -DNMM_CORE=0 -DNMM_MAX_DIM=2600 -DCOAMPS_CORE=0 -DDA_CORE=0 -DEXP_CORE=0 -DIWORDSIZE=4 -DDWORDSIZE=8 -DRWORDSIZE=4 -DLWORDSIZE=4 -DNONSTANDARD_SYSTEM_FUNC  -DWRF_USE_CLM  -DDM_PARALLEL -DNETCDF -DMOVE_NESTS -DUSE_ALLOCATABLES -DGRIB1 -DINTIO -DKEEP_INT_AROUND -DLIMIT_ARGS -DCONFIG_BUF_LEN=65536 -DMAX_DOMAINS_F=21 -DMAX_HISTORY=25 -DNMM_NEST=0  -I. -traditional-cpp   module_shcu_grims.G  > module_shcu_grims.H
sed -e "s/gridmu/grid%mu/g" -e "s/gridMu/grid%Mu/g" module_shcu_grims.H > module_shcu_grims.bb
/glade/work/nystrom/Code/WRFDA/WRFV3_3.9.1_preset_moves_sfc_coeff_param_estim/tools/standard.exe module_shcu_grims.bb | /lib/cpp -P -nostdinc -traditional-cpp > module_shcu_grims.f90
rm -f module_shcu_grims.G module_shcu_grims.H module_shcu_grims.bb
time mpif90 -f90=ifort -o module_shcu_grims.o -c -O3 -ip -fp-model precise -w -ftz -align all -fno-alias -FR -convert big_endian    -I../dyn_em -I../dyn_nmm   -I/glade/work/nystrom/Code/WRFDA/WRFV3_3.9.1_preset_moves_sfc_coeff_param_estim/external/esmf_time_f90  -I/glade/work/nystrom/Code/WRFDA/WRFV3_3.9.1_preset_moves_sfc_coeff_param_estim/main -I/glade/work/nystrom/Code/WRFDA/WRFV3_3.9.1_preset_moves_sfc_coeff_param_estim/external/io_netcdf -I/glade/work/nystrom/Code/WRFDA/WRFV3_3.9.1_preset_moves_sfc_coeff_param_estim/external/io_int -I/glade/work/nystrom/Code/WRFDA/WRFV3_3.9.1_preset_moves_sfc_coeff_param_estim/frame -I/glade/work/nystrom/Code/WRFDA/WRFV3_3.9.1_preset_moves_sfc_coeff_param_estim/share -I/glade/work/nystrom/Code/WRFDA/WRFV3_3.9.1_preset_moves_sfc_coeff_param_estim/phys -I/glade/work/nystrom/Code/WRFDA/WRFV3_3.9.1_preset_moves_sfc_coeff_param_estim/chem -I/glade/work/nystrom/Code/WRFDA/WRFV3_3.9.1_preset_moves_sfc_coeff_param_estim/inc -I/glade/u/apps/ch/opt/netcdf/4.7.3/intel/19.0.5//include  -real-size `expr 8 \* 4` -i4  module_shcu_grims.f90

real	0m1.556s
user	0m1.343s
sys	0m0.096s
rm -f module_bl_temf.o
sed -e "s/grid%mu/gridmu/g" -e "s/grid%Mu/gridMu/g" -e "s/^\!.*'.*//" -e "s/^ *\!.*'.*//" module_bl_temf.F > module_bl_temf.G
/lib/cpp -P -nostdinc -I/glade/work/nystrom/Code/WRFDA/WRFV3_3.9.1_preset_moves_sfc_coeff_param_estim/inc -DEM_CORE=1 -DNMM_CORE=0 -DNMM_MAX_DIM=2600 -DCOAMPS_CORE=0 -DDA_CORE=0 -DEXP_CORE=0 -DIWORDSIZE=4 -DDWORDSIZE=8 -DRWORDSIZE=4 -DLWORDSIZE=4 -DNONSTANDARD_SYSTEM_FUNC  -DWRF_USE_CLM  -DDM_PARALLEL -DNETCDF -DMOVE_NESTS -DUSE_ALLOCATABLES -DGRIB1 -DINTIO -DKEEP_INT_AROUND -DLIMIT_ARGS -DCONFIG_BUF_LEN=65536 -DMAX_DOMAINS_F=21 -DMAX_HISTORY=25 -DNMM_NEST=0  -I. -traditional-cpp   module_bl_temf.G  > module_bl_temf.H
sed -e "s/gridmu/grid%mu/g" -e "s/gridMu/grid%Mu/g" module_bl_temf.H > module_bl_temf.bb
/glade/work/nystrom/Code/WRFDA/WRFV3_3.9.1_preset_moves_sfc_coeff_param_estim/tools/standard.exe module_bl_temf.bb | /lib/cpp -P -nostdinc -traditional-cpp > module_bl_temf.f90
rm -f module_bl_temf.G module_bl_temf.H module_bl_temf.bb
time mpif90 -f90=ifort -o module_bl_temf.o -c -O3 -ip -fp-model precise -w -ftz -align all -fno-alias -FR -convert big_endian    -I../dyn_em -I../dyn_nmm   -I/glade/work/nystrom/Code/WRFDA/WRFV3_3.9.1_preset_moves_sfc_coeff_param_estim/external/esmf_time_f90  -I/glade/work/nystrom/Code/WRFDA/WRFV3_3.9.1_preset_moves_sfc_coeff_param_estim/main -I/glade/work/nystrom/Code/WRFDA/WRFV3_3.9.1_preset_moves_sfc_coeff_param_estim/external/io_netcdf -I/glade/work/nystrom/Code/WRFDA/WRFV3_3.9.1_preset_moves_sfc_coeff_param_estim/external/io_int -I/glade/work/nystrom/Code/WRFDA/WRFV3_3.9.1_preset_moves_sfc_coeff_param_estim/frame -I/glade/work/nystrom/Code/WRFDA/WRFV3_3.9.1_preset_moves_sfc_coeff_param_estim/share -I/glade/work/nystrom/Code/WRFDA/WRFV3_3.9.1_preset_moves_sfc_coeff_param_estim/phys -I/glade/work/nystrom/Code/WRFDA/WRFV3_3.9.1_preset_moves_sfc_coeff_param_estim/chem -I/glade/work/nystrom/Code/WRFDA/WRFV3_3.9.1_preset_moves_sfc_coeff_param_estim/inc -I/glade/u/apps/ch/opt/netcdf/4.7.3/intel/19.0.5//include  -real-size `expr 8 \* 4` -i4  module_bl_temf.f90

real	0m5.257s
user	0m4.936s
sys	0m0.167s
rm -f module_bl_gbmpbl.o
sed -e "s/grid%mu/gridmu/g" -e "s/grid%Mu/gridMu/g" -e "s/^\!.*'.*//" -e "s/^ *\!.*'.*//" module_bl_gbmpbl.F > module_bl_gbmpbl.G
/lib/cpp -P -nostdinc -I/glade/work/nystrom/Code/WRFDA/WRFV3_3.9.1_preset_moves_sfc_coeff_param_estim/inc -DEM_CORE=1 -DNMM_CORE=0 -DNMM_MAX_DIM=2600 -DCOAMPS_CORE=0 -DDA_CORE=0 -DEXP_CORE=0 -DIWORDSIZE=4 -DDWORDSIZE=8 -DRWORDSIZE=4 -DLWORDSIZE=4 -DNONSTANDARD_SYSTEM_FUNC  -DWRF_USE_CLM  -DDM_PARALLEL -DNETCDF -DMOVE_NESTS -DUSE_ALLOCATABLES -DGRIB1 -DINTIO -DKEEP_INT_AROUND -DLIMIT_ARGS -DCONFIG_BUF_LEN=65536 -DMAX_DOMAINS_F=21 -DMAX_HISTORY=25 -DNMM_NEST=0  -I. -traditional-cpp   module_bl_gbmpbl.G  > module_bl_gbmpbl.H
sed -e "s/gridmu/grid%mu/g" -e "s/gridMu/grid%Mu/g" module_bl_gbmpbl.H > module_bl_gbmpbl.bb
/glade/work/nystrom/Code/WRFDA/WRFV3_3.9.1_preset_moves_sfc_coeff_param_estim/tools/standard.exe module_bl_gbmpbl.bb | /lib/cpp -P -nostdinc -traditional-cpp > module_bl_gbmpbl.f90
rm -f module_bl_gbmpbl.G module_bl_gbmpbl.H module_bl_gbmpbl.bb
time mpif90 -f90=ifort -o module_bl_gbmpbl.o -c -O3 -ip -fp-model precise -w -ftz -align all -fno-alias -FR -convert big_endian    -I../dyn_em -I../dyn_nmm   -I/glade/work/nystrom/Code/WRFDA/WRFV3_3.9.1_preset_moves_sfc_coeff_param_estim/external/esmf_time_f90  -I/glade/work/nystrom/Code/WRFDA/WRFV3_3.9.1_preset_moves_sfc_coeff_param_estim/main -I/glade/work/nystrom/Code/WRFDA/WRFV3_3.9.1_preset_moves_sfc_coeff_param_estim/external/io_netcdf -I/glade/work/nystrom/Code/WRFDA/WRFV3_3.9.1_preset_moves_sfc_coeff_param_estim/external/io_int -I/glade/work/nystrom/Code/WRFDA/WRFV3_3.9.1_preset_moves_sfc_coeff_param_estim/frame -I/glade/work/nystrom/Code/WRFDA/WRFV3_3.9.1_preset_moves_sfc_coeff_param_estim/share -I/glade/work/nystrom/Code/WRFDA/WRFV3_3.9.1_preset_moves_sfc_coeff_param_estim/phys -I/glade/work/nystrom/Code/WRFDA/WRFV3_3.9.1_preset_moves_sfc_coeff_param_estim/chem -I/glade/work/nystrom/Code/WRFDA/WRFV3_3.9.1_preset_moves_sfc_coeff_param_estim/inc -I/glade/u/apps/ch/opt/netcdf/4.7.3/intel/19.0.5//include  -real-size `expr 8 \* 4` -i4  module_bl_gbmpbl.f90

real	0m3.348s
user	0m3.102s
sys	0m0.131s
rm -f module_cu_g3.o
sed -e "s/grid%mu/gridmu/g" -e "s/grid%Mu/gridMu/g" -e "s/^\!.*'.*//" -e "s/^ *\!.*'.*//" module_cu_g3.F > module_cu_g3.G
/lib/cpp -P -nostdinc -I/glade/work/nystrom/Code/WRFDA/WRFV3_3.9.1_preset_moves_sfc_coeff_param_estim/inc -DEM_CORE=1 -DNMM_CORE=0 -DNMM_MAX_DIM=2600 -DCOAMPS_CORE=0 -DDA_CORE=0 -DEXP_CORE=0 -DIWORDSIZE=4 -DDWORDSIZE=8 -DRWORDSIZE=4 -DLWORDSIZE=4 -DNONSTANDARD_SYSTEM_FUNC  -DWRF_USE_CLM  -DDM_PARALLEL -DNETCDF -DMOVE_NESTS -DUSE_ALLOCATABLES -DGRIB1 -DINTIO -DKEEP_INT_AROUND -DLIMIT_ARGS -DCONFIG_BUF_LEN=65536 -DMAX_DOMAINS_F=21 -DMAX_HISTORY=25 -DNMM_NEST=0  -I. -traditional-cpp   module_cu_g3.G  > module_cu_g3.H
sed -e "s/gridmu/grid%mu/g" -e "s/gridMu/grid%Mu/g" module_cu_g3.H > module_cu_g3.bb
/glade/work/nystrom/Code/WRFDA/WRFV3_3.9.1_preset_moves_sfc_coeff_param_estim/tools/standard.exe module_cu_g3.bb | /lib/cpp -P -nostdinc -traditional-cpp > module_cu_g3.f90
rm -f module_cu_g3.G module_cu_g3.H module_cu_g3.bb
time mpif90 -f90=ifort -o module_cu_g3.o -c -O3 -ip -fp-model precise -w -ftz -align all -fno-alias -FR -convert big_endian    -I../dyn_em -I../dyn_nmm   -I/glade/work/nystrom/Code/WRFDA/WRFV3_3.9.1_preset_moves_sfc_coeff_param_estim/external/esmf_time_f90  -I/glade/work/nystrom/Code/WRFDA/WRFV3_3.9.1_preset_moves_sfc_coeff_param_estim/main -I/glade/work/nystrom/Code/WRFDA/WRFV3_3.9.1_preset_moves_sfc_coeff_param_estim/external/io_netcdf -I/glade/work/nystrom/Code/WRFDA/WRFV3_3.9.1_preset_moves_sfc_coeff_param_estim/external/io_int -I/glade/work/nystrom/Code/WRFDA/WRFV3_3.9.1_preset_moves_sfc_coeff_param_estim/frame -I/glade/work/nystrom/Code/WRFDA/WRFV3_3.9.1_preset_moves_sfc_coeff_param_estim/share -I/glade/work/nystrom/Code/WRFDA/WRFV3_3.9.1_preset_moves_sfc_coeff_param_estim/phys -I/glade/work/nystrom/Code/WRFDA/WRFV3_3.9.1_preset_moves_sfc_coeff_param_estim/chem -I/glade/work/nystrom/Code/WRFDA/WRFV3_3.9.1_preset_moves_sfc_coeff_param_estim/inc -I/glade/u/apps/ch/opt/netcdf/4.7.3/intel/19.0.5//include  -real-size `expr 8 \* 4` -i4  module_cu_g3.f90

real	0m24.051s
user	0m23.433s
sys	0m0.469s
rm -f module_cu_kf.o
sed -e "s/grid%mu/gridmu/g" -e "s/grid%Mu/gridMu/g" -e "s/^\!.*'.*//" -e "s/^ *\!.*'.*//" module_cu_kf.F > module_cu_kf.G
/lib/cpp -P -nostdinc -I/glade/work/nystrom/Code/WRFDA/WRFV3_3.9.1_preset_moves_sfc_coeff_param_estim/inc -DEM_CORE=1 -DNMM_CORE=0 -DNMM_MAX_DIM=2600 -DCOAMPS_CORE=0 -DDA_CORE=0 -DEXP_CORE=0 -DIWORDSIZE=4 -DDWORDSIZE=8 -DRWORDSIZE=4 -DLWORDSIZE=4 -DNONSTANDARD_SYSTEM_FUNC  -DWRF_USE_CLM  -DDM_PARALLEL -DNETCDF -DMOVE_NESTS -DUSE_ALLOCATABLES -DGRIB1 -DINTIO -DKEEP_INT_AROUND -DLIMIT_ARGS -DCONFIG_BUF_LEN=65536 -DMAX_DOMAINS_F=21 -DMAX_HISTORY=25 -DNMM_NEST=0  -I. -traditional-cpp   module_cu_kf.G  > module_cu_kf.H
sed -e "s/gridmu/grid%mu/g" -e "s/gridMu/grid%Mu/g" module_cu_kf.H > module_cu_kf.bb
/glade/work/nystrom/Code/WRFDA/WRFV3_3.9.1_preset_moves_sfc_coeff_param_estim/tools/standard.exe module_cu_kf.bb | /lib/cpp -P -nostdinc -traditional-cpp > module_cu_kf.f90
rm -f module_cu_kf.G module_cu_kf.H module_cu_kf.bb
time mpif90 -f90=ifort -o module_cu_kf.o -c -O3 -ip -fp-model precise -w -ftz -align all -fno-alias -FR -convert big_endian    -I../dyn_em -I../dyn_nmm   -I/glade/work/nystrom/Code/WRFDA/WRFV3_3.9.1_preset_moves_sfc_coeff_param_estim/external/esmf_time_f90  -I/glade/work/nystrom/Code/WRFDA/WRFV3_3.9.1_preset_moves_sfc_coeff_param_estim/main -I/glade/work/nystrom/Code/WRFDA/WRFV3_3.9.1_preset_moves_sfc_coeff_param_estim/external/io_netcdf -I/glade/work/nystrom/Code/WRFDA/WRFV3_3.9.1_preset_moves_sfc_coeff_param_estim/external/io_int -I/glade/work/nystrom/Code/WRFDA/WRFV3_3.9.1_preset_moves_sfc_coeff_param_estim/frame -I/glade/work/nystrom/Code/WRFDA/WRFV3_3.9.1_preset_moves_sfc_coeff_param_estim/share -I/glade/work/nystrom/Code/WRFDA/WRFV3_3.9.1_preset_moves_sfc_coeff_param_estim/phys -I/glade/work/nystrom/Code/WRFDA/WRFV3_3.9.1_preset_moves_sfc_coeff_param_estim/chem -I/glade/work/nystrom/Code/WRFDA/WRFV3_3.9.1_preset_moves_sfc_coeff_param_estim/inc -I/glade/u/apps/ch/opt/netcdf/4.7.3/intel/19.0.5//include  -real-size `expr 8 \* 4` -i4  module_cu_kf.f90

real	0m13.098s
user	0m12.311s
sys	0m0.631s
rm -f module_cu_bmj.o
sed -e "s/grid%mu/gridmu/g" -e "s/grid%Mu/gridMu/g" -e "s/^\!.*'.*//" -e "s/^ *\!.*'.*//" module_cu_bmj.F > module_cu_bmj.G
/lib/cpp -P -nostdinc -I/glade/work/nystrom/Code/WRFDA/WRFV3_3.9.1_preset_moves_sfc_coeff_param_estim/inc -DEM_CORE=1 -DNMM_CORE=0 -DNMM_MAX_DIM=2600 -DCOAMPS_CORE=0 -DDA_CORE=0 -DEXP_CORE=0 -DIWORDSIZE=4 -DDWORDSIZE=8 -DRWORDSIZE=4 -DLWORDSIZE=4 -DNONSTANDARD_SYSTEM_FUNC  -DWRF_USE_CLM  -DDM_PARALLEL -DNETCDF -DMOVE_NESTS -DUSE_ALLOCATABLES -DGRIB1 -DINTIO -DKEEP_INT_AROUND -DLIMIT_ARGS -DCONFIG_BUF_LEN=65536 -DMAX_DOMAINS_F=21 -DMAX_HISTORY=25 -DNMM_NEST=0  -I. -traditional-cpp   module_cu_bmj.G  > module_cu_bmj.H
sed -e "s/gridmu/grid%mu/g" -e "s/gridMu/grid%Mu/g" module_cu_bmj.H > module_cu_bmj.bb
/glade/work/nystrom/Code/WRFDA/WRFV3_3.9.1_preset_moves_sfc_coeff_param_estim/tools/standard.exe module_cu_bmj.bb | /lib/cpp -P -nostdinc -traditional-cpp > module_cu_bmj.f90
rm -f module_cu_bmj.G module_cu_bmj.H module_cu_bmj.bb
time mpif90 -f90=ifort -o module_cu_bmj.o -c -O3 -ip -fp-model precise -w -ftz -align all -fno-alias -FR -convert big_endian    -I../dyn_em -I../dyn_nmm   -I/glade/work/nystrom/Code/WRFDA/WRFV3_3.9.1_preset_moves_sfc_coeff_param_estim/external/esmf_time_f90  -I/glade/work/nystrom/Code/WRFDA/WRFV3_3.9.1_preset_moves_sfc_coeff_param_estim/main -I/glade/work/nystrom/Code/WRFDA/WRFV3_3.9.1_preset_moves_sfc_coeff_param_estim/external/io_netcdf -I/glade/work/nystrom/Code/WRFDA/WRFV3_3.9.1_preset_moves_sfc_coeff_param_estim/external/io_int -I/glade/work/nystrom/Code/WRFDA/WRFV3_3.9.1_preset_moves_sfc_coeff_param_estim/frame -I/glade/work/nystrom/Code/WRFDA/WRFV3_3.9.1_preset_moves_sfc_coeff_param_estim/share -I/glade/work/nystrom/Code/WRFDA/WRFV3_3.9.1_preset_moves_sfc_coeff_param_estim/phys -I/glade/work/nystrom/Code/WRFDA/WRFV3_3.9.1_preset_moves_sfc_coeff_param_estim/chem -I/glade/work/nystrom/Code/WRFDA/WRFV3_3.9.1_preset_moves_sfc_coeff_param_estim/inc -I/glade/u/apps/ch/opt/netcdf/4.7.3/intel/19.0.5//include  -real-size `expr 8 \* 4` -i4  module_cu_bmj.f90

real	0m1.696s
user	0m1.400s
sys	0m0.173s
rm -f module_cu_kfeta.o
sed -e "s/grid%mu/gridmu/g" -e "s/grid%Mu/gridMu/g" -e "s/^\!.*'.*//" -e "s/^ *\!.*'.*//" module_cu_kfeta.F > module_cu_kfeta.G
/lib/cpp -P -nostdinc -I/glade/work/nystrom/Code/WRFDA/WRFV3_3.9.1_preset_moves_sfc_coeff_param_estim/inc -DEM_CORE=1 -DNMM_CORE=0 -DNMM_MAX_DIM=2600 -DCOAMPS_CORE=0 -DDA_CORE=0 -DEXP_CORE=0 -DIWORDSIZE=4 -DDWORDSIZE=8 -DRWORDSIZE=4 -DLWORDSIZE=4 -DNONSTANDARD_SYSTEM_FUNC  -DWRF_USE_CLM  -DDM_PARALLEL -DNETCDF -DMOVE_NESTS -DUSE_ALLOCATABLES -DGRIB1 -DINTIO -DKEEP_INT_AROUND -DLIMIT_ARGS -DCONFIG_BUF_LEN=65536 -DMAX_DOMAINS_F=21 -DMAX_HISTORY=25 -DNMM_NEST=0  -I. -traditional-cpp   module_cu_kfeta.G  > module_cu_kfeta.H
sed -e "s/gridmu/grid%mu/g" -e "s/gridMu/grid%Mu/g" module_cu_kfeta.H > module_cu_kfeta.bb
/glade/work/nystrom/Code/WRFDA/WRFV3_3.9.1_preset_moves_sfc_coeff_param_estim/tools/standard.exe module_cu_kfeta.bb | /lib/cpp -P -nostdinc -traditional-cpp > module_cu_kfeta.f90
rm -f module_cu_kfeta.G module_cu_kfeta.H module_cu_kfeta.bb
time mpif90 -f90=ifort -o module_cu_kfeta.o -c -O3 -ip -fp-model precise -w -ftz -align all -fno-alias -FR -convert big_endian    -I../dyn_em -I../dyn_nmm   -I/glade/work/nystrom/Code/WRFDA/WRFV3_3.9.1_preset_moves_sfc_coeff_param_estim/external/esmf_time_f90  -I/glade/work/nystrom/Code/WRFDA/WRFV3_3.9.1_preset_moves_sfc_coeff_param_estim/main -I/glade/work/nystrom/Code/WRFDA/WRFV3_3.9.1_preset_moves_sfc_coeff_param_estim/external/io_netcdf -I/glade/work/nystrom/Code/WRFDA/WRFV3_3.9.1_preset_moves_sfc_coeff_param_estim/external/io_int -I/glade/work/nystrom/Code/WRFDA/WRFV3_3.9.1_preset_moves_sfc_coeff_param_estim/frame -I/glade/work/nystrom/Code/WRFDA/WRFV3_3.9.1_preset_moves_sfc_coeff_param_estim/share -I/glade/work/nystrom/Code/WRFDA/WRFV3_3.9.1_preset_moves_sfc_coeff_param_estim/phys -I/glade/work/nystrom/Code/WRFDA/WRFV3_3.9.1_preset_moves_sfc_coeff_param_estim/chem -I/glade/work/nystrom/Code/WRFDA/WRFV3_3.9.1_preset_moves_sfc_coeff_param_estim/inc -I/glade/u/apps/ch/opt/netcdf/4.7.3/intel/19.0.5//include  -real-size `expr 8 \* 4` -i4  module_cu_kfeta.f90

real	0m4.764s
user	0m4.430s
sys	0m0.210s
rm -f module_cu_mskf.o
sed -e "s/grid%mu/gridmu/g" -e "s/grid%Mu/gridMu/g" -e "s/^\!.*'.*//" -e "s/^ *\!.*'.*//" module_cu_mskf.F > module_cu_mskf.G
/lib/cpp -P -nostdinc -I/glade/work/nystrom/Code/WRFDA/WRFV3_3.9.1_preset_moves_sfc_coeff_param_estim/inc -DEM_CORE=1 -DNMM_CORE=0 -DNMM_MAX_DIM=2600 -DCOAMPS_CORE=0 -DDA_CORE=0 -DEXP_CORE=0 -DIWORDSIZE=4 -DDWORDSIZE=8 -DRWORDSIZE=4 -DLWORDSIZE=4 -DNONSTANDARD_SYSTEM_FUNC  -DWRF_USE_CLM  -DDM_PARALLEL -DNETCDF -DMOVE_NESTS -DUSE_ALLOCATABLES -DGRIB1 -DINTIO -DKEEP_INT_AROUND -DLIMIT_ARGS -DCONFIG_BUF_LEN=65536 -DMAX_DOMAINS_F=21 -DMAX_HISTORY=25 -DNMM_NEST=0  -I. -traditional-cpp   module_cu_mskf.G  > module_cu_mskf.H
sed -e "s/gridmu/grid%mu/g" -e "s/gridMu/grid%Mu/g" module_cu_mskf.H > module_cu_mskf.bb
/glade/work/nystrom/Code/WRFDA/WRFV3_3.9.1_preset_moves_sfc_coeff_param_estim/tools/standard.exe module_cu_mskf.bb | /lib/cpp -P -nostdinc -traditional-cpp > module_cu_mskf.f90
rm -f module_cu_mskf.G module_cu_mskf.H module_cu_mskf.bb
time mpif90 -f90=ifort -o module_cu_mskf.o -c -O3 -ip -fp-model precise -w -ftz -align all -fno-alias -FR -convert big_endian    -I../dyn_em -I../dyn_nmm   -I/glade/work/nystrom/Code/WRFDA/WRFV3_3.9.1_preset_moves_sfc_coeff_param_estim/external/esmf_time_f90  -I/glade/work/nystrom/Code/WRFDA/WRFV3_3.9.1_preset_moves_sfc_coeff_param_estim/main -I/glade/work/nystrom/Code/WRFDA/WRFV3_3.9.1_preset_moves_sfc_coeff_param_estim/external/io_netcdf -I/glade/work/nystrom/Code/WRFDA/WRFV3_3.9.1_preset_moves_sfc_coeff_param_estim/external/io_int -I/glade/work/nystrom/Code/WRFDA/WRFV3_3.9.1_preset_moves_sfc_coeff_param_estim/frame -I/glade/work/nystrom/Code/WRFDA/WRFV3_3.9.1_preset_moves_sfc_coeff_param_estim/share -I/glade/work/nystrom/Code/WRFDA/WRFV3_3.9.1_preset_moves_sfc_coeff_param_estim/phys -I/glade/work/nystrom/Code/WRFDA/WRFV3_3.9.1_preset_moves_sfc_coeff_param_estim/chem -I/glade/work/nystrom/Code/WRFDA/WRFV3_3.9.1_preset_moves_sfc_coeff_param_estim/inc -I/glade/u/apps/ch/opt/netcdf/4.7.3/intel/19.0.5//include  -real-size `expr 8 \* 4` -i4  module_cu_mskf.f90

real	0m8.960s
user	0m8.554s
sys	0m0.280s
rm -f module_cu_ntiedtke.o
sed -e "s/grid%mu/gridmu/g" -e "s/grid%Mu/gridMu/g" -e "s/^\!.*'.*//" -e "s/^ *\!.*'.*//" module_cu_ntiedtke.F > module_cu_ntiedtke.G
/lib/cpp -P -nostdinc -I/glade/work/nystrom/Code/WRFDA/WRFV3_3.9.1_preset_moves_sfc_coeff_param_estim/inc -DEM_CORE=1 -DNMM_CORE=0 -DNMM_MAX_DIM=2600 -DCOAMPS_CORE=0 -DDA_CORE=0 -DEXP_CORE=0 -DIWORDSIZE=4 -DDWORDSIZE=8 -DRWORDSIZE=4 -DLWORDSIZE=4 -DNONSTANDARD_SYSTEM_FUNC  -DWRF_USE_CLM  -DDM_PARALLEL -DNETCDF -DMOVE_NESTS -DUSE_ALLOCATABLES -DGRIB1 -DINTIO -DKEEP_INT_AROUND -DLIMIT_ARGS -DCONFIG_BUF_LEN=65536 -DMAX_DOMAINS_F=21 -DMAX_HISTORY=25 -DNMM_NEST=0  -I. -traditional-cpp   module_cu_ntiedtke.G  > module_cu_ntiedtke.H
sed -e "s/gridmu/grid%mu/g" -e "s/gridMu/grid%Mu/g" module_cu_ntiedtke.H > module_cu_ntiedtke.bb
/glade/work/nystrom/Code/WRFDA/WRFV3_3.9.1_preset_moves_sfc_coeff_param_estim/tools/standard.exe module_cu_ntiedtke.bb | /lib/cpp -P -nostdinc -traditional-cpp > module_cu_ntiedtke.f90
rm -f module_cu_ntiedtke.G module_cu_ntiedtke.H module_cu_ntiedtke.bb
time mpif90 -f90=ifort -o module_cu_ntiedtke.o -c -O3 -ip -fp-model precise -w -ftz -align all -fno-alias -FR -convert big_endian    -I../dyn_em -I../dyn_nmm   -I/glade/work/nystrom/Code/WRFDA/WRFV3_3.9.1_preset_moves_sfc_coeff_param_estim/external/esmf_time_f90  -I/glade/work/nystrom/Code/WRFDA/WRFV3_3.9.1_preset_moves_sfc_coeff_param_estim/main -I/glade/work/nystrom/Code/WRFDA/WRFV3_3.9.1_preset_moves_sfc_coeff_param_estim/external/io_netcdf -I/glade/work/nystrom/Code/WRFDA/WRFV3_3.9.1_preset_moves_sfc_coeff_param_estim/external/io_int -I/glade/work/nystrom/Code/WRFDA/WRFV3_3.9.1_preset_moves_sfc_coeff_param_estim/frame -I/glade/work/nystrom/Code/WRFDA/WRFV3_3.9.1_preset_moves_sfc_coeff_param_estim/share -I/glade/work/nystrom/Code/WRFDA/WRFV3_3.9.1_preset_moves_sfc_coeff_param_estim/phys -I/glade/work/nystrom/Code/WRFDA/WRFV3_3.9.1_preset_moves_sfc_coeff_param_estim/chem -I/glade/work/nystrom/Code/WRFDA/WRFV3_3.9.1_preset_moves_sfc_coeff_param_estim/inc -I/glade/u/apps/ch/opt/netcdf/4.7.3/intel/19.0.5//include  -real-size `expr 8 \* 4` -i4  module_cu_ntiedtke.f90

real	0m9.100s
user	0m8.739s
sys	0m0.244s
rm -f module_cu_gd.o
sed -e "s/grid%mu/gridmu/g" -e "s/grid%Mu/gridMu/g" -e "s/^\!.*'.*//" -e "s/^ *\!.*'.*//" module_cu_gd.F > module_cu_gd.G
/lib/cpp -P -nostdinc -I/glade/work/nystrom/Code/WRFDA/WRFV3_3.9.1_preset_moves_sfc_coeff_param_estim/inc -DEM_CORE=1 -DNMM_CORE=0 -DNMM_MAX_DIM=2600 -DCOAMPS_CORE=0 -DDA_CORE=0 -DEXP_CORE=0 -DIWORDSIZE=4 -DDWORDSIZE=8 -DRWORDSIZE=4 -DLWORDSIZE=4 -DNONSTANDARD_SYSTEM_FUNC  -DWRF_USE_CLM  -DDM_PARALLEL -DNETCDF -DMOVE_NESTS -DUSE_ALLOCATABLES -DGRIB1 -DINTIO -DKEEP_INT_AROUND -DLIMIT_ARGS -DCONFIG_BUF_LEN=65536 -DMAX_DOMAINS_F=21 -DMAX_HISTORY=25 -DNMM_NEST=0  -I. -traditional-cpp   module_cu_gd.G  > module_cu_gd.H
sed -e "s/gridmu/grid%mu/g" -e "s/gridMu/grid%Mu/g" module_cu_gd.H > module_cu_gd.bb
/glade/work/nystrom/Code/WRFDA/WRFV3_3.9.1_preset_moves_sfc_coeff_param_estim/tools/standard.exe module_cu_gd.bb | /lib/cpp -P -nostdinc -traditional-cpp > module_cu_gd.f90
rm -f module_cu_gd.G module_cu_gd.H module_cu_gd.bb
time mpif90 -f90=ifort -o module_cu_gd.o -c -O3 -ip -fp-model precise -w -ftz -align all -fno-alias -FR -convert big_endian    -I../dyn_em -I../dyn_nmm   -I/glade/work/nystrom/Code/WRFDA/WRFV3_3.9.1_preset_moves_sfc_coeff_param_estim/external/esmf_time_f90  -I/glade/work/nystrom/Code/WRFDA/WRFV3_3.9.1_preset_moves_sfc_coeff_param_estim/main -I/glade/work/nystrom/Code/WRFDA/WRFV3_3.9.1_preset_moves_sfc_coeff_param_estim/external/io_netcdf -I/glade/work/nystrom/Code/WRFDA/WRFV3_3.9.1_preset_moves_sfc_coeff_param_estim/external/io_int -I/glade/work/nystrom/Code/WRFDA/WRFV3_3.9.1_preset_moves_sfc_coeff_param_estim/frame -I/glade/work/nystrom/Code/WRFDA/WRFV3_3.9.1_preset_moves_sfc_coeff_param_estim/share -I/glade/work/nystrom/Code/WRFDA/WRFV3_3.9.1_preset_moves_sfc_coeff_param_estim/phys -I/glade/work/nystrom/Code/WRFDA/WRFV3_3.9.1_preset_moves_sfc_coeff_param_estim/chem -I/glade/work/nystrom/Code/WRFDA/WRFV3_3.9.1_preset_moves_sfc_coeff_param_estim/inc -I/glade/u/apps/ch/opt/netcdf/4.7.3/intel/19.0.5//include  -real-size `expr 8 \* 4` -i4  module_cu_gd.f90

real	0m5.577s
user	0m5.328s
sys	0m0.125s
rm -f module_cu_gf_deep.o
sed -e "s/grid%mu/gridmu/g" -e "s/grid%Mu/gridMu/g" -e "s/^\!.*'.*//" -e "s/^ *\!.*'.*//" module_cu_gf_deep.F > module_cu_gf_deep.G
/lib/cpp -P -nostdinc -I/glade/work/nystrom/Code/WRFDA/WRFV3_3.9.1_preset_moves_sfc_coeff_param_estim/inc -DEM_CORE=1 -DNMM_CORE=0 -DNMM_MAX_DIM=2600 -DCOAMPS_CORE=0 -DDA_CORE=0 -DEXP_CORE=0 -DIWORDSIZE=4 -DDWORDSIZE=8 -DRWORDSIZE=4 -DLWORDSIZE=4 -DNONSTANDARD_SYSTEM_FUNC  -DWRF_USE_CLM  -DDM_PARALLEL -DNETCDF -DMOVE_NESTS -DUSE_ALLOCATABLES -DGRIB1 -DINTIO -DKEEP_INT_AROUND -DLIMIT_ARGS -DCONFIG_BUF_LEN=65536 -DMAX_DOMAINS_F=21 -DMAX_HISTORY=25 -DNMM_NEST=0  -I. -traditional-cpp   module_cu_gf_deep.G  > module_cu_gf_deep.H
sed -e "s/gridmu/grid%mu/g" -e "s/gridMu/grid%Mu/g" module_cu_gf_deep.H > module_cu_gf_deep.bb
/glade/work/nystrom/Code/WRFDA/WRFV3_3.9.1_preset_moves_sfc_coeff_param_estim/tools/standard.exe module_cu_gf_deep.bb | /lib/cpp -P -nostdinc -traditional-cpp > module_cu_gf_deep.f90
rm -f module_cu_gf_deep.G module_cu_gf_deep.H module_cu_gf_deep.bb
time mpif90 -f90=ifort -o module_cu_gf_deep.o -c -O3 -ip -fp-model precise -w -ftz -align all -fno-alias -FR -convert big_endian    -I../dyn_em -I../dyn_nmm   -I/glade/work/nystrom/Code/WRFDA/WRFV3_3.9.1_preset_moves_sfc_coeff_param_estim/external/esmf_time_f90  -I/glade/work/nystrom/Code/WRFDA/WRFV3_3.9.1_preset_moves_sfc_coeff_param_estim/main -I/glade/work/nystrom/Code/WRFDA/WRFV3_3.9.1_preset_moves_sfc_coeff_param_estim/external/io_netcdf -I/glade/work/nystrom/Code/WRFDA/WRFV3_3.9.1_preset_moves_sfc_coeff_param_estim/external/io_int -I/glade/work/nystrom/Code/WRFDA/WRFV3_3.9.1_preset_moves_sfc_coeff_param_estim/frame -I/glade/work/nystrom/Code/WRFDA/WRFV3_3.9.1_preset_moves_sfc_coeff_param_estim/share -I/glade/work/nystrom/Code/WRFDA/WRFV3_3.9.1_preset_moves_sfc_coeff_param_estim/phys -I/glade/work/nystrom/Code/WRFDA/WRFV3_3.9.1_preset_moves_sfc_coeff_param_estim/chem -I/glade/work/nystrom/Code/WRFDA/WRFV3_3.9.1_preset_moves_sfc_coeff_param_estim/inc -I/glade/u/apps/ch/opt/netcdf/4.7.3/intel/19.0.5//include  -real-size `expr 8 \* 4` -i4  module_cu_gf_deep.f90

real	0m7.776s
user	0m7.502s
sys	0m0.149s
rm -f module_cu_nsas.o
sed -e "s/grid%mu/gridmu/g" -e "s/grid%Mu/gridMu/g" -e "s/^\!.*'.*//" -e "s/^ *\!.*'.*//" module_cu_nsas.F > module_cu_nsas.G
/lib/cpp -P -nostdinc -I/glade/work/nystrom/Code/WRFDA/WRFV3_3.9.1_preset_moves_sfc_coeff_param_estim/inc -DEM_CORE=1 -DNMM_CORE=0 -DNMM_MAX_DIM=2600 -DCOAMPS_CORE=0 -DDA_CORE=0 -DEXP_CORE=0 -DIWORDSIZE=4 -DDWORDSIZE=8 -DRWORDSIZE=4 -DLWORDSIZE=4 -DNONSTANDARD_SYSTEM_FUNC  -DWRF_USE_CLM  -DDM_PARALLEL -DNETCDF -DMOVE_NESTS -DUSE_ALLOCATABLES -DGRIB1 -DINTIO -DKEEP_INT_AROUND -DLIMIT_ARGS -DCONFIG_BUF_LEN=65536 -DMAX_DOMAINS_F=21 -DMAX_HISTORY=25 -DNMM_NEST=0  -I. -traditional-cpp   module_cu_nsas.G  > module_cu_nsas.H
sed -e "s/gridmu/grid%mu/g" -e "s/gridMu/grid%Mu/g" module_cu_nsas.H > module_cu_nsas.bb
/glade/work/nystrom/Code/WRFDA/WRFV3_3.9.1_preset_moves_sfc_coeff_param_estim/tools/standard.exe module_cu_nsas.bb | /lib/cpp -P -nostdinc -traditional-cpp > module_cu_nsas.f90
rm -f module_cu_nsas.G module_cu_nsas.H module_cu_nsas.bb
time mpif90 -f90=ifort -o module_cu_nsas.o -c -O3 -ip -fp-model precise -w -ftz -align all -fno-alias -FR -convert big_endian    -I../dyn_em -I../dyn_nmm   -I/glade/work/nystrom/Code/WRFDA/WRFV3_3.9.1_preset_moves_sfc_coeff_param_estim/external/esmf_time_f90  -I/glade/work/nystrom/Code/WRFDA/WRFV3_3.9.1_preset_moves_sfc_coeff_param_estim/main -I/glade/work/nystrom/Code/WRFDA/WRFV3_3.9.1_preset_moves_sfc_coeff_param_estim/external/io_netcdf -I/glade/work/nystrom/Code/WRFDA/WRFV3_3.9.1_preset_moves_sfc_coeff_param_estim/external/io_int -I/glade/work/nystrom/Code/WRFDA/WRFV3_3.9.1_preset_moves_sfc_coeff_param_estim/frame -I/glade/work/nystrom/Code/WRFDA/WRFV3_3.9.1_preset_moves_sfc_coeff_param_estim/share -I/glade/work/nystrom/Code/WRFDA/WRFV3_3.9.1_preset_moves_sfc_coeff_param_estim/phys -I/glade/work/nystrom/Code/WRFDA/WRFV3_3.9.1_preset_moves_sfc_coeff_param_estim/chem -I/glade/work/nystrom/Code/WRFDA/WRFV3_3.9.1_preset_moves_sfc_coeff_param_estim/inc -I/glade/u/apps/ch/opt/netcdf/4.7.3/intel/19.0.5//include  -real-size `expr 8 \* 4` -i4  module_cu_nsas.f90

real	0m9.600s
user	0m9.301s
sys	0m0.174s
rm -f module_ra_sw.o
sed -e "s/grid%mu/gridmu/g" -e "s/grid%Mu/gridMu/g" -e "s/^\!.*'.*//" -e "s/^ *\!.*'.*//" module_ra_sw.F > module_ra_sw.G
/lib/cpp -P -nostdinc -I/glade/work/nystrom/Code/WRFDA/WRFV3_3.9.1_preset_moves_sfc_coeff_param_estim/inc -DEM_CORE=1 -DNMM_CORE=0 -DNMM_MAX_DIM=2600 -DCOAMPS_CORE=0 -DDA_CORE=0 -DEXP_CORE=0 -DIWORDSIZE=4 -DDWORDSIZE=8 -DRWORDSIZE=4 -DLWORDSIZE=4 -DNONSTANDARD_SYSTEM_FUNC  -DWRF_USE_CLM  -DDM_PARALLEL -DNETCDF -DMOVE_NESTS -DUSE_ALLOCATABLES -DGRIB1 -DINTIO -DKEEP_INT_AROUND -DLIMIT_ARGS -DCONFIG_BUF_LEN=65536 -DMAX_DOMAINS_F=21 -DMAX_HISTORY=25 -DNMM_NEST=0  -I. -traditional-cpp   module_ra_sw.G  > module_ra_sw.H
sed -e "s/gridmu/grid%mu/g" -e "s/gridMu/grid%Mu/g" module_ra_sw.H > module_ra_sw.bb
/glade/work/nystrom/Code/WRFDA/WRFV3_3.9.1_preset_moves_sfc_coeff_param_estim/tools/standard.exe module_ra_sw.bb | /lib/cpp -P -nostdinc -traditional-cpp > module_ra_sw.f90
rm -f module_ra_sw.G module_ra_sw.H module_ra_sw.bb
time mpif90 -f90=ifort -o module_ra_sw.o -c -O3 -ip -fp-model precise -w -ftz -align all -fno-alias -FR -convert big_endian    -I../dyn_em -I../dyn_nmm   -I/glade/work/nystrom/Code/WRFDA/WRFV3_3.9.1_preset_moves_sfc_coeff_param_estim/external/esmf_time_f90  -I/glade/work/nystrom/Code/WRFDA/WRFV3_3.9.1_preset_moves_sfc_coeff_param_estim/main -I/glade/work/nystrom/Code/WRFDA/WRFV3_3.9.1_preset_moves_sfc_coeff_param_estim/external/io_netcdf -I/glade/work/nystrom/Code/WRFDA/WRFV3_3.9.1_preset_moves_sfc_coeff_param_estim/external/io_int -I/glade/work/nystrom/Code/WRFDA/WRFV3_3.9.1_preset_moves_sfc_coeff_param_estim/frame -I/glade/work/nystrom/Code/WRFDA/WRFV3_3.9.1_preset_moves_sfc_coeff_param_estim/share -I/glade/work/nystrom/Code/WRFDA/WRFV3_3.9.1_preset_moves_sfc_coeff_param_estim/phys -I/glade/work/nystrom/Code/WRFDA/WRFV3_3.9.1_preset_moves_sfc_coeff_param_estim/chem -I/glade/work/nystrom/Code/WRFDA/WRFV3_3.9.1_preset_moves_sfc_coeff_param_estim/inc -I/glade/u/apps/ch/opt/netcdf/4.7.3/intel/19.0.5//include  -real-size `expr 8 \* 4` -i4  module_ra_sw.f90

real	0m0.918s
user	0m0.714s
sys	0m0.087s
rm -f module_ra_gsfcsw.o
sed -e "s/grid%mu/gridmu/g" -e "s/grid%Mu/gridMu/g" -e "s/^\!.*'.*//" -e "s/^ *\!.*'.*//" module_ra_gsfcsw.F > module_ra_gsfcsw.G
/lib/cpp -P -nostdinc -I/glade/work/nystrom/Code/WRFDA/WRFV3_3.9.1_preset_moves_sfc_coeff_param_estim/inc -DEM_CORE=1 -DNMM_CORE=0 -DNMM_MAX_DIM=2600 -DCOAMPS_CORE=0 -DDA_CORE=0 -DEXP_CORE=0 -DIWORDSIZE=4 -DDWORDSIZE=8 -DRWORDSIZE=4 -DLWORDSIZE=4 -DNONSTANDARD_SYSTEM_FUNC  -DWRF_USE_CLM  -DDM_PARALLEL -DNETCDF -DMOVE_NESTS -DUSE_ALLOCATABLES -DGRIB1 -DINTIO -DKEEP_INT_AROUND -DLIMIT_ARGS -DCONFIG_BUF_LEN=65536 -DMAX_DOMAINS_F=21 -DMAX_HISTORY=25 -DNMM_NEST=0  -I. -traditional-cpp   module_ra_gsfcsw.G  > module_ra_gsfcsw.H
sed -e "s/gridmu/grid%mu/g" -e "s/gridMu/grid%Mu/g" module_ra_gsfcsw.H > module_ra_gsfcsw.bb
/glade/work/nystrom/Code/WRFDA/WRFV3_3.9.1_preset_moves_sfc_coeff_param_estim/tools/standard.exe module_ra_gsfcsw.bb | /lib/cpp -P -nostdinc -traditional-cpp > module_ra_gsfcsw.f90
rm -f module_ra_gsfcsw.G module_ra_gsfcsw.H module_ra_gsfcsw.bb
time mpif90 -f90=ifort -o module_ra_gsfcsw.o -c -O3 -ip -fp-model precise -w -ftz -align all -fno-alias -FR -convert big_endian    -I../dyn_em -I../dyn_nmm   -I/glade/work/nystrom/Code/WRFDA/WRFV3_3.9.1_preset_moves_sfc_coeff_param_estim/external/esmf_time_f90  -I/glade/work/nystrom/Code/WRFDA/WRFV3_3.9.1_preset_moves_sfc_coeff_param_estim/main -I/glade/work/nystrom/Code/WRFDA/WRFV3_3.9.1_preset_moves_sfc_coeff_param_estim/external/io_netcdf -I/glade/work/nystrom/Code/WRFDA/WRFV3_3.9.1_preset_moves_sfc_coeff_param_estim/external/io_int -I/glade/work/nystrom/Code/WRFDA/WRFV3_3.9.1_preset_moves_sfc_coeff_param_estim/frame -I/glade/work/nystrom/Code/WRFDA/WRFV3_3.9.1_preset_moves_sfc_coeff_param_estim/share -I/glade/work/nystrom/Code/WRFDA/WRFV3_3.9.1_preset_moves_sfc_coeff_param_estim/phys -I/glade/work/nystrom/Code/WRFDA/WRFV3_3.9.1_preset_moves_sfc_coeff_param_estim/chem -I/glade/work/nystrom/Code/WRFDA/WRFV3_3.9.1_preset_moves_sfc_coeff_param_estim/inc -I/glade/u/apps/ch/opt/netcdf/4.7.3/intel/19.0.5//include  -real-size `expr 8 \* 4` -i4  module_ra_gsfcsw.f90

real	0m10.769s
user	0m10.466s
sys	0m0.181s
rm -f module_ra_clWRF_support.o
sed -e "s/grid%mu/gridmu/g" -e "s/grid%Mu/gridMu/g" -e "s/^\!.*'.*//" -e "s/^ *\!.*'.*//" module_ra_clWRF_support.F > module_ra_clWRF_support.G
/lib/cpp -P -nostdinc -I/glade/work/nystrom/Code/WRFDA/WRFV3_3.9.1_preset_moves_sfc_coeff_param_estim/inc -DEM_CORE=1 -DNMM_CORE=0 -DNMM_MAX_DIM=2600 -DCOAMPS_CORE=0 -DDA_CORE=0 -DEXP_CORE=0 -DIWORDSIZE=4 -DDWORDSIZE=8 -DRWORDSIZE=4 -DLWORDSIZE=4 -DNONSTANDARD_SYSTEM_FUNC  -DWRF_USE_CLM  -DDM_PARALLEL -DNETCDF -DMOVE_NESTS -DUSE_ALLOCATABLES -DGRIB1 -DINTIO -DKEEP_INT_AROUND -DLIMIT_ARGS -DCONFIG_BUF_LEN=65536 -DMAX_DOMAINS_F=21 -DMAX_HISTORY=25 -DNMM_NEST=0  -I. -traditional-cpp   module_ra_clWRF_support.G  > module_ra_clWRF_support.H
sed -e "s/gridmu/grid%mu/g" -e "s/gridMu/grid%Mu/g" module_ra_clWRF_support.H > module_ra_clWRF_support.bb
/glade/work/nystrom/Code/WRFDA/WRFV3_3.9.1_preset_moves_sfc_coeff_param_estim/tools/standard.exe module_ra_clWRF_support.bb | /lib/cpp -P -nostdinc -traditional-cpp > module_ra_clWRF_support.f90
rm -f module_ra_clWRF_support.G module_ra_clWRF_support.H module_ra_clWRF_support.bb
time mpif90 -f90=ifort -o module_ra_clWRF_support.o -c -O3 -ip -fp-model precise -w -ftz -align all -fno-alias -FR -convert big_endian    -I../dyn_em -I../dyn_nmm   -I/glade/work/nystrom/Code/WRFDA/WRFV3_3.9.1_preset_moves_sfc_coeff_param_estim/external/esmf_time_f90  -I/glade/work/nystrom/Code/WRFDA/WRFV3_3.9.1_preset_moves_sfc_coeff_param_estim/main -I/glade/work/nystrom/Code/WRFDA/WRFV3_3.9.1_preset_moves_sfc_coeff_param_estim/external/io_netcdf -I/glade/work/nystrom/Code/WRFDA/WRFV3_3.9.1_preset_moves_sfc_coeff_param_estim/external/io_int -I/glade/work/nystrom/Code/WRFDA/WRFV3_3.9.1_preset_moves_sfc_coeff_param_estim/frame -I/glade/work/nystrom/Code/WRFDA/WRFV3_3.9.1_preset_moves_sfc_coeff_param_estim/share -I/glade/work/nystrom/Code/WRFDA/WRFV3_3.9.1_preset_moves_sfc_coeff_param_estim/phys -I/glade/work/nystrom/Code/WRFDA/WRFV3_3.9.1_preset_moves_sfc_coeff_param_estim/chem -I/glade/work/nystrom/Code/WRFDA/WRFV3_3.9.1_preset_moves_sfc_coeff_param_estim/inc -I/glade/u/apps/ch/opt/netcdf/4.7.3/intel/19.0.5//include  -real-size `expr 8 \* 4` -i4  module_ra_clWRF_support.f90

real	0m0.550s
user	0m0.352s
sys	0m0.075s
rm -f module_mp_etanew.o
sed -e "s/grid%mu/gridmu/g" -e "s/grid%Mu/gridMu/g" -e "s/^\!.*'.*//" -e "s/^ *\!.*'.*//" module_mp_etanew.F > module_mp_etanew.G
/lib/cpp -P -nostdinc -I/glade/work/nystrom/Code/WRFDA/WRFV3_3.9.1_preset_moves_sfc_coeff_param_estim/inc -DEM_CORE=1 -DNMM_CORE=0 -DNMM_MAX_DIM=2600 -DCOAMPS_CORE=0 -DDA_CORE=0 -DEXP_CORE=0 -DIWORDSIZE=4 -DDWORDSIZE=8 -DRWORDSIZE=4 -DLWORDSIZE=4 -DNONSTANDARD_SYSTEM_FUNC  -DWRF_USE_CLM  -DDM_PARALLEL -DNETCDF -DMOVE_NESTS -DUSE_ALLOCATABLES -DGRIB1 -DINTIO -DKEEP_INT_AROUND -DLIMIT_ARGS -DCONFIG_BUF_LEN=65536 -DMAX_DOMAINS_F=21 -DMAX_HISTORY=25 -DNMM_NEST=0  -I. -traditional-cpp   module_mp_etanew.G  > module_mp_etanew.H
sed -e "s/gridmu/grid%mu/g" -e "s/gridMu/grid%Mu/g" module_mp_etanew.H > module_mp_etanew.bb
/glade/work/nystrom/Code/WRFDA/WRFV3_3.9.1_preset_moves_sfc_coeff_param_estim/tools/standard.exe module_mp_etanew.bb | /lib/cpp -P -nostdinc -traditional-cpp > module_mp_etanew.f90
rm -f module_mp_etanew.G module_mp_etanew.H module_mp_etanew.bb
time mpif90 -f90=ifort -o module_mp_etanew.o -c -O3 -ip -fp-model precise -w -ftz -align all -fno-alias -FR -convert big_endian    -I../dyn_em -I../dyn_nmm   -I/glade/work/nystrom/Code/WRFDA/WRFV3_3.9.1_preset_moves_sfc_coeff_param_estim/external/esmf_time_f90  -I/glade/work/nystrom/Code/WRFDA/WRFV3_3.9.1_preset_moves_sfc_coeff_param_estim/main -I/glade/work/nystrom/Code/WRFDA/WRFV3_3.9.1_preset_moves_sfc_coeff_param_estim/external/io_netcdf -I/glade/work/nystrom/Code/WRFDA/WRFV3_3.9.1_preset_moves_sfc_coeff_param_estim/external/io_int -I/glade/work/nystrom/Code/WRFDA/WRFV3_3.9.1_preset_moves_sfc_coeff_param_estim/frame -I/glade/work/nystrom/Code/WRFDA/WRFV3_3.9.1_preset_moves_sfc_coeff_param_estim/share -I/glade/work/nystrom/Code/WRFDA/WRFV3_3.9.1_preset_moves_sfc_coeff_param_estim/phys -I/glade/work/nystrom/Code/WRFDA/WRFV3_3.9.1_preset_moves_sfc_coeff_param_estim/chem -I/glade/work/nystrom/Code/WRFDA/WRFV3_3.9.1_preset_moves_sfc_coeff_param_estim/inc -I/glade/u/apps/ch/opt/netcdf/4.7.3/intel/19.0.5//include  -real-size `expr 8 \* 4` -i4  module_mp_etanew.f90

real	0m6.069s
user	0m5.833s
sys	0m0.111s
rm -f module_mp_HWRF.o
sed -e "s/grid%mu/gridmu/g" -e "s/grid%Mu/gridMu/g" -e "s/^\!.*'.*//" -e "s/^ *\!.*'.*//" module_mp_HWRF.F > module_mp_HWRF.G
/lib/cpp -P -nostdinc -I/glade/work/nystrom/Code/WRFDA/WRFV3_3.9.1_preset_moves_sfc_coeff_param_estim/inc -DEM_CORE=1 -DNMM_CORE=0 -DNMM_MAX_DIM=2600 -DCOAMPS_CORE=0 -DDA_CORE=0 -DEXP_CORE=0 -DIWORDSIZE=4 -DDWORDSIZE=8 -DRWORDSIZE=4 -DLWORDSIZE=4 -DNONSTANDARD_SYSTEM_FUNC  -DWRF_USE_CLM  -DDM_PARALLEL -DNETCDF -DMOVE_NESTS -DUSE_ALLOCATABLES -DGRIB1 -DINTIO -DKEEP_INT_AROUND -DLIMIT_ARGS -DCONFIG_BUF_LEN=65536 -DMAX_DOMAINS_F=21 -DMAX_HISTORY=25 -DNMM_NEST=0  -I. -traditional-cpp   module_mp_HWRF.G  > module_mp_HWRF.H
sed -e "s/gridmu/grid%mu/g" -e "s/gridMu/grid%Mu/g" module_mp_HWRF.H > module_mp_HWRF.bb
/glade/work/nystrom/Code/WRFDA/WRFV3_3.9.1_preset_moves_sfc_coeff_param_estim/tools/standard.exe module_mp_HWRF.bb | /lib/cpp -P -nostdinc -traditional-cpp > module_mp_HWRF.f90
rm -f module_mp_HWRF.G module_mp_HWRF.H module_mp_HWRF.bb
time mpif90 -f90=ifort -o module_mp_HWRF.o -c -O3 -ip -fp-model precise -w -ftz -align all -fno-alias -FR -convert big_endian    -I../dyn_em -I../dyn_nmm   -I/glade/work/nystrom/Code/WRFDA/WRFV3_3.9.1_preset_moves_sfc_coeff_param_estim/external/esmf_time_f90  -I/glade/work/nystrom/Code/WRFDA/WRFV3_3.9.1_preset_moves_sfc_coeff_param_estim/main -I/glade/work/nystrom/Code/WRFDA/WRFV3_3.9.1_preset_moves_sfc_coeff_param_estim/external/io_netcdf -I/glade/work/nystrom/Code/WRFDA/WRFV3_3.9.1_preset_moves_sfc_coeff_param_estim/external/io_int -I/glade/work/nystrom/Code/WRFDA/WRFV3_3.9.1_preset_moves_sfc_coeff_param_estim/frame -I/glade/work/nystrom/Code/WRFDA/WRFV3_3.9.1_preset_moves_sfc_coeff_param_estim/share -I/glade/work/nystrom/Code/WRFDA/WRFV3_3.9.1_preset_moves_sfc_coeff_param_estim/phys -I/glade/work/nystrom/Code/WRFDA/WRFV3_3.9.1_preset_moves_sfc_coeff_param_estim/chem -I/glade/work/nystrom/Code/WRFDA/WRFV3_3.9.1_preset_moves_sfc_coeff_param_estim/inc -I/glade/u/apps/ch/opt/netcdf/4.7.3/intel/19.0.5//include  -real-size `expr 8 \* 4` -i4  module_mp_HWRF.f90

real	0m2.364s
user	0m2.120s
sys	0m0.119s
rm -f module_ra_hs.o
sed -e "s/grid%mu/gridmu/g" -e "s/grid%Mu/gridMu/g" -e "s/^\!.*'.*//" -e "s/^ *\!.*'.*//" module_ra_hs.F > module_ra_hs.G
/lib/cpp -P -nostdinc -I/glade/work/nystrom/Code/WRFDA/WRFV3_3.9.1_preset_moves_sfc_coeff_param_estim/inc -DEM_CORE=1 -DNMM_CORE=0 -DNMM_MAX_DIM=2600 -DCOAMPS_CORE=0 -DDA_CORE=0 -DEXP_CORE=0 -DIWORDSIZE=4 -DDWORDSIZE=8 -DRWORDSIZE=4 -DLWORDSIZE=4 -DNONSTANDARD_SYSTEM_FUNC  -DWRF_USE_CLM  -DDM_PARALLEL -DNETCDF -DMOVE_NESTS -DUSE_ALLOCATABLES -DGRIB1 -DINTIO -DKEEP_INT_AROUND -DLIMIT_ARGS -DCONFIG_BUF_LEN=65536 -DMAX_DOMAINS_F=21 -DMAX_HISTORY=25 -DNMM_NEST=0  -I. -traditional-cpp   module_ra_hs.G  > module_ra_hs.H
sed -e "s/gridmu/grid%mu/g" -e "s/gridMu/grid%Mu/g" module_ra_hs.H > module_ra_hs.bb
/glade/work/nystrom/Code/WRFDA/WRFV3_3.9.1_preset_moves_sfc_coeff_param_estim/tools/standard.exe module_ra_hs.bb | /lib/cpp -P -nostdinc -traditional-cpp > module_ra_hs.f90
rm -f module_ra_hs.G module_ra_hs.H module_ra_hs.bb
time mpif90 -f90=ifort -o module_ra_hs.o -c -O3 -ip -fp-model precise -w -ftz -align all -fno-alias -FR -convert big_endian    -I../dyn_em -I../dyn_nmm   -I/glade/work/nystrom/Code/WRFDA/WRFV3_3.9.1_preset_moves_sfc_coeff_param_estim/external/esmf_time_f90  -I/glade/work/nystrom/Code/WRFDA/WRFV3_3.9.1_preset_moves_sfc_coeff_param_estim/main -I/glade/work/nystrom/Code/WRFDA/WRFV3_3.9.1_preset_moves_sfc_coeff_param_estim/external/io_netcdf -I/glade/work/nystrom/Code/WRFDA/WRFV3_3.9.1_preset_moves_sfc_coeff_param_estim/external/io_int -I/glade/work/nystrom/Code/WRFDA/WRFV3_3.9.1_preset_moves_sfc_coeff_param_estim/frame -I/glade/work/nystrom/Code/WRFDA/WRFV3_3.9.1_preset_moves_sfc_coeff_param_estim/share -I/glade/work/nystrom/Code/WRFDA/WRFV3_3.9.1_preset_moves_sfc_coeff_param_estim/phys -I/glade/work/nystrom/Code/WRFDA/WRFV3_3.9.1_preset_moves_sfc_coeff_param_estim/chem -I/glade/work/nystrom/Code/WRFDA/WRFV3_3.9.1_preset_moves_sfc_coeff_param_estim/inc -I/glade/u/apps/ch/opt/netcdf/4.7.3/intel/19.0.5//include  -real-size `expr 8 \* 4` -i4  module_ra_hs.f90

real	0m0.306s
user	0m0.117s
sys	0m0.065s
rm -f module_ra_goddard.o
sed -e "s/grid%mu/gridmu/g" -e "s/grid%Mu/gridMu/g" -e "s/^\!.*'.*//" -e "s/^ *\!.*'.*//" module_ra_goddard.F > module_ra_goddard.G

real	0m2.112s
user	0m1.888s
sys	0m0.101s
rm -f module_ra_flg.o
sed -e "s/grid%mu/gridmu/g" -e "s/grid%Mu/gridMu/g" -e "s/^\!.*'.*//" -e "s/^ *\!.*'.*//" module_ra_flg.F > module_ra_flg.G
/lib/cpp -P -nostdinc -I/glade/work/nystrom/Code/WRFDA/WRFV3_3.9.1_preset_moves_sfc_coeff_param_estim/inc -DEM_CORE=1 -DNMM_CORE=0 -DNMM_MAX_DIM=2600 -DCOAMPS_CORE=0 -DDA_CORE=0 -DEXP_CORE=0 -DIWORDSIZE=4 -DDWORDSIZE=8 -DRWORDSIZE=4 -DLWORDSIZE=4 -DNONSTANDARD_SYSTEM_FUNC  -DWRF_USE_CLM  -DDM_PARALLEL -DNETCDF -DMOVE_NESTS -DUSE_ALLOCATABLES -DGRIB1 -DINTIO -DKEEP_INT_AROUND -DLIMIT_ARGS -DCONFIG_BUF_LEN=65536 -DMAX_DOMAINS_F=21 -DMAX_HISTORY=25 -DNMM_NEST=0  -I. -traditional-cpp   module_ra_goddard.G  > module_ra_goddard.H
/lib/cpp -P -nostdinc -I/glade/work/nystrom/Code/WRFDA/WRFV3_3.9.1_preset_moves_sfc_coeff_param_estim/inc -DEM_CORE=1 -DNMM_CORE=0 -DNMM_MAX_DIM=2600 -DCOAMPS_CORE=0 -DDA_CORE=0 -DEXP_CORE=0 -DIWORDSIZE=4 -DDWORDSIZE=8 -DRWORDSIZE=4 -DLWORDSIZE=4 -DNONSTANDARD_SYSTEM_FUNC  -DWRF_USE_CLM  -DDM_PARALLEL -DNETCDF -DMOVE_NESTS -DUSE_ALLOCATABLES -DGRIB1 -DINTIO -DKEEP_INT_AROUND -DLIMIT_ARGS -DCONFIG_BUF_LEN=65536 -DMAX_DOMAINS_F=21 -DMAX_HISTORY=25 -DNMM_NEST=0  -I. -traditional-cpp   module_ra_flg.G  > module_ra_flg.H
sed -e "s/gridmu/grid%mu/g" -e "s/gridMu/grid%Mu/g" module_ra_goddard.H > module_ra_goddard.bb
/glade/work/nystrom/Code/WRFDA/WRFV3_3.9.1_preset_moves_sfc_coeff_param_estim/tools/standard.exe module_ra_goddard.bb | /lib/cpp -P -nostdinc -traditional-cpp > module_ra_goddard.f90
sed -e "s/gridmu/grid%mu/g" -e "s/gridMu/grid%Mu/g" module_ra_flg.H > module_ra_flg.bb
/glade/work/nystrom/Code/WRFDA/WRFV3_3.9.1_preset_moves_sfc_coeff_param_estim/tools/standard.exe module_ra_flg.bb | /lib/cpp -P -nostdinc -traditional-cpp > module_ra_flg.f90
rm -f module_ra_goddard.G module_ra_goddard.H module_ra_goddard.bb
time mpif90 -f90=ifort -o module_ra_goddard.o -c -O3 -ip -fp-model precise -w -ftz -align all -fno-alias -FR -convert big_endian    -I../dyn_em -I../dyn_nmm   -I/glade/work/nystrom/Code/WRFDA/WRFV3_3.9.1_preset_moves_sfc_coeff_param_estim/external/esmf_time_f90  -I/glade/work/nystrom/Code/WRFDA/WRFV3_3.9.1_preset_moves_sfc_coeff_param_estim/main -I/glade/work/nystrom/Code/WRFDA/WRFV3_3.9.1_preset_moves_sfc_coeff_param_estim/external/io_netcdf -I/glade/work/nystrom/Code/WRFDA/WRFV3_3.9.1_preset_moves_sfc_coeff_param_estim/external/io_int -I/glade/work/nystrom/Code/WRFDA/WRFV3_3.9.1_preset_moves_sfc_coeff_param_estim/frame -I/glade/work/nystrom/Code/WRFDA/WRFV3_3.9.1_preset_moves_sfc_coeff_param_estim/share -I/glade/work/nystrom/Code/WRFDA/WRFV3_3.9.1_preset_moves_sfc_coeff_param_estim/phys -I/glade/work/nystrom/Code/WRFDA/WRFV3_3.9.1_preset_moves_sfc_coeff_param_estim/chem -I/glade/work/nystrom/Code/WRFDA/WRFV3_3.9.1_preset_moves_sfc_coeff_param_estim/inc -I/glade/u/apps/ch/opt/netcdf/4.7.3/intel/19.0.5//include  -real-size `expr 8 \* 4` -i4  module_ra_goddard.f90
rm -f module_ra_flg.G module_ra_flg.H module_ra_flg.bb
time mpif90 -f90=ifort -o module_ra_flg.o -c -O3 -ip -fp-model precise -w -ftz -align all -fno-alias -FR -convert big_endian    -I../dyn_em -I../dyn_nmm   -I/glade/work/nystrom/Code/WRFDA/WRFV3_3.9.1_preset_moves_sfc_coeff_param_estim/external/esmf_time_f90  -I/glade/work/nystrom/Code/WRFDA/WRFV3_3.9.1_preset_moves_sfc_coeff_param_estim/main -I/glade/work/nystrom/Code/WRFDA/WRFV3_3.9.1_preset_moves_sfc_coeff_param_estim/external/io_netcdf -I/glade/work/nystrom/Code/WRFDA/WRFV3_3.9.1_preset_moves_sfc_coeff_param_estim/external/io_int -I/glade/work/nystrom/Code/WRFDA/WRFV3_3.9.1_preset_moves_sfc_coeff_param_estim/frame -I/glade/work/nystrom/Code/WRFDA/WRFV3_3.9.1_preset_moves_sfc_coeff_param_estim/share -I/glade/work/nystrom/Code/WRFDA/WRFV3_3.9.1_preset_moves_sfc_coeff_param_estim/phys -I/glade/work/nystrom/Code/WRFDA/WRFV3_3.9.1_preset_moves_sfc_coeff_param_estim/chem -I/glade/work/nystrom/Code/WRFDA/WRFV3_3.9.1_preset_moves_sfc_coeff_param_estim/inc -I/glade/u/apps/ch/opt/netcdf/4.7.3/intel/19.0.5//include  -real-size `expr 8 \* 4` -i4  module_ra_flg.f90

real	0m8.914s
user	0m8.516s
sys	0m0.250s
rm -f module_ra_aerosol.o
sed -e "s/grid%mu/gridmu/g" -e "s/grid%Mu/gridMu/g" -e "s/^\!.*'.*//" -e "s/^ *\!.*'.*//" module_ra_aerosol.F > module_ra_aerosol.G
/lib/cpp -P -nostdinc -I/glade/work/nystrom/Code/WRFDA/WRFV3_3.9.1_preset_moves_sfc_coeff_param_estim/inc -DEM_CORE=1 -DNMM_CORE=0 -DNMM_MAX_DIM=2600 -DCOAMPS_CORE=0 -DDA_CORE=0 -DEXP_CORE=0 -DIWORDSIZE=4 -DDWORDSIZE=8 -DRWORDSIZE=4 -DLWORDSIZE=4 -DNONSTANDARD_SYSTEM_FUNC  -DWRF_USE_CLM  -DDM_PARALLEL -DNETCDF -DMOVE_NESTS -DUSE_ALLOCATABLES -DGRIB1 -DINTIO -DKEEP_INT_AROUND -DLIMIT_ARGS -DCONFIG_BUF_LEN=65536 -DMAX_DOMAINS_F=21 -DMAX_HISTORY=25 -DNMM_NEST=0  -I. -traditional-cpp   module_ra_aerosol.G  > module_ra_aerosol.H
sed -e "s/gridmu/grid%mu/g" -e "s/gridMu/grid%Mu/g" module_ra_aerosol.H > module_ra_aerosol.bb
/glade/work/nystrom/Code/WRFDA/WRFV3_3.9.1_preset_moves_sfc_coeff_param_estim/tools/standard.exe module_ra_aerosol.bb | /lib/cpp -P -nostdinc -traditional-cpp > module_ra_aerosol.f90
rm -f module_ra_aerosol.G module_ra_aerosol.H module_ra_aerosol.bb
time mpif90 -f90=ifort -o module_ra_aerosol.o -c -O3 -ip -fp-model precise -w -ftz -align all -fno-alias -FR -convert big_endian    -I../dyn_em -I../dyn_nmm   -I/glade/work/nystrom/Code/WRFDA/WRFV3_3.9.1_preset_moves_sfc_coeff_param_estim/external/esmf_time_f90  -I/glade/work/nystrom/Code/WRFDA/WRFV3_3.9.1_preset_moves_sfc_coeff_param_estim/main -I/glade/work/nystrom/Code/WRFDA/WRFV3_3.9.1_preset_moves_sfc_coeff_param_estim/external/io_netcdf -I/glade/work/nystrom/Code/WRFDA/WRFV3_3.9.1_preset_moves_sfc_coeff_param_estim/external/io_int -I/glade/work/nystrom/Code/WRFDA/WRFV3_3.9.1_preset_moves_sfc_coeff_param_estim/frame -I/glade/work/nystrom/Code/WRFDA/WRFV3_3.9.1_preset_moves_sfc_coeff_param_estim/share -I/glade/work/nystrom/Code/WRFDA/WRFV3_3.9.1_preset_moves_sfc_coeff_param_estim/phys -I/glade/work/nystrom/Code/WRFDA/WRFV3_3.9.1_preset_moves_sfc_coeff_param_estim/chem -I/glade/work/nystrom/Code/WRFDA/WRFV3_3.9.1_preset_moves_sfc_coeff_param_estim/inc -I/glade/u/apps/ch/opt/netcdf/4.7.3/intel/19.0.5//include  -real-size `expr 8 \* 4` -i4  module_ra_aerosol.f90

real	0m3.550s
user	0m3.292s
sys	0m0.138s
rm -f module_mp_radar.o
sed -e "s/grid%mu/gridmu/g" -e "s/grid%Mu/gridMu/g" -e "s/^\!.*'.*//" -e "s/^ *\!.*'.*//" module_mp_radar.F > module_mp_radar.G
/lib/cpp -P -nostdinc -I/glade/work/nystrom/Code/WRFDA/WRFV3_3.9.1_preset_moves_sfc_coeff_param_estim/inc -DEM_CORE=1 -DNMM_CORE=0 -DNMM_MAX_DIM=2600 -DCOAMPS_CORE=0 -DDA_CORE=0 -DEXP_CORE=0 -DIWORDSIZE=4 -DDWORDSIZE=8 -DRWORDSIZE=4 -DLWORDSIZE=4 -DNONSTANDARD_SYSTEM_FUNC  -DWRF_USE_CLM  -DDM_PARALLEL -DNETCDF -DMOVE_NESTS -DUSE_ALLOCATABLES -DGRIB1 -DINTIO -DKEEP_INT_AROUND -DLIMIT_ARGS -DCONFIG_BUF_LEN=65536 -DMAX_DOMAINS_F=21 -DMAX_HISTORY=25 -DNMM_NEST=0  -I. -traditional-cpp   module_mp_radar.G  > module_mp_radar.H
sed -e "s/gridmu/grid%mu/g" -e "s/gridMu/grid%Mu/g" module_mp_radar.H > module_mp_radar.bb
/glade/work/nystrom/Code/WRFDA/WRFV3_3.9.1_preset_moves_sfc_coeff_param_estim/tools/standard.exe module_mp_radar.bb | /lib/cpp -P -nostdinc -traditional-cpp > module_mp_radar.f90
rm -f module_mp_radar.G module_mp_radar.H module_mp_radar.bb
time mpif90 -f90=ifort -o module_mp_radar.o -c -O3 -ip -fp-model precise -w -ftz -align all -fno-alias -FR -convert big_endian    -I../dyn_em -I../dyn_nmm   -I/glade/work/nystrom/Code/WRFDA/WRFV3_3.9.1_preset_moves_sfc_coeff_param_estim/external/esmf_time_f90  -I/glade/work/nystrom/Code/WRFDA/WRFV3_3.9.1_preset_moves_sfc_coeff_param_estim/main -I/glade/work/nystrom/Code/WRFDA/WRFV3_3.9.1_preset_moves_sfc_coeff_param_estim/external/io_netcdf -I/glade/work/nystrom/Code/WRFDA/WRFV3_3.9.1_preset_moves_sfc_coeff_param_estim/external/io_int -I/glade/work/nystrom/Code/WRFDA/WRFV3_3.9.1_preset_moves_sfc_coeff_param_estim/frame -I/glade/work/nystrom/Code/WRFDA/WRFV3_3.9.1_preset_moves_sfc_coeff_param_estim/share -I/glade/work/nystrom/Code/WRFDA/WRFV3_3.9.1_preset_moves_sfc_coeff_param_estim/phys -I/glade/work/nystrom/Code/WRFDA/WRFV3_3.9.1_preset_moves_sfc_coeff_param_estim/chem -I/glade/work/nystrom/Code/WRFDA/WRFV3_3.9.1_preset_moves_sfc_coeff_param_estim/inc -I/glade/u/apps/ch/opt/netcdf/4.7.3/intel/19.0.5//include  -real-size `expr 8 \* 4` -i4  module_mp_radar.f90

real	0m0.632s
user	0m0.430s
sys	0m0.082s
rm -f module_mp_kessler.o
sed -e "s/grid%mu/gridmu/g" -e "s/grid%Mu/gridMu/g" -e "s/^\!.*'.*//" -e "s/^ *\!.*'.*//" module_mp_kessler.F > module_mp_kessler.G
/lib/cpp -P -nostdinc -I/glade/work/nystrom/Code/WRFDA/WRFV3_3.9.1_preset_moves_sfc_coeff_param_estim/inc -DEM_CORE=1 -DNMM_CORE=0 -DNMM_MAX_DIM=2600 -DCOAMPS_CORE=0 -DDA_CORE=0 -DEXP_CORE=0 -DIWORDSIZE=4 -DDWORDSIZE=8 -DRWORDSIZE=4 -DLWORDSIZE=4 -DNONSTANDARD_SYSTEM_FUNC  -DWRF_USE_CLM  -DDM_PARALLEL -DNETCDF -DMOVE_NESTS -DUSE_ALLOCATABLES -DGRIB1 -DINTIO -DKEEP_INT_AROUND -DLIMIT_ARGS -DCONFIG_BUF_LEN=65536 -DMAX_DOMAINS_F=21 -DMAX_HISTORY=25 -DNMM_NEST=0  -I. -traditional-cpp   module_mp_kessler.G  > module_mp_kessler.H
sed -e "s/gridmu/grid%mu/g" -e "s/gridMu/grid%Mu/g" module_mp_kessler.H > module_mp_kessler.bb
/glade/work/nystrom/Code/WRFDA/WRFV3_3.9.1_preset_moves_sfc_coeff_param_estim/tools/standard.exe module_mp_kessler.bb | /lib/cpp -P -nostdinc -traditional-cpp > module_mp_kessler.f90
rm -f module_mp_kessler.G module_mp_kessler.H module_mp_kessler.bb
time mpif90 -f90=ifort -o module_mp_kessler.o -c -O3 -ip -fp-model precise -w -ftz -align all -fno-alias -FR -convert big_endian    -I../dyn_em -I../dyn_nmm   -I/glade/work/nystrom/Code/WRFDA/WRFV3_3.9.1_preset_moves_sfc_coeff_param_estim/external/esmf_time_f90  -I/glade/work/nystrom/Code/WRFDA/WRFV3_3.9.1_preset_moves_sfc_coeff_param_estim/main -I/glade/work/nystrom/Code/WRFDA/WRFV3_3.9.1_preset_moves_sfc_coeff_param_estim/external/io_netcdf -I/glade/work/nystrom/Code/WRFDA/WRFV3_3.9.1_preset_moves_sfc_coeff_param_estim/external/io_int -I/glade/work/nystrom/Code/WRFDA/WRFV3_3.9.1_preset_moves_sfc_coeff_param_estim/frame -I/glade/work/nystrom/Code/WRFDA/WRFV3_3.9.1_preset_moves_sfc_coeff_param_estim/share -I/glade/work/nystrom/Code/WRFDA/WRFV3_3.9.1_preset_moves_sfc_coeff_param_estim/phys -I/glade/work/nystrom/Code/WRFDA/WRFV3_3.9.1_preset_moves_sfc_coeff_param_estim/chem -I/glade/work/nystrom/Code/WRFDA/WRFV3_3.9.1_preset_moves_sfc_coeff_param_estim/inc -I/glade/u/apps/ch/opt/netcdf/4.7.3/intel/19.0.5//include  -real-size `expr 8 \* 4` -i4  module_mp_kessler.f90

real	0m0.473s
user	0m0.249s
sys	0m0.102s
rm -f module_mp_lin.o
sed -e "s/grid%mu/gridmu/g" -e "s/grid%Mu/gridMu/g" -e "s/^\!.*'.*//" -e "s/^ *\!.*'.*//" module_mp_lin.F > module_mp_lin.G
/lib/cpp -P -nostdinc -I/glade/work/nystrom/Code/WRFDA/WRFV3_3.9.1_preset_moves_sfc_coeff_param_estim/inc -DEM_CORE=1 -DNMM_CORE=0 -DNMM_MAX_DIM=2600 -DCOAMPS_CORE=0 -DDA_CORE=0 -DEXP_CORE=0 -DIWORDSIZE=4 -DDWORDSIZE=8 -DRWORDSIZE=4 -DLWORDSIZE=4 -DNONSTANDARD_SYSTEM_FUNC  -DWRF_USE_CLM  -DDM_PARALLEL -DNETCDF -DMOVE_NESTS -DUSE_ALLOCATABLES -DGRIB1 -DINTIO -DKEEP_INT_AROUND -DLIMIT_ARGS -DCONFIG_BUF_LEN=65536 -DMAX_DOMAINS_F=21 -DMAX_HISTORY=25 -DNMM_NEST=0  -I. -traditional-cpp   module_mp_lin.G  > module_mp_lin.H
sed -e "s/gridmu/grid%mu/g" -e "s/gridMu/grid%Mu/g" module_mp_lin.H > module_mp_lin.bb
/glade/work/nystrom/Code/WRFDA/WRFV3_3.9.1_preset_moves_sfc_coeff_param_estim/tools/standard.exe module_mp_lin.bb | /lib/cpp -P -nostdinc -traditional-cpp > module_mp_lin.f90
rm -f module_mp_lin.G module_mp_lin.H module_mp_lin.bb
time mpif90 -f90=ifort -o module_mp_lin.o -c -O3 -ip -fp-model precise -w -ftz -align all -fno-alias -FR -convert big_endian    -I../dyn_em -I../dyn_nmm   -I/glade/work/nystrom/Code/WRFDA/WRFV3_3.9.1_preset_moves_sfc_coeff_param_estim/external/esmf_time_f90  -I/glade/work/nystrom/Code/WRFDA/WRFV3_3.9.1_preset_moves_sfc_coeff_param_estim/main -I/glade/work/nystrom/Code/WRFDA/WRFV3_3.9.1_preset_moves_sfc_coeff_param_estim/external/io_netcdf -I/glade/work/nystrom/Code/WRFDA/WRFV3_3.9.1_preset_moves_sfc_coeff_param_estim/external/io_int -I/glade/work/nystrom/Code/WRFDA/WRFV3_3.9.1_preset_moves_sfc_coeff_param_estim/frame -I/glade/work/nystrom/Code/WRFDA/WRFV3_3.9.1_preset_moves_sfc_coeff_param_estim/share -I/glade/work/nystrom/Code/WRFDA/WRFV3_3.9.1_preset_moves_sfc_coeff_param_estim/phys -I/glade/work/nystrom/Code/WRFDA/WRFV3_3.9.1_preset_moves_sfc_coeff_param_estim/chem -I/glade/work/nystrom/Code/WRFDA/WRFV3_3.9.1_preset_moves_sfc_coeff_param_estim/inc -I/glade/u/apps/ch/opt/netcdf/4.7.3/intel/19.0.5//include  -real-size `expr 8 \* 4` -i4  module_mp_lin.f90

real	0m14.941s
user	0m14.514s
sys	0m0.279s
rm -f module_mp_sbu_ylin.o
sed -e "s/grid%mu/gridmu/g" -e "s/grid%Mu/gridMu/g" -e "s/^\!.*'.*//" -e "s/^ *\!.*'.*//" module_mp_sbu_ylin.F > module_mp_sbu_ylin.G
/lib/cpp -P -nostdinc -I/glade/work/nystrom/Code/WRFDA/WRFV3_3.9.1_preset_moves_sfc_coeff_param_estim/inc -DEM_CORE=1 -DNMM_CORE=0 -DNMM_MAX_DIM=2600 -DCOAMPS_CORE=0 -DDA_CORE=0 -DEXP_CORE=0 -DIWORDSIZE=4 -DDWORDSIZE=8 -DRWORDSIZE=4 -DLWORDSIZE=4 -DNONSTANDARD_SYSTEM_FUNC  -DWRF_USE_CLM  -DDM_PARALLEL -DNETCDF -DMOVE_NESTS -DUSE_ALLOCATABLES -DGRIB1 -DINTIO -DKEEP_INT_AROUND -DLIMIT_ARGS -DCONFIG_BUF_LEN=65536 -DMAX_DOMAINS_F=21 -DMAX_HISTORY=25 -DNMM_NEST=0  -I. -traditional-cpp   module_mp_sbu_ylin.G  > module_mp_sbu_ylin.H
sed -e "s/gridmu/grid%mu/g" -e "s/gridMu/grid%Mu/g" module_mp_sbu_ylin.H > module_mp_sbu_ylin.bb
/glade/work/nystrom/Code/WRFDA/WRFV3_3.9.1_preset_moves_sfc_coeff_param_estim/tools/standard.exe module_mp_sbu_ylin.bb | /lib/cpp -P -nostdinc -traditional-cpp > module_mp_sbu_ylin.f90
rm -f module_mp_sbu_ylin.G module_mp_sbu_ylin.H module_mp_sbu_ylin.bb
time mpif90 -f90=ifort -o module_mp_sbu_ylin.o -c -O3 -ip -fp-model precise -w -ftz -align all -fno-alias -FR -convert big_endian    -I../dyn_em -I../dyn_nmm   -I/glade/work/nystrom/Code/WRFDA/WRFV3_3.9.1_preset_moves_sfc_coeff_param_estim/external/esmf_time_f90  -I/glade/work/nystrom/Code/WRFDA/WRFV3_3.9.1_preset_moves_sfc_coeff_param_estim/main -I/glade/work/nystrom/Code/WRFDA/WRFV3_3.9.1_preset_moves_sfc_coeff_param_estim/external/io_netcdf -I/glade/work/nystrom/Code/WRFDA/WRFV3_3.9.1_preset_moves_sfc_coeff_param_estim/external/io_int -I/glade/work/nystrom/Code/WRFDA/WRFV3_3.9.1_preset_moves_sfc_coeff_param_estim/frame -I/glade/work/nystrom/Code/WRFDA/WRFV3_3.9.1_preset_moves_sfc_coeff_param_estim/share -I/glade/work/nystrom/Code/WRFDA/WRFV3_3.9.1_preset_moves_sfc_coeff_param_estim/phys -I/glade/work/nystrom/Code/WRFDA/WRFV3_3.9.1_preset_moves_sfc_coeff_param_estim/chem -I/glade/work/nystrom/Code/WRFDA/WRFV3_3.9.1_preset_moves_sfc_coeff_param_estim/inc -I/glade/u/apps/ch/opt/netcdf/4.7.3/intel/19.0.5//include  -real-size `expr 8 \* 4` -i4  module_mp_sbu_ylin.f90

real	0m1.848s
user	0m1.625s
sys	0m0.103s
rm -f module_mp_wsm3.o
sed -e "s/grid%mu/gridmu/g" -e "s/grid%Mu/gridMu/g" -e "s/^\!.*'.*//" -e "s/^ *\!.*'.*//" module_mp_wsm3.F > module_mp_wsm3.G
/lib/cpp -P -nostdinc -I/glade/work/nystrom/Code/WRFDA/WRFV3_3.9.1_preset_moves_sfc_coeff_param_estim/inc -DEM_CORE=1 -DNMM_CORE=0 -DNMM_MAX_DIM=2600 -DCOAMPS_CORE=0 -DDA_CORE=0 -DEXP_CORE=0 -DIWORDSIZE=4 -DDWORDSIZE=8 -DRWORDSIZE=4 -DLWORDSIZE=4 -DNONSTANDARD_SYSTEM_FUNC  -DWRF_USE_CLM  -DDM_PARALLEL -DNETCDF -DMOVE_NESTS -DUSE_ALLOCATABLES -DGRIB1 -DINTIO -DKEEP_INT_AROUND -DLIMIT_ARGS -DCONFIG_BUF_LEN=65536 -DMAX_DOMAINS_F=21 -DMAX_HISTORY=25 -DNMM_NEST=0  -I. -traditional-cpp   module_mp_wsm3.G  > module_mp_wsm3.H
sed -e "s/gridmu/grid%mu/g" -e "s/gridMu/grid%Mu/g" module_mp_wsm3.H > module_mp_wsm3.bb
/glade/work/nystrom/Code/WRFDA/WRFV3_3.9.1_preset_moves_sfc_coeff_param_estim/tools/standard.exe module_mp_wsm3.bb | /lib/cpp -P -nostdinc -traditional-cpp > module_mp_wsm3.f90
rm -f module_mp_wsm3.G module_mp_wsm3.H module_mp_wsm3.bb
time mpif90 -f90=ifort -o module_mp_wsm3.o -c -O3 -ip -fp-model precise -w -ftz -align all -fno-alias -FR -convert big_endian    -I../dyn_em -I../dyn_nmm   -I/glade/work/nystrom/Code/WRFDA/WRFV3_3.9.1_preset_moves_sfc_coeff_param_estim/external/esmf_time_f90  -I/glade/work/nystrom/Code/WRFDA/WRFV3_3.9.1_preset_moves_sfc_coeff_param_estim/main -I/glade/work/nystrom/Code/WRFDA/WRFV3_3.9.1_preset_moves_sfc_coeff_param_estim/external/io_netcdf -I/glade/work/nystrom/Code/WRFDA/WRFV3_3.9.1_preset_moves_sfc_coeff_param_estim/external/io_int -I/glade/work/nystrom/Code/WRFDA/WRFV3_3.9.1_preset_moves_sfc_coeff_param_estim/frame -I/glade/work/nystrom/Code/WRFDA/WRFV3_3.9.1_preset_moves_sfc_coeff_param_estim/share -I/glade/work/nystrom/Code/WRFDA/WRFV3_3.9.1_preset_moves_sfc_coeff_param_estim/phys -I/glade/work/nystrom/Code/WRFDA/WRFV3_3.9.1_preset_moves_sfc_coeff_param_estim/chem -I/glade/work/nystrom/Code/WRFDA/WRFV3_3.9.1_preset_moves_sfc_coeff_param_estim/inc -I/glade/u/apps/ch/opt/netcdf/4.7.3/intel/19.0.5//include  -real-size `expr 8 \* 4` -i4  module_mp_wsm3.f90

real	0m3.640s
user	0m3.208s
sys	0m0.160s
rm -f module_mp_wsm5.o
sed -e "s/grid%mu/gridmu/g" -e "s/grid%Mu/gridMu/g" -e "s/^\!.*'.*//" -e "s/^ *\!.*'.*//" module_mp_wsm5.F > module_mp_wsm5.G
/lib/cpp -P -nostdinc -I/glade/work/nystrom/Code/WRFDA/WRFV3_3.9.1_preset_moves_sfc_coeff_param_estim/inc -DEM_CORE=1 -DNMM_CORE=0 -DNMM_MAX_DIM=2600 -DCOAMPS_CORE=0 -DDA_CORE=0 -DEXP_CORE=0 -DIWORDSIZE=4 -DDWORDSIZE=8 -DRWORDSIZE=4 -DLWORDSIZE=4 -DNONSTANDARD_SYSTEM_FUNC  -DWRF_USE_CLM  -DDM_PARALLEL -DNETCDF -DMOVE_NESTS -DUSE_ALLOCATABLES -DGRIB1 -DINTIO -DKEEP_INT_AROUND -DLIMIT_ARGS -DCONFIG_BUF_LEN=65536 -DMAX_DOMAINS_F=21 -DMAX_HISTORY=25 -DNMM_NEST=0  -I. -traditional-cpp   module_mp_wsm5.G  > module_mp_wsm5.H
sed -e "s/gridmu/grid%mu/g" -e "s/gridMu/grid%Mu/g" module_mp_wsm5.H > module_mp_wsm5.bb
/glade/work/nystrom/Code/WRFDA/WRFV3_3.9.1_preset_moves_sfc_coeff_param_estim/tools/standard.exe module_mp_wsm5.bb | /lib/cpp -P -nostdinc -traditional-cpp > module_mp_wsm5.f90
rm -f module_mp_wsm5.G module_mp_wsm5.H module_mp_wsm5.bb
time mpif90 -f90=ifort -o module_mp_wsm5.o -c -O3 -ip -fp-model precise -w -ftz -align all -fno-alias -FR -convert big_endian    -I../dyn_em -I../dyn_nmm   -I/glade/work/nystrom/Code/WRFDA/WRFV3_3.9.1_preset_moves_sfc_coeff_param_estim/external/esmf_time_f90  -I/glade/work/nystrom/Code/WRFDA/WRFV3_3.9.1_preset_moves_sfc_coeff_param_estim/main -I/glade/work/nystrom/Code/WRFDA/WRFV3_3.9.1_preset_moves_sfc_coeff_param_estim/external/io_netcdf -I/glade/work/nystrom/Code/WRFDA/WRFV3_3.9.1_preset_moves_sfc_coeff_param_estim/external/io_int -I/glade/work/nystrom/Code/WRFDA/WRFV3_3.9.1_preset_moves_sfc_coeff_param_estim/frame -I/glade/work/nystrom/Code/WRFDA/WRFV3_3.9.1_preset_moves_sfc_coeff_param_estim/share -I/glade/work/nystrom/Code/WRFDA/WRFV3_3.9.1_preset_moves_sfc_coeff_param_estim/phys -I/glade/work/nystrom/Code/WRFDA/WRFV3_3.9.1_preset_moves_sfc_coeff_param_estim/chem -I/glade/work/nystrom/Code/WRFDA/WRFV3_3.9.1_preset_moves_sfc_coeff_param_estim/inc -I/glade/u/apps/ch/opt/netcdf/4.7.3/intel/19.0.5//include  -real-size `expr 8 \* 4` -i4  module_mp_wsm5.f90

real	0m3.269s
user	0m3.010s
sys	0m0.134s
rm -f module_mp_wsm6.o
sed -e "s/grid%mu/gridmu/g" -e "s/grid%Mu/gridMu/g" -e "s/^\!.*'.*//" -e "s/^ *\!.*'.*//" module_mp_wsm6.F > module_mp_wsm6.G
/lib/cpp -P -nostdinc -I/glade/work/nystrom/Code/WRFDA/WRFV3_3.9.1_preset_moves_sfc_coeff_param_estim/inc -DEM_CORE=1 -DNMM_CORE=0 -DNMM_MAX_DIM=2600 -DCOAMPS_CORE=0 -DDA_CORE=0 -DEXP_CORE=0 -DIWORDSIZE=4 -DDWORDSIZE=8 -DRWORDSIZE=4 -DLWORDSIZE=4 -DNONSTANDARD_SYSTEM_FUNC  -DWRF_USE_CLM  -DDM_PARALLEL -DNETCDF -DMOVE_NESTS -DUSE_ALLOCATABLES -DGRIB1 -DINTIO -DKEEP_INT_AROUND -DLIMIT_ARGS -DCONFIG_BUF_LEN=65536 -DMAX_DOMAINS_F=21 -DMAX_HISTORY=25 -DNMM_NEST=0  -I. -traditional-cpp   module_mp_wsm6.G  > module_mp_wsm6.H
sed -e "s/gridmu/grid%mu/g" -e "s/gridMu/grid%Mu/g" module_mp_wsm6.H > module_mp_wsm6.bb
/glade/work/nystrom/Code/WRFDA/WRFV3_3.9.1_preset_moves_sfc_coeff_param_estim/tools/standard.exe module_mp_wsm6.bb | /lib/cpp -P -nostdinc -traditional-cpp > module_mp_wsm6.f90
rm -f module_mp_wsm6.G module_mp_wsm6.H module_mp_wsm6.bb
time mpif90 -f90=ifort -o module_mp_wsm6.o -c -O3 -ip -fp-model precise -w -ftz -align all -fno-alias -FR -convert big_endian    -I../dyn_em -I../dyn_nmm   -I/glade/work/nystrom/Code/WRFDA/WRFV3_3.9.1_preset_moves_sfc_coeff_param_estim/external/esmf_time_f90  -I/glade/work/nystrom/Code/WRFDA/WRFV3_3.9.1_preset_moves_sfc_coeff_param_estim/main -I/glade/work/nystrom/Code/WRFDA/WRFV3_3.9.1_preset_moves_sfc_coeff_param_estim/external/io_netcdf -I/glade/work/nystrom/Code/WRFDA/WRFV3_3.9.1_preset_moves_sfc_coeff_param_estim/external/io_int -I/glade/work/nystrom/Code/WRFDA/WRFV3_3.9.1_preset_moves_sfc_coeff_param_estim/frame -I/glade/work/nystrom/Code/WRFDA/WRFV3_3.9.1_preset_moves_sfc_coeff_param_estim/share -I/glade/work/nystrom/Code/WRFDA/WRFV3_3.9.1_preset_moves_sfc_coeff_param_estim/phys -I/glade/work/nystrom/Code/WRFDA/WRFV3_3.9.1_preset_moves_sfc_coeff_param_estim/chem -I/glade/work/nystrom/Code/WRFDA/WRFV3_3.9.1_preset_moves_sfc_coeff_param_estim/inc -I/glade/u/apps/ch/opt/netcdf/4.7.3/intel/19.0.5//include  -real-size `expr 8 \* 4` -i4  module_mp_wsm6.f90

real	0m5.359s
user	0m5.081s
sys	0m0.157s
rm -f module_mp_fer_hires.o
sed -e "s/grid%mu/gridmu/g" -e "s/grid%Mu/gridMu/g" -e "s/^\!.*'.*//" -e "s/^ *\!.*'.*//" module_mp_fer_hires.F > module_mp_fer_hires.G
/lib/cpp -P -nostdinc -I/glade/work/nystrom/Code/WRFDA/WRFV3_3.9.1_preset_moves_sfc_coeff_param_estim/inc -DEM_CORE=1 -DNMM_CORE=0 -DNMM_MAX_DIM=2600 -DCOAMPS_CORE=0 -DDA_CORE=0 -DEXP_CORE=0 -DIWORDSIZE=4 -DDWORDSIZE=8 -DRWORDSIZE=4 -DLWORDSIZE=4 -DNONSTANDARD_SYSTEM_FUNC  -DWRF_USE_CLM  -DDM_PARALLEL -DNETCDF -DMOVE_NESTS -DUSE_ALLOCATABLES -DGRIB1 -DINTIO -DKEEP_INT_AROUND -DLIMIT_ARGS -DCONFIG_BUF_LEN=65536 -DMAX_DOMAINS_F=21 -DMAX_HISTORY=25 -DNMM_NEST=0  -I. -traditional-cpp   module_mp_fer_hires.G  > module_mp_fer_hires.H
sed -e "s/gridmu/grid%mu/g" -e "s/gridMu/grid%Mu/g" module_mp_fer_hires.H > module_mp_fer_hires.bb
/glade/work/nystrom/Code/WRFDA/WRFV3_3.9.1_preset_moves_sfc_coeff_param_estim/tools/standard.exe module_mp_fer_hires.bb | /lib/cpp -P -nostdinc -traditional-cpp > module_mp_fer_hires.f90
rm -f module_mp_fer_hires.G module_mp_fer_hires.H module_mp_fer_hires.bb
time mpif90 -f90=ifort -o module_mp_fer_hires.o -c -O3 -ip -fp-model precise -w -ftz -align all -fno-alias -FR -convert big_endian    -I../dyn_em -I../dyn_nmm   -I/glade/work/nystrom/Code/WRFDA/WRFV3_3.9.1_preset_moves_sfc_coeff_param_estim/external/esmf_time_f90  -I/glade/work/nystrom/Code/WRFDA/WRFV3_3.9.1_preset_moves_sfc_coeff_param_estim/main -I/glade/work/nystrom/Code/WRFDA/WRFV3_3.9.1_preset_moves_sfc_coeff_param_estim/external/io_netcdf -I/glade/work/nystrom/Code/WRFDA/WRFV3_3.9.1_preset_moves_sfc_coeff_param_estim/external/io_int -I/glade/work/nystrom/Code/WRFDA/WRFV3_3.9.1_preset_moves_sfc_coeff_param_estim/frame -I/glade/work/nystrom/Code/WRFDA/WRFV3_3.9.1_preset_moves_sfc_coeff_param_estim/share -I/glade/work/nystrom/Code/WRFDA/WRFV3_3.9.1_preset_moves_sfc_coeff_param_estim/phys -I/glade/work/nystrom/Code/WRFDA/WRFV3_3.9.1_preset_moves_sfc_coeff_param_estim/chem -I/glade/work/nystrom/Code/WRFDA/WRFV3_3.9.1_preset_moves_sfc_coeff_param_estim/inc -I/glade/u/apps/ch/opt/netcdf/4.7.3/intel/19.0.5//include  -real-size `expr 8 \* 4` -i4  module_mp_fer_hires.f90

real	0m2.226s
user	0m2.013s
sys	0m0.096s
rm -f module_mp_full_sbm.o
sed -e "s/grid%mu/gridmu/g" -e "s/grid%Mu/gridMu/g" -e "s/^\!.*'.*//" -e "s/^ *\!.*'.*//" module_mp_full_sbm.F > module_mp_full_sbm.G
/lib/cpp -P -nostdinc -I/glade/work/nystrom/Code/WRFDA/WRFV3_3.9.1_preset_moves_sfc_coeff_param_estim/inc -DEM_CORE=1 -DNMM_CORE=0 -DNMM_MAX_DIM=2600 -DCOAMPS_CORE=0 -DDA_CORE=0 -DEXP_CORE=0 -DIWORDSIZE=4 -DDWORDSIZE=8 -DRWORDSIZE=4 -DLWORDSIZE=4 -DNONSTANDARD_SYSTEM_FUNC  -DWRF_USE_CLM  -DDM_PARALLEL -DNETCDF -DMOVE_NESTS -DUSE_ALLOCATABLES -DGRIB1 -DINTIO -DKEEP_INT_AROUND -DLIMIT_ARGS -DCONFIG_BUF_LEN=65536 -DMAX_DOMAINS_F=21 -DMAX_HISTORY=25 -DNMM_NEST=0  -I. -traditional-cpp   module_mp_full_sbm.G  > module_mp_full_sbm.H
sed -e "s/gridmu/grid%mu/g" -e "s/gridMu/grid%Mu/g" module_mp_full_sbm.H > module_mp_full_sbm.bb
/glade/work/nystrom/Code/WRFDA/WRFV3_3.9.1_preset_moves_sfc_coeff_param_estim/tools/standard.exe module_mp_full_sbm.bb | /lib/cpp -P -nostdinc -traditional-cpp > module_mp_full_sbm.f90
rm -f module_mp_full_sbm.G module_mp_full_sbm.H module_mp_full_sbm.bb
time mpif90 -f90=ifort -o module_mp_full_sbm.o -c -O3 -ip -fp-model precise -w -ftz -align all -fno-alias -FR -convert big_endian    -I../dyn_em -I../dyn_nmm   -I/glade/work/nystrom/Code/WRFDA/WRFV3_3.9.1_preset_moves_sfc_coeff_param_estim/external/esmf_time_f90  -I/glade/work/nystrom/Code/WRFDA/WRFV3_3.9.1_preset_moves_sfc_coeff_param_estim/main -I/glade/work/nystrom/Code/WRFDA/WRFV3_3.9.1_preset_moves_sfc_coeff_param_estim/external/io_netcdf -I/glade/work/nystrom/Code/WRFDA/WRFV3_3.9.1_preset_moves_sfc_coeff_param_estim/external/io_int -I/glade/work/nystrom/Code/WRFDA/WRFV3_3.9.1_preset_moves_sfc_coeff_param_estim/frame -I/glade/work/nystrom/Code/WRFDA/WRFV3_3.9.1_preset_moves_sfc_coeff_param_estim/share -I/glade/work/nystrom/Code/WRFDA/WRFV3_3.9.1_preset_moves_sfc_coeff_param_estim/phys -I/glade/work/nystrom/Code/WRFDA/WRFV3_3.9.1_preset_moves_sfc_coeff_param_estim/chem -I/glade/work/nystrom/Code/WRFDA/WRFV3_3.9.1_preset_moves_sfc_coeff_param_estim/inc -I/glade/u/apps/ch/opt/netcdf/4.7.3/intel/19.0.5//include  -real-size `expr 8 \* 4` -i4  module_mp_full_sbm.f90

real	0m8.784s
user	0m8.453s
sys	0m0.211s
rm -f module_mp_fast_sbm.o
sed -e "s/grid%mu/gridmu/g" -e "s/grid%Mu/gridMu/g" -e "s/^\!.*'.*//" -e "s/^ *\!.*'.*//" module_mp_fast_sbm.F > module_mp_fast_sbm.G
/lib/cpp -P -nostdinc -I/glade/work/nystrom/Code/WRFDA/WRFV3_3.9.1_preset_moves_sfc_coeff_param_estim/inc -DEM_CORE=1 -DNMM_CORE=0 -DNMM_MAX_DIM=2600 -DCOAMPS_CORE=0 -DDA_CORE=0 -DEXP_CORE=0 -DIWORDSIZE=4 -DDWORDSIZE=8 -DRWORDSIZE=4 -DLWORDSIZE=4 -DNONSTANDARD_SYSTEM_FUNC  -DWRF_USE_CLM  -DDM_PARALLEL -DNETCDF -DMOVE_NESTS -DUSE_ALLOCATABLES -DGRIB1 -DINTIO -DKEEP_INT_AROUND -DLIMIT_ARGS -DCONFIG_BUF_LEN=65536 -DMAX_DOMAINS_F=21 -DMAX_HISTORY=25 -DNMM_NEST=0  -I. -traditional-cpp   module_mp_fast_sbm.G  > module_mp_fast_sbm.H
sed -e "s/gridmu/grid%mu/g" -e "s/gridMu/grid%Mu/g" module_mp_fast_sbm.H > module_mp_fast_sbm.bb
/glade/work/nystrom/Code/WRFDA/WRFV3_3.9.1_preset_moves_sfc_coeff_param_estim/tools/standard.exe module_mp_fast_sbm.bb | /lib/cpp -P -nostdinc -traditional-cpp > module_mp_fast_sbm.f90
rm -f module_mp_fast_sbm.G module_mp_fast_sbm.H module_mp_fast_sbm.bb
time mpif90 -f90=ifort -o module_mp_fast_sbm.o -c -O3 -ip -fp-model precise -w -ftz -align all -fno-alias -FR -convert big_endian    -I../dyn_em -I../dyn_nmm   -I/glade/work/nystrom/Code/WRFDA/WRFV3_3.9.1_preset_moves_sfc_coeff_param_estim/external/esmf_time_f90  -I/glade/work/nystrom/Code/WRFDA/WRFV3_3.9.1_preset_moves_sfc_coeff_param_estim/main -I/glade/work/nystrom/Code/WRFDA/WRFV3_3.9.1_preset_moves_sfc_coeff_param_estim/external/io_netcdf -I/glade/work/nystrom/Code/WRFDA/WRFV3_3.9.1_preset_moves_sfc_coeff_param_estim/external/io_int -I/glade/work/nystrom/Code/WRFDA/WRFV3_3.9.1_preset_moves_sfc_coeff_param_estim/frame -I/glade/work/nystrom/Code/WRFDA/WRFV3_3.9.1_preset_moves_sfc_coeff_param_estim/share -I/glade/work/nystrom/Code/WRFDA/WRFV3_3.9.1_preset_moves_sfc_coeff_param_estim/phys -I/glade/work/nystrom/Code/WRFDA/WRFV3_3.9.1_preset_moves_sfc_coeff_param_estim/chem -I/glade/work/nystrom/Code/WRFDA/WRFV3_3.9.1_preset_moves_sfc_coeff_param_estim/inc -I/glade/u/apps/ch/opt/netcdf/4.7.3/intel/19.0.5//include  -real-size `expr 8 \* 4` -i4  module_mp_fast_sbm.f90

real	0m12.278s
user	0m11.993s
sys	0m0.167s
rm -f module_ltng_lpi.o
sed -e "s/grid%mu/gridmu/g" -e "s/grid%Mu/gridMu/g" -e "s/^\!.*'.*//" -e "s/^ *\!.*'.*//" module_ltng_lpi.F > module_ltng_lpi.G
/lib/cpp -P -nostdinc -I/glade/work/nystrom/Code/WRFDA/WRFV3_3.9.1_preset_moves_sfc_coeff_param_estim/inc -DEM_CORE=1 -DNMM_CORE=0 -DNMM_MAX_DIM=2600 -DCOAMPS_CORE=0 -DDA_CORE=0 -DEXP_CORE=0 -DIWORDSIZE=4 -DDWORDSIZE=8 -DRWORDSIZE=4 -DLWORDSIZE=4 -DNONSTANDARD_SYSTEM_FUNC  -DWRF_USE_CLM  -DDM_PARALLEL -DNETCDF -DMOVE_NESTS -DUSE_ALLOCATABLES -DGRIB1 -DINTIO -DKEEP_INT_AROUND -DLIMIT_ARGS -DCONFIG_BUF_LEN=65536 -DMAX_DOMAINS_F=21 -DMAX_HISTORY=25 -DNMM_NEST=0  -I. -traditional-cpp   module_ltng_lpi.G  > module_ltng_lpi.H
sed -e "s/gridmu/grid%mu/g" -e "s/gridMu/grid%Mu/g" module_ltng_lpi.H > module_ltng_lpi.bb
/glade/work/nystrom/Code/WRFDA/WRFV3_3.9.1_preset_moves_sfc_coeff_param_estim/tools/standard.exe module_ltng_lpi.bb | /lib/cpp -P -nostdinc -traditional-cpp > module_ltng_lpi.f90
rm -f module_ltng_lpi.G module_ltng_lpi.H module_ltng_lpi.bb
time mpif90 -f90=ifort -o module_ltng_lpi.o -c -O3 -ip -fp-model precise -w -ftz -align all -fno-alias -FR -convert big_endian    -I../dyn_em -I../dyn_nmm   -I/glade/work/nystrom/Code/WRFDA/WRFV3_3.9.1_preset_moves_sfc_coeff_param_estim/external/esmf_time_f90  -I/glade/work/nystrom/Code/WRFDA/WRFV3_3.9.1_preset_moves_sfc_coeff_param_estim/main -I/glade/work/nystrom/Code/WRFDA/WRFV3_3.9.1_preset_moves_sfc_coeff_param_estim/external/io_netcdf -I/glade/work/nystrom/Code/WRFDA/WRFV3_3.9.1_preset_moves_sfc_coeff_param_estim/external/io_int -I/glade/work/nystrom/Code/WRFDA/WRFV3_3.9.1_preset_moves_sfc_coeff_param_estim/frame -I/glade/work/nystrom/Code/WRFDA/WRFV3_3.9.1_preset_moves_sfc_coeff_param_estim/share -I/glade/work/nystrom/Code/WRFDA/WRFV3_3.9.1_preset_moves_sfc_coeff_param_estim/phys -I/glade/work/nystrom/Code/WRFDA/WRFV3_3.9.1_preset_moves_sfc_coeff_param_estim/chem -I/glade/work/nystrom/Code/WRFDA/WRFV3_3.9.1_preset_moves_sfc_coeff_param_estim/inc -I/glade/u/apps/ch/opt/netcdf/4.7.3/intel/19.0.5//include  -real-size `expr 8 \* 4` -i4  module_ltng_lpi.f90

real	0m0.353s
user	0m0.175s
sys	0m0.064s
rm -f module_mp_gsfcgce.o
sed -e "s/grid%mu/gridmu/g" -e "s/grid%Mu/gridMu/g" -e "s/^\!.*'.*//" -e "s/^ *\!.*'.*//" module_mp_gsfcgce.F > module_mp_gsfcgce.G
/lib/cpp -P -nostdinc -I/glade/work/nystrom/Code/WRFDA/WRFV3_3.9.1_preset_moves_sfc_coeff_param_estim/inc -DEM_CORE=1 -DNMM_CORE=0 -DNMM_MAX_DIM=2600 -DCOAMPS_CORE=0 -DDA_CORE=0 -DEXP_CORE=0 -DIWORDSIZE=4 -DDWORDSIZE=8 -DRWORDSIZE=4 -DLWORDSIZE=4 -DNONSTANDARD_SYSTEM_FUNC  -DWRF_USE_CLM  -DDM_PARALLEL -DNETCDF -DMOVE_NESTS -DUSE_ALLOCATABLES -DGRIB1 -DINTIO -DKEEP_INT_AROUND -DLIMIT_ARGS -DCONFIG_BUF_LEN=65536 -DMAX_DOMAINS_F=21 -DMAX_HISTORY=25 -DNMM_NEST=0  -I. -traditional-cpp   module_mp_gsfcgce.G  > module_mp_gsfcgce.H
sed -e "s/gridmu/grid%mu/g" -e "s/gridMu/grid%Mu/g" module_mp_gsfcgce.H > module_mp_gsfcgce.bb
/glade/work/nystrom/Code/WRFDA/WRFV3_3.9.1_preset_moves_sfc_coeff_param_estim/tools/standard.exe module_mp_gsfcgce.bb | /lib/cpp -P -nostdinc -traditional-cpp > module_mp_gsfcgce.f90
rm -f module_mp_gsfcgce.G module_mp_gsfcgce.H module_mp_gsfcgce.bb
time mpif90 -f90=ifort -o module_mp_gsfcgce.o -c -O3 -ip -fp-model precise -w -ftz -align all -fno-alias -FR -convert big_endian    -I../dyn_em -I../dyn_nmm   -I/glade/work/nystrom/Code/WRFDA/WRFV3_3.9.1_preset_moves_sfc_coeff_param_estim/external/esmf_time_f90  -I/glade/work/nystrom/Code/WRFDA/WRFV3_3.9.1_preset_moves_sfc_coeff_param_estim/main -I/glade/work/nystrom/Code/WRFDA/WRFV3_3.9.1_preset_moves_sfc_coeff_param_estim/external/io_netcdf -I/glade/work/nystrom/Code/WRFDA/WRFV3_3.9.1_preset_moves_sfc_coeff_param_estim/external/io_int -I/glade/work/nystrom/Code/WRFDA/WRFV3_3.9.1_preset_moves_sfc_coeff_param_estim/frame -I/glade/work/nystrom/Code/WRFDA/WRFV3_3.9.1_preset_moves_sfc_coeff_param_estim/share -I/glade/work/nystrom/Code/WRFDA/WRFV3_3.9.1_preset_moves_sfc_coeff_param_estim/phys -I/glade/work/nystrom/Code/WRFDA/WRFV3_3.9.1_preset_moves_sfc_coeff_param_estim/chem -I/glade/work/nystrom/Code/WRFDA/WRFV3_3.9.1_preset_moves_sfc_coeff_param_estim/inc -I/glade/u/apps/ch/opt/netcdf/4.7.3/intel/19.0.5//include  -real-size `expr 8 \* 4` -i4  module_mp_gsfcgce.f90

real	0m17.406s
user	0m17.048s
sys	0m0.241s
rm -f module_mp_morr_two_moment.o
sed -e "s/grid%mu/gridmu/g" -e "s/grid%Mu/gridMu/g" -e "s/^\!.*'.*//" -e "s/^ *\!.*'.*//" module_mp_morr_two_moment.F > module_mp_morr_two_moment.G
/lib/cpp -P -nostdinc -I/glade/work/nystrom/Code/WRFDA/WRFV3_3.9.1_preset_moves_sfc_coeff_param_estim/inc -DEM_CORE=1 -DNMM_CORE=0 -DNMM_MAX_DIM=2600 -DCOAMPS_CORE=0 -DDA_CORE=0 -DEXP_CORE=0 -DIWORDSIZE=4 -DDWORDSIZE=8 -DRWORDSIZE=4 -DLWORDSIZE=4 -DNONSTANDARD_SYSTEM_FUNC  -DWRF_USE_CLM  -DDM_PARALLEL -DNETCDF -DMOVE_NESTS -DUSE_ALLOCATABLES -DGRIB1 -DINTIO -DKEEP_INT_AROUND -DLIMIT_ARGS -DCONFIG_BUF_LEN=65536 -DMAX_DOMAINS_F=21 -DMAX_HISTORY=25 -DNMM_NEST=0  -I. -traditional-cpp   module_mp_morr_two_moment.G  > module_mp_morr_two_moment.H
sed -e "s/gridmu/grid%mu/g" -e "s/gridMu/grid%Mu/g" module_mp_morr_two_moment.H > module_mp_morr_two_moment.bb
/glade/work/nystrom/Code/WRFDA/WRFV3_3.9.1_preset_moves_sfc_coeff_param_estim/tools/standard.exe module_mp_morr_two_moment.bb | /lib/cpp -P -nostdinc -traditional-cpp > module_mp_morr_two_moment.f90
rm -f module_mp_morr_two_moment.G module_mp_morr_two_moment.H module_mp_morr_two_moment.bb
time mpif90 -f90=ifort -o module_mp_morr_two_moment.o -c -O3 -ip -fp-model precise -w -ftz -align all -fno-alias -FR -convert big_endian    -I../dyn_em -I../dyn_nmm   -I/glade/work/nystrom/Code/WRFDA/WRFV3_3.9.1_preset_moves_sfc_coeff_param_estim/external/esmf_time_f90  -I/glade/work/nystrom/Code/WRFDA/WRFV3_3.9.1_preset_moves_sfc_coeff_param_estim/main -I/glade/work/nystrom/Code/WRFDA/WRFV3_3.9.1_preset_moves_sfc_coeff_param_estim/external/io_netcdf -I/glade/work/nystrom/Code/WRFDA/WRFV3_3.9.1_preset_moves_sfc_coeff_param_estim/external/io_int -I/glade/work/nystrom/Code/WRFDA/WRFV3_3.9.1_preset_moves_sfc_coeff_param_estim/frame -I/glade/work/nystrom/Code/WRFDA/WRFV3_3.9.1_preset_moves_sfc_coeff_param_estim/share -I/glade/work/nystrom/Code/WRFDA/WRFV3_3.9.1_preset_moves_sfc_coeff_param_estim/phys -I/glade/work/nystrom/Code/WRFDA/WRFV3_3.9.1_preset_moves_sfc_coeff_param_estim/chem -I/glade/work/nystrom/Code/WRFDA/WRFV3_3.9.1_preset_moves_sfc_coeff_param_estim/inc -I/glade/u/apps/ch/opt/netcdf/4.7.3/intel/19.0.5//include  -real-size `expr 8 \* 4` -i4  module_mp_morr_two_moment.f90

real	0m5.300s
user	0m4.938s
sys	0m0.200s
rm -f module_mp_p3.o
sed -e "s/grid%mu/gridmu/g" -e "s/grid%Mu/gridMu/g" -e "s/^\!.*'.*//" -e "s/^ *\!.*'.*//" module_mp_p3.F > module_mp_p3.G
/lib/cpp -P -nostdinc -I/glade/work/nystrom/Code/WRFDA/WRFV3_3.9.1_preset_moves_sfc_coeff_param_estim/inc -DEM_CORE=1 -DNMM_CORE=0 -DNMM_MAX_DIM=2600 -DCOAMPS_CORE=0 -DDA_CORE=0 -DEXP_CORE=0 -DIWORDSIZE=4 -DDWORDSIZE=8 -DRWORDSIZE=4 -DLWORDSIZE=4 -DNONSTANDARD_SYSTEM_FUNC  -DWRF_USE_CLM  -DDM_PARALLEL -DNETCDF -DMOVE_NESTS -DUSE_ALLOCATABLES -DGRIB1 -DINTIO -DKEEP_INT_AROUND -DLIMIT_ARGS -DCONFIG_BUF_LEN=65536 -DMAX_DOMAINS_F=21 -DMAX_HISTORY=25 -DNMM_NEST=0  -I. -traditional-cpp   module_mp_p3.G  > module_mp_p3.H
sed -e "s/gridmu/grid%mu/g" -e "s/gridMu/grid%Mu/g" module_mp_p3.H > module_mp_p3.bb
/glade/work/nystrom/Code/WRFDA/WRFV3_3.9.1_preset_moves_sfc_coeff_param_estim/tools/standard.exe module_mp_p3.bb | /lib/cpp -P -nostdinc -traditional-cpp > module_mp_p3.f90
rm -f module_mp_p3.G module_mp_p3.H module_mp_p3.bb
time mpif90 -f90=ifort -o module_mp_p3.o -c -O3 -ip -fp-model precise -w -ftz -align all -fno-alias -FR -convert big_endian    -I../dyn_em -I../dyn_nmm   -I/glade/work/nystrom/Code/WRFDA/WRFV3_3.9.1_preset_moves_sfc_coeff_param_estim/external/esmf_time_f90  -I/glade/work/nystrom/Code/WRFDA/WRFV3_3.9.1_preset_moves_sfc_coeff_param_estim/main -I/glade/work/nystrom/Code/WRFDA/WRFV3_3.9.1_preset_moves_sfc_coeff_param_estim/external/io_netcdf -I/glade/work/nystrom/Code/WRFDA/WRFV3_3.9.1_preset_moves_sfc_coeff_param_estim/external/io_int -I/glade/work/nystrom/Code/WRFDA/WRFV3_3.9.1_preset_moves_sfc_coeff_param_estim/frame -I/glade/work/nystrom/Code/WRFDA/WRFV3_3.9.1_preset_moves_sfc_coeff_param_estim/share -I/glade/work/nystrom/Code/WRFDA/WRFV3_3.9.1_preset_moves_sfc_coeff_param_estim/phys -I/glade/work/nystrom/Code/WRFDA/WRFV3_3.9.1_preset_moves_sfc_coeff_param_estim/chem -I/glade/work/nystrom/Code/WRFDA/WRFV3_3.9.1_preset_moves_sfc_coeff_param_estim/inc -I/glade/u/apps/ch/opt/netcdf/4.7.3/intel/19.0.5//include  -real-size `expr 8 \* 4` -i4  module_mp_p3.f90

real	0m7.607s
user	0m7.183s
sys	0m0.301s
rm -f module_mp_milbrandt2mom.o
sed -e "s/grid%mu/gridmu/g" -e "s/grid%Mu/gridMu/g" -e "s/^\!.*'.*//" -e "s/^ *\!.*'.*//" module_mp_milbrandt2mom.F > module_mp_milbrandt2mom.G
/lib/cpp -P -nostdinc -I/glade/work/nystrom/Code/WRFDA/WRFV3_3.9.1_preset_moves_sfc_coeff_param_estim/inc -DEM_CORE=1 -DNMM_CORE=0 -DNMM_MAX_DIM=2600 -DCOAMPS_CORE=0 -DDA_CORE=0 -DEXP_CORE=0 -DIWORDSIZE=4 -DDWORDSIZE=8 -DRWORDSIZE=4 -DLWORDSIZE=4 -DNONSTANDARD_SYSTEM_FUNC  -DWRF_USE_CLM  -DDM_PARALLEL -DNETCDF -DMOVE_NESTS -DUSE_ALLOCATABLES -DGRIB1 -DINTIO -DKEEP_INT_AROUND -DLIMIT_ARGS -DCONFIG_BUF_LEN=65536 -DMAX_DOMAINS_F=21 -DMAX_HISTORY=25 -DNMM_NEST=0  -I. -traditional-cpp   module_mp_milbrandt2mom.G  > module_mp_milbrandt2mom.H
sed -e "s/gridmu/grid%mu/g" -e "s/gridMu/grid%Mu/g" module_mp_milbrandt2mom.H > module_mp_milbrandt2mom.bb
/glade/work/nystrom/Code/WRFDA/WRFV3_3.9.1_preset_moves_sfc_coeff_param_estim/tools/standard.exe module_mp_milbrandt2mom.bb | /lib/cpp -P -nostdinc -traditional-cpp > module_mp_milbrandt2mom.f90
rm -f module_mp_milbrandt2mom.G module_mp_milbrandt2mom.H module_mp_milbrandt2mom.bb
time mpif90 -f90=ifort -o module_mp_milbrandt2mom.o -c -O3 -ip -fp-model precise -w -ftz -align all -fno-alias -FR -convert big_endian    -I../dyn_em -I../dyn_nmm   -I/glade/work/nystrom/Code/WRFDA/WRFV3_3.9.1_preset_moves_sfc_coeff_param_estim/external/esmf_time_f90  -I/glade/work/nystrom/Code/WRFDA/WRFV3_3.9.1_preset_moves_sfc_coeff_param_estim/main -I/glade/work/nystrom/Code/WRFDA/WRFV3_3.9.1_preset_moves_sfc_coeff_param_estim/external/io_netcdf -I/glade/work/nystrom/Code/WRFDA/WRFV3_3.9.1_preset_moves_sfc_coeff_param_estim/external/io_int -I/glade/work/nystrom/Code/WRFDA/WRFV3_3.9.1_preset_moves_sfc_coeff_param_estim/frame -I/glade/work/nystrom/Code/WRFDA/WRFV3_3.9.1_preset_moves_sfc_coeff_param_estim/share -I/glade/work/nystrom/Code/WRFDA/WRFV3_3.9.1_preset_moves_sfc_coeff_param_estim/phys -I/glade/work/nystrom/Code/WRFDA/WRFV3_3.9.1_preset_moves_sfc_coeff_param_estim/chem -I/glade/work/nystrom/Code/WRFDA/WRFV3_3.9.1_preset_moves_sfc_coeff_param_estim/inc -I/glade/u/apps/ch/opt/netcdf/4.7.3/intel/19.0.5//include  -real-size `expr 8 \* 4` -i4  module_mp_milbrandt2mom.f90

real	0m11.559s
user	0m11.184s
sys	0m0.230s
rm -f module_mp_nssl_2mom.o
sed -e "s/grid%mu/gridmu/g" -e "s/grid%Mu/gridMu/g" -e "s/^\!.*'.*//" -e "s/^ *\!.*'.*//" module_mp_nssl_2mom.F > module_mp_nssl_2mom.G
/lib/cpp -P -nostdinc -I/glade/work/nystrom/Code/WRFDA/WRFV3_3.9.1_preset_moves_sfc_coeff_param_estim/inc -DEM_CORE=1 -DNMM_CORE=0 -DNMM_MAX_DIM=2600 -DCOAMPS_CORE=0 -DDA_CORE=0 -DEXP_CORE=0 -DIWORDSIZE=4 -DDWORDSIZE=8 -DRWORDSIZE=4 -DLWORDSIZE=4 -DNONSTANDARD_SYSTEM_FUNC  -DWRF_USE_CLM  -DDM_PARALLEL -DNETCDF -DMOVE_NESTS -DUSE_ALLOCATABLES -DGRIB1 -DINTIO -DKEEP_INT_AROUND -DLIMIT_ARGS -DCONFIG_BUF_LEN=65536 -DMAX_DOMAINS_F=21 -DMAX_HISTORY=25 -DNMM_NEST=0  -I. -traditional-cpp   module_mp_nssl_2mom.G  > module_mp_nssl_2mom.H
sed -e "s/gridmu/grid%mu/g" -e "s/gridMu/grid%Mu/g" module_mp_nssl_2mom.H > module_mp_nssl_2mom.bb
/glade/work/nystrom/Code/WRFDA/WRFV3_3.9.1_preset_moves_sfc_coeff_param_estim/tools/standard.exe module_mp_nssl_2mom.bb | /lib/cpp -P -nostdinc -traditional-cpp > module_mp_nssl_2mom.f90
rm -f module_mp_nssl_2mom.G module_mp_nssl_2mom.H module_mp_nssl_2mom.bb
time mpif90 -f90=ifort -o module_mp_nssl_2mom.o -c -O3 -ip -fp-model precise -w -ftz -align all -fno-alias -FR -convert big_endian    -I../dyn_em -I../dyn_nmm   -I/glade/work/nystrom/Code/WRFDA/WRFV3_3.9.1_preset_moves_sfc_coeff_param_estim/external/esmf_time_f90  -I/glade/work/nystrom/Code/WRFDA/WRFV3_3.9.1_preset_moves_sfc_coeff_param_estim/main -I/glade/work/nystrom/Code/WRFDA/WRFV3_3.9.1_preset_moves_sfc_coeff_param_estim/external/io_netcdf -I/glade/work/nystrom/Code/WRFDA/WRFV3_3.9.1_preset_moves_sfc_coeff_param_estim/external/io_int -I/glade/work/nystrom/Code/WRFDA/WRFV3_3.9.1_preset_moves_sfc_coeff_param_estim/frame -I/glade/work/nystrom/Code/WRFDA/WRFV3_3.9.1_preset_moves_sfc_coeff_param_estim/share -I/glade/work/nystrom/Code/WRFDA/WRFV3_3.9.1_preset_moves_sfc_coeff_param_estim/phys -I/glade/work/nystrom/Code/WRFDA/WRFV3_3.9.1_preset_moves_sfc_coeff_param_estim/chem -I/glade/work/nystrom/Code/WRFDA/WRFV3_3.9.1_preset_moves_sfc_coeff_param_estim/inc -I/glade/u/apps/ch/opt/netcdf/4.7.3/intel/19.0.5//include  -real-size `expr 8 \* 4` -i4  module_mp_nssl_2mom.f90

real	0m32.021s
user	0m31.525s
sys	0m0.349s
rm -f module_mp_wdm5.o
sed -e "s/grid%mu/gridmu/g" -e "s/grid%Mu/gridMu/g" -e "s/^\!.*'.*//" -e "s/^ *\!.*'.*//" module_mp_wdm5.F > module_mp_wdm5.G
/lib/cpp -P -nostdinc -I/glade/work/nystrom/Code/WRFDA/WRFV3_3.9.1_preset_moves_sfc_coeff_param_estim/inc -DEM_CORE=1 -DNMM_CORE=0 -DNMM_MAX_DIM=2600 -DCOAMPS_CORE=0 -DDA_CORE=0 -DEXP_CORE=0 -DIWORDSIZE=4 -DDWORDSIZE=8 -DRWORDSIZE=4 -DLWORDSIZE=4 -DNONSTANDARD_SYSTEM_FUNC  -DWRF_USE_CLM  -DDM_PARALLEL -DNETCDF -DMOVE_NESTS -DUSE_ALLOCATABLES -DGRIB1 -DINTIO -DKEEP_INT_AROUND -DLIMIT_ARGS -DCONFIG_BUF_LEN=65536 -DMAX_DOMAINS_F=21 -DMAX_HISTORY=25 -DNMM_NEST=0  -I. -traditional-cpp   module_mp_wdm5.G  > module_mp_wdm5.H
sed -e "s/gridmu/grid%mu/g" -e "s/gridMu/grid%Mu/g" module_mp_wdm5.H > module_mp_wdm5.bb
/glade/work/nystrom/Code/WRFDA/WRFV3_3.9.1_preset_moves_sfc_coeff_param_estim/tools/standard.exe module_mp_wdm5.bb | /lib/cpp -P -nostdinc -traditional-cpp > module_mp_wdm5.f90
rm -f module_mp_wdm5.G module_mp_wdm5.H module_mp_wdm5.bb
time mpif90 -f90=ifort -o module_mp_wdm5.o -c -O3 -ip -fp-model precise -w -ftz -align all -fno-alias -FR -convert big_endian    -I../dyn_em -I../dyn_nmm   -I/glade/work/nystrom/Code/WRFDA/WRFV3_3.9.1_preset_moves_sfc_coeff_param_estim/external/esmf_time_f90  -I/glade/work/nystrom/Code/WRFDA/WRFV3_3.9.1_preset_moves_sfc_coeff_param_estim/main -I/glade/work/nystrom/Code/WRFDA/WRFV3_3.9.1_preset_moves_sfc_coeff_param_estim/external/io_netcdf -I/glade/work/nystrom/Code/WRFDA/WRFV3_3.9.1_preset_moves_sfc_coeff_param_estim/external/io_int -I/glade/work/nystrom/Code/WRFDA/WRFV3_3.9.1_preset_moves_sfc_coeff_param_estim/frame -I/glade/work/nystrom/Code/WRFDA/WRFV3_3.9.1_preset_moves_sfc_coeff_param_estim/share -I/glade/work/nystrom/Code/WRFDA/WRFV3_3.9.1_preset_moves_sfc_coeff_param_estim/phys -I/glade/work/nystrom/Code/WRFDA/WRFV3_3.9.1_preset_moves_sfc_coeff_param_estim/chem -I/glade/work/nystrom/Code/WRFDA/WRFV3_3.9.1_preset_moves_sfc_coeff_param_estim/inc -I/glade/u/apps/ch/opt/netcdf/4.7.3/intel/19.0.5//include  -real-size `expr 8 \* 4` -i4  module_mp_wdm5.f90

real	0m26.164s
user	0m25.366s
sys	0m0.603s
rm -f module_mp_wdm6.o
sed -e "s/grid%mu/gridmu/g" -e "s/grid%Mu/gridMu/g" -e "s/^\!.*'.*//" -e "s/^ *\!.*'.*//" module_mp_wdm6.F > module_mp_wdm6.G
/lib/cpp -P -nostdinc -I/glade/work/nystrom/Code/WRFDA/WRFV3_3.9.1_preset_moves_sfc_coeff_param_estim/inc -DEM_CORE=1 -DNMM_CORE=0 -DNMM_MAX_DIM=2600 -DCOAMPS_CORE=0 -DDA_CORE=0 -DEXP_CORE=0 -DIWORDSIZE=4 -DDWORDSIZE=8 -DRWORDSIZE=4 -DLWORDSIZE=4 -DNONSTANDARD_SYSTEM_FUNC  -DWRF_USE_CLM  -DDM_PARALLEL -DNETCDF -DMOVE_NESTS -DUSE_ALLOCATABLES -DGRIB1 -DINTIO -DKEEP_INT_AROUND -DLIMIT_ARGS -DCONFIG_BUF_LEN=65536 -DMAX_DOMAINS_F=21 -DMAX_HISTORY=25 -DNMM_NEST=0  -I. -traditional-cpp   module_mp_wdm6.G  > module_mp_wdm6.H
sed -e "s/gridmu/grid%mu/g" -e "s/gridMu/grid%Mu/g" module_mp_wdm6.H > module_mp_wdm6.bb
/glade/work/nystrom/Code/WRFDA/WRFV3_3.9.1_preset_moves_sfc_coeff_param_estim/tools/standard.exe module_mp_wdm6.bb | /lib/cpp -P -nostdinc -traditional-cpp > module_mp_wdm6.f90
rm -f module_mp_wdm6.G module_mp_wdm6.H module_mp_wdm6.bb
time mpif90 -f90=ifort -o module_mp_wdm6.o -c -O3 -ip -fp-model precise -w -ftz -align all -fno-alias -FR -convert big_endian    -I../dyn_em -I../dyn_nmm   -I/glade/work/nystrom/Code/WRFDA/WRFV3_3.9.1_preset_moves_sfc_coeff_param_estim/external/esmf_time_f90  -I/glade/work/nystrom/Code/WRFDA/WRFV3_3.9.1_preset_moves_sfc_coeff_param_estim/main -I/glade/work/nystrom/Code/WRFDA/WRFV3_3.9.1_preset_moves_sfc_coeff_param_estim/external/io_netcdf -I/glade/work/nystrom/Code/WRFDA/WRFV3_3.9.1_preset_moves_sfc_coeff_param_estim/external/io_int -I/glade/work/nystrom/Code/WRFDA/WRFV3_3.9.1_preset_moves_sfc_coeff_param_estim/frame -I/glade/work/nystrom/Code/WRFDA/WRFV3_3.9.1_preset_moves_sfc_coeff_param_estim/share -I/glade/work/nystrom/Code/WRFDA/WRFV3_3.9.1_preset_moves_sfc_coeff_param_estim/phys -I/glade/work/nystrom/Code/WRFDA/WRFV3_3.9.1_preset_moves_sfc_coeff_param_estim/chem -I/glade/work/nystrom/Code/WRFDA/WRFV3_3.9.1_preset_moves_sfc_coeff_param_estim/inc -I/glade/u/apps/ch/opt/netcdf/4.7.3/intel/19.0.5//include  -real-size `expr 8 \* 4` -i4  module_mp_wdm6.f90

real	0m9.173s
user	0m8.572s
sys	0m0.238s
rm -f module_sf_sfclay.o
sed -e "s/grid%mu/gridmu/g" -e "s/grid%Mu/gridMu/g" -e "s/^\!.*'.*//" -e "s/^ *\!.*'.*//" module_sf_sfclay.F > module_sf_sfclay.G
/lib/cpp -P -nostdinc -I/glade/work/nystrom/Code/WRFDA/WRFV3_3.9.1_preset_moves_sfc_coeff_param_estim/inc -DEM_CORE=1 -DNMM_CORE=0 -DNMM_MAX_DIM=2600 -DCOAMPS_CORE=0 -DDA_CORE=0 -DEXP_CORE=0 -DIWORDSIZE=4 -DDWORDSIZE=8 -DRWORDSIZE=4 -DLWORDSIZE=4 -DNONSTANDARD_SYSTEM_FUNC  -DWRF_USE_CLM  -DDM_PARALLEL -DNETCDF -DMOVE_NESTS -DUSE_ALLOCATABLES -DGRIB1 -DINTIO -DKEEP_INT_AROUND -DLIMIT_ARGS -DCONFIG_BUF_LEN=65536 -DMAX_DOMAINS_F=21 -DMAX_HISTORY=25 -DNMM_NEST=0  -I. -traditional-cpp   module_sf_sfclay.G  > module_sf_sfclay.H
sed -e "s/gridmu/grid%mu/g" -e "s/gridMu/grid%Mu/g" module_sf_sfclay.H > module_sf_sfclay.bb
/glade/work/nystrom/Code/WRFDA/WRFV3_3.9.1_preset_moves_sfc_coeff_param_estim/tools/standard.exe module_sf_sfclay.bb | /lib/cpp -P -nostdinc -traditional-cpp > module_sf_sfclay.f90
rm -f module_sf_sfclay.G module_sf_sfclay.H module_sf_sfclay.bb
time mpif90 -f90=ifort -o module_sf_sfclay.o -c -O3 -ip -fp-model precise -w -ftz -align all -fno-alias -FR -convert big_endian    -I../dyn_em -I../dyn_nmm   -I/glade/work/nystrom/Code/WRFDA/WRFV3_3.9.1_preset_moves_sfc_coeff_param_estim/external/esmf_time_f90  -I/glade/work/nystrom/Code/WRFDA/WRFV3_3.9.1_preset_moves_sfc_coeff_param_estim/main -I/glade/work/nystrom/Code/WRFDA/WRFV3_3.9.1_preset_moves_sfc_coeff_param_estim/external/io_netcdf -I/glade/work/nystrom/Code/WRFDA/WRFV3_3.9.1_preset_moves_sfc_coeff_param_estim/external/io_int -I/glade/work/nystrom/Code/WRFDA/WRFV3_3.9.1_preset_moves_sfc_coeff_param_estim/frame -I/glade/work/nystrom/Code/WRFDA/WRFV3_3.9.1_preset_moves_sfc_coeff_param_estim/share -I/glade/work/nystrom/Code/WRFDA/WRFV3_3.9.1_preset_moves_sfc_coeff_param_estim/phys -I/glade/work/nystrom/Code/WRFDA/WRFV3_3.9.1_preset_moves_sfc_coeff_param_estim/chem -I/glade/work/nystrom/Code/WRFDA/WRFV3_3.9.1_preset_moves_sfc_coeff_param_estim/inc -I/glade/u/apps/ch/opt/netcdf/4.7.3/intel/19.0.5//include  -real-size `expr 8 \* 4` -i4  module_sf_sfclay.f90

real	0m0.951s
user	0m0.765s
sys	0m0.067s
rm -f module_sf_sfclayrev.o
sed -e "s/grid%mu/gridmu/g" -e "s/grid%Mu/gridMu/g" -e "s/^\!.*'.*//" -e "s/^ *\!.*'.*//" module_sf_sfclayrev.F > module_sf_sfclayrev.G
/lib/cpp -P -nostdinc -I/glade/work/nystrom/Code/WRFDA/WRFV3_3.9.1_preset_moves_sfc_coeff_param_estim/inc -DEM_CORE=1 -DNMM_CORE=0 -DNMM_MAX_DIM=2600 -DCOAMPS_CORE=0 -DDA_CORE=0 -DEXP_CORE=0 -DIWORDSIZE=4 -DDWORDSIZE=8 -DRWORDSIZE=4 -DLWORDSIZE=4 -DNONSTANDARD_SYSTEM_FUNC  -DWRF_USE_CLM  -DDM_PARALLEL -DNETCDF -DMOVE_NESTS -DUSE_ALLOCATABLES -DGRIB1 -DINTIO -DKEEP_INT_AROUND -DLIMIT_ARGS -DCONFIG_BUF_LEN=65536 -DMAX_DOMAINS_F=21 -DMAX_HISTORY=25 -DNMM_NEST=0  -I. -traditional-cpp   module_sf_sfclayrev.G  > module_sf_sfclayrev.H
sed -e "s/gridmu/grid%mu/g" -e "s/gridMu/grid%Mu/g" module_sf_sfclayrev.H > module_sf_sfclayrev.bb
/glade/work/nystrom/Code/WRFDA/WRFV3_3.9.1_preset_moves_sfc_coeff_param_estim/tools/standard.exe module_sf_sfclayrev.bb | /lib/cpp -P -nostdinc -traditional-cpp > module_sf_sfclayrev.f90
rm -f module_sf_sfclayrev.G module_sf_sfclayrev.H module_sf_sfclayrev.bb
time mpif90 -f90=ifort -o module_sf_sfclayrev.o -c -O3 -ip -fp-model precise -w -ftz -align all -fno-alias -FR -convert big_endian    -I../dyn_em -I../dyn_nmm   -I/glade/work/nystrom/Code/WRFDA/WRFV3_3.9.1_preset_moves_sfc_coeff_param_estim/external/esmf_time_f90  -I/glade/work/nystrom/Code/WRFDA/WRFV3_3.9.1_preset_moves_sfc_coeff_param_estim/main -I/glade/work/nystrom/Code/WRFDA/WRFV3_3.9.1_preset_moves_sfc_coeff_param_estim/external/io_netcdf -I/glade/work/nystrom/Code/WRFDA/WRFV3_3.9.1_preset_moves_sfc_coeff_param_estim/external/io_int -I/glade/work/nystrom/Code/WRFDA/WRFV3_3.9.1_preset_moves_sfc_coeff_param_estim/frame -I/glade/work/nystrom/Code/WRFDA/WRFV3_3.9.1_preset_moves_sfc_coeff_param_estim/share -I/glade/work/nystrom/Code/WRFDA/WRFV3_3.9.1_preset_moves_sfc_coeff_param_estim/phys -I/glade/work/nystrom/Code/WRFDA/WRFV3_3.9.1_preset_moves_sfc_coeff_param_estim/chem -I/glade/work/nystrom/Code/WRFDA/WRFV3_3.9.1_preset_moves_sfc_coeff_param_estim/inc -I/glade/u/apps/ch/opt/netcdf/4.7.3/intel/19.0.5//include  -real-size `expr 8 \* 4` -i4  module_sf_sfclayrev.f90

real	0m1.481s
user	0m1.210s
sys	0m0.129s
rm -f module_progtm.o
sed -e "s/grid%mu/gridmu/g" -e "s/grid%Mu/gridMu/g" -e "s/^\!.*'.*//" -e "s/^ *\!.*'.*//" module_progtm.F > module_progtm.G
/lib/cpp -P -nostdinc -I/glade/work/nystrom/Code/WRFDA/WRFV3_3.9.1_preset_moves_sfc_coeff_param_estim/inc -DEM_CORE=1 -DNMM_CORE=0 -DNMM_MAX_DIM=2600 -DCOAMPS_CORE=0 -DDA_CORE=0 -DEXP_CORE=0 -DIWORDSIZE=4 -DDWORDSIZE=8 -DRWORDSIZE=4 -DLWORDSIZE=4 -DNONSTANDARD_SYSTEM_FUNC  -DWRF_USE_CLM  -DDM_PARALLEL -DNETCDF -DMOVE_NESTS -DUSE_ALLOCATABLES -DGRIB1 -DINTIO -DKEEP_INT_AROUND -DLIMIT_ARGS -DCONFIG_BUF_LEN=65536 -DMAX_DOMAINS_F=21 -DMAX_HISTORY=25 -DNMM_NEST=0  -I. -traditional-cpp   module_progtm.G  > module_progtm.H
sed -e "s/gridmu/grid%mu/g" -e "s/gridMu/grid%Mu/g" module_progtm.H > module_progtm.bb
/glade/work/nystrom/Code/WRFDA/WRFV3_3.9.1_preset_moves_sfc_coeff_param_estim/tools/standard.exe module_progtm.bb | /lib/cpp -P -nostdinc -traditional-cpp > module_progtm.f90
rm -f module_progtm.G module_progtm.H module_progtm.bb
time mpif90 -f90=ifort -o module_progtm.o -c -O3 -ip -fp-model precise -w -ftz -align all -fno-alias -FR -convert big_endian    -I../dyn_em -I../dyn_nmm   -I/glade/work/nystrom/Code/WRFDA/WRFV3_3.9.1_preset_moves_sfc_coeff_param_estim/external/esmf_time_f90  -I/glade/work/nystrom/Code/WRFDA/WRFV3_3.9.1_preset_moves_sfc_coeff_param_estim/main -I/glade/work/nystrom/Code/WRFDA/WRFV3_3.9.1_preset_moves_sfc_coeff_param_estim/external/io_netcdf -I/glade/work/nystrom/Code/WRFDA/WRFV3_3.9.1_preset_moves_sfc_coeff_param_estim/external/io_int -I/glade/work/nystrom/Code/WRFDA/WRFV3_3.9.1_preset_moves_sfc_coeff_param_estim/frame -I/glade/work/nystrom/Code/WRFDA/WRFV3_3.9.1_preset_moves_sfc_coeff_param_estim/share -I/glade/work/nystrom/Code/WRFDA/WRFV3_3.9.1_preset_moves_sfc_coeff_param_estim/phys -I/glade/work/nystrom/Code/WRFDA/WRFV3_3.9.1_preset_moves_sfc_coeff_param_estim/chem -I/glade/work/nystrom/Code/WRFDA/WRFV3_3.9.1_preset_moves_sfc_coeff_param_estim/inc -I/glade/u/apps/ch/opt/netcdf/4.7.3/intel/19.0.5//include  -real-size `expr 8 \* 4` -i4  module_progtm.f90

real	0m0.274s
user	0m0.098s
sys	0m0.059s
rm -f module_sf_exchcoef.o
sed -e "s/grid%mu/gridmu/g" -e "s/grid%Mu/gridMu/g" -e "s/^\!.*'.*//" -e "s/^ *\!.*'.*//" module_sf_exchcoef.F > module_sf_exchcoef.G
/lib/cpp -P -nostdinc -I/glade/work/nystrom/Code/WRFDA/WRFV3_3.9.1_preset_moves_sfc_coeff_param_estim/inc -DEM_CORE=1 -DNMM_CORE=0 -DNMM_MAX_DIM=2600 -DCOAMPS_CORE=0 -DDA_CORE=0 -DEXP_CORE=0 -DIWORDSIZE=4 -DDWORDSIZE=8 -DRWORDSIZE=4 -DLWORDSIZE=4 -DNONSTANDARD_SYSTEM_FUNC  -DWRF_USE_CLM  -DDM_PARALLEL -DNETCDF -DMOVE_NESTS -DUSE_ALLOCATABLES -DGRIB1 -DINTIO -DKEEP_INT_AROUND -DLIMIT_ARGS -DCONFIG_BUF_LEN=65536 -DMAX_DOMAINS_F=21 -DMAX_HISTORY=25 -DNMM_NEST=0  -I. -traditional-cpp   module_sf_exchcoef.G  > module_sf_exchcoef.H
sed -e "s/gridmu/grid%mu/g" -e "s/gridMu/grid%Mu/g" module_sf_exchcoef.H > module_sf_exchcoef.bb
/glade/work/nystrom/Code/WRFDA/WRFV3_3.9.1_preset_moves_sfc_coeff_param_estim/tools/standard.exe module_sf_exchcoef.bb | /lib/cpp -P -nostdinc -traditional-cpp > module_sf_exchcoef.f90
rm -f module_sf_exchcoef.G module_sf_exchcoef.H module_sf_exchcoef.bb
time mpif90 -f90=ifort -o module_sf_exchcoef.o -c -O3 -ip -fp-model precise -w -ftz -align all -fno-alias -FR -convert big_endian    -I../dyn_em -I../dyn_nmm   -I/glade/work/nystrom/Code/WRFDA/WRFV3_3.9.1_preset_moves_sfc_coeff_param_estim/external/esmf_time_f90  -I/glade/work/nystrom/Code/WRFDA/WRFV3_3.9.1_preset_moves_sfc_coeff_param_estim/main -I/glade/work/nystrom/Code/WRFDA/WRFV3_3.9.1_preset_moves_sfc_coeff_param_estim/external/io_netcdf -I/glade/work/nystrom/Code/WRFDA/WRFV3_3.9.1_preset_moves_sfc_coeff_param_estim/external/io_int -I/glade/work/nystrom/Code/WRFDA/WRFV3_3.9.1_preset_moves_sfc_coeff_param_estim/frame -I/glade/work/nystrom/Code/WRFDA/WRFV3_3.9.1_preset_moves_sfc_coeff_param_estim/share -I/glade/work/nystrom/Code/WRFDA/WRFV3_3.9.1_preset_moves_sfc_coeff_param_estim/phys -I/glade/work/nystrom/Code/WRFDA/WRFV3_3.9.1_preset_moves_sfc_coeff_param_estim/chem -I/glade/work/nystrom/Code/WRFDA/WRFV3_3.9.1_preset_moves_sfc_coeff_param_estim/inc -I/glade/u/apps/ch/opt/netcdf/4.7.3/intel/19.0.5//include  -real-size `expr 8 \* 4` -i4  module_sf_exchcoef.f90

real	0m0.366s
user	0m0.202s
sys	0m0.049s
rm -f module_sf_slab.o
sed -e "s/grid%mu/gridmu/g" -e "s/grid%Mu/gridMu/g" -e "s/^\!.*'.*//" -e "s/^ *\!.*'.*//" module_sf_slab.F > module_sf_slab.G
/lib/cpp -P -nostdinc -I/glade/work/nystrom/Code/WRFDA/WRFV3_3.9.1_preset_moves_sfc_coeff_param_estim/inc -DEM_CORE=1 -DNMM_CORE=0 -DNMM_MAX_DIM=2600 -DCOAMPS_CORE=0 -DDA_CORE=0 -DEXP_CORE=0 -DIWORDSIZE=4 -DDWORDSIZE=8 -DRWORDSIZE=4 -DLWORDSIZE=4 -DNONSTANDARD_SYSTEM_FUNC  -DWRF_USE_CLM  -DDM_PARALLEL -DNETCDF -DMOVE_NESTS -DUSE_ALLOCATABLES -DGRIB1 -DINTIO -DKEEP_INT_AROUND -DLIMIT_ARGS -DCONFIG_BUF_LEN=65536 -DMAX_DOMAINS_F=21 -DMAX_HISTORY=25 -DNMM_NEST=0  -I. -traditional-cpp   module_sf_slab.G  > module_sf_slab.H
sed -e "s/gridmu/grid%mu/g" -e "s/gridMu/grid%Mu/g" module_sf_slab.H > module_sf_slab.bb
/glade/work/nystrom/Code/WRFDA/WRFV3_3.9.1_preset_moves_sfc_coeff_param_estim/tools/standard.exe module_sf_slab.bb | /lib/cpp -P -nostdinc -traditional-cpp > module_sf_slab.f90
rm -f module_sf_slab.G module_sf_slab.H module_sf_slab.bb
time mpif90 -f90=ifort -o module_sf_slab.o -c -O3 -ip -fp-model precise -w -ftz -align all -fno-alias -FR -convert big_endian    -I../dyn_em -I../dyn_nmm   -I/glade/work/nystrom/Code/WRFDA/WRFV3_3.9.1_preset_moves_sfc_coeff_param_estim/external/esmf_time_f90  -I/glade/work/nystrom/Code/WRFDA/WRFV3_3.9.1_preset_moves_sfc_coeff_param_estim/main -I/glade/work/nystrom/Code/WRFDA/WRFV3_3.9.1_preset_moves_sfc_coeff_param_estim/external/io_netcdf -I/glade/work/nystrom/Code/WRFDA/WRFV3_3.9.1_preset_moves_sfc_coeff_param_estim/external/io_int -I/glade/work/nystrom/Code/WRFDA/WRFV3_3.9.1_preset_moves_sfc_coeff_param_estim/frame -I/glade/work/nystrom/Code/WRFDA/WRFV3_3.9.1_preset_moves_sfc_coeff_param_estim/share -I/glade/work/nystrom/Code/WRFDA/WRFV3_3.9.1_preset_moves_sfc_coeff_param_estim/phys -I/glade/work/nystrom/Code/WRFDA/WRFV3_3.9.1_preset_moves_sfc_coeff_param_estim/chem -I/glade/work/nystrom/Code/WRFDA/WRFV3_3.9.1_preset_moves_sfc_coeff_param_estim/inc -I/glade/u/apps/ch/opt/netcdf/4.7.3/intel/19.0.5//include  -real-size `expr 8 \* 4` -i4  module_sf_slab.f90

real	0m0.814s
user	0m0.610s
sys	0m0.088s
rm -f module_sf_noahlsm.o
sed -e "s/grid%mu/gridmu/g" -e "s/grid%Mu/gridMu/g" -e "s/^\!.*'.*//" -e "s/^ *\!.*'.*//" module_sf_noahlsm.F > module_sf_noahlsm.G
/lib/cpp -P -nostdinc -I/glade/work/nystrom/Code/WRFDA/WRFV3_3.9.1_preset_moves_sfc_coeff_param_estim/inc -DEM_CORE=1 -DNMM_CORE=0 -DNMM_MAX_DIM=2600 -DCOAMPS_CORE=0 -DDA_CORE=0 -DEXP_CORE=0 -DIWORDSIZE=4 -DDWORDSIZE=8 -DRWORDSIZE=4 -DLWORDSIZE=4 -DNONSTANDARD_SYSTEM_FUNC  -DWRF_USE_CLM  -DDM_PARALLEL -DNETCDF -DMOVE_NESTS -DUSE_ALLOCATABLES -DGRIB1 -DINTIO -DKEEP_INT_AROUND -DLIMIT_ARGS -DCONFIG_BUF_LEN=65536 -DMAX_DOMAINS_F=21 -DMAX_HISTORY=25 -DNMM_NEST=0  -I. -traditional-cpp   module_sf_noahlsm.G  > module_sf_noahlsm.H
sed -e "s/gridmu/grid%mu/g" -e "s/gridMu/grid%Mu/g" module_sf_noahlsm.H > module_sf_noahlsm.bb
/glade/work/nystrom/Code/WRFDA/WRFV3_3.9.1_preset_moves_sfc_coeff_param_estim/tools/standard.exe module_sf_noahlsm.bb | /lib/cpp -P -nostdinc -traditional-cpp > module_sf_noahlsm.f90
rm -f module_sf_noahlsm.G module_sf_noahlsm.H module_sf_noahlsm.bb
time mpif90 -f90=ifort -o module_sf_noahlsm.o -c -O3 -ip -fp-model precise -w -ftz -align all -fno-alias -FR -convert big_endian    -I../dyn_em -I../dyn_nmm   -I/glade/work/nystrom/Code/WRFDA/WRFV3_3.9.1_preset_moves_sfc_coeff_param_estim/external/esmf_time_f90  -I/glade/work/nystrom/Code/WRFDA/WRFV3_3.9.1_preset_moves_sfc_coeff_param_estim/main -I/glade/work/nystrom/Code/WRFDA/WRFV3_3.9.1_preset_moves_sfc_coeff_param_estim/external/io_netcdf -I/glade/work/nystrom/Code/WRFDA/WRFV3_3.9.1_preset_moves_sfc_coeff_param_estim/external/io_int -I/glade/work/nystrom/Code/WRFDA/WRFV3_3.9.1_preset_moves_sfc_coeff_param_estim/frame -I/glade/work/nystrom/Code/WRFDA/WRFV3_3.9.1_preset_moves_sfc_coeff_param_estim/share -I/glade/work/nystrom/Code/WRFDA/WRFV3_3.9.1_preset_moves_sfc_coeff_param_estim/phys -I/glade/work/nystrom/Code/WRFDA/WRFV3_3.9.1_preset_moves_sfc_coeff_param_estim/chem -I/glade/work/nystrom/Code/WRFDA/WRFV3_3.9.1_preset_moves_sfc_coeff_param_estim/inc -I/glade/u/apps/ch/opt/netcdf/4.7.3/intel/19.0.5//include  -real-size `expr 8 \* 4` -i4  module_sf_noahlsm.f90

real	0m1.593s
user	0m1.355s
sys	0m0.104s
rm -f module_sf_myjsfc.o
sed -e "s/grid%mu/gridmu/g" -e "s/grid%Mu/gridMu/g" -e "s/^\!.*'.*//" -e "s/^ *\!.*'.*//" module_sf_myjsfc.F > module_sf_myjsfc.G
/lib/cpp -P -nostdinc -I/glade/work/nystrom/Code/WRFDA/WRFV3_3.9.1_preset_moves_sfc_coeff_param_estim/inc -DEM_CORE=1 -DNMM_CORE=0 -DNMM_MAX_DIM=2600 -DCOAMPS_CORE=0 -DDA_CORE=0 -DEXP_CORE=0 -DIWORDSIZE=4 -DDWORDSIZE=8 -DRWORDSIZE=4 -DLWORDSIZE=4 -DNONSTANDARD_SYSTEM_FUNC  -DWRF_USE_CLM  -DDM_PARALLEL -DNETCDF -DMOVE_NESTS -DUSE_ALLOCATABLES -DGRIB1 -DINTIO -DKEEP_INT_AROUND -DLIMIT_ARGS -DCONFIG_BUF_LEN=65536 -DMAX_DOMAINS_F=21 -DMAX_HISTORY=25 -DNMM_NEST=0  -I. -traditional-cpp   module_sf_myjsfc.G  > module_sf_myjsfc.H
sed -e "s/gridmu/grid%mu/g" -e "s/gridMu/grid%Mu/g" module_sf_myjsfc.H > module_sf_myjsfc.bb
/glade/work/nystrom/Code/WRFDA/WRFV3_3.9.1_preset_moves_sfc_coeff_param_estim/tools/standard.exe module_sf_myjsfc.bb | /lib/cpp -P -nostdinc -traditional-cpp > module_sf_myjsfc.f90
rm -f module_sf_myjsfc.G module_sf_myjsfc.H module_sf_myjsfc.bb
time mpif90 -f90=ifort -o module_sf_myjsfc.o -c -O3 -ip -fp-model precise -w -ftz -align all -fno-alias -FR -convert big_endian    -I../dyn_em -I../dyn_nmm   -I/glade/work/nystrom/Code/WRFDA/WRFV3_3.9.1_preset_moves_sfc_coeff_param_estim/external/esmf_time_f90  -I/glade/work/nystrom/Code/WRFDA/WRFV3_3.9.1_preset_moves_sfc_coeff_param_estim/main -I/glade/work/nystrom/Code/WRFDA/WRFV3_3.9.1_preset_moves_sfc_coeff_param_estim/external/io_netcdf -I/glade/work/nystrom/Code/WRFDA/WRFV3_3.9.1_preset_moves_sfc_coeff_param_estim/external/io_int -I/glade/work/nystrom/Code/WRFDA/WRFV3_3.9.1_preset_moves_sfc_coeff_param_estim/frame -I/glade/work/nystrom/Code/WRFDA/WRFV3_3.9.1_preset_moves_sfc_coeff_param_estim/share -I/glade/work/nystrom/Code/WRFDA/WRFV3_3.9.1_preset_moves_sfc_coeff_param_estim/phys -I/glade/work/nystrom/Code/WRFDA/WRFV3_3.9.1_preset_moves_sfc_coeff_param_estim/chem -I/glade/work/nystrom/Code/WRFDA/WRFV3_3.9.1_preset_moves_sfc_coeff_param_estim/inc -I/glade/u/apps/ch/opt/netcdf/4.7.3/intel/19.0.5//include  -real-size `expr 8 \* 4` -i4  module_sf_myjsfc.f90

real	0m0.996s
user	0m0.763s
sys	0m0.082s
rm -f module_data_gocart_dust.o
sed -e "s/grid%mu/gridmu/g" -e "s/grid%Mu/gridMu/g" -e "s/^\!.*'.*//" -e "s/^ *\!.*'.*//" module_data_gocart_dust.F > module_data_gocart_dust.G
/lib/cpp -P -nostdinc -I/glade/work/nystrom/Code/WRFDA/WRFV3_3.9.1_preset_moves_sfc_coeff_param_estim/inc -DEM_CORE=1 -DNMM_CORE=0 -DNMM_MAX_DIM=2600 -DCOAMPS_CORE=0 -DDA_CORE=0 -DEXP_CORE=0 -DIWORDSIZE=4 -DDWORDSIZE=8 -DRWORDSIZE=4 -DLWORDSIZE=4 -DNONSTANDARD_SYSTEM_FUNC  -DWRF_USE_CLM  -DDM_PARALLEL -DNETCDF -DMOVE_NESTS -DUSE_ALLOCATABLES -DGRIB1 -DINTIO -DKEEP_INT_AROUND -DLIMIT_ARGS -DCONFIG_BUF_LEN=65536 -DMAX_DOMAINS_F=21 -DMAX_HISTORY=25 -DNMM_NEST=0  -I. -traditional-cpp   module_data_gocart_dust.G  > module_data_gocart_dust.H
sed -e "s/gridmu/grid%mu/g" -e "s/gridMu/grid%Mu/g" module_data_gocart_dust.H > module_data_gocart_dust.bb
/glade/work/nystrom/Code/WRFDA/WRFV3_3.9.1_preset_moves_sfc_coeff_param_estim/tools/standard.exe module_data_gocart_dust.bb | /lib/cpp -P -nostdinc -traditional-cpp > module_data_gocart_dust.f90
rm -f module_data_gocart_dust.G module_data_gocart_dust.H module_data_gocart_dust.bb
time mpif90 -f90=ifort -o module_data_gocart_dust.o -c -O3 -ip -fp-model precise -w -ftz -align all -fno-alias -FR -convert big_endian    -I../dyn_em -I../dyn_nmm   -I/glade/work/nystrom/Code/WRFDA/WRFV3_3.9.1_preset_moves_sfc_coeff_param_estim/external/esmf_time_f90  -I/glade/work/nystrom/Code/WRFDA/WRFV3_3.9.1_preset_moves_sfc_coeff_param_estim/main -I/glade/work/nystrom/Code/WRFDA/WRFV3_3.9.1_preset_moves_sfc_coeff_param_estim/external/io_netcdf -I/glade/work/nystrom/Code/WRFDA/WRFV3_3.9.1_preset_moves_sfc_coeff_param_estim/external/io_int -I/glade/work/nystrom/Code/WRFDA/WRFV3_3.9.1_preset_moves_sfc_coeff_param_estim/frame -I/glade/work/nystrom/Code/WRFDA/WRFV3_3.9.1_preset_moves_sfc_coeff_param_estim/share -I/glade/work/nystrom/Code/WRFDA/WRFV3_3.9.1_preset_moves_sfc_coeff_param_estim/phys -I/glade/work/nystrom/Code/WRFDA/WRFV3_3.9.1_preset_moves_sfc_coeff_param_estim/chem -I/glade/work/nystrom/Code/WRFDA/WRFV3_3.9.1_preset_moves_sfc_coeff_param_estim/inc -I/glade/u/apps/ch/opt/netcdf/4.7.3/intel/19.0.5//include  -real-size `expr 8 \* 4` -i4  module_data_gocart_dust.f90

real	0m0.243s
user	0m0.077s
sys	0m0.054s
rm -f module_sf_urban.o
sed -e "s/grid%mu/gridmu/g" -e "s/grid%Mu/gridMu/g" -e "s/^\!.*'.*//" -e "s/^ *\!.*'.*//" module_sf_urban.F > module_sf_urban.G
/lib/cpp -P -nostdinc -I/glade/work/nystrom/Code/WRFDA/WRFV3_3.9.1_preset_moves_sfc_coeff_param_estim/inc -DEM_CORE=1 -DNMM_CORE=0 -DNMM_MAX_DIM=2600 -DCOAMPS_CORE=0 -DDA_CORE=0 -DEXP_CORE=0 -DIWORDSIZE=4 -DDWORDSIZE=8 -DRWORDSIZE=4 -DLWORDSIZE=4 -DNONSTANDARD_SYSTEM_FUNC  -DWRF_USE_CLM  -DDM_PARALLEL -DNETCDF -DMOVE_NESTS -DUSE_ALLOCATABLES -DGRIB1 -DINTIO -DKEEP_INT_AROUND -DLIMIT_ARGS -DCONFIG_BUF_LEN=65536 -DMAX_DOMAINS_F=21 -DMAX_HISTORY=25 -DNMM_NEST=0  -I. -traditional-cpp   module_sf_urban.G  > module_sf_urban.H
sed -e "s/gridmu/grid%mu/g" -e "s/gridMu/grid%Mu/g" module_sf_urban.H > module_sf_urban.bb
/glade/work/nystrom/Code/WRFDA/WRFV3_3.9.1_preset_moves_sfc_coeff_param_estim/tools/standard.exe module_sf_urban.bb | /lib/cpp -P -nostdinc -traditional-cpp > module_sf_urban.f90
rm -f module_sf_urban.G module_sf_urban.H module_sf_urban.bb
time mpif90 -f90=ifort -o module_sf_urban.o -c -O3 -ip -fp-model precise -w -ftz -align all -fno-alias -FR -convert big_endian    -I../dyn_em -I../dyn_nmm   -I/glade/work/nystrom/Code/WRFDA/WRFV3_3.9.1_preset_moves_sfc_coeff_param_estim/external/esmf_time_f90  -I/glade/work/nystrom/Code/WRFDA/WRFV3_3.9.1_preset_moves_sfc_coeff_param_estim/main -I/glade/work/nystrom/Code/WRFDA/WRFV3_3.9.1_preset_moves_sfc_coeff_param_estim/external/io_netcdf -I/glade/work/nystrom/Code/WRFDA/WRFV3_3.9.1_preset_moves_sfc_coeff_param_estim/external/io_int -I/glade/work/nystrom/Code/WRFDA/WRFV3_3.9.1_preset_moves_sfc_coeff_param_estim/frame -I/glade/work/nystrom/Code/WRFDA/WRFV3_3.9.1_preset_moves_sfc_coeff_param_estim/share -I/glade/work/nystrom/Code/WRFDA/WRFV3_3.9.1_preset_moves_sfc_coeff_param_estim/phys -I/glade/work/nystrom/Code/WRFDA/WRFV3_3.9.1_preset_moves_sfc_coeff_param_estim/chem -I/glade/work/nystrom/Code/WRFDA/WRFV3_3.9.1_preset_moves_sfc_coeff_param_estim/inc -I/glade/u/apps/ch/opt/netcdf/4.7.3/intel/19.0.5//include  -real-size `expr 8 \* 4` -i4  module_sf_urban.f90

real	0m3.704s
user	0m3.471s
sys	0m0.111s
rm -f module_sf_bem.o
sed -e "s/grid%mu/gridmu/g" -e "s/grid%Mu/gridMu/g" -e "s/^\!.*'.*//" -e "s/^ *\!.*'.*//" module_sf_bem.F > module_sf_bem.G
/lib/cpp -P -nostdinc -I/glade/work/nystrom/Code/WRFDA/WRFV3_3.9.1_preset_moves_sfc_coeff_param_estim/inc -DEM_CORE=1 -DNMM_CORE=0 -DNMM_MAX_DIM=2600 -DCOAMPS_CORE=0 -DDA_CORE=0 -DEXP_CORE=0 -DIWORDSIZE=4 -DDWORDSIZE=8 -DRWORDSIZE=4 -DLWORDSIZE=4 -DNONSTANDARD_SYSTEM_FUNC  -DWRF_USE_CLM  -DDM_PARALLEL -DNETCDF -DMOVE_NESTS -DUSE_ALLOCATABLES -DGRIB1 -DINTIO -DKEEP_INT_AROUND -DLIMIT_ARGS -DCONFIG_BUF_LEN=65536 -DMAX_DOMAINS_F=21 -DMAX_HISTORY=25 -DNMM_NEST=0  -I. -traditional-cpp   module_sf_bem.G  > module_sf_bem.H
sed -e "s/gridmu/grid%mu/g" -e "s/gridMu/grid%Mu/g" module_sf_bem.H > module_sf_bem.bb
/glade/work/nystrom/Code/WRFDA/WRFV3_3.9.1_preset_moves_sfc_coeff_param_estim/tools/standard.exe module_sf_bem.bb | /lib/cpp -P -nostdinc -traditional-cpp > module_sf_bem.f90
rm -f module_sf_bem.G module_sf_bem.H module_sf_bem.bb
time mpif90 -f90=ifort -o module_sf_bem.o -c -O3 -ip -fp-model precise -w -ftz -align all -fno-alias -FR -convert big_endian    -I../dyn_em -I../dyn_nmm   -I/glade/work/nystrom/Code/WRFDA/WRFV3_3.9.1_preset_moves_sfc_coeff_param_estim/external/esmf_time_f90  -I/glade/work/nystrom/Code/WRFDA/WRFV3_3.9.1_preset_moves_sfc_coeff_param_estim/main -I/glade/work/nystrom/Code/WRFDA/WRFV3_3.9.1_preset_moves_sfc_coeff_param_estim/external/io_netcdf -I/glade/work/nystrom/Code/WRFDA/WRFV3_3.9.1_preset_moves_sfc_coeff_param_estim/external/io_int -I/glade/work/nystrom/Code/WRFDA/WRFV3_3.9.1_preset_moves_sfc_coeff_param_estim/frame -I/glade/work/nystrom/Code/WRFDA/WRFV3_3.9.1_preset_moves_sfc_coeff_param_estim/share -I/glade/work/nystrom/Code/WRFDA/WRFV3_3.9.1_preset_moves_sfc_coeff_param_estim/phys -I/glade/work/nystrom/Code/WRFDA/WRFV3_3.9.1_preset_moves_sfc_coeff_param_estim/chem -I/glade/work/nystrom/Code/WRFDA/WRFV3_3.9.1_preset_moves_sfc_coeff_param_estim/inc -I/glade/u/apps/ch/opt/netcdf/4.7.3/intel/19.0.5//include  -real-size `expr 8 \* 4` -i4  module_sf_bem.f90

real	0m1.247s
user	0m1.052s
sys	0m0.080s
rm -f module_sf_ssib.o
sed -e "s/grid%mu/gridmu/g" -e "s/grid%Mu/gridMu/g" -e "s/^\!.*'.*//" -e "s/^ *\!.*'.*//" module_sf_ssib.F > module_sf_ssib.G
/lib/cpp -P -nostdinc -I/glade/work/nystrom/Code/WRFDA/WRFV3_3.9.1_preset_moves_sfc_coeff_param_estim/inc -DEM_CORE=1 -DNMM_CORE=0 -DNMM_MAX_DIM=2600 -DCOAMPS_CORE=0 -DDA_CORE=0 -DEXP_CORE=0 -DIWORDSIZE=4 -DDWORDSIZE=8 -DRWORDSIZE=4 -DLWORDSIZE=4 -DNONSTANDARD_SYSTEM_FUNC  -DWRF_USE_CLM  -DDM_PARALLEL -DNETCDF -DMOVE_NESTS -DUSE_ALLOCATABLES -DGRIB1 -DINTIO -DKEEP_INT_AROUND -DLIMIT_ARGS -DCONFIG_BUF_LEN=65536 -DMAX_DOMAINS_F=21 -DMAX_HISTORY=25 -DNMM_NEST=0  -I. -traditional-cpp   module_sf_ssib.G  > module_sf_ssib.H
sed -e "s/gridmu/grid%mu/g" -e "s/gridMu/grid%Mu/g" module_sf_ssib.H > module_sf_ssib.bb
/glade/work/nystrom/Code/WRFDA/WRFV3_3.9.1_preset_moves_sfc_coeff_param_estim/tools/standard.exe module_sf_ssib.bb | /lib/cpp -P -nostdinc -traditional-cpp > module_sf_ssib.f90
rm -f module_sf_ssib.G module_sf_ssib.H module_sf_ssib.bb
time mpif90 -f90=ifort -o module_sf_ssib.o -c -O3 -ip -fp-model precise -w -ftz -align all -fno-alias -FR -convert big_endian    -I../dyn_em -I../dyn_nmm   -I/glade/work/nystrom/Code/WRFDA/WRFV3_3.9.1_preset_moves_sfc_coeff_param_estim/external/esmf_time_f90  -I/glade/work/nystrom/Code/WRFDA/WRFV3_3.9.1_preset_moves_sfc_coeff_param_estim/main -I/glade/work/nystrom/Code/WRFDA/WRFV3_3.9.1_preset_moves_sfc_coeff_param_estim/external/io_netcdf -I/glade/work/nystrom/Code/WRFDA/WRFV3_3.9.1_preset_moves_sfc_coeff_param_estim/external/io_int -I/glade/work/nystrom/Code/WRFDA/WRFV3_3.9.1_preset_moves_sfc_coeff_param_estim/frame -I/glade/work/nystrom/Code/WRFDA/WRFV3_3.9.1_preset_moves_sfc_coeff_param_estim/share -I/glade/work/nystrom/Code/WRFDA/WRFV3_3.9.1_preset_moves_sfc_coeff_param_estim/phys -I/glade/work/nystrom/Code/WRFDA/WRFV3_3.9.1_preset_moves_sfc_coeff_param_estim/chem -I/glade/work/nystrom/Code/WRFDA/WRFV3_3.9.1_preset_moves_sfc_coeff_param_estim/inc -I/glade/u/apps/ch/opt/netcdf/4.7.3/intel/19.0.5//include  -real-size `expr 8 \* 4` -i4  module_sf_ssib.f90

real	0m2.986s
user	0m2.737s
sys	0m0.131s
rm -f module_sf_noah_seaice.o
sed -e "s/grid%mu/gridmu/g" -e "s/grid%Mu/gridMu/g" -e "s/^\!.*'.*//" -e "s/^ *\!.*'.*//" module_sf_noah_seaice.F > module_sf_noah_seaice.G
/lib/cpp -P -nostdinc -I/glade/work/nystrom/Code/WRFDA/WRFV3_3.9.1_preset_moves_sfc_coeff_param_estim/inc -DEM_CORE=1 -DNMM_CORE=0 -DNMM_MAX_DIM=2600 -DCOAMPS_CORE=0 -DDA_CORE=0 -DEXP_CORE=0 -DIWORDSIZE=4 -DDWORDSIZE=8 -DRWORDSIZE=4 -DLWORDSIZE=4 -DNONSTANDARD_SYSTEM_FUNC  -DWRF_USE_CLM  -DDM_PARALLEL -DNETCDF -DMOVE_NESTS -DUSE_ALLOCATABLES -DGRIB1 -DINTIO -DKEEP_INT_AROUND -DLIMIT_ARGS -DCONFIG_BUF_LEN=65536 -DMAX_DOMAINS_F=21 -DMAX_HISTORY=25 -DNMM_NEST=0  -I. -traditional-cpp   module_sf_noah_seaice.G  > module_sf_noah_seaice.H
sed -e "s/gridmu/grid%mu/g" -e "s/gridMu/grid%Mu/g" module_sf_noah_seaice.H > module_sf_noah_seaice.bb
/glade/work/nystrom/Code/WRFDA/WRFV3_3.9.1_preset_moves_sfc_coeff_param_estim/tools/standard.exe module_sf_noah_seaice.bb | /lib/cpp -P -nostdinc -traditional-cpp > module_sf_noah_seaice.f90
rm -f module_sf_noah_seaice.G module_sf_noah_seaice.H module_sf_noah_seaice.bb
time mpif90 -f90=ifort -o module_sf_noah_seaice.o -c -O3 -ip -fp-model precise -w -ftz -align all -fno-alias -FR -convert big_endian    -I../dyn_em -I../dyn_nmm   -I/glade/work/nystrom/Code/WRFDA/WRFV3_3.9.1_preset_moves_sfc_coeff_param_estim/external/esmf_time_f90  -I/glade/work/nystrom/Code/WRFDA/WRFV3_3.9.1_preset_moves_sfc_coeff_param_estim/main -I/glade/work/nystrom/Code/WRFDA/WRFV3_3.9.1_preset_moves_sfc_coeff_param_estim/external/io_netcdf -I/glade/work/nystrom/Code/WRFDA/WRFV3_3.9.1_preset_moves_sfc_coeff_param_estim/external/io_int -I/glade/work/nystrom/Code/WRFDA/WRFV3_3.9.1_preset_moves_sfc_coeff_param_estim/frame -I/glade/work/nystrom/Code/WRFDA/WRFV3_3.9.1_preset_moves_sfc_coeff_param_estim/share -I/glade/work/nystrom/Code/WRFDA/WRFV3_3.9.1_preset_moves_sfc_coeff_param_estim/phys -I/glade/work/nystrom/Code/WRFDA/WRFV3_3.9.1_preset_moves_sfc_coeff_param_estim/chem -I/glade/work/nystrom/Code/WRFDA/WRFV3_3.9.1_preset_moves_sfc_coeff_param_estim/inc -I/glade/u/apps/ch/opt/netcdf/4.7.3/intel/19.0.5//include  -real-size `expr 8 \* 4` -i4  module_sf_noah_seaice.f90

real	0m15.875s
user	0m15.149s
sys	0m0.542s
rm -f module_sf_noahmp_glacier.o
sed -e "s/grid%mu/gridmu/g" -e "s/grid%Mu/gridMu/g" -e "s/^\!.*'.*//" -e "s/^ *\!.*'.*//" module_sf_noahmp_glacier.F > module_sf_noahmp_glacier.G
/lib/cpp -P -nostdinc -I/glade/work/nystrom/Code/WRFDA/WRFV3_3.9.1_preset_moves_sfc_coeff_param_estim/inc -DEM_CORE=1 -DNMM_CORE=0 -DNMM_MAX_DIM=2600 -DCOAMPS_CORE=0 -DDA_CORE=0 -DEXP_CORE=0 -DIWORDSIZE=4 -DDWORDSIZE=8 -DRWORDSIZE=4 -DLWORDSIZE=4 -DNONSTANDARD_SYSTEM_FUNC  -DWRF_USE_CLM  -DDM_PARALLEL -DNETCDF -DMOVE_NESTS -DUSE_ALLOCATABLES -DGRIB1 -DINTIO -DKEEP_INT_AROUND -DLIMIT_ARGS -DCONFIG_BUF_LEN=65536 -DMAX_DOMAINS_F=21 -DMAX_HISTORY=25 -DNMM_NEST=0  -I. -traditional-cpp   module_sf_noahmp_glacier.G  > module_sf_noahmp_glacier.H
sed -e "s/gridmu/grid%mu/g" -e "s/gridMu/grid%Mu/g" module_sf_noahmp_glacier.H > module_sf_noahmp_glacier.bb
/glade/work/nystrom/Code/WRFDA/WRFV3_3.9.1_preset_moves_sfc_coeff_param_estim/tools/standard.exe module_sf_noahmp_glacier.bb | /lib/cpp -P -nostdinc -traditional-cpp > module_sf_noahmp_glacier.f90
rm -f module_sf_noahmp_glacier.G module_sf_noahmp_glacier.H module_sf_noahmp_glacier.bb
time mpif90 -f90=ifort -o module_sf_noahmp_glacier.o -c -O3 -ip -fp-model precise -w -ftz -align all -fno-alias -FR -convert big_endian    -I../dyn_em -I../dyn_nmm   -I/glade/work/nystrom/Code/WRFDA/WRFV3_3.9.1_preset_moves_sfc_coeff_param_estim/external/esmf_time_f90  -I/glade/work/nystrom/Code/WRFDA/WRFV3_3.9.1_preset_moves_sfc_coeff_param_estim/main -I/glade/work/nystrom/Code/WRFDA/WRFV3_3.9.1_preset_moves_sfc_coeff_param_estim/external/io_netcdf -I/glade/work/nystrom/Code/WRFDA/WRFV3_3.9.1_preset_moves_sfc_coeff_param_estim/external/io_int -I/glade/work/nystrom/Code/WRFDA/WRFV3_3.9.1_preset_moves_sfc_coeff_param_estim/frame -I/glade/work/nystrom/Code/WRFDA/WRFV3_3.9.1_preset_moves_sfc_coeff_param_estim/share -I/glade/work/nystrom/Code/WRFDA/WRFV3_3.9.1_preset_moves_sfc_coeff_param_estim/phys -I/glade/work/nystrom/Code/WRFDA/WRFV3_3.9.1_preset_moves_sfc_coeff_param_estim/chem -I/glade/work/nystrom/Code/WRFDA/WRFV3_3.9.1_preset_moves_sfc_coeff_param_estim/inc -I/glade/u/apps/ch/opt/netcdf/4.7.3/intel/19.0.5//include  -real-size `expr 8 \* 4` -i4  module_sf_noahmp_glacier.f90

real	0m0.535s
user	0m0.348s
sys	0m0.073s
rm -f module_sf_pxlsm_data.o
sed -e "s/grid%mu/gridmu/g" -e "s/grid%Mu/gridMu/g" -e "s/^\!.*'.*//" -e "s/^ *\!.*'.*//" module_sf_pxlsm_data.F > module_sf_pxlsm_data.G
/lib/cpp -P -nostdinc -I/glade/work/nystrom/Code/WRFDA/WRFV3_3.9.1_preset_moves_sfc_coeff_param_estim/inc -DEM_CORE=1 -DNMM_CORE=0 -DNMM_MAX_DIM=2600 -DCOAMPS_CORE=0 -DDA_CORE=0 -DEXP_CORE=0 -DIWORDSIZE=4 -DDWORDSIZE=8 -DRWORDSIZE=4 -DLWORDSIZE=4 -DNONSTANDARD_SYSTEM_FUNC  -DWRF_USE_CLM  -DDM_PARALLEL -DNETCDF -DMOVE_NESTS -DUSE_ALLOCATABLES -DGRIB1 -DINTIO -DKEEP_INT_AROUND -DLIMIT_ARGS -DCONFIG_BUF_LEN=65536 -DMAX_DOMAINS_F=21 -DMAX_HISTORY=25 -DNMM_NEST=0  -I. -traditional-cpp   module_sf_pxlsm_data.G  > module_sf_pxlsm_data.H
sed -e "s/gridmu/grid%mu/g" -e "s/gridMu/grid%Mu/g" module_sf_pxlsm_data.H > module_sf_pxlsm_data.bb
/glade/work/nystrom/Code/WRFDA/WRFV3_3.9.1_preset_moves_sfc_coeff_param_estim/tools/standard.exe module_sf_pxlsm_data.bb | /lib/cpp -P -nostdinc -traditional-cpp > module_sf_pxlsm_data.f90
rm -f module_sf_pxlsm_data.G module_sf_pxlsm_data.H module_sf_pxlsm_data.bb
time mpif90 -f90=ifort -o module_sf_pxlsm_data.o -c -O3 -ip -fp-model precise -w -ftz -align all -fno-alias -FR -convert big_endian    -I../dyn_em -I../dyn_nmm   -I/glade/work/nystrom/Code/WRFDA/WRFV3_3.9.1_preset_moves_sfc_coeff_param_estim/external/esmf_time_f90  -I/glade/work/nystrom/Code/WRFDA/WRFV3_3.9.1_preset_moves_sfc_coeff_param_estim/main -I/glade/work/nystrom/Code/WRFDA/WRFV3_3.9.1_preset_moves_sfc_coeff_param_estim/external/io_netcdf -I/glade/work/nystrom/Code/WRFDA/WRFV3_3.9.1_preset_moves_sfc_coeff_param_estim/external/io_int -I/glade/work/nystrom/Code/WRFDA/WRFV3_3.9.1_preset_moves_sfc_coeff_param_estim/frame -I/glade/work/nystrom/Code/WRFDA/WRFV3_3.9.1_preset_moves_sfc_coeff_param_estim/share -I/glade/work/nystrom/Code/WRFDA/WRFV3_3.9.1_preset_moves_sfc_coeff_param_estim/phys -I/glade/work/nystrom/Code/WRFDA/WRFV3_3.9.1_preset_moves_sfc_coeff_param_estim/chem -I/glade/work/nystrom/Code/WRFDA/WRFV3_3.9.1_preset_moves_sfc_coeff_param_estim/inc -I/glade/u/apps/ch/opt/netcdf/4.7.3/intel/19.0.5//include  -real-size `expr 8 \* 4` -i4  module_sf_pxlsm_data.f90

real	0m0.246s
user	0m0.067s
sys	0m0.067s
rm -f module_sf_ruclsm.o
/glade/work/nystrom/Code/WRFDA/WRFV3_3.9.1_preset_moves_sfc_coeff_param_estim/tools/standard.exe module_sf_ruclsm.F > module_sf_ruclsm.b 
/lib/cpp -P -nostdinc -I/glade/work/nystrom/Code/WRFDA/WRFV3_3.9.1_preset_moves_sfc_coeff_param_estim/inc -DEM_CORE=1 -DNMM_CORE=0 -DNMM_MAX_DIM=2600 -DCOAMPS_CORE=0 -DDA_CORE=0 -DEXP_CORE=0 -DIWORDSIZE=4 -DDWORDSIZE=8 -DRWORDSIZE=4 -DLWORDSIZE=4 -DNONSTANDARD_SYSTEM_FUNC  -DWRF_USE_CLM  -DDM_PARALLEL -DNETCDF -DMOVE_NESTS -DUSE_ALLOCATABLES -DGRIB1 -DINTIO -DKEEP_INT_AROUND -DLIMIT_ARGS -DCONFIG_BUF_LEN=65536 -DMAX_DOMAINS_F=21 -DMAX_HISTORY=25 -DNMM_NEST=0  -I. -traditional-cpp   module_sf_ruclsm.b  > module_sf_ruclsm.f90
rm -f module_sf_ruclsm.b
if fgrep -iq '!$OMP' module_sf_ruclsm.f90 ; then \
          echo COMPILING module_sf_ruclsm.F WITH OMP ; \
          if [ -n "" ] ; then echo COMPILING module_sf_ruclsm.F WITH OMP ; fi ; \
  time mpif90 -f90=ifort -c -real-size `expr 8 \* 4` -i4 -O3 -ip -fp-model precise -w -ftz -align all -fno-alias -FR -convert big_endian   -I../dyn_em -I../dyn_nmm   -I/glade/work/nystrom/Code/WRFDA/WRFV3_3.9.1_preset_moves_sfc_coeff_param_estim/external/esmf_time_f90  -I/glade/work/nystrom/Code/WRFDA/WRFV3_3.9.1_preset_moves_sfc_coeff_param_estim/main -I/glade/work/nystrom/Code/WRFDA/WRFV3_3.9.1_preset_moves_sfc_coeff_param_estim/external/io_netcdf -I/glade/work/nystrom/Code/WRFDA/WRFV3_3.9.1_preset_moves_sfc_coeff_param_estim/external/io_int -I/glade/work/nystrom/Code/WRFDA/WRFV3_3.9.1_preset_moves_sfc_coeff_param_estim/frame -I/glade/work/nystrom/Code/WRFDA/WRFV3_3.9.1_preset_moves_sfc_coeff_param_estim/share -I/glade/work/nystrom/Code/WRFDA/WRFV3_3.9.1_preset_moves_sfc_coeff_param_estim/phys -I/glade/work/nystrom/Code/WRFDA/WRFV3_3.9.1_preset_moves_sfc_coeff_param_estim/chem -I/glade/work/nystrom/Code/WRFDA/WRFV3_3.9.1_preset_moves_sfc_coeff_param_estim/inc -I/glade/u/apps/ch/opt/netcdf/4.7.3/intel/19.0.5//include    module_sf_ruclsm.f90 ; \
        else \
          if [ -n "" ] ; then echo COMPILING module_sf_ruclsm.F WITHOUT OMP ; fi ; \
  time mpif90 -f90=ifort -c -real-size `expr 8 \* 4` -i4 -O3 -ip -fp-model precise -w -ftz -align all -fno-alias -FR -convert big_endian   -I../dyn_em -I../dyn_nmm   -I/glade/work/nystrom/Code/WRFDA/WRFV3_3.9.1_preset_moves_sfc_coeff_param_estim/external/esmf_time_f90  -I/glade/work/nystrom/Code/WRFDA/WRFV3_3.9.1_preset_moves_sfc_coeff_param_estim/main -I/glade/work/nystrom/Code/WRFDA/WRFV3_3.9.1_preset_moves_sfc_coeff_param_estim/external/io_netcdf -I/glade/work/nystrom/Code/WRFDA/WRFV3_3.9.1_preset_moves_sfc_coeff_param_estim/external/io_int -I/glade/work/nystrom/Code/WRFDA/WRFV3_3.9.1_preset_moves_sfc_coeff_param_estim/frame -I/glade/work/nystrom/Code/WRFDA/WRFV3_3.9.1_preset_moves_sfc_coeff_param_estim/share -I/glade/work/nystrom/Code/WRFDA/WRFV3_3.9.1_preset_moves_sfc_coeff_param_estim/phys -I/glade/work/nystrom/Code/WRFDA/WRFV3_3.9.1_preset_moves_sfc_coeff_param_estim/chem -I/glade/work/nystrom/Code/WRFDA/WRFV3_3.9.1_preset_moves_sfc_coeff_param_estim/inc -I/glade/u/apps/ch/opt/netcdf/4.7.3/intel/19.0.5//include   module_sf_ruclsm.f90 ; \
        fi

real	0m2.361s
user	0m2.160s
sys	0m0.081s
rm -f module_sf_sfcdiags.o
sed -e "s/grid%mu/gridmu/g" -e "s/grid%Mu/gridMu/g" -e "s/^\!.*'.*//" -e "s/^ *\!.*'.*//" module_sf_sfcdiags.F > module_sf_sfcdiags.G
/lib/cpp -P -nostdinc -I/glade/work/nystrom/Code/WRFDA/WRFV3_3.9.1_preset_moves_sfc_coeff_param_estim/inc -DEM_CORE=1 -DNMM_CORE=0 -DNMM_MAX_DIM=2600 -DCOAMPS_CORE=0 -DDA_CORE=0 -DEXP_CORE=0 -DIWORDSIZE=4 -DDWORDSIZE=8 -DRWORDSIZE=4 -DLWORDSIZE=4 -DNONSTANDARD_SYSTEM_FUNC  -DWRF_USE_CLM  -DDM_PARALLEL -DNETCDF -DMOVE_NESTS -DUSE_ALLOCATABLES -DGRIB1 -DINTIO -DKEEP_INT_AROUND -DLIMIT_ARGS -DCONFIG_BUF_LEN=65536 -DMAX_DOMAINS_F=21 -DMAX_HISTORY=25 -DNMM_NEST=0  -I. -traditional-cpp   module_sf_sfcdiags.G  > module_sf_sfcdiags.H
sed -e "s/gridmu/grid%mu/g" -e "s/gridMu/grid%Mu/g" module_sf_sfcdiags.H > module_sf_sfcdiags.bb
/glade/work/nystrom/Code/WRFDA/WRFV3_3.9.1_preset_moves_sfc_coeff_param_estim/tools/standard.exe module_sf_sfcdiags.bb | /lib/cpp -P -nostdinc -traditional-cpp > module_sf_sfcdiags.f90
rm -f module_sf_sfcdiags.G module_sf_sfcdiags.H module_sf_sfcdiags.bb
time mpif90 -f90=ifort -o module_sf_sfcdiags.o -c -O3 -ip -fp-model precise -w -ftz -align all -fno-alias -FR -convert big_endian    -I../dyn_em -I../dyn_nmm   -I/glade/work/nystrom/Code/WRFDA/WRFV3_3.9.1_preset_moves_sfc_coeff_param_estim/external/esmf_time_f90  -I/glade/work/nystrom/Code/WRFDA/WRFV3_3.9.1_preset_moves_sfc_coeff_param_estim/main -I/glade/work/nystrom/Code/WRFDA/WRFV3_3.9.1_preset_moves_sfc_coeff_param_estim/external/io_netcdf -I/glade/work/nystrom/Code/WRFDA/WRFV3_3.9.1_preset_moves_sfc_coeff_param_estim/external/io_int -I/glade/work/nystrom/Code/WRFDA/WRFV3_3.9.1_preset_moves_sfc_coeff_param_estim/frame -I/glade/work/nystrom/Code/WRFDA/WRFV3_3.9.1_preset_moves_sfc_coeff_param_estim/share -I/glade/work/nystrom/Code/WRFDA/WRFV3_3.9.1_preset_moves_sfc_coeff_param_estim/phys -I/glade/work/nystrom/Code/WRFDA/WRFV3_3.9.1_preset_moves_sfc_coeff_param_estim/chem -I/glade/work/nystrom/Code/WRFDA/WRFV3_3.9.1_preset_moves_sfc_coeff_param_estim/inc -I/glade/u/apps/ch/opt/netcdf/4.7.3/intel/19.0.5//include  -real-size `expr 8 \* 4` -i4  module_sf_sfcdiags.f90

real	0m0.365s
user	0m0.117s
sys	0m0.050s
rm -f module_sf_sfcdiags_ruclsm.o
sed -e "s/grid%mu/gridmu/g" -e "s/grid%Mu/gridMu/g" -e "s/^\!.*'.*//" -e "s/^ *\!.*'.*//" module_sf_sfcdiags_ruclsm.F > module_sf_sfcdiags_ruclsm.G
/lib/cpp -P -nostdinc -I/glade/work/nystrom/Code/WRFDA/WRFV3_3.9.1_preset_moves_sfc_coeff_param_estim/inc -DEM_CORE=1 -DNMM_CORE=0 -DNMM_MAX_DIM=2600 -DCOAMPS_CORE=0 -DDA_CORE=0 -DEXP_CORE=0 -DIWORDSIZE=4 -DDWORDSIZE=8 -DRWORDSIZE=4 -DLWORDSIZE=4 -DNONSTANDARD_SYSTEM_FUNC  -DWRF_USE_CLM  -DDM_PARALLEL -DNETCDF -DMOVE_NESTS -DUSE_ALLOCATABLES -DGRIB1 -DINTIO -DKEEP_INT_AROUND -DLIMIT_ARGS -DCONFIG_BUF_LEN=65536 -DMAX_DOMAINS_F=21 -DMAX_HISTORY=25 -DNMM_NEST=0  -I. -traditional-cpp   module_sf_sfcdiags_ruclsm.G  > module_sf_sfcdiags_ruclsm.H
sed -e "s/gridmu/grid%mu/g" -e "s/gridMu/grid%Mu/g" module_sf_sfcdiags_ruclsm.H > module_sf_sfcdiags_ruclsm.bb
/glade/work/nystrom/Code/WRFDA/WRFV3_3.9.1_preset_moves_sfc_coeff_param_estim/tools/standard.exe module_sf_sfcdiags_ruclsm.bb | /lib/cpp -P -nostdinc -traditional-cpp > module_sf_sfcdiags_ruclsm.f90
rm -f module_sf_sfcdiags_ruclsm.G module_sf_sfcdiags_ruclsm.H module_sf_sfcdiags_ruclsm.bb
time mpif90 -f90=ifort -o module_sf_sfcdiags_ruclsm.o -c -O3 -ip -fp-model precise -w -ftz -align all -fno-alias -FR -convert big_endian    -I../dyn_em -I../dyn_nmm   -I/glade/work/nystrom/Code/WRFDA/WRFV3_3.9.1_preset_moves_sfc_coeff_param_estim/external/esmf_time_f90  -I/glade/work/nystrom/Code/WRFDA/WRFV3_3.9.1_preset_moves_sfc_coeff_param_estim/main -I/glade/work/nystrom/Code/WRFDA/WRFV3_3.9.1_preset_moves_sfc_coeff_param_estim/external/io_netcdf -I/glade/work/nystrom/Code/WRFDA/WRFV3_3.9.1_preset_moves_sfc_coeff_param_estim/external/io_int -I/glade/work/nystrom/Code/WRFDA/WRFV3_3.9.1_preset_moves_sfc_coeff_param_estim/frame -I/glade/work/nystrom/Code/WRFDA/WRFV3_3.9.1_preset_moves_sfc_coeff_param_estim/share -I/glade/work/nystrom/Code/WRFDA/WRFV3_3.9.1_preset_moves_sfc_coeff_param_estim/phys -I/glade/work/nystrom/Code/WRFDA/WRFV3_3.9.1_preset_moves_sfc_coeff_param_estim/chem -I/glade/work/nystrom/Code/WRFDA/WRFV3_3.9.1_preset_moves_sfc_coeff_param_estim/inc -I/glade/u/apps/ch/opt/netcdf/4.7.3/intel/19.0.5//include  -real-size `expr 8 \* 4` -i4  module_sf_sfcdiags_ruclsm.f90

real	0m0.309s
user	0m0.127s
sys	0m0.062s
rm -f module_sf_sstskin.o
sed -e "s/grid%mu/gridmu/g" -e "s/grid%Mu/gridMu/g" -e "s/^\!.*'.*//" -e "s/^ *\!.*'.*//" module_sf_sstskin.F > module_sf_sstskin.G
/lib/cpp -P -nostdinc -I/glade/work/nystrom/Code/WRFDA/WRFV3_3.9.1_preset_moves_sfc_coeff_param_estim/inc -DEM_CORE=1 -DNMM_CORE=0 -DNMM_MAX_DIM=2600 -DCOAMPS_CORE=0 -DDA_CORE=0 -DEXP_CORE=0 -DIWORDSIZE=4 -DDWORDSIZE=8 -DRWORDSIZE=4 -DLWORDSIZE=4 -DNONSTANDARD_SYSTEM_FUNC  -DWRF_USE_CLM  -DDM_PARALLEL -DNETCDF -DMOVE_NESTS -DUSE_ALLOCATABLES -DGRIB1 -DINTIO -DKEEP_INT_AROUND -DLIMIT_ARGS -DCONFIG_BUF_LEN=65536 -DMAX_DOMAINS_F=21 -DMAX_HISTORY=25 -DNMM_NEST=0  -I. -traditional-cpp   module_sf_sstskin.G  > module_sf_sstskin.H
sed -e "s/gridmu/grid%mu/g" -e "s/gridMu/grid%Mu/g" module_sf_sstskin.H > module_sf_sstskin.bb
/glade/work/nystrom/Code/WRFDA/WRFV3_3.9.1_preset_moves_sfc_coeff_param_estim/tools/standard.exe module_sf_sstskin.bb | /lib/cpp -P -nostdinc -traditional-cpp > module_sf_sstskin.f90
rm -f module_sf_sstskin.G module_sf_sstskin.H module_sf_sstskin.bb
time mpif90 -f90=ifort -o module_sf_sstskin.o -c -O3 -ip -fp-model precise -w -ftz -align all -fno-alias -FR -convert big_endian    -I../dyn_em -I../dyn_nmm   -I/glade/work/nystrom/Code/WRFDA/WRFV3_3.9.1_preset_moves_sfc_coeff_param_estim/external/esmf_time_f90  -I/glade/work/nystrom/Code/WRFDA/WRFV3_3.9.1_preset_moves_sfc_coeff_param_estim/main -I/glade/work/nystrom/Code/WRFDA/WRFV3_3.9.1_preset_moves_sfc_coeff_param_estim/external/io_netcdf -I/glade/work/nystrom/Code/WRFDA/WRFV3_3.9.1_preset_moves_sfc_coeff_param_estim/external/io_int -I/glade/work/nystrom/Code/WRFDA/WRFV3_3.9.1_preset_moves_sfc_coeff_param_estim/frame -I/glade/work/nystrom/Code/WRFDA/WRFV3_3.9.1_preset_moves_sfc_coeff_param_estim/share -I/glade/work/nystrom/Code/WRFDA/WRFV3_3.9.1_preset_moves_sfc_coeff_param_estim/phys -I/glade/work/nystrom/Code/WRFDA/WRFV3_3.9.1_preset_moves_sfc_coeff_param_estim/chem -I/glade/work/nystrom/Code/WRFDA/WRFV3_3.9.1_preset_moves_sfc_coeff_param_estim/inc -I/glade/u/apps/ch/opt/netcdf/4.7.3/intel/19.0.5//include  -real-size `expr 8 \* 4` -i4  module_sf_sstskin.f90

real	0m0.322s
user	0m0.106s
sys	0m0.059s
rm -f module_sf_tmnupdate.o
sed -e "s/grid%mu/gridmu/g" -e "s/grid%Mu/gridMu/g" -e "s/^\!.*'.*//" -e "s/^ *\!.*'.*//" module_sf_tmnupdate.F > module_sf_tmnupdate.G
/lib/cpp -P -nostdinc -I/glade/work/nystrom/Code/WRFDA/WRFV3_3.9.1_preset_moves_sfc_coeff_param_estim/inc -DEM_CORE=1 -DNMM_CORE=0 -DNMM_MAX_DIM=2600 -DCOAMPS_CORE=0 -DDA_CORE=0 -DEXP_CORE=0 -DIWORDSIZE=4 -DDWORDSIZE=8 -DRWORDSIZE=4 -DLWORDSIZE=4 -DNONSTANDARD_SYSTEM_FUNC  -DWRF_USE_CLM  -DDM_PARALLEL -DNETCDF -DMOVE_NESTS -DUSE_ALLOCATABLES -DGRIB1 -DINTIO -DKEEP_INT_AROUND -DLIMIT_ARGS -DCONFIG_BUF_LEN=65536 -DMAX_DOMAINS_F=21 -DMAX_HISTORY=25 -DNMM_NEST=0  -I. -traditional-cpp   module_sf_tmnupdate.G  > module_sf_tmnupdate.H
sed -e "s/gridmu/grid%mu/g" -e "s/gridMu/grid%Mu/g" module_sf_tmnupdate.H > module_sf_tmnupdate.bb
/glade/work/nystrom/Code/WRFDA/WRFV3_3.9.1_preset_moves_sfc_coeff_param_estim/tools/standard.exe module_sf_tmnupdate.bb | /lib/cpp -P -nostdinc -traditional-cpp > module_sf_tmnupdate.f90
rm -f module_sf_tmnupdate.G module_sf_tmnupdate.H module_sf_tmnupdate.bb
time mpif90 -f90=ifort -o module_sf_tmnupdate.o -c -O3 -ip -fp-model precise -w -ftz -align all -fno-alias -FR -convert big_endian    -I../dyn_em -I../dyn_nmm   -I/glade/work/nystrom/Code/WRFDA/WRFV3_3.9.1_preset_moves_sfc_coeff_param_estim/external/esmf_time_f90  -I/glade/work/nystrom/Code/WRFDA/WRFV3_3.9.1_preset_moves_sfc_coeff_param_estim/main -I/glade/work/nystrom/Code/WRFDA/WRFV3_3.9.1_preset_moves_sfc_coeff_param_estim/external/io_netcdf -I/glade/work/nystrom/Code/WRFDA/WRFV3_3.9.1_preset_moves_sfc_coeff_param_estim/external/io_int -I/glade/work/nystrom/Code/WRFDA/WRFV3_3.9.1_preset_moves_sfc_coeff_param_estim/frame -I/glade/work/nystrom/Code/WRFDA/WRFV3_3.9.1_preset_moves_sfc_coeff_param_estim/share -I/glade/work/nystrom/Code/WRFDA/WRFV3_3.9.1_preset_moves_sfc_coeff_param_estim/phys -I/glade/work/nystrom/Code/WRFDA/WRFV3_3.9.1_preset_moves_sfc_coeff_param_estim/chem -I/glade/work/nystrom/Code/WRFDA/WRFV3_3.9.1_preset_moves_sfc_coeff_param_estim/inc -I/glade/u/apps/ch/opt/netcdf/4.7.3/intel/19.0.5//include  -real-size `expr 8 \* 4` -i4  module_sf_tmnupdate.f90

real	0m0.369s
user	0m0.179s
sys	0m0.072s
rm -f module_sf_oml.o
sed -e "s/grid%mu/gridmu/g" -e "s/grid%Mu/gridMu/g" -e "s/^\!.*'.*//" -e "s/^ *\!.*'.*//" module_sf_oml.F > module_sf_oml.G
/lib/cpp -P -nostdinc -I/glade/work/nystrom/Code/WRFDA/WRFV3_3.9.1_preset_moves_sfc_coeff_param_estim/inc -DEM_CORE=1 -DNMM_CORE=0 -DNMM_MAX_DIM=2600 -DCOAMPS_CORE=0 -DDA_CORE=0 -DEXP_CORE=0 -DIWORDSIZE=4 -DDWORDSIZE=8 -DRWORDSIZE=4 -DLWORDSIZE=4 -DNONSTANDARD_SYSTEM_FUNC  -DWRF_USE_CLM  -DDM_PARALLEL -DNETCDF -DMOVE_NESTS -DUSE_ALLOCATABLES -DGRIB1 -DINTIO -DKEEP_INT_AROUND -DLIMIT_ARGS -DCONFIG_BUF_LEN=65536 -DMAX_DOMAINS_F=21 -DMAX_HISTORY=25 -DNMM_NEST=0  -I. -traditional-cpp   module_sf_oml.G  > module_sf_oml.H
sed -e "s/gridmu/grid%mu/g" -e "s/gridMu/grid%Mu/g" module_sf_oml.H > module_sf_oml.bb
/glade/work/nystrom/Code/WRFDA/WRFV3_3.9.1_preset_moves_sfc_coeff_param_estim/tools/standard.exe module_sf_oml.bb | /lib/cpp -P -nostdinc -traditional-cpp > module_sf_oml.f90
rm -f module_sf_oml.G module_sf_oml.H module_sf_oml.bb
time mpif90 -f90=ifort -o module_sf_oml.o -c -O3 -ip -fp-model precise -w -ftz -align all -fno-alias -FR -convert big_endian    -I../dyn_em -I../dyn_nmm   -I/glade/work/nystrom/Code/WRFDA/WRFV3_3.9.1_preset_moves_sfc_coeff_param_estim/external/esmf_time_f90  -I/glade/work/nystrom/Code/WRFDA/WRFV3_3.9.1_preset_moves_sfc_coeff_param_estim/main -I/glade/work/nystrom/Code/WRFDA/WRFV3_3.9.1_preset_moves_sfc_coeff_param_estim/external/io_netcdf -I/glade/work/nystrom/Code/WRFDA/WRFV3_3.9.1_preset_moves_sfc_coeff_param_estim/external/io_int -I/glade/work/nystrom/Code/WRFDA/WRFV3_3.9.1_preset_moves_sfc_coeff_param_estim/frame -I/glade/work/nystrom/Code/WRFDA/WRFV3_3.9.1_preset_moves_sfc_coeff_param_estim/share -I/glade/work/nystrom/Code/WRFDA/WRFV3_3.9.1_preset_moves_sfc_coeff_param_estim/phys -I/glade/work/nystrom/Code/WRFDA/WRFV3_3.9.1_preset_moves_sfc_coeff_param_estim/chem -I/glade/work/nystrom/Code/WRFDA/WRFV3_3.9.1_preset_moves_sfc_coeff_param_estim/inc -I/glade/u/apps/ch/opt/netcdf/4.7.3/intel/19.0.5//include  -real-size `expr 8 \* 4` -i4  module_sf_oml.f90

real	0m0.383s
user	0m0.186s
sys	0m0.081s
rm -f module_sf_3dpwp.o
sed -e "s/grid%mu/gridmu/g" -e "s/grid%Mu/gridMu/g" -e "s/^\!.*'.*//" -e "s/^ *\!.*'.*//" module_sf_3dpwp.F > module_sf_3dpwp.G
/lib/cpp -P -nostdinc -I/glade/work/nystrom/Code/WRFDA/WRFV3_3.9.1_preset_moves_sfc_coeff_param_estim/inc -DEM_CORE=1 -DNMM_CORE=0 -DNMM_MAX_DIM=2600 -DCOAMPS_CORE=0 -DDA_CORE=0 -DEXP_CORE=0 -DIWORDSIZE=4 -DDWORDSIZE=8 -DRWORDSIZE=4 -DLWORDSIZE=4 -DNONSTANDARD_SYSTEM_FUNC  -DWRF_USE_CLM  -DDM_PARALLEL -DNETCDF -DMOVE_NESTS -DUSE_ALLOCATABLES -DGRIB1 -DINTIO -DKEEP_INT_AROUND -DLIMIT_ARGS -DCONFIG_BUF_LEN=65536 -DMAX_DOMAINS_F=21 -DMAX_HISTORY=25 -DNMM_NEST=0  -I. -traditional-cpp   module_sf_3dpwp.G  > module_sf_3dpwp.H
sed -e "s/gridmu/grid%mu/g" -e "s/gridMu/grid%Mu/g" module_sf_3dpwp.H > module_sf_3dpwp.bb
/glade/work/nystrom/Code/WRFDA/WRFV3_3.9.1_preset_moves_sfc_coeff_param_estim/tools/standard.exe module_sf_3dpwp.bb | /lib/cpp -P -nostdinc -traditional-cpp > module_sf_3dpwp.f90
rm -f module_sf_3dpwp.G module_sf_3dpwp.H module_sf_3dpwp.bb
time mpif90 -f90=ifort -o module_sf_3dpwp.o -c -O3 -ip -fp-model precise -w -ftz -align all -fno-alias -FR -convert big_endian    -I../dyn_em -I../dyn_nmm   -I/glade/work/nystrom/Code/WRFDA/WRFV3_3.9.1_preset_moves_sfc_coeff_param_estim/external/esmf_time_f90  -I/glade/work/nystrom/Code/WRFDA/WRFV3_3.9.1_preset_moves_sfc_coeff_param_estim/main -I/glade/work/nystrom/Code/WRFDA/WRFV3_3.9.1_preset_moves_sfc_coeff_param_estim/external/io_netcdf -I/glade/work/nystrom/Code/WRFDA/WRFV3_3.9.1_preset_moves_sfc_coeff_param_estim/external/io_int -I/glade/work/nystrom/Code/WRFDA/WRFV3_3.9.1_preset_moves_sfc_coeff_param_estim/frame -I/glade/work/nystrom/Code/WRFDA/WRFV3_3.9.1_preset_moves_sfc_coeff_param_estim/share -I/glade/work/nystrom/Code/WRFDA/WRFV3_3.9.1_preset_moves_sfc_coeff_param_estim/phys -I/glade/work/nystrom/Code/WRFDA/WRFV3_3.9.1_preset_moves_sfc_coeff_param_estim/chem -I/glade/work/nystrom/Code/WRFDA/WRFV3_3.9.1_preset_moves_sfc_coeff_param_estim/inc -I/glade/u/apps/ch/opt/netcdf/4.7.3/intel/19.0.5//include  -real-size `expr 8 \* 4` -i4  module_sf_3dpwp.f90

real	0m7.361s
user	0m7.120s
sys	0m0.124s
rm -f module_sf_qnsesfc.o
sed -e "s/grid%mu/gridmu/g" -e "s/grid%Mu/gridMu/g" -e "s/^\!.*'.*//" -e "s/^ *\!.*'.*//" module_sf_qnsesfc.F > module_sf_qnsesfc.G
/lib/cpp -P -nostdinc -I/glade/work/nystrom/Code/WRFDA/WRFV3_3.9.1_preset_moves_sfc_coeff_param_estim/inc -DEM_CORE=1 -DNMM_CORE=0 -DNMM_MAX_DIM=2600 -DCOAMPS_CORE=0 -DDA_CORE=0 -DEXP_CORE=0 -DIWORDSIZE=4 -DDWORDSIZE=8 -DRWORDSIZE=4 -DLWORDSIZE=4 -DNONSTANDARD_SYSTEM_FUNC  -DWRF_USE_CLM  -DDM_PARALLEL -DNETCDF -DMOVE_NESTS -DUSE_ALLOCATABLES -DGRIB1 -DINTIO -DKEEP_INT_AROUND -DLIMIT_ARGS -DCONFIG_BUF_LEN=65536 -DMAX_DOMAINS_F=21 -DMAX_HISTORY=25 -DNMM_NEST=0  -I. -traditional-cpp   module_sf_qnsesfc.G  > module_sf_qnsesfc.H
sed -e "s/gridmu/grid%mu/g" -e "s/gridMu/grid%Mu/g" module_sf_qnsesfc.H > module_sf_qnsesfc.bb
/glade/work/nystrom/Code/WRFDA/WRFV3_3.9.1_preset_moves_sfc_coeff_param_estim/tools/standard.exe module_sf_qnsesfc.bb | /lib/cpp -P -nostdinc -traditional-cpp > module_sf_qnsesfc.f90
rm -f module_sf_qnsesfc.G module_sf_qnsesfc.H module_sf_qnsesfc.bb
time mpif90 -f90=ifort -o module_sf_qnsesfc.o -c -O3 -ip -fp-model precise -w -ftz -align all -fno-alias -FR -convert big_endian    -I../dyn_em -I../dyn_nmm   -I/glade/work/nystrom/Code/WRFDA/WRFV3_3.9.1_preset_moves_sfc_coeff_param_estim/external/esmf_time_f90  -I/glade/work/nystrom/Code/WRFDA/WRFV3_3.9.1_preset_moves_sfc_coeff_param_estim/main -I/glade/work/nystrom/Code/WRFDA/WRFV3_3.9.1_preset_moves_sfc_coeff_param_estim/external/io_netcdf -I/glade/work/nystrom/Code/WRFDA/WRFV3_3.9.1_preset_moves_sfc_coeff_param_estim/external/io_int -I/glade/work/nystrom/Code/WRFDA/WRFV3_3.9.1_preset_moves_sfc_coeff_param_estim/frame -I/glade/work/nystrom/Code/WRFDA/WRFV3_3.9.1_preset_moves_sfc_coeff_param_estim/share -I/glade/work/nystrom/Code/WRFDA/WRFV3_3.9.1_preset_moves_sfc_coeff_param_estim/phys -I/glade/work/nystrom/Code/WRFDA/WRFV3_3.9.1_preset_moves_sfc_coeff_param_estim/chem -I/glade/work/nystrom/Code/WRFDA/WRFV3_3.9.1_preset_moves_sfc_coeff_param_estim/inc -I/glade/u/apps/ch/opt/netcdf/4.7.3/intel/19.0.5//include  -real-size `expr 8 \* 4` -i4  module_sf_qnsesfc.f90

real	0m4.148s
user	0m3.858s
sys	0m0.173s
rm -f module_sf_mynn.o
sed -e "s/grid%mu/gridmu/g" -e "s/grid%Mu/gridMu/g" -e "s/^\!.*'.*//" -e "s/^ *\!.*'.*//" module_sf_mynn.F > module_sf_mynn.G
/lib/cpp -P -nostdinc -I/glade/work/nystrom/Code/WRFDA/WRFV3_3.9.1_preset_moves_sfc_coeff_param_estim/inc -DEM_CORE=1 -DNMM_CORE=0 -DNMM_MAX_DIM=2600 -DCOAMPS_CORE=0 -DDA_CORE=0 -DEXP_CORE=0 -DIWORDSIZE=4 -DDWORDSIZE=8 -DRWORDSIZE=4 -DLWORDSIZE=4 -DNONSTANDARD_SYSTEM_FUNC  -DWRF_USE_CLM  -DDM_PARALLEL -DNETCDF -DMOVE_NESTS -DUSE_ALLOCATABLES -DGRIB1 -DINTIO -DKEEP_INT_AROUND -DLIMIT_ARGS -DCONFIG_BUF_LEN=65536 -DMAX_DOMAINS_F=21 -DMAX_HISTORY=25 -DNMM_NEST=0  -I. -traditional-cpp   module_sf_mynn.G  > module_sf_mynn.H
sed -e "s/gridmu/grid%mu/g" -e "s/gridMu/grid%Mu/g" module_sf_mynn.H > module_sf_mynn.bb
/glade/work/nystrom/Code/WRFDA/WRFV3_3.9.1_preset_moves_sfc_coeff_param_estim/tools/standard.exe module_sf_mynn.bb | /lib/cpp -P -nostdinc -traditional-cpp > module_sf_mynn.f90
rm -f module_sf_mynn.G module_sf_mynn.H module_sf_mynn.bb
time mpif90 -f90=ifort -o module_sf_mynn.o -c -O3 -ip -fp-model precise -w -ftz -align all -fno-alias -FR -convert big_endian    -I../dyn_em -I../dyn_nmm   -I/glade/work/nystrom/Code/WRFDA/WRFV3_3.9.1_preset_moves_sfc_coeff_param_estim/external/esmf_time_f90  -I/glade/work/nystrom/Code/WRFDA/WRFV3_3.9.1_preset_moves_sfc_coeff_param_estim/main -I/glade/work/nystrom/Code/WRFDA/WRFV3_3.9.1_preset_moves_sfc_coeff_param_estim/external/io_netcdf -I/glade/work/nystrom/Code/WRFDA/WRFV3_3.9.1_preset_moves_sfc_coeff_param_estim/external/io_int -I/glade/work/nystrom/Code/WRFDA/WRFV3_3.9.1_preset_moves_sfc_coeff_param_estim/frame -I/glade/work/nystrom/Code/WRFDA/WRFV3_3.9.1_preset_moves_sfc_coeff_param_estim/share -I/glade/work/nystrom/Code/WRFDA/WRFV3_3.9.1_preset_moves_sfc_coeff_param_estim/phys -I/glade/work/nystrom/Code/WRFDA/WRFV3_3.9.1_preset_moves_sfc_coeff_param_estim/chem -I/glade/work/nystrom/Code/WRFDA/WRFV3_3.9.1_preset_moves_sfc_coeff_param_estim/inc -I/glade/u/apps/ch/opt/netcdf/4.7.3/intel/19.0.5//include  -real-size `expr 8 \* 4` -i4  module_sf_mynn.f90

real	0m0.920s
user	0m0.691s
sys	0m0.102s
rm -f module_sf_fogdes.o
sed -e "s/grid%mu/gridmu/g" -e "s/grid%Mu/gridMu/g" -e "s/^\!.*'.*//" -e "s/^ *\!.*'.*//" module_sf_fogdes.F > module_sf_fogdes.G
/lib/cpp -P -nostdinc -I/glade/work/nystrom/Code/WRFDA/WRFV3_3.9.1_preset_moves_sfc_coeff_param_estim/inc -DEM_CORE=1 -DNMM_CORE=0 -DNMM_MAX_DIM=2600 -DCOAMPS_CORE=0 -DDA_CORE=0 -DEXP_CORE=0 -DIWORDSIZE=4 -DDWORDSIZE=8 -DRWORDSIZE=4 -DLWORDSIZE=4 -DNONSTANDARD_SYSTEM_FUNC  -DWRF_USE_CLM  -DDM_PARALLEL -DNETCDF -DMOVE_NESTS -DUSE_ALLOCATABLES -DGRIB1 -DINTIO -DKEEP_INT_AROUND -DLIMIT_ARGS -DCONFIG_BUF_LEN=65536 -DMAX_DOMAINS_F=21 -DMAX_HISTORY=25 -DNMM_NEST=0  -I. -traditional-cpp   module_sf_fogdes.G  > module_sf_fogdes.H
sed -e "s/gridmu/grid%mu/g" -e "s/gridMu/grid%Mu/g" module_sf_fogdes.H > module_sf_fogdes.bb
/glade/work/nystrom/Code/WRFDA/WRFV3_3.9.1_preset_moves_sfc_coeff_param_estim/tools/standard.exe module_sf_fogdes.bb | /lib/cpp -P -nostdinc -traditional-cpp > module_sf_fogdes.f90
rm -f module_sf_fogdes.G module_sf_fogdes.H module_sf_fogdes.bb
time mpif90 -f90=ifort -o module_sf_fogdes.o -c -O3 -ip -fp-model precise -w -ftz -align all -fno-alias -FR -convert big_endian    -I../dyn_em -I../dyn_nmm   -I/glade/work/nystrom/Code/WRFDA/WRFV3_3.9.1_preset_moves_sfc_coeff_param_estim/external/esmf_time_f90  -I/glade/work/nystrom/Code/WRFDA/WRFV3_3.9.1_preset_moves_sfc_coeff_param_estim/main -I/glade/work/nystrom/Code/WRFDA/WRFV3_3.9.1_preset_moves_sfc_coeff_param_estim/external/io_netcdf -I/glade/work/nystrom/Code/WRFDA/WRFV3_3.9.1_preset_moves_sfc_coeff_param_estim/external/io_int -I/glade/work/nystrom/Code/WRFDA/WRFV3_3.9.1_preset_moves_sfc_coeff_param_estim/frame -I/glade/work/nystrom/Code/WRFDA/WRFV3_3.9.1_preset_moves_sfc_coeff_param_estim/share -I/glade/work/nystrom/Code/WRFDA/WRFV3_3.9.1_preset_moves_sfc_coeff_param_estim/phys -I/glade/work/nystrom/Code/WRFDA/WRFV3_3.9.1_preset_moves_sfc_coeff_param_estim/chem -I/glade/work/nystrom/Code/WRFDA/WRFV3_3.9.1_preset_moves_sfc_coeff_param_estim/inc -I/glade/u/apps/ch/opt/netcdf/4.7.3/intel/19.0.5//include  -real-size `expr 8 \* 4` -i4  module_sf_fogdes.f90

real	0m0.497s
user	0m0.279s
sys	0m0.062s
rm -f module_sf_pxsfclay.o
sed -e "s/grid%mu/gridmu/g" -e "s/grid%Mu/gridMu/g" -e "s/^\!.*'.*//" -e "s/^ *\!.*'.*//" module_sf_pxsfclay.F > module_sf_pxsfclay.G
/lib/cpp -P -nostdinc -I/glade/work/nystrom/Code/WRFDA/WRFV3_3.9.1_preset_moves_sfc_coeff_param_estim/inc -DEM_CORE=1 -DNMM_CORE=0 -DNMM_MAX_DIM=2600 -DCOAMPS_CORE=0 -DDA_CORE=0 -DEXP_CORE=0 -DIWORDSIZE=4 -DDWORDSIZE=8 -DRWORDSIZE=4 -DLWORDSIZE=4 -DNONSTANDARD_SYSTEM_FUNC  -DWRF_USE_CLM  -DDM_PARALLEL -DNETCDF -DMOVE_NESTS -DUSE_ALLOCATABLES -DGRIB1 -DINTIO -DKEEP_INT_AROUND -DLIMIT_ARGS -DCONFIG_BUF_LEN=65536 -DMAX_DOMAINS_F=21 -DMAX_HISTORY=25 -DNMM_NEST=0  -I. -traditional-cpp   module_sf_pxsfclay.G  > module_sf_pxsfclay.H
sed -e "s/gridmu/grid%mu/g" -e "s/gridMu/grid%Mu/g" module_sf_pxsfclay.H > module_sf_pxsfclay.bb
/glade/work/nystrom/Code/WRFDA/WRFV3_3.9.1_preset_moves_sfc_coeff_param_estim/tools/standard.exe module_sf_pxsfclay.bb | /lib/cpp -P -nostdinc -traditional-cpp > module_sf_pxsfclay.f90
rm -f module_sf_pxsfclay.G module_sf_pxsfclay.H module_sf_pxsfclay.bb
time mpif90 -f90=ifort -o module_sf_pxsfclay.o -c -O3 -ip -fp-model precise -w -ftz -align all -fno-alias -FR -convert big_endian    -I../dyn_em -I../dyn_nmm   -I/glade/work/nystrom/Code/WRFDA/WRFV3_3.9.1_preset_moves_sfc_coeff_param_estim/external/esmf_time_f90  -I/glade/work/nystrom/Code/WRFDA/WRFV3_3.9.1_preset_moves_sfc_coeff_param_estim/main -I/glade/work/nystrom/Code/WRFDA/WRFV3_3.9.1_preset_moves_sfc_coeff_param_estim/external/io_netcdf -I/glade/work/nystrom/Code/WRFDA/WRFV3_3.9.1_preset_moves_sfc_coeff_param_estim/external/io_int -I/glade/work/nystrom/Code/WRFDA/WRFV3_3.9.1_preset_moves_sfc_coeff_param_estim/frame -I/glade/work/nystrom/Code/WRFDA/WRFV3_3.9.1_preset_moves_sfc_coeff_param_estim/share -I/glade/work/nystrom/Code/WRFDA/WRFV3_3.9.1_preset_moves_sfc_coeff_param_estim/phys -I/glade/work/nystrom/Code/WRFDA/WRFV3_3.9.1_preset_moves_sfc_coeff_param_estim/chem -I/glade/work/nystrom/Code/WRFDA/WRFV3_3.9.1_preset_moves_sfc_coeff_param_estim/inc -I/glade/u/apps/ch/opt/netcdf/4.7.3/intel/19.0.5//include  -real-size `expr 8 \* 4` -i4  module_sf_pxsfclay.f90

real	0m1.361s
user	0m1.146s
sys	0m0.082s
rm -f module_sf_temfsfclay.o
sed -e "s/grid%mu/gridmu/g" -e "s/grid%Mu/gridMu/g" -e "s/^\!.*'.*//" -e "s/^ *\!.*'.*//" module_sf_temfsfclay.F > module_sf_temfsfclay.G
/lib/cpp -P -nostdinc -I/glade/work/nystrom/Code/WRFDA/WRFV3_3.9.1_preset_moves_sfc_coeff_param_estim/inc -DEM_CORE=1 -DNMM_CORE=0 -DNMM_MAX_DIM=2600 -DCOAMPS_CORE=0 -DDA_CORE=0 -DEXP_CORE=0 -DIWORDSIZE=4 -DDWORDSIZE=8 -DRWORDSIZE=4 -DLWORDSIZE=4 -DNONSTANDARD_SYSTEM_FUNC  -DWRF_USE_CLM  -DDM_PARALLEL -DNETCDF -DMOVE_NESTS -DUSE_ALLOCATABLES -DGRIB1 -DINTIO -DKEEP_INT_AROUND -DLIMIT_ARGS -DCONFIG_BUF_LEN=65536 -DMAX_DOMAINS_F=21 -DMAX_HISTORY=25 -DNMM_NEST=0  -I. -traditional-cpp   module_sf_temfsfclay.G  > module_sf_temfsfclay.H
sed -e "s/gridmu/grid%mu/g" -e "s/gridMu/grid%Mu/g" module_sf_temfsfclay.H > module_sf_temfsfclay.bb
/glade/work/nystrom/Code/WRFDA/WRFV3_3.9.1_preset_moves_sfc_coeff_param_estim/tools/standard.exe module_sf_temfsfclay.bb | /lib/cpp -P -nostdinc -traditional-cpp > module_sf_temfsfclay.f90
rm -f module_sf_temfsfclay.G module_sf_temfsfclay.H module_sf_temfsfclay.bb
time mpif90 -f90=ifort -o module_sf_temfsfclay.o -c -O3 -ip -fp-model precise -w -ftz -align all -fno-alias -FR -convert big_endian    -I../dyn_em -I../dyn_nmm   -I/glade/work/nystrom/Code/WRFDA/WRFV3_3.9.1_preset_moves_sfc_coeff_param_estim/external/esmf_time_f90  -I/glade/work/nystrom/Code/WRFDA/WRFV3_3.9.1_preset_moves_sfc_coeff_param_estim/main -I/glade/work/nystrom/Code/WRFDA/WRFV3_3.9.1_preset_moves_sfc_coeff_param_estim/external/io_netcdf -I/glade/work/nystrom/Code/WRFDA/WRFV3_3.9.1_preset_moves_sfc_coeff_param_estim/external/io_int -I/glade/work/nystrom/Code/WRFDA/WRFV3_3.9.1_preset_moves_sfc_coeff_param_estim/frame -I/glade/work/nystrom/Code/WRFDA/WRFV3_3.9.1_preset_moves_sfc_coeff_param_estim/share -I/glade/work/nystrom/Code/WRFDA/WRFV3_3.9.1_preset_moves_sfc_coeff_param_estim/phys -I/glade/work/nystrom/Code/WRFDA/WRFV3_3.9.1_preset_moves_sfc_coeff_param_estim/chem -I/glade/work/nystrom/Code/WRFDA/WRFV3_3.9.1_preset_moves_sfc_coeff_param_estim/inc -I/glade/u/apps/ch/opt/netcdf/4.7.3/intel/19.0.5//include  -real-size `expr 8 \* 4` -i4  module_sf_temfsfclay.f90

real	0m0.705s
user	0m0.506s
sys	0m0.057s
rm -f module_sf_idealscmsfclay.o
sed -e "s/grid%mu/gridmu/g" -e "s/grid%Mu/gridMu/g" -e "s/^\!.*'.*//" -e "s/^ *\!.*'.*//" module_sf_idealscmsfclay.F > module_sf_idealscmsfclay.G
/lib/cpp -P -nostdinc -I/glade/work/nystrom/Code/WRFDA/WRFV3_3.9.1_preset_moves_sfc_coeff_param_estim/inc -DEM_CORE=1 -DNMM_CORE=0 -DNMM_MAX_DIM=2600 -DCOAMPS_CORE=0 -DDA_CORE=0 -DEXP_CORE=0 -DIWORDSIZE=4 -DDWORDSIZE=8 -DRWORDSIZE=4 -DLWORDSIZE=4 -DNONSTANDARD_SYSTEM_FUNC  -DWRF_USE_CLM  -DDM_PARALLEL -DNETCDF -DMOVE_NESTS -DUSE_ALLOCATABLES -DGRIB1 -DINTIO -DKEEP_INT_AROUND -DLIMIT_ARGS -DCONFIG_BUF_LEN=65536 -DMAX_DOMAINS_F=21 -DMAX_HISTORY=25 -DNMM_NEST=0  -I. -traditional-cpp   module_sf_idealscmsfclay.G  > module_sf_idealscmsfclay.H
sed -e "s/gridmu/grid%mu/g" -e "s/gridMu/grid%Mu/g" module_sf_idealscmsfclay.H > module_sf_idealscmsfclay.bb
/glade/work/nystrom/Code/WRFDA/WRFV3_3.9.1_preset_moves_sfc_coeff_param_estim/tools/standard.exe module_sf_idealscmsfclay.bb | /lib/cpp -P -nostdinc -traditional-cpp > module_sf_idealscmsfclay.f90
rm -f module_sf_idealscmsfclay.G module_sf_idealscmsfclay.H module_sf_idealscmsfclay.bb
time mpif90 -f90=ifort -o module_sf_idealscmsfclay.o -c -O3 -ip -fp-model precise -w -ftz -align all -fno-alias -FR -convert big_endian    -I../dyn_em -I../dyn_nmm   -I/glade/work/nystrom/Code/WRFDA/WRFV3_3.9.1_preset_moves_sfc_coeff_param_estim/external/esmf_time_f90  -I/glade/work/nystrom/Code/WRFDA/WRFV3_3.9.1_preset_moves_sfc_coeff_param_estim/main -I/glade/work/nystrom/Code/WRFDA/WRFV3_3.9.1_preset_moves_sfc_coeff_param_estim/external/io_netcdf -I/glade/work/nystrom/Code/WRFDA/WRFV3_3.9.1_preset_moves_sfc_coeff_param_estim/external/io_int -I/glade/work/nystrom/Code/WRFDA/WRFV3_3.9.1_preset_moves_sfc_coeff_param_estim/frame -I/glade/work/nystrom/Code/WRFDA/WRFV3_3.9.1_preset_moves_sfc_coeff_param_estim/share -I/glade/work/nystrom/Code/WRFDA/WRFV3_3.9.1_preset_moves_sfc_coeff_param_estim/phys -I/glade/work/nystrom/Code/WRFDA/WRFV3_3.9.1_preset_moves_sfc_coeff_param_estim/chem -I/glade/work/nystrom/Code/WRFDA/WRFV3_3.9.1_preset_moves_sfc_coeff_param_estim/inc -I/glade/u/apps/ch/opt/netcdf/4.7.3/intel/19.0.5//include  -real-size `expr 8 \* 4` -i4  module_sf_idealscmsfclay.f90

real	0m0.345s
user	0m0.177s
sys	0m0.054s
rm -f module_sf_scmflux.o
sed -e "s/grid%mu/gridmu/g" -e "s/grid%Mu/gridMu/g" -e "s/^\!.*'.*//" -e "s/^ *\!.*'.*//" module_sf_scmflux.F > module_sf_scmflux.G
/lib/cpp -P -nostdinc -I/glade/work/nystrom/Code/WRFDA/WRFV3_3.9.1_preset_moves_sfc_coeff_param_estim/inc -DEM_CORE=1 -DNMM_CORE=0 -DNMM_MAX_DIM=2600 -DCOAMPS_CORE=0 -DDA_CORE=0 -DEXP_CORE=0 -DIWORDSIZE=4 -DDWORDSIZE=8 -DRWORDSIZE=4 -DLWORDSIZE=4 -DNONSTANDARD_SYSTEM_FUNC  -DWRF_USE_CLM  -DDM_PARALLEL -DNETCDF -DMOVE_NESTS -DUSE_ALLOCATABLES -DGRIB1 -DINTIO -DKEEP_INT_AROUND -DLIMIT_ARGS -DCONFIG_BUF_LEN=65536 -DMAX_DOMAINS_F=21 -DMAX_HISTORY=25 -DNMM_NEST=0  -I. -traditional-cpp   module_sf_scmflux.G  > module_sf_scmflux.H
sed -e "s/gridmu/grid%mu/g" -e "s/gridMu/grid%Mu/g" module_sf_scmflux.H > module_sf_scmflux.bb

real	0m0.606s
user	0m0.415s
sys	0m0.076s
rm -f module_sf_scmskintemp.o
sed -e "s/grid%mu/gridmu/g" -e "s/grid%Mu/gridMu/g" -e "s/^\!.*'.*//" -e "s/^ *\!.*'.*//" module_sf_scmskintemp.F > module_sf_scmskintemp.G
/glade/work/nystrom/Code/WRFDA/WRFV3_3.9.1_preset_moves_sfc_coeff_param_estim/tools/standard.exe module_sf_scmflux.bb | /lib/cpp -P -nostdinc -traditional-cpp > module_sf_scmflux.f90
/lib/cpp -P -nostdinc -I/glade/work/nystrom/Code/WRFDA/WRFV3_3.9.1_preset_moves_sfc_coeff_param_estim/inc -DEM_CORE=1 -DNMM_CORE=0 -DNMM_MAX_DIM=2600 -DCOAMPS_CORE=0 -DDA_CORE=0 -DEXP_CORE=0 -DIWORDSIZE=4 -DDWORDSIZE=8 -DRWORDSIZE=4 -DLWORDSIZE=4 -DNONSTANDARD_SYSTEM_FUNC  -DWRF_USE_CLM  -DDM_PARALLEL -DNETCDF -DMOVE_NESTS -DUSE_ALLOCATABLES -DGRIB1 -DINTIO -DKEEP_INT_AROUND -DLIMIT_ARGS -DCONFIG_BUF_LEN=65536 -DMAX_DOMAINS_F=21 -DMAX_HISTORY=25 -DNMM_NEST=0  -I. -traditional-cpp   module_sf_scmskintemp.G  > module_sf_scmskintemp.H
rm -f module_sf_scmflux.G module_sf_scmflux.H module_sf_scmflux.bb
sed -e "s/gridmu/grid%mu/g" -e "s/gridMu/grid%Mu/g" module_sf_scmskintemp.H > module_sf_scmskintemp.bb
time mpif90 -f90=ifort -o module_sf_scmflux.o -c -O3 -ip -fp-model precise -w -ftz -align all -fno-alias -FR -convert big_endian    -I../dyn_em -I../dyn_nmm   -I/glade/work/nystrom/Code/WRFDA/WRFV3_3.9.1_preset_moves_sfc_coeff_param_estim/external/esmf_time_f90  -I/glade/work/nystrom/Code/WRFDA/WRFV3_3.9.1_preset_moves_sfc_coeff_param_estim/main -I/glade/work/nystrom/Code/WRFDA/WRFV3_3.9.1_preset_moves_sfc_coeff_param_estim/external/io_netcdf -I/glade/work/nystrom/Code/WRFDA/WRFV3_3.9.1_preset_moves_sfc_coeff_param_estim/external/io_int -I/glade/work/nystrom/Code/WRFDA/WRFV3_3.9.1_preset_moves_sfc_coeff_param_estim/frame -I/glade/work/nystrom/Code/WRFDA/WRFV3_3.9.1_preset_moves_sfc_coeff_param_estim/share -I/glade/work/nystrom/Code/WRFDA/WRFV3_3.9.1_preset_moves_sfc_coeff_param_estim/phys -I/glade/work/nystrom/Code/WRFDA/WRFV3_3.9.1_preset_moves_sfc_coeff_param_estim/chem -I/glade/work/nystrom/Code/WRFDA/WRFV3_3.9.1_preset_moves_sfc_coeff_param_estim/inc -I/glade/u/apps/ch/opt/netcdf/4.7.3/intel/19.0.5//include  -real-size `expr 8 \* 4` -i4  module_sf_scmflux.f90
/glade/work/nystrom/Code/WRFDA/WRFV3_3.9.1_preset_moves_sfc_coeff_param_estim/tools/standard.exe module_sf_scmskintemp.bb | /lib/cpp -P -nostdinc -traditional-cpp > module_sf_scmskintemp.f90
rm -f module_sf_scmskintemp.G module_sf_scmskintemp.H module_sf_scmskintemp.bb
time mpif90 -f90=ifort -o module_sf_scmskintemp.o -c -O3 -ip -fp-model precise -w -ftz -align all -fno-alias -FR -convert big_endian    -I../dyn_em -I../dyn_nmm   -I/glade/work/nystrom/Code/WRFDA/WRFV3_3.9.1_preset_moves_sfc_coeff_param_estim/external/esmf_time_f90  -I/glade/work/nystrom/Code/WRFDA/WRFV3_3.9.1_preset_moves_sfc_coeff_param_estim/main -I/glade/work/nystrom/Code/WRFDA/WRFV3_3.9.1_preset_moves_sfc_coeff_param_estim/external/io_netcdf -I/glade/work/nystrom/Code/WRFDA/WRFV3_3.9.1_preset_moves_sfc_coeff_param_estim/external/io_int -I/glade/work/nystrom/Code/WRFDA/WRFV3_3.9.1_preset_moves_sfc_coeff_param_estim/frame -I/glade/work/nystrom/Code/WRFDA/WRFV3_3.9.1_preset_moves_sfc_coeff_param_estim/share -I/glade/work/nystrom/Code/WRFDA/WRFV3_3.9.1_preset_moves_sfc_coeff_param_estim/phys -I/glade/work/nystrom/Code/WRFDA/WRFV3_3.9.1_preset_moves_sfc_coeff_param_estim/chem -I/glade/work/nystrom/Code/WRFDA/WRFV3_3.9.1_preset_moves_sfc_coeff_param_estim/inc -I/glade/u/apps/ch/opt/netcdf/4.7.3/intel/19.0.5//include  -real-size `expr 8 \* 4` -i4  module_sf_scmskintemp.f90

real	0m0.286s
user	0m0.100s
sys	0m0.070s
rm -f module_physics_addtendc.o
sed -e "s/grid%mu/gridmu/g" -e "s/grid%Mu/gridMu/g" -e "s/^\!.*'.*//" -e "s/^ *\!.*'.*//" module_physics_addtendc.F > module_physics_addtendc.G
/lib/cpp -P -nostdinc -I/glade/work/nystrom/Code/WRFDA/WRFV3_3.9.1_preset_moves_sfc_coeff_param_estim/inc -DEM_CORE=1 -DNMM_CORE=0 -DNMM_MAX_DIM=2600 -DCOAMPS_CORE=0 -DDA_CORE=0 -DEXP_CORE=0 -DIWORDSIZE=4 -DDWORDSIZE=8 -DRWORDSIZE=4 -DLWORDSIZE=4 -DNONSTANDARD_SYSTEM_FUNC  -DWRF_USE_CLM  -DDM_PARALLEL -DNETCDF -DMOVE_NESTS -DUSE_ALLOCATABLES -DGRIB1 -DINTIO -DKEEP_INT_AROUND -DLIMIT_ARGS -DCONFIG_BUF_LEN=65536 -DMAX_DOMAINS_F=21 -DMAX_HISTORY=25 -DNMM_NEST=0  -I. -traditional-cpp   module_physics_addtendc.G  > module_physics_addtendc.H
sed -e "s/gridmu/grid%mu/g" -e "s/gridMu/grid%Mu/g" module_physics_addtendc.H > module_physics_addtendc.bb
/glade/work/nystrom/Code/WRFDA/WRFV3_3.9.1_preset_moves_sfc_coeff_param_estim/tools/standard.exe module_physics_addtendc.bb | /lib/cpp -P -nostdinc -traditional-cpp > module_physics_addtendc.f90
rm -f module_physics_addtendc.G module_physics_addtendc.H module_physics_addtendc.bb
time mpif90 -f90=ifort -o module_physics_addtendc.o -c -O3 -ip -fp-model precise -w -ftz -align all -fno-alias -FR -convert big_endian    -I../dyn_em -I../dyn_nmm   -I/glade/work/nystrom/Code/WRFDA/WRFV3_3.9.1_preset_moves_sfc_coeff_param_estim/external/esmf_time_f90  -I/glade/work/nystrom/Code/WRFDA/WRFV3_3.9.1_preset_moves_sfc_coeff_param_estim/main -I/glade/work/nystrom/Code/WRFDA/WRFV3_3.9.1_preset_moves_sfc_coeff_param_estim/external/io_netcdf -I/glade/work/nystrom/Code/WRFDA/WRFV3_3.9.1_preset_moves_sfc_coeff_param_estim/external/io_int -I/glade/work/nystrom/Code/WRFDA/WRFV3_3.9.1_preset_moves_sfc_coeff_param_estim/frame -I/glade/work/nystrom/Code/WRFDA/WRFV3_3.9.1_preset_moves_sfc_coeff_param_estim/share -I/glade/work/nystrom/Code/WRFDA/WRFV3_3.9.1_preset_moves_sfc_coeff_param_estim/phys -I/glade/work/nystrom/Code/WRFDA/WRFV3_3.9.1_preset_moves_sfc_coeff_param_estim/chem -I/glade/work/nystrom/Code/WRFDA/WRFV3_3.9.1_preset_moves_sfc_coeff_param_estim/inc -I/glade/u/apps/ch/opt/netcdf/4.7.3/intel/19.0.5//include  -real-size `expr 8 \* 4` -i4  module_physics_addtendc.f90

real	0m0.476s
user	0m0.293s
sys	0m0.067s
rm -f module_sf_lake.o
sed -e "s/grid%mu/gridmu/g" -e "s/grid%Mu/gridMu/g" -e "s/^\!.*'.*//" -e "s/^ *\!.*'.*//" module_sf_lake.F > module_sf_lake.G
/lib/cpp -P -nostdinc -I/glade/work/nystrom/Code/WRFDA/WRFV3_3.9.1_preset_moves_sfc_coeff_param_estim/inc -DEM_CORE=1 -DNMM_CORE=0 -DNMM_MAX_DIM=2600 -DCOAMPS_CORE=0 -DDA_CORE=0 -DEXP_CORE=0 -DIWORDSIZE=4 -DDWORDSIZE=8 -DRWORDSIZE=4 -DLWORDSIZE=4 -DNONSTANDARD_SYSTEM_FUNC  -DWRF_USE_CLM  -DDM_PARALLEL -DNETCDF -DMOVE_NESTS -DUSE_ALLOCATABLES -DGRIB1 -DINTIO -DKEEP_INT_AROUND -DLIMIT_ARGS -DCONFIG_BUF_LEN=65536 -DMAX_DOMAINS_F=21 -DMAX_HISTORY=25 -DNMM_NEST=0  -I. -traditional-cpp   module_sf_lake.G  > module_sf_lake.H
sed -e "s/gridmu/grid%mu/g" -e "s/gridMu/grid%Mu/g" module_sf_lake.H > module_sf_lake.bb
/glade/work/nystrom/Code/WRFDA/WRFV3_3.9.1_preset_moves_sfc_coeff_param_estim/tools/standard.exe module_sf_lake.bb | /lib/cpp -P -nostdinc -traditional-cpp > module_sf_lake.f90
rm -f module_sf_lake.G module_sf_lake.H module_sf_lake.bb
time mpif90 -f90=ifort -o module_sf_lake.o -c -O3 -ip -fp-model precise -w -ftz -align all -fno-alias -FR -convert big_endian    -I../dyn_em -I../dyn_nmm   -I/glade/work/nystrom/Code/WRFDA/WRFV3_3.9.1_preset_moves_sfc_coeff_param_estim/external/esmf_time_f90  -I/glade/work/nystrom/Code/WRFDA/WRFV3_3.9.1_preset_moves_sfc_coeff_param_estim/main -I/glade/work/nystrom/Code/WRFDA/WRFV3_3.9.1_preset_moves_sfc_coeff_param_estim/external/io_netcdf -I/glade/work/nystrom/Code/WRFDA/WRFV3_3.9.1_preset_moves_sfc_coeff_param_estim/external/io_int -I/glade/work/nystrom/Code/WRFDA/WRFV3_3.9.1_preset_moves_sfc_coeff_param_estim/frame -I/glade/work/nystrom/Code/WRFDA/WRFV3_3.9.1_preset_moves_sfc_coeff_param_estim/share -I/glade/work/nystrom/Code/WRFDA/WRFV3_3.9.1_preset_moves_sfc_coeff_param_estim/phys -I/glade/work/nystrom/Code/WRFDA/WRFV3_3.9.1_preset_moves_sfc_coeff_param_estim/chem -I/glade/work/nystrom/Code/WRFDA/WRFV3_3.9.1_preset_moves_sfc_coeff_param_estim/inc -I/glade/u/apps/ch/opt/netcdf/4.7.3/intel/19.0.5//include  -real-size `expr 8 \* 4` -i4  module_sf_lake.f90

real	0m4.975s
user	0m4.678s
sys	0m0.121s
rm -f module_fdda_psufddagd.o
sed -e "s/grid%mu/gridmu/g" -e "s/grid%Mu/gridMu/g" -e "s/^\!.*'.*//" -e "s/^ *\!.*'.*//" module_fdda_psufddagd.F > module_fdda_psufddagd.G
/lib/cpp -P -nostdinc -I/glade/work/nystrom/Code/WRFDA/WRFV3_3.9.1_preset_moves_sfc_coeff_param_estim/inc -DEM_CORE=1 -DNMM_CORE=0 -DNMM_MAX_DIM=2600 -DCOAMPS_CORE=0 -DDA_CORE=0 -DEXP_CORE=0 -DIWORDSIZE=4 -DDWORDSIZE=8 -DRWORDSIZE=4 -DLWORDSIZE=4 -DNONSTANDARD_SYSTEM_FUNC  -DWRF_USE_CLM  -DDM_PARALLEL -DNETCDF -DMOVE_NESTS -DUSE_ALLOCATABLES -DGRIB1 -DINTIO -DKEEP_INT_AROUND -DLIMIT_ARGS -DCONFIG_BUF_LEN=65536 -DMAX_DOMAINS_F=21 -DMAX_HISTORY=25 -DNMM_NEST=0  -I. -traditional-cpp   module_fdda_psufddagd.G  > module_fdda_psufddagd.H
sed -e "s/gridmu/grid%mu/g" -e "s/gridMu/grid%Mu/g" module_fdda_psufddagd.H > module_fdda_psufddagd.bb
/glade/work/nystrom/Code/WRFDA/WRFV3_3.9.1_preset_moves_sfc_coeff_param_estim/tools/standard.exe module_fdda_psufddagd.bb | /lib/cpp -P -nostdinc -traditional-cpp > module_fdda_psufddagd.f90
rm -f module_fdda_psufddagd.G module_fdda_psufddagd.H module_fdda_psufddagd.bb
time mpif90 -f90=ifort -o module_fdda_psufddagd.o -c -O3 -ip -fp-model precise -w -ftz -align all -fno-alias -FR -convert big_endian    -I../dyn_em -I../dyn_nmm   -I/glade/work/nystrom/Code/WRFDA/WRFV3_3.9.1_preset_moves_sfc_coeff_param_estim/external/esmf_time_f90  -I/glade/work/nystrom/Code/WRFDA/WRFV3_3.9.1_preset_moves_sfc_coeff_param_estim/main -I/glade/work/nystrom/Code/WRFDA/WRFV3_3.9.1_preset_moves_sfc_coeff_param_estim/external/io_netcdf -I/glade/work/nystrom/Code/WRFDA/WRFV3_3.9.1_preset_moves_sfc_coeff_param_estim/external/io_int -I/glade/work/nystrom/Code/WRFDA/WRFV3_3.9.1_preset_moves_sfc_coeff_param_estim/frame -I/glade/work/nystrom/Code/WRFDA/WRFV3_3.9.1_preset_moves_sfc_coeff_param_estim/share -I/glade/work/nystrom/Code/WRFDA/WRFV3_3.9.1_preset_moves_sfc_coeff_param_estim/phys -I/glade/work/nystrom/Code/WRFDA/WRFV3_3.9.1_preset_moves_sfc_coeff_param_estim/chem -I/glade/work/nystrom/Code/WRFDA/WRFV3_3.9.1_preset_moves_sfc_coeff_param_estim/inc -I/glade/u/apps/ch/opt/netcdf/4.7.3/intel/19.0.5//include  -real-size `expr 8 \* 4` -i4  module_fdda_psufddagd.f90

real	0m5.699s
user	0m5.445s
sys	0m0.131s
rm -f module_fdda_spnudging.o
sed -e "s/grid%mu/gridmu/g" -e "s/grid%Mu/gridMu/g" -e "s/^\!.*'.*//" -e "s/^ *\!.*'.*//" module_fdda_spnudging.F > module_fdda_spnudging.G
/lib/cpp -P -nostdinc -I/glade/work/nystrom/Code/WRFDA/WRFV3_3.9.1_preset_moves_sfc_coeff_param_estim/inc -DEM_CORE=1 -DNMM_CORE=0 -DNMM_MAX_DIM=2600 -DCOAMPS_CORE=0 -DDA_CORE=0 -DEXP_CORE=0 -DIWORDSIZE=4 -DDWORDSIZE=8 -DRWORDSIZE=4 -DLWORDSIZE=4 -DNONSTANDARD_SYSTEM_FUNC  -DWRF_USE_CLM  -DDM_PARALLEL -DNETCDF -DMOVE_NESTS -DUSE_ALLOCATABLES -DGRIB1 -DINTIO -DKEEP_INT_AROUND -DLIMIT_ARGS -DCONFIG_BUF_LEN=65536 -DMAX_DOMAINS_F=21 -DMAX_HISTORY=25 -DNMM_NEST=0  -I. -traditional-cpp   module_fdda_spnudging.G  > module_fdda_spnudging.H
sed -e "s/gridmu/grid%mu/g" -e "s/gridMu/grid%Mu/g" module_fdda_spnudging.H > module_fdda_spnudging.bb
/glade/work/nystrom/Code/WRFDA/WRFV3_3.9.1_preset_moves_sfc_coeff_param_estim/tools/standard.exe module_fdda_spnudging.bb | /lib/cpp -P -nostdinc -traditional-cpp > module_fdda_spnudging.f90
rm -f module_fdda_spnudging.G module_fdda_spnudging.H module_fdda_spnudging.bb
time mpif90 -f90=ifort -o module_fdda_spnudging.o -c -O3 -ip -fp-model precise -w -ftz -align all -fno-alias -FR -convert big_endian    -I../dyn_em -I../dyn_nmm   -I/glade/work/nystrom/Code/WRFDA/WRFV3_3.9.1_preset_moves_sfc_coeff_param_estim/external/esmf_time_f90  -I/glade/work/nystrom/Code/WRFDA/WRFV3_3.9.1_preset_moves_sfc_coeff_param_estim/main -I/glade/work/nystrom/Code/WRFDA/WRFV3_3.9.1_preset_moves_sfc_coeff_param_estim/external/io_netcdf -I/glade/work/nystrom/Code/WRFDA/WRFV3_3.9.1_preset_moves_sfc_coeff_param_estim/external/io_int -I/glade/work/nystrom/Code/WRFDA/WRFV3_3.9.1_preset_moves_sfc_coeff_param_estim/frame -I/glade/work/nystrom/Code/WRFDA/WRFV3_3.9.1_preset_moves_sfc_coeff_param_estim/share -I/glade/work/nystrom/Code/WRFDA/WRFV3_3.9.1_preset_moves_sfc_coeff_param_estim/phys -I/glade/work/nystrom/Code/WRFDA/WRFV3_3.9.1_preset_moves_sfc_coeff_param_estim/chem -I/glade/work/nystrom/Code/WRFDA/WRFV3_3.9.1_preset_moves_sfc_coeff_param_estim/inc -I/glade/u/apps/ch/opt/netcdf/4.7.3/intel/19.0.5//include  -real-size `expr 8 \* 4` -i4  module_fdda_spnudging.f90

real	0m2.757s
user	0m2.523s
sys	0m0.116s
rm -f module_fddaobs_rtfdda.o
sed -e "s/grid%mu/gridmu/g" -e "s/grid%Mu/gridMu/g" -e "s/^\!.*'.*//" -e "s/^ *\!.*'.*//" module_fddaobs_rtfdda.F > module_fddaobs_rtfdda.G
/lib/cpp -P -nostdinc -I/glade/work/nystrom/Code/WRFDA/WRFV3_3.9.1_preset_moves_sfc_coeff_param_estim/inc -DEM_CORE=1 -DNMM_CORE=0 -DNMM_MAX_DIM=2600 -DCOAMPS_CORE=0 -DDA_CORE=0 -DEXP_CORE=0 -DIWORDSIZE=4 -DDWORDSIZE=8 -DRWORDSIZE=4 -DLWORDSIZE=4 -DNONSTANDARD_SYSTEM_FUNC  -DWRF_USE_CLM  -DDM_PARALLEL -DNETCDF -DMOVE_NESTS -DUSE_ALLOCATABLES -DGRIB1 -DINTIO -DKEEP_INT_AROUND -DLIMIT_ARGS -DCONFIG_BUF_LEN=65536 -DMAX_DOMAINS_F=21 -DMAX_HISTORY=25 -DNMM_NEST=0  -I. -traditional-cpp   module_fddaobs_rtfdda.G  > module_fddaobs_rtfdda.H
sed -e "s/gridmu/grid%mu/g" -e "s/gridMu/grid%Mu/g" module_fddaobs_rtfdda.H > module_fddaobs_rtfdda.bb
/glade/work/nystrom/Code/WRFDA/WRFV3_3.9.1_preset_moves_sfc_coeff_param_estim/tools/standard.exe module_fddaobs_rtfdda.bb | /lib/cpp -P -nostdinc -traditional-cpp > module_fddaobs_rtfdda.f90
rm -f module_fddaobs_rtfdda.G module_fddaobs_rtfdda.H module_fddaobs_rtfdda.bb
time mpif90 -f90=ifort -o module_fddaobs_rtfdda.o -c -O3 -ip -fp-model precise -w -ftz -align all -fno-alias -FR -convert big_endian    -I../dyn_em -I../dyn_nmm   -I/glade/work/nystrom/Code/WRFDA/WRFV3_3.9.1_preset_moves_sfc_coeff_param_estim/external/esmf_time_f90  -I/glade/work/nystrom/Code/WRFDA/WRFV3_3.9.1_preset_moves_sfc_coeff_param_estim/main -I/glade/work/nystrom/Code/WRFDA/WRFV3_3.9.1_preset_moves_sfc_coeff_param_estim/external/io_netcdf -I/glade/work/nystrom/Code/WRFDA/WRFV3_3.9.1_preset_moves_sfc_coeff_param_estim/external/io_int -I/glade/work/nystrom/Code/WRFDA/WRFV3_3.9.1_preset_moves_sfc_coeff_param_estim/frame -I/glade/work/nystrom/Code/WRFDA/WRFV3_3.9.1_preset_moves_sfc_coeff_param_estim/share -I/glade/work/nystrom/Code/WRFDA/WRFV3_3.9.1_preset_moves_sfc_coeff_param_estim/phys -I/glade/work/nystrom/Code/WRFDA/WRFV3_3.9.1_preset_moves_sfc_coeff_param_estim/chem -I/glade/work/nystrom/Code/WRFDA/WRFV3_3.9.1_preset_moves_sfc_coeff_param_estim/inc -I/glade/u/apps/ch/opt/netcdf/4.7.3/intel/19.0.5//include  -real-size `expr 8 \* 4` -i4  module_fddaobs_rtfdda.f90

real	0m4.597s
user	0m4.317s
sys	0m0.141s
rm -f module_wind_fitch.o
sed -e "s/grid%mu/gridmu/g" -e "s/grid%Mu/gridMu/g" -e "s/^\!.*'.*//" -e "s/^ *\!.*'.*//" module_wind_fitch.F > module_wind_fitch.G
/lib/cpp -P -nostdinc -I/glade/work/nystrom/Code/WRFDA/WRFV3_3.9.1_preset_moves_sfc_coeff_param_estim/inc -DEM_CORE=1 -DNMM_CORE=0 -DNMM_MAX_DIM=2600 -DCOAMPS_CORE=0 -DDA_CORE=0 -DEXP_CORE=0 -DIWORDSIZE=4 -DDWORDSIZE=8 -DRWORDSIZE=4 -DLWORDSIZE=4 -DNONSTANDARD_SYSTEM_FUNC  -DWRF_USE_CLM  -DDM_PARALLEL -DNETCDF -DMOVE_NESTS -DUSE_ALLOCATABLES -DGRIB1 -DINTIO -DKEEP_INT_AROUND -DLIMIT_ARGS -DCONFIG_BUF_LEN=65536 -DMAX_DOMAINS_F=21 -DMAX_HISTORY=25 -DNMM_NEST=0  -I. -traditional-cpp   module_wind_fitch.G  > module_wind_fitch.H
sed -e "s/gridmu/grid%mu/g" -e "s/gridMu/grid%Mu/g" module_wind_fitch.H > module_wind_fitch.bb
/glade/work/nystrom/Code/WRFDA/WRFV3_3.9.1_preset_moves_sfc_coeff_param_estim/tools/standard.exe module_wind_fitch.bb | /lib/cpp -P -nostdinc -traditional-cpp > module_wind_fitch.f90
rm -f module_wind_fitch.G module_wind_fitch.H module_wind_fitch.bb
time mpif90 -f90=ifort -o module_wind_fitch.o -c -O3 -ip -fp-model precise -w -ftz -align all -fno-alias -FR -convert big_endian    -I../dyn_em -I../dyn_nmm   -I/glade/work/nystrom/Code/WRFDA/WRFV3_3.9.1_preset_moves_sfc_coeff_param_estim/external/esmf_time_f90  -I/glade/work/nystrom/Code/WRFDA/WRFV3_3.9.1_preset_moves_sfc_coeff_param_estim/main -I/glade/work/nystrom/Code/WRFDA/WRFV3_3.9.1_preset_moves_sfc_coeff_param_estim/external/io_netcdf -I/glade/work/nystrom/Code/WRFDA/WRFV3_3.9.1_preset_moves_sfc_coeff_param_estim/external/io_int -I/glade/work/nystrom/Code/WRFDA/WRFV3_3.9.1_preset_moves_sfc_coeff_param_estim/frame -I/glade/work/nystrom/Code/WRFDA/WRFV3_3.9.1_preset_moves_sfc_coeff_param_estim/share -I/glade/work/nystrom/Code/WRFDA/WRFV3_3.9.1_preset_moves_sfc_coeff_param_estim/phys -I/glade/work/nystrom/Code/WRFDA/WRFV3_3.9.1_preset_moves_sfc_coeff_param_estim/chem -I/glade/work/nystrom/Code/WRFDA/WRFV3_3.9.1_preset_moves_sfc_coeff_param_estim/inc -I/glade/u/apps/ch/opt/netcdf/4.7.3/intel/19.0.5//include  -real-size `expr 8 \* 4` -i4  module_wind_fitch.f90

real	0m0.743s
user	0m0.522s
sys	0m0.095s
rm -f module_microphysics_zero_out.o

real	0m3.513s
user	0m3.249s
sys	0m0.140s
rm -f module_ltng_crmpr92.o
sed -e "s/grid%mu/gridmu/g" -e "s/grid%Mu/gridMu/g" -e "s/^\!.*'.*//" -e "s/^ *\!.*'.*//" module_microphysics_zero_out.F > module_microphysics_zero_out.G
sed -e "s/grid%mu/gridmu/g" -e "s/grid%Mu/gridMu/g" -e "s/^\!.*'.*//" -e "s/^ *\!.*'.*//" module_ltng_crmpr92.F > module_ltng_crmpr92.G
/lib/cpp -P -nostdinc -I/glade/work/nystrom/Code/WRFDA/WRFV3_3.9.1_preset_moves_sfc_coeff_param_estim/inc -DEM_CORE=1 -DNMM_CORE=0 -DNMM_MAX_DIM=2600 -DCOAMPS_CORE=0 -DDA_CORE=0 -DEXP_CORE=0 -DIWORDSIZE=4 -DDWORDSIZE=8 -DRWORDSIZE=4 -DLWORDSIZE=4 -DNONSTANDARD_SYSTEM_FUNC  -DWRF_USE_CLM  -DDM_PARALLEL -DNETCDF -DMOVE_NESTS -DUSE_ALLOCATABLES -DGRIB1 -DINTIO -DKEEP_INT_AROUND -DLIMIT_ARGS -DCONFIG_BUF_LEN=65536 -DMAX_DOMAINS_F=21 -DMAX_HISTORY=25 -DNMM_NEST=0  -I. -traditional-cpp   module_ltng_crmpr92.G  > module_ltng_crmpr92.H
/lib/cpp -P -nostdinc -I/glade/work/nystrom/Code/WRFDA/WRFV3_3.9.1_preset_moves_sfc_coeff_param_estim/inc -DEM_CORE=1 -DNMM_CORE=0 -DNMM_MAX_DIM=2600 -DCOAMPS_CORE=0 -DDA_CORE=0 -DEXP_CORE=0 -DIWORDSIZE=4 -DDWORDSIZE=8 -DRWORDSIZE=4 -DLWORDSIZE=4 -DNONSTANDARD_SYSTEM_FUNC  -DWRF_USE_CLM  -DDM_PARALLEL -DNETCDF -DMOVE_NESTS -DUSE_ALLOCATABLES -DGRIB1 -DINTIO -DKEEP_INT_AROUND -DLIMIT_ARGS -DCONFIG_BUF_LEN=65536 -DMAX_DOMAINS_F=21 -DMAX_HISTORY=25 -DNMM_NEST=0  -I. -traditional-cpp   module_microphysics_zero_out.G  > module_microphysics_zero_out.H
sed -e "s/gridmu/grid%mu/g" -e "s/gridMu/grid%Mu/g" module_ltng_crmpr92.H > module_ltng_crmpr92.bb
sed -e "s/gridmu/grid%mu/g" -e "s/gridMu/grid%Mu/g" module_microphysics_zero_out.H > module_microphysics_zero_out.bb
/glade/work/nystrom/Code/WRFDA/WRFV3_3.9.1_preset_moves_sfc_coeff_param_estim/tools/standard.exe module_ltng_crmpr92.bb | /lib/cpp -P -nostdinc -traditional-cpp > module_ltng_crmpr92.f90
/glade/work/nystrom/Code/WRFDA/WRFV3_3.9.1_preset_moves_sfc_coeff_param_estim/tools/standard.exe module_microphysics_zero_out.bb | /lib/cpp -P -nostdinc -traditional-cpp > module_microphysics_zero_out.f90
rm -f module_ltng_crmpr92.G module_ltng_crmpr92.H module_ltng_crmpr92.bb
rm -f module_microphysics_zero_out.G module_microphysics_zero_out.H module_microphysics_zero_out.bb
time mpif90 -f90=ifort -o module_ltng_crmpr92.o -c -O3 -ip -fp-model precise -w -ftz -align all -fno-alias -FR -convert big_endian    -I../dyn_em -I../dyn_nmm   -I/glade/work/nystrom/Code/WRFDA/WRFV3_3.9.1_preset_moves_sfc_coeff_param_estim/external/esmf_time_f90  -I/glade/work/nystrom/Code/WRFDA/WRFV3_3.9.1_preset_moves_sfc_coeff_param_estim/main -I/glade/work/nystrom/Code/WRFDA/WRFV3_3.9.1_preset_moves_sfc_coeff_param_estim/external/io_netcdf -I/glade/work/nystrom/Code/WRFDA/WRFV3_3.9.1_preset_moves_sfc_coeff_param_estim/external/io_int -I/glade/work/nystrom/Code/WRFDA/WRFV3_3.9.1_preset_moves_sfc_coeff_param_estim/frame -I/glade/work/nystrom/Code/WRFDA/WRFV3_3.9.1_preset_moves_sfc_coeff_param_estim/share -I/glade/work/nystrom/Code/WRFDA/WRFV3_3.9.1_preset_moves_sfc_coeff_param_estim/phys -I/glade/work/nystrom/Code/WRFDA/WRFV3_3.9.1_preset_moves_sfc_coeff_param_estim/chem -I/glade/work/nystrom/Code/WRFDA/WRFV3_3.9.1_preset_moves_sfc_coeff_param_estim/inc -I/glade/u/apps/ch/opt/netcdf/4.7.3/intel/19.0.5//include  -real-size `expr 8 \* 4` -i4  module_ltng_crmpr92.f90
time mpif90 -f90=ifort -o module_microphysics_zero_out.o -c -O3 -ip -fp-model precise -w -ftz -align all -fno-alias -FR -convert big_endian    -I../dyn_em -I../dyn_nmm   -I/glade/work/nystrom/Code/WRFDA/WRFV3_3.9.1_preset_moves_sfc_coeff_param_estim/external/esmf_time_f90  -I/glade/work/nystrom/Code/WRFDA/WRFV3_3.9.1_preset_moves_sfc_coeff_param_estim/main -I/glade/work/nystrom/Code/WRFDA/WRFV3_3.9.1_preset_moves_sfc_coeff_param_estim/external/io_netcdf -I/glade/work/nystrom/Code/WRFDA/WRFV3_3.9.1_preset_moves_sfc_coeff_param_estim/external/io_int -I/glade/work/nystrom/Code/WRFDA/WRFV3_3.9.1_preset_moves_sfc_coeff_param_estim/frame -I/glade/work/nystrom/Code/WRFDA/WRFV3_3.9.1_preset_moves_sfc_coeff_param_estim/share -I/glade/work/nystrom/Code/WRFDA/WRFV3_3.9.1_preset_moves_sfc_coeff_param_estim/phys -I/glade/work/nystrom/Code/WRFDA/WRFV3_3.9.1_preset_moves_sfc_coeff_param_estim/chem -I/glade/work/nystrom/Code/WRFDA/WRFV3_3.9.1_preset_moves_sfc_coeff_param_estim/inc -I/glade/u/apps/ch/opt/netcdf/4.7.3/intel/19.0.5//include  -real-size `expr 8 \* 4` -i4  module_microphysics_zero_out.f90

real	0m0.492s
user	0m0.313s
sys	0m0.067s
rm -f module_ltng_cpmpr92z.o
sed -e "s/grid%mu/gridmu/g" -e "s/grid%Mu/gridMu/g" -e "s/^\!.*'.*//" -e "s/^ *\!.*'.*//" module_ltng_cpmpr92z.F > module_ltng_cpmpr92z.G
/lib/cpp -P -nostdinc -I/glade/work/nystrom/Code/WRFDA/WRFV3_3.9.1_preset_moves_sfc_coeff_param_estim/inc -DEM_CORE=1 -DNMM_CORE=0 -DNMM_MAX_DIM=2600 -DCOAMPS_CORE=0 -DDA_CORE=0 -DEXP_CORE=0 -DIWORDSIZE=4 -DDWORDSIZE=8 -DRWORDSIZE=4 -DLWORDSIZE=4 -DNONSTANDARD_SYSTEM_FUNC  -DWRF_USE_CLM  -DDM_PARALLEL -DNETCDF -DMOVE_NESTS -DUSE_ALLOCATABLES -DGRIB1 -DINTIO -DKEEP_INT_AROUND -DLIMIT_ARGS -DCONFIG_BUF_LEN=65536 -DMAX_DOMAINS_F=21 -DMAX_HISTORY=25 -DNMM_NEST=0  -I. -traditional-cpp   module_ltng_cpmpr92z.G  > module_ltng_cpmpr92z.H
sed -e "s/gridmu/grid%mu/g" -e "s/gridMu/grid%Mu/g" module_ltng_cpmpr92z.H > module_ltng_cpmpr92z.bb
/glade/work/nystrom/Code/WRFDA/WRFV3_3.9.1_preset_moves_sfc_coeff_param_estim/tools/standard.exe module_ltng_cpmpr92z.bb | /lib/cpp -P -nostdinc -traditional-cpp > module_ltng_cpmpr92z.f90
rm -f module_ltng_cpmpr92z.G module_ltng_cpmpr92z.H module_ltng_cpmpr92z.bb
time mpif90 -f90=ifort -o module_ltng_cpmpr92z.o -c -O3 -ip -fp-model precise -w -ftz -align all -fno-alias -FR -convert big_endian    -I../dyn_em -I../dyn_nmm   -I/glade/work/nystrom/Code/WRFDA/WRFV3_3.9.1_preset_moves_sfc_coeff_param_estim/external/esmf_time_f90  -I/glade/work/nystrom/Code/WRFDA/WRFV3_3.9.1_preset_moves_sfc_coeff_param_estim/main -I/glade/work/nystrom/Code/WRFDA/WRFV3_3.9.1_preset_moves_sfc_coeff_param_estim/external/io_netcdf -I/glade/work/nystrom/Code/WRFDA/WRFV3_3.9.1_preset_moves_sfc_coeff_param_estim/external/io_int -I/glade/work/nystrom/Code/WRFDA/WRFV3_3.9.1_preset_moves_sfc_coeff_param_estim/frame -I/glade/work/nystrom/Code/WRFDA/WRFV3_3.9.1_preset_moves_sfc_coeff_param_estim/share -I/glade/work/nystrom/Code/WRFDA/WRFV3_3.9.1_preset_moves_sfc_coeff_param_estim/phys -I/glade/work/nystrom/Code/WRFDA/WRFV3_3.9.1_preset_moves_sfc_coeff_param_estim/chem -I/glade/work/nystrom/Code/WRFDA/WRFV3_3.9.1_preset_moves_sfc_coeff_param_estim/inc -I/glade/u/apps/ch/opt/netcdf/4.7.3/intel/19.0.5//include  -real-size `expr 8 \* 4` -i4  module_ltng_cpmpr92z.f90

real	0m0.613s
user	0m0.443s
sys	0m0.057s
rm -f module_ltng_iccg.o
sed -e "s/grid%mu/gridmu/g" -e "s/grid%Mu/gridMu/g" -e "s/^\!.*'.*//" -e "s/^ *\!.*'.*//" module_ltng_iccg.F > module_ltng_iccg.G
/lib/cpp -P -nostdinc -I/glade/work/nystrom/Code/WRFDA/WRFV3_3.9.1_preset_moves_sfc_coeff_param_estim/inc -DEM_CORE=1 -DNMM_CORE=0 -DNMM_MAX_DIM=2600 -DCOAMPS_CORE=0 -DDA_CORE=0 -DEXP_CORE=0 -DIWORDSIZE=4 -DDWORDSIZE=8 -DRWORDSIZE=4 -DLWORDSIZE=4 -DNONSTANDARD_SYSTEM_FUNC  -DWRF_USE_CLM  -DDM_PARALLEL -DNETCDF -DMOVE_NESTS -DUSE_ALLOCATABLES -DGRIB1 -DINTIO -DKEEP_INT_AROUND -DLIMIT_ARGS -DCONFIG_BUF_LEN=65536 -DMAX_DOMAINS_F=21 -DMAX_HISTORY=25 -DNMM_NEST=0  -I. -traditional-cpp   module_ltng_iccg.G  > module_ltng_iccg.H
sed -e "s/gridmu/grid%mu/g" -e "s/gridMu/grid%Mu/g" module_ltng_iccg.H > module_ltng_iccg.bb
/glade/work/nystrom/Code/WRFDA/WRFV3_3.9.1_preset_moves_sfc_coeff_param_estim/tools/standard.exe module_ltng_iccg.bb | /lib/cpp -P -nostdinc -traditional-cpp > module_ltng_iccg.f90
rm -f module_ltng_iccg.G module_ltng_iccg.H module_ltng_iccg.bb
time mpif90 -f90=ifort -o module_ltng_iccg.o -c -O3 -ip -fp-model precise -w -ftz -align all -fno-alias -FR -convert big_endian    -I../dyn_em -I../dyn_nmm   -I/glade/work/nystrom/Code/WRFDA/WRFV3_3.9.1_preset_moves_sfc_coeff_param_estim/external/esmf_time_f90  -I/glade/work/nystrom/Code/WRFDA/WRFV3_3.9.1_preset_moves_sfc_coeff_param_estim/main -I/glade/work/nystrom/Code/WRFDA/WRFV3_3.9.1_preset_moves_sfc_coeff_param_estim/external/io_netcdf -I/glade/work/nystrom/Code/WRFDA/WRFV3_3.9.1_preset_moves_sfc_coeff_param_estim/external/io_int -I/glade/work/nystrom/Code/WRFDA/WRFV3_3.9.1_preset_moves_sfc_coeff_param_estim/frame -I/glade/work/nystrom/Code/WRFDA/WRFV3_3.9.1_preset_moves_sfc_coeff_param_estim/share -I/glade/work/nystrom/Code/WRFDA/WRFV3_3.9.1_preset_moves_sfc_coeff_param_estim/phys -I/glade/work/nystrom/Code/WRFDA/WRFV3_3.9.1_preset_moves_sfc_coeff_param_estim/chem -I/glade/work/nystrom/Code/WRFDA/WRFV3_3.9.1_preset_moves_sfc_coeff_param_estim/inc -I/glade/u/apps/ch/opt/netcdf/4.7.3/intel/19.0.5//include  -real-size `expr 8 \* 4` -i4  module_ltng_iccg.f90

real	0m0.304s
user	0m0.123s
sys	0m0.068s
rm -f module_fddagd_driver.o
sed -e "s/grid%mu/gridmu/g" -e "s/grid%Mu/gridMu/g" -e "s/^\!.*'.*//" -e "s/^ *\!.*'.*//" module_fddagd_driver.F > module_fddagd_driver.G
/lib/cpp -P -nostdinc -I/glade/work/nystrom/Code/WRFDA/WRFV3_3.9.1_preset_moves_sfc_coeff_param_estim/inc -DEM_CORE=1 -DNMM_CORE=0 -DNMM_MAX_DIM=2600 -DCOAMPS_CORE=0 -DDA_CORE=0 -DEXP_CORE=0 -DIWORDSIZE=4 -DDWORDSIZE=8 -DRWORDSIZE=4 -DLWORDSIZE=4 -DNONSTANDARD_SYSTEM_FUNC  -DWRF_USE_CLM  -DDM_PARALLEL -DNETCDF -DMOVE_NESTS -DUSE_ALLOCATABLES -DGRIB1 -DINTIO -DKEEP_INT_AROUND -DLIMIT_ARGS -DCONFIG_BUF_LEN=65536 -DMAX_DOMAINS_F=21 -DMAX_HISTORY=25 -DNMM_NEST=0  -I. -traditional-cpp   module_fddagd_driver.G  > module_fddagd_driver.H
sed -e "s/gridmu/grid%mu/g" -e "s/gridMu/grid%Mu/g" module_fddagd_driver.H > module_fddagd_driver.bb
/glade/work/nystrom/Code/WRFDA/WRFV3_3.9.1_preset_moves_sfc_coeff_param_estim/tools/standard.exe module_fddagd_driver.bb | /lib/cpp -P -nostdinc -traditional-cpp > module_fddagd_driver.f90
rm -f module_fddagd_driver.G module_fddagd_driver.H module_fddagd_driver.bb
time mpif90 -f90=ifort -o module_fddagd_driver.o -c -O3 -ip -fp-model precise -w -ftz -align all -fno-alias -FR -convert big_endian    -I../dyn_em -I../dyn_nmm   -I/glade/work/nystrom/Code/WRFDA/WRFV3_3.9.1_preset_moves_sfc_coeff_param_estim/external/esmf_time_f90  -I/glade/work/nystrom/Code/WRFDA/WRFV3_3.9.1_preset_moves_sfc_coeff_param_estim/main -I/glade/work/nystrom/Code/WRFDA/WRFV3_3.9.1_preset_moves_sfc_coeff_param_estim/external/io_netcdf -I/glade/work/nystrom/Code/WRFDA/WRFV3_3.9.1_preset_moves_sfc_coeff_param_estim/external/io_int -I/glade/work/nystrom/Code/WRFDA/WRFV3_3.9.1_preset_moves_sfc_coeff_param_estim/frame -I/glade/work/nystrom/Code/WRFDA/WRFV3_3.9.1_preset_moves_sfc_coeff_param_estim/share -I/glade/work/nystrom/Code/WRFDA/WRFV3_3.9.1_preset_moves_sfc_coeff_param_estim/phys -I/glade/work/nystrom/Code/WRFDA/WRFV3_3.9.1_preset_moves_sfc_coeff_param_estim/chem -I/glade/work/nystrom/Code/WRFDA/WRFV3_3.9.1_preset_moves_sfc_coeff_param_estim/inc -I/glade/u/apps/ch/opt/netcdf/4.7.3/intel/19.0.5//include  -real-size `expr 8 \* 4` -i4  module_fddagd_driver.f90

real	0m0.432s
user	0m0.245s
sys	0m0.072s
rm -f module_fddaobs_driver.o
sed -e "s/grid%mu/gridmu/g" -e "s/grid%Mu/gridMu/g" -e "s/^\!.*'.*//" -e "s/^ *\!.*'.*//" module_fddaobs_driver.F > module_fddaobs_driver.G
/lib/cpp -P -nostdinc -I/glade/work/nystrom/Code/WRFDA/WRFV3_3.9.1_preset_moves_sfc_coeff_param_estim/inc -DEM_CORE=1 -DNMM_CORE=0 -DNMM_MAX_DIM=2600 -DCOAMPS_CORE=0 -DDA_CORE=0 -DEXP_CORE=0 -DIWORDSIZE=4 -DDWORDSIZE=8 -DRWORDSIZE=4 -DLWORDSIZE=4 -DNONSTANDARD_SYSTEM_FUNC  -DWRF_USE_CLM  -DDM_PARALLEL -DNETCDF -DMOVE_NESTS -DUSE_ALLOCATABLES -DGRIB1 -DINTIO -DKEEP_INT_AROUND -DLIMIT_ARGS -DCONFIG_BUF_LEN=65536 -DMAX_DOMAINS_F=21 -DMAX_HISTORY=25 -DNMM_NEST=0  -I. -traditional-cpp   module_fddaobs_driver.G  > module_fddaobs_driver.H
sed -e "s/gridmu/grid%mu/g" -e "s/gridMu/grid%Mu/g" module_fddaobs_driver.H > module_fddaobs_driver.bb
/glade/work/nystrom/Code/WRFDA/WRFV3_3.9.1_preset_moves_sfc_coeff_param_estim/tools/standard.exe module_fddaobs_driver.bb | /lib/cpp -P -nostdinc -traditional-cpp > module_fddaobs_driver.f90
rm -f module_fddaobs_driver.G module_fddaobs_driver.H module_fddaobs_driver.bb
time mpif90 -f90=ifort -o module_fddaobs_driver.o -c -O3 -ip -fp-model precise -w -ftz -align all -fno-alias -FR -convert big_endian    -I../dyn_em -I../dyn_nmm   -I/glade/work/nystrom/Code/WRFDA/WRFV3_3.9.1_preset_moves_sfc_coeff_param_estim/external/esmf_time_f90  -I/glade/work/nystrom/Code/WRFDA/WRFV3_3.9.1_preset_moves_sfc_coeff_param_estim/main -I/glade/work/nystrom/Code/WRFDA/WRFV3_3.9.1_preset_moves_sfc_coeff_param_estim/external/io_netcdf -I/glade/work/nystrom/Code/WRFDA/WRFV3_3.9.1_preset_moves_sfc_coeff_param_estim/external/io_int -I/glade/work/nystrom/Code/WRFDA/WRFV3_3.9.1_preset_moves_sfc_coeff_param_estim/frame -I/glade/work/nystrom/Code/WRFDA/WRFV3_3.9.1_preset_moves_sfc_coeff_param_estim/share -I/glade/work/nystrom/Code/WRFDA/WRFV3_3.9.1_preset_moves_sfc_coeff_param_estim/phys -I/glade/work/nystrom/Code/WRFDA/WRFV3_3.9.1_preset_moves_sfc_coeff_param_estim/chem -I/glade/work/nystrom/Code/WRFDA/WRFV3_3.9.1_preset_moves_sfc_coeff_param_estim/inc -I/glade/u/apps/ch/opt/netcdf/4.7.3/intel/19.0.5//include  -real-size `expr 8 \* 4` -i4  module_fddaobs_driver.f90

real	0m0.970s
user	0m0.703s
sys	0m0.099s
rm -f module_diag_misc.o
sed -e "s/grid%mu/gridmu/g" -e "s/grid%Mu/gridMu/g" -e "s/^\!.*'.*//" -e "s/^ *\!.*'.*//" module_diag_misc.F > module_diag_misc.G
/lib/cpp -P -nostdinc -I/glade/work/nystrom/Code/WRFDA/WRFV3_3.9.1_preset_moves_sfc_coeff_param_estim/inc -DEM_CORE=1 -DNMM_CORE=0 -DNMM_MAX_DIM=2600 -DCOAMPS_CORE=0 -DDA_CORE=0 -DEXP_CORE=0 -DIWORDSIZE=4 -DDWORDSIZE=8 -DRWORDSIZE=4 -DLWORDSIZE=4 -DNONSTANDARD_SYSTEM_FUNC  -DWRF_USE_CLM  -DDM_PARALLEL -DNETCDF -DMOVE_NESTS -DUSE_ALLOCATABLES -DGRIB1 -DINTIO -DKEEP_INT_AROUND -DLIMIT_ARGS -DCONFIG_BUF_LEN=65536 -DMAX_DOMAINS_F=21 -DMAX_HISTORY=25 -DNMM_NEST=0  -I. -traditional-cpp   module_diag_misc.G  > module_diag_misc.H
sed -e "s/gridmu/grid%mu/g" -e "s/gridMu/grid%Mu/g" module_diag_misc.H > module_diag_misc.bb
/glade/work/nystrom/Code/WRFDA/WRFV3_3.9.1_preset_moves_sfc_coeff_param_estim/tools/standard.exe module_diag_misc.bb | /lib/cpp -P -nostdinc -traditional-cpp > module_diag_misc.f90
rm -f module_diag_misc.G module_diag_misc.H module_diag_misc.bb
time mpif90 -f90=ifort -o module_diag_misc.o -c -O3 -ip -fp-model precise -w -ftz -align all -fno-alias -FR -convert big_endian    -I../dyn_em -I../dyn_nmm   -I/glade/work/nystrom/Code/WRFDA/WRFV3_3.9.1_preset_moves_sfc_coeff_param_estim/external/esmf_time_f90  -I/glade/work/nystrom/Code/WRFDA/WRFV3_3.9.1_preset_moves_sfc_coeff_param_estim/main -I/glade/work/nystrom/Code/WRFDA/WRFV3_3.9.1_preset_moves_sfc_coeff_param_estim/external/io_netcdf -I/glade/work/nystrom/Code/WRFDA/WRFV3_3.9.1_preset_moves_sfc_coeff_param_estim/external/io_int -I/glade/work/nystrom/Code/WRFDA/WRFV3_3.9.1_preset_moves_sfc_coeff_param_estim/frame -I/glade/work/nystrom/Code/WRFDA/WRFV3_3.9.1_preset_moves_sfc_coeff_param_estim/share -I/glade/work/nystrom/Code/WRFDA/WRFV3_3.9.1_preset_moves_sfc_coeff_param_estim/phys -I/glade/work/nystrom/Code/WRFDA/WRFV3_3.9.1_preset_moves_sfc_coeff_param_estim/chem -I/glade/work/nystrom/Code/WRFDA/WRFV3_3.9.1_preset_moves_sfc_coeff_param_estim/inc -I/glade/u/apps/ch/opt/netcdf/4.7.3/intel/19.0.5//include  -real-size `expr 8 \* 4` -i4  module_diag_misc.f90

real	0m1.361s
user	0m1.150s
sys	0m0.095s
rm -f module_diag_cl.o
sed -e "s/grid%mu/gridmu/g" -e "s/grid%Mu/gridMu/g" -e "s/^\!.*'.*//" -e "s/^ *\!.*'.*//" module_diag_cl.F > module_diag_cl.G
/lib/cpp -P -nostdinc -I/glade/work/nystrom/Code/WRFDA/WRFV3_3.9.1_preset_moves_sfc_coeff_param_estim/inc -DEM_CORE=1 -DNMM_CORE=0 -DNMM_MAX_DIM=2600 -DCOAMPS_CORE=0 -DDA_CORE=0 -DEXP_CORE=0 -DIWORDSIZE=4 -DDWORDSIZE=8 -DRWORDSIZE=4 -DLWORDSIZE=4 -DNONSTANDARD_SYSTEM_FUNC  -DWRF_USE_CLM  -DDM_PARALLEL -DNETCDF -DMOVE_NESTS -DUSE_ALLOCATABLES -DGRIB1 -DINTIO -DKEEP_INT_AROUND -DLIMIT_ARGS -DCONFIG_BUF_LEN=65536 -DMAX_DOMAINS_F=21 -DMAX_HISTORY=25 -DNMM_NEST=0  -I. -traditional-cpp   module_diag_cl.G  > module_diag_cl.H
sed -e "s/gridmu/grid%mu/g" -e "s/gridMu/grid%Mu/g" module_diag_cl.H > module_diag_cl.bb
/glade/work/nystrom/Code/WRFDA/WRFV3_3.9.1_preset_moves_sfc_coeff_param_estim/tools/standard.exe module_diag_cl.bb | /lib/cpp -P -nostdinc -traditional-cpp > module_diag_cl.f90
rm -f module_diag_cl.G module_diag_cl.H module_diag_cl.bb
time mpif90 -f90=ifort -o module_diag_cl.o -c -O3 -ip -fp-model precise -w -ftz -align all -fno-alias -FR -convert big_endian    -I../dyn_em -I../dyn_nmm   -I/glade/work/nystrom/Code/WRFDA/WRFV3_3.9.1_preset_moves_sfc_coeff_param_estim/external/esmf_time_f90  -I/glade/work/nystrom/Code/WRFDA/WRFV3_3.9.1_preset_moves_sfc_coeff_param_estim/main -I/glade/work/nystrom/Code/WRFDA/WRFV3_3.9.1_preset_moves_sfc_coeff_param_estim/external/io_netcdf -I/glade/work/nystrom/Code/WRFDA/WRFV3_3.9.1_preset_moves_sfc_coeff_param_estim/external/io_int -I/glade/work/nystrom/Code/WRFDA/WRFV3_3.9.1_preset_moves_sfc_coeff_param_estim/frame -I/glade/work/nystrom/Code/WRFDA/WRFV3_3.9.1_preset_moves_sfc_coeff_param_estim/share -I/glade/work/nystrom/Code/WRFDA/WRFV3_3.9.1_preset_moves_sfc_coeff_param_estim/phys -I/glade/work/nystrom/Code/WRFDA/WRFV3_3.9.1_preset_moves_sfc_coeff_param_estim/chem -I/glade/work/nystrom/Code/WRFDA/WRFV3_3.9.1_preset_moves_sfc_coeff_param_estim/inc -I/glade/u/apps/ch/opt/netcdf/4.7.3/intel/19.0.5//include  -real-size `expr 8 \* 4` -i4  module_diag_cl.f90

real	0m1.478s
user	0m1.254s
sys	0m0.100s
rm -f module_diag_pld.o
sed -e "s/grid%mu/gridmu/g" -e "s/grid%Mu/gridMu/g" -e "s/^\!.*'.*//" -e "s/^ *\!.*'.*//" module_diag_pld.F > module_diag_pld.G
/lib/cpp -P -nostdinc -I/glade/work/nystrom/Code/WRFDA/WRFV3_3.9.1_preset_moves_sfc_coeff_param_estim/inc -DEM_CORE=1 -DNMM_CORE=0 -DNMM_MAX_DIM=2600 -DCOAMPS_CORE=0 -DDA_CORE=0 -DEXP_CORE=0 -DIWORDSIZE=4 -DDWORDSIZE=8 -DRWORDSIZE=4 -DLWORDSIZE=4 -DNONSTANDARD_SYSTEM_FUNC  -DWRF_USE_CLM  -DDM_PARALLEL -DNETCDF -DMOVE_NESTS -DUSE_ALLOCATABLES -DGRIB1 -DINTIO -DKEEP_INT_AROUND -DLIMIT_ARGS -DCONFIG_BUF_LEN=65536 -DMAX_DOMAINS_F=21 -DMAX_HISTORY=25 -DNMM_NEST=0  -I. -traditional-cpp   module_diag_pld.G  > module_diag_pld.H
sed -e "s/gridmu/grid%mu/g" -e "s/gridMu/grid%Mu/g" module_diag_pld.H > module_diag_pld.bb
/glade/work/nystrom/Code/WRFDA/WRFV3_3.9.1_preset_moves_sfc_coeff_param_estim/tools/standard.exe module_diag_pld.bb | /lib/cpp -P -nostdinc -traditional-cpp > module_diag_pld.f90
rm -f module_diag_pld.G module_diag_pld.H module_diag_pld.bb
time mpif90 -f90=ifort -o module_diag_pld.o -c -O3 -ip -fp-model precise -w -ftz -align all -fno-alias -FR -convert big_endian    -I../dyn_em -I../dyn_nmm   -I/glade/work/nystrom/Code/WRFDA/WRFV3_3.9.1_preset_moves_sfc_coeff_param_estim/external/esmf_time_f90  -I/glade/work/nystrom/Code/WRFDA/WRFV3_3.9.1_preset_moves_sfc_coeff_param_estim/main -I/glade/work/nystrom/Code/WRFDA/WRFV3_3.9.1_preset_moves_sfc_coeff_param_estim/external/io_netcdf -I/glade/work/nystrom/Code/WRFDA/WRFV3_3.9.1_preset_moves_sfc_coeff_param_estim/external/io_int -I/glade/work/nystrom/Code/WRFDA/WRFV3_3.9.1_preset_moves_sfc_coeff_param_estim/frame -I/glade/work/nystrom/Code/WRFDA/WRFV3_3.9.1_preset_moves_sfc_coeff_param_estim/share -I/glade/work/nystrom/Code/WRFDA/WRFV3_3.9.1_preset_moves_sfc_coeff_param_estim/phys -I/glade/work/nystrom/Code/WRFDA/WRFV3_3.9.1_preset_moves_sfc_coeff_param_estim/chem -I/glade/work/nystrom/Code/WRFDA/WRFV3_3.9.1_preset_moves_sfc_coeff_param_estim/inc -I/glade/u/apps/ch/opt/netcdf/4.7.3/intel/19.0.5//include  -real-size `expr 8 \* 4` -i4  module_diag_pld.f90

real	0m0.444s
user	0m0.256s
sys	0m0.070s
rm -f module_diag_zld.o
sed -e "s/grid%mu/gridmu/g" -e "s/grid%Mu/gridMu/g" -e "s/^\!.*'.*//" -e "s/^ *\!.*'.*//" module_diag_zld.F > module_diag_zld.G
/lib/cpp -P -nostdinc -I/glade/work/nystrom/Code/WRFDA/WRFV3_3.9.1_preset_moves_sfc_coeff_param_estim/inc -DEM_CORE=1 -DNMM_CORE=0 -DNMM_MAX_DIM=2600 -DCOAMPS_CORE=0 -DDA_CORE=0 -DEXP_CORE=0 -DIWORDSIZE=4 -DDWORDSIZE=8 -DRWORDSIZE=4 -DLWORDSIZE=4 -DNONSTANDARD_SYSTEM_FUNC  -DWRF_USE_CLM  -DDM_PARALLEL -DNETCDF -DMOVE_NESTS -DUSE_ALLOCATABLES -DGRIB1 -DINTIO -DKEEP_INT_AROUND -DLIMIT_ARGS -DCONFIG_BUF_LEN=65536 -DMAX_DOMAINS_F=21 -DMAX_HISTORY=25 -DNMM_NEST=0  -I. -traditional-cpp   module_diag_zld.G  > module_diag_zld.H
sed -e "s/gridmu/grid%mu/g" -e "s/gridMu/grid%Mu/g" module_diag_zld.H > module_diag_zld.bb
/glade/work/nystrom/Code/WRFDA/WRFV3_3.9.1_preset_moves_sfc_coeff_param_estim/tools/standard.exe module_diag_zld.bb | /lib/cpp -P -nostdinc -traditional-cpp > module_diag_zld.f90
rm -f module_diag_zld.G module_diag_zld.H module_diag_zld.bb
time mpif90 -f90=ifort -o module_diag_zld.o -c -O3 -ip -fp-model precise -w -ftz -align all -fno-alias -FR -convert big_endian    -I../dyn_em -I../dyn_nmm   -I/glade/work/nystrom/Code/WRFDA/WRFV3_3.9.1_preset_moves_sfc_coeff_param_estim/external/esmf_time_f90  -I/glade/work/nystrom/Code/WRFDA/WRFV3_3.9.1_preset_moves_sfc_coeff_param_estim/main -I/glade/work/nystrom/Code/WRFDA/WRFV3_3.9.1_preset_moves_sfc_coeff_param_estim/external/io_netcdf -I/glade/work/nystrom/Code/WRFDA/WRFV3_3.9.1_preset_moves_sfc_coeff_param_estim/external/io_int -I/glade/work/nystrom/Code/WRFDA/WRFV3_3.9.1_preset_moves_sfc_coeff_param_estim/frame -I/glade/work/nystrom/Code/WRFDA/WRFV3_3.9.1_preset_moves_sfc_coeff_param_estim/share -I/glade/work/nystrom/Code/WRFDA/WRFV3_3.9.1_preset_moves_sfc_coeff_param_estim/phys -I/glade/work/nystrom/Code/WRFDA/WRFV3_3.9.1_preset_moves_sfc_coeff_param_estim/chem -I/glade/work/nystrom/Code/WRFDA/WRFV3_3.9.1_preset_moves_sfc_coeff_param_estim/inc -I/glade/u/apps/ch/opt/netcdf/4.7.3/intel/19.0.5//include  -real-size `expr 8 \* 4` -i4  module_diag_zld.f90

real	0m2.290s
user	0m2.053s
sys	0m0.117s
rm -f module_diag_afwa.o
sed -e "s/grid%mu/gridmu/g" -e "s/grid%Mu/gridMu/g" -e "s/^\!.*'.*//" -e "s/^ *\!.*'.*//" module_diag_afwa.F > module_diag_afwa.G
/lib/cpp -P -nostdinc -I/glade/work/nystrom/Code/WRFDA/WRFV3_3.9.1_preset_moves_sfc_coeff_param_estim/inc -DEM_CORE=1 -DNMM_CORE=0 -DNMM_MAX_DIM=2600 -DCOAMPS_CORE=0 -DDA_CORE=0 -DEXP_CORE=0 -DIWORDSIZE=4 -DDWORDSIZE=8 -DRWORDSIZE=4 -DLWORDSIZE=4 -DNONSTANDARD_SYSTEM_FUNC  -DWRF_USE_CLM  -DDM_PARALLEL -DNETCDF -DMOVE_NESTS -DUSE_ALLOCATABLES -DGRIB1 -DINTIO -DKEEP_INT_AROUND -DLIMIT_ARGS -DCONFIG_BUF_LEN=65536 -DMAX_DOMAINS_F=21 -DMAX_HISTORY=25 -DNMM_NEST=0  -I. -traditional-cpp   module_diag_afwa.G  > module_diag_afwa.H
sed -e "s/gridmu/grid%mu/g" -e "s/gridMu/grid%Mu/g" module_diag_afwa.H > module_diag_afwa.bb
/glade/work/nystrom/Code/WRFDA/WRFV3_3.9.1_preset_moves_sfc_coeff_param_estim/tools/standard.exe module_diag_afwa.bb | /lib/cpp -P -nostdinc -traditional-cpp > module_diag_afwa.f90
rm -f module_diag_afwa.G module_diag_afwa.H module_diag_afwa.bb
time mpif90 -f90=ifort -o module_diag_afwa.o -c -O3 -ip -fp-model precise -w -ftz -align all -fno-alias -FR -convert big_endian    -I../dyn_em -I../dyn_nmm   -I/glade/work/nystrom/Code/WRFDA/WRFV3_3.9.1_preset_moves_sfc_coeff_param_estim/external/esmf_time_f90  -I/glade/work/nystrom/Code/WRFDA/WRFV3_3.9.1_preset_moves_sfc_coeff_param_estim/main -I/glade/work/nystrom/Code/WRFDA/WRFV3_3.9.1_preset_moves_sfc_coeff_param_estim/external/io_netcdf -I/glade/work/nystrom/Code/WRFDA/WRFV3_3.9.1_preset_moves_sfc_coeff_param_estim/external/io_int -I/glade/work/nystrom/Code/WRFDA/WRFV3_3.9.1_preset_moves_sfc_coeff_param_estim/frame -I/glade/work/nystrom/Code/WRFDA/WRFV3_3.9.1_preset_moves_sfc_coeff_param_estim/share -I/glade/work/nystrom/Code/WRFDA/WRFV3_3.9.1_preset_moves_sfc_coeff_param_estim/phys -I/glade/work/nystrom/Code/WRFDA/WRFV3_3.9.1_preset_moves_sfc_coeff_param_estim/chem -I/glade/work/nystrom/Code/WRFDA/WRFV3_3.9.1_preset_moves_sfc_coeff_param_estim/inc -I/glade/u/apps/ch/opt/netcdf/4.7.3/intel/19.0.5//include  -real-size `expr 8 \* 4` -i4  module_diag_afwa.f90

real	0m0.430s
user	0m0.258s
sys	0m0.055s
rm -f module_diag_hailcast.o
sed -e "s/grid%mu/gridmu/g" -e "s/grid%Mu/gridMu/g" -e "s/^\!.*'.*//" -e "s/^ *\!.*'.*//" module_diag_hailcast.F > module_diag_hailcast.G
/lib/cpp -P -nostdinc -I/glade/work/nystrom/Code/WRFDA/WRFV3_3.9.1_preset_moves_sfc_coeff_param_estim/inc -DEM_CORE=1 -DNMM_CORE=0 -DNMM_MAX_DIM=2600 -DCOAMPS_CORE=0 -DDA_CORE=0 -DEXP_CORE=0 -DIWORDSIZE=4 -DDWORDSIZE=8 -DRWORDSIZE=4 -DLWORDSIZE=4 -DNONSTANDARD_SYSTEM_FUNC  -DWRF_USE_CLM  -DDM_PARALLEL -DNETCDF -DMOVE_NESTS -DUSE_ALLOCATABLES -DGRIB1 -DINTIO -DKEEP_INT_AROUND -DLIMIT_ARGS -DCONFIG_BUF_LEN=65536 -DMAX_DOMAINS_F=21 -DMAX_HISTORY=25 -DNMM_NEST=0  -I. -traditional-cpp   module_diag_hailcast.G  > module_diag_hailcast.H
sed -e "s/gridmu/grid%mu/g" -e "s/gridMu/grid%Mu/g" module_diag_hailcast.H > module_diag_hailcast.bb
/glade/work/nystrom/Code/WRFDA/WRFV3_3.9.1_preset_moves_sfc_coeff_param_estim/tools/standard.exe module_diag_hailcast.bb | /lib/cpp -P -nostdinc -traditional-cpp > module_diag_hailcast.f90
rm -f module_diag_hailcast.G module_diag_hailcast.H module_diag_hailcast.bb
time mpif90 -f90=ifort -o module_diag_hailcast.o -c -O3 -ip -fp-model precise -w -ftz -align all -fno-alias -FR -convert big_endian    -I../dyn_em -I../dyn_nmm   -I/glade/work/nystrom/Code/WRFDA/WRFV3_3.9.1_preset_moves_sfc_coeff_param_estim/external/esmf_time_f90  -I/glade/work/nystrom/Code/WRFDA/WRFV3_3.9.1_preset_moves_sfc_coeff_param_estim/main -I/glade/work/nystrom/Code/WRFDA/WRFV3_3.9.1_preset_moves_sfc_coeff_param_estim/external/io_netcdf -I/glade/work/nystrom/Code/WRFDA/WRFV3_3.9.1_preset_moves_sfc_coeff_param_estim/external/io_int -I/glade/work/nystrom/Code/WRFDA/WRFV3_3.9.1_preset_moves_sfc_coeff_param_estim/frame -I/glade/work/nystrom/Code/WRFDA/WRFV3_3.9.1_preset_moves_sfc_coeff_param_estim/share -I/glade/work/nystrom/Code/WRFDA/WRFV3_3.9.1_preset_moves_sfc_coeff_param_estim/phys -I/glade/work/nystrom/Code/WRFDA/WRFV3_3.9.1_preset_moves_sfc_coeff_param_estim/chem -I/glade/work/nystrom/Code/WRFDA/WRFV3_3.9.1_preset_moves_sfc_coeff_param_estim/inc -I/glade/u/apps/ch/opt/netcdf/4.7.3/intel/19.0.5//include  -real-size `expr 8 \* 4` -i4  module_diag_hailcast.f90

real	0m1.946s
user	0m1.700s
sys	0m0.128s
rm -f module_fr_fire_util.o
sed -e "s/grid%mu/gridmu/g" -e "s/grid%Mu/gridMu/g" -e "s/^\!.*'.*//" -e "s/^ *\!.*'.*//" module_fr_fire_util.F > module_fr_fire_util.G
/lib/cpp -P -nostdinc -I/glade/work/nystrom/Code/WRFDA/WRFV3_3.9.1_preset_moves_sfc_coeff_param_estim/inc -DEM_CORE=1 -DNMM_CORE=0 -DNMM_MAX_DIM=2600 -DCOAMPS_CORE=0 -DDA_CORE=0 -DEXP_CORE=0 -DIWORDSIZE=4 -DDWORDSIZE=8 -DRWORDSIZE=4 -DLWORDSIZE=4 -DNONSTANDARD_SYSTEM_FUNC  -DWRF_USE_CLM  -DDM_PARALLEL -DNETCDF -DMOVE_NESTS -DUSE_ALLOCATABLES -DGRIB1 -DINTIO -DKEEP_INT_AROUND -DLIMIT_ARGS -DCONFIG_BUF_LEN=65536 -DMAX_DOMAINS_F=21 -DMAX_HISTORY=25 -DNMM_NEST=0  -I. -traditional-cpp   module_fr_fire_util.G  > module_fr_fire_util.H
sed -e "s/gridmu/grid%mu/g" -e "s/gridMu/grid%Mu/g" module_fr_fire_util.H > module_fr_fire_util.bb
/glade/work/nystrom/Code/WRFDA/WRFV3_3.9.1_preset_moves_sfc_coeff_param_estim/tools/standard.exe module_fr_fire_util.bb | /lib/cpp -P -nostdinc -traditional-cpp > module_fr_fire_util.f90
rm -f module_fr_fire_util.G module_fr_fire_util.H module_fr_fire_util.bb
time mpif90 -f90=ifort -o module_fr_fire_util.o -c -O3 -ip -fp-model precise -w -ftz -align all -fno-alias -FR -convert big_endian    -I../dyn_em -I../dyn_nmm   -I/glade/work/nystrom/Code/WRFDA/WRFV3_3.9.1_preset_moves_sfc_coeff_param_estim/external/esmf_time_f90  -I/glade/work/nystrom/Code/WRFDA/WRFV3_3.9.1_preset_moves_sfc_coeff_param_estim/main -I/glade/work/nystrom/Code/WRFDA/WRFV3_3.9.1_preset_moves_sfc_coeff_param_estim/external/io_netcdf -I/glade/work/nystrom/Code/WRFDA/WRFV3_3.9.1_preset_moves_sfc_coeff_param_estim/external/io_int -I/glade/work/nystrom/Code/WRFDA/WRFV3_3.9.1_preset_moves_sfc_coeff_param_estim/frame -I/glade/work/nystrom/Code/WRFDA/WRFV3_3.9.1_preset_moves_sfc_coeff_param_estim/share -I/glade/work/nystrom/Code/WRFDA/WRFV3_3.9.1_preset_moves_sfc_coeff_param_estim/phys -I/glade/work/nystrom/Code/WRFDA/WRFV3_3.9.1_preset_moves_sfc_coeff_param_estim/chem -I/glade/work/nystrom/Code/WRFDA/WRFV3_3.9.1_preset_moves_sfc_coeff_param_estim/inc -I/glade/u/apps/ch/opt/netcdf/4.7.3/intel/19.0.5//include  -real-size `expr 8 \* 4` -i4  module_fr_fire_util.f90

real	0m1.901s
user	0m1.684s
sys	0m0.098s
rm -f module_cam_support.o
sed -e "s/grid%mu/gridmu/g" -e "s/grid%Mu/gridMu/g" -e "s/^\!.*'.*//" -e "s/^ *\!.*'.*//" module_cam_support.F > module_cam_support.G
/lib/cpp -P -nostdinc -I/glade/work/nystrom/Code/WRFDA/WRFV3_3.9.1_preset_moves_sfc_coeff_param_estim/inc -DEM_CORE=1 -DNMM_CORE=0 -DNMM_MAX_DIM=2600 -DCOAMPS_CORE=0 -DDA_CORE=0 -DEXP_CORE=0 -DIWORDSIZE=4 -DDWORDSIZE=8 -DRWORDSIZE=4 -DLWORDSIZE=4 -DNONSTANDARD_SYSTEM_FUNC  -DWRF_USE_CLM  -DDM_PARALLEL -DNETCDF -DMOVE_NESTS -DUSE_ALLOCATABLES -DGRIB1 -DINTIO -DKEEP_INT_AROUND -DLIMIT_ARGS -DCONFIG_BUF_LEN=65536 -DMAX_DOMAINS_F=21 -DMAX_HISTORY=25 -DNMM_NEST=0  -I. -traditional-cpp   module_cam_support.G  > module_cam_support.H
sed -e "s/gridmu/grid%mu/g" -e "s/gridMu/grid%Mu/g" module_cam_support.H > module_cam_support.bb
/glade/work/nystrom/Code/WRFDA/WRFV3_3.9.1_preset_moves_sfc_coeff_param_estim/tools/standard.exe module_cam_support.bb | /lib/cpp -P -nostdinc -traditional-cpp > module_cam_support.f90
rm -f module_cam_support.G module_cam_support.H module_cam_support.bb
time mpif90 -f90=ifort -o module_cam_support.o -c -O3 -ip -fp-model precise -w -ftz -align all -fno-alias -FR -convert big_endian    -I../dyn_em -I../dyn_nmm   -I/glade/work/nystrom/Code/WRFDA/WRFV3_3.9.1_preset_moves_sfc_coeff_param_estim/external/esmf_time_f90  -I/glade/work/nystrom/Code/WRFDA/WRFV3_3.9.1_preset_moves_sfc_coeff_param_estim/main -I/glade/work/nystrom/Code/WRFDA/WRFV3_3.9.1_preset_moves_sfc_coeff_param_estim/external/io_netcdf -I/glade/work/nystrom/Code/WRFDA/WRFV3_3.9.1_preset_moves_sfc_coeff_param_estim/external/io_int -I/glade/work/nystrom/Code/WRFDA/WRFV3_3.9.1_preset_moves_sfc_coeff_param_estim/frame -I/glade/work/nystrom/Code/WRFDA/WRFV3_3.9.1_preset_moves_sfc_coeff_param_estim/share -I/glade/work/nystrom/Code/WRFDA/WRFV3_3.9.1_preset_moves_sfc_coeff_param_estim/phys -I/glade/work/nystrom/Code/WRFDA/WRFV3_3.9.1_preset_moves_sfc_coeff_param_estim/chem -I/glade/work/nystrom/Code/WRFDA/WRFV3_3.9.1_preset_moves_sfc_coeff_param_estim/inc -I/glade/u/apps/ch/opt/netcdf/4.7.3/intel/19.0.5//include  -real-size `expr 8 \* 4` -i4  module_cam_support.f90

real	0m0.276s
user	0m0.089s
sys	0m0.068s
rm -f module_cam_shr_const_mod.o
sed -e "s/grid%mu/gridmu/g" -e "s/grid%Mu/gridMu/g" -e "s/^\!.*'.*//" -e "s/^ *\!.*'.*//" module_cam_shr_const_mod.F > module_cam_shr_const_mod.G
/lib/cpp -P -nostdinc -I/glade/work/nystrom/Code/WRFDA/WRFV3_3.9.1_preset_moves_sfc_coeff_param_estim/inc -DEM_CORE=1 -DNMM_CORE=0 -DNMM_MAX_DIM=2600 -DCOAMPS_CORE=0 -DDA_CORE=0 -DEXP_CORE=0 -DIWORDSIZE=4 -DDWORDSIZE=8 -DRWORDSIZE=4 -DLWORDSIZE=4 -DNONSTANDARD_SYSTEM_FUNC  -DWRF_USE_CLM  -DDM_PARALLEL -DNETCDF -DMOVE_NESTS -DUSE_ALLOCATABLES -DGRIB1 -DINTIO -DKEEP_INT_AROUND -DLIMIT_ARGS -DCONFIG_BUF_LEN=65536 -DMAX_DOMAINS_F=21 -DMAX_HISTORY=25 -DNMM_NEST=0  -I. -traditional-cpp   module_cam_shr_const_mod.G  > module_cam_shr_const_mod.H
sed -e "s/gridmu/grid%mu/g" -e "s/gridMu/grid%Mu/g" module_cam_shr_const_mod.H > module_cam_shr_const_mod.bb
/glade/work/nystrom/Code/WRFDA/WRFV3_3.9.1_preset_moves_sfc_coeff_param_estim/tools/standard.exe module_cam_shr_const_mod.bb | /lib/cpp -P -nostdinc -traditional-cpp > module_cam_shr_const_mod.f90
rm -f module_cam_shr_const_mod.G module_cam_shr_const_mod.H module_cam_shr_const_mod.bb
time mpif90 -f90=ifort -o module_cam_shr_const_mod.o -c -O3 -ip -fp-model precise -w -ftz -align all -fno-alias -FR -convert big_endian    -I../dyn_em -I../dyn_nmm   -I/glade/work/nystrom/Code/WRFDA/WRFV3_3.9.1_preset_moves_sfc_coeff_param_estim/external/esmf_time_f90  -I/glade/work/nystrom/Code/WRFDA/WRFV3_3.9.1_preset_moves_sfc_coeff_param_estim/main -I/glade/work/nystrom/Code/WRFDA/WRFV3_3.9.1_preset_moves_sfc_coeff_param_estim/external/io_netcdf -I/glade/work/nystrom/Code/WRFDA/WRFV3_3.9.1_preset_moves_sfc_coeff_param_estim/external/io_int -I/glade/work/nystrom/Code/WRFDA/WRFV3_3.9.1_preset_moves_sfc_coeff_param_estim/frame -I/glade/work/nystrom/Code/WRFDA/WRFV3_3.9.1_preset_moves_sfc_coeff_param_estim/share -I/glade/work/nystrom/Code/WRFDA/WRFV3_3.9.1_preset_moves_sfc_coeff_param_estim/phys -I/glade/work/nystrom/Code/WRFDA/WRFV3_3.9.1_preset_moves_sfc_coeff_param_estim/chem -I/glade/work/nystrom/Code/WRFDA/WRFV3_3.9.1_preset_moves_sfc_coeff_param_estim/inc -I/glade/u/apps/ch/opt/netcdf/4.7.3/intel/19.0.5//include  -real-size `expr 8 \* 4` -i4  module_cam_shr_const_mod.f90

real	0m0.253s
user	0m0.061s
sys	0m0.075s
rm -f module_cam_trb_mtn_stress.o
sed -e "s/grid%mu/gridmu/g" -e "s/grid%Mu/gridMu/g" -e "s/^\!.*'.*//" -e "s/^ *\!.*'.*//" module_cam_trb_mtn_stress.F > module_cam_trb_mtn_stress.G
/lib/cpp -P -nostdinc -I/glade/work/nystrom/Code/WRFDA/WRFV3_3.9.1_preset_moves_sfc_coeff_param_estim/inc -DEM_CORE=1 -DNMM_CORE=0 -DNMM_MAX_DIM=2600 -DCOAMPS_CORE=0 -DDA_CORE=0 -DEXP_CORE=0 -DIWORDSIZE=4 -DDWORDSIZE=8 -DRWORDSIZE=4 -DLWORDSIZE=4 -DNONSTANDARD_SYSTEM_FUNC  -DWRF_USE_CLM  -DDM_PARALLEL -DNETCDF -DMOVE_NESTS -DUSE_ALLOCATABLES -DGRIB1 -DINTIO -DKEEP_INT_AROUND -DLIMIT_ARGS -DCONFIG_BUF_LEN=65536 -DMAX_DOMAINS_F=21 -DMAX_HISTORY=25 -DNMM_NEST=0  -I. -traditional-cpp   module_cam_trb_mtn_stress.G  > module_cam_trb_mtn_stress.H
sed -e "s/gridmu/grid%mu/g" -e "s/gridMu/grid%Mu/g" module_cam_trb_mtn_stress.H > module_cam_trb_mtn_stress.bb

real	0m4.981s
user	0m4.678s
sys	0m0.169s
rm -f module_cam_upper_bc.o
sed -e "s/grid%mu/gridmu/g" -e "s/grid%Mu/gridMu/g" -e "s/^\!.*'.*//" -e "s/^ *\!.*'.*//" module_cam_upper_bc.F > module_cam_upper_bc.G
/glade/work/nystrom/Code/WRFDA/WRFV3_3.9.1_preset_moves_sfc_coeff_param_estim/tools/standard.exe module_cam_trb_mtn_stress.bb | /lib/cpp -P -nostdinc -traditional-cpp > module_cam_trb_mtn_stress.f90
/lib/cpp -P -nostdinc -I/glade/work/nystrom/Code/WRFDA/WRFV3_3.9.1_preset_moves_sfc_coeff_param_estim/inc -DEM_CORE=1 -DNMM_CORE=0 -DNMM_MAX_DIM=2600 -DCOAMPS_CORE=0 -DDA_CORE=0 -DEXP_CORE=0 -DIWORDSIZE=4 -DDWORDSIZE=8 -DRWORDSIZE=4 -DLWORDSIZE=4 -DNONSTANDARD_SYSTEM_FUNC  -DWRF_USE_CLM  -DDM_PARALLEL -DNETCDF -DMOVE_NESTS -DUSE_ALLOCATABLES -DGRIB1 -DINTIO -DKEEP_INT_AROUND -DLIMIT_ARGS -DCONFIG_BUF_LEN=65536 -DMAX_DOMAINS_F=21 -DMAX_HISTORY=25 -DNMM_NEST=0  -I. -traditional-cpp   module_cam_upper_bc.G  > module_cam_upper_bc.H
rm -f module_cam_trb_mtn_stress.G module_cam_trb_mtn_stress.H module_cam_trb_mtn_stress.bb
sed -e "s/gridmu/grid%mu/g" -e "s/gridMu/grid%Mu/g" module_cam_upper_bc.H > module_cam_upper_bc.bb
time mpif90 -f90=ifort -o module_cam_trb_mtn_stress.o -c -O3 -ip -fp-model precise -w -ftz -align all -fno-alias -FR -convert big_endian    -I../dyn_em -I../dyn_nmm   -I/glade/work/nystrom/Code/WRFDA/WRFV3_3.9.1_preset_moves_sfc_coeff_param_estim/external/esmf_time_f90  -I/glade/work/nystrom/Code/WRFDA/WRFV3_3.9.1_preset_moves_sfc_coeff_param_estim/main -I/glade/work/nystrom/Code/WRFDA/WRFV3_3.9.1_preset_moves_sfc_coeff_param_estim/external/io_netcdf -I/glade/work/nystrom/Code/WRFDA/WRFV3_3.9.1_preset_moves_sfc_coeff_param_estim/external/io_int -I/glade/work/nystrom/Code/WRFDA/WRFV3_3.9.1_preset_moves_sfc_coeff_param_estim/frame -I/glade/work/nystrom/Code/WRFDA/WRFV3_3.9.1_preset_moves_sfc_coeff_param_estim/share -I/glade/work/nystrom/Code/WRFDA/WRFV3_3.9.1_preset_moves_sfc_coeff_param_estim/phys -I/glade/work/nystrom/Code/WRFDA/WRFV3_3.9.1_preset_moves_sfc_coeff_param_estim/chem -I/glade/work/nystrom/Code/WRFDA/WRFV3_3.9.1_preset_moves_sfc_coeff_param_estim/inc -I/glade/u/apps/ch/opt/netcdf/4.7.3/intel/19.0.5//include  -real-size `expr 8 \* 4` -i4  module_cam_trb_mtn_stress.f90
/glade/work/nystrom/Code/WRFDA/WRFV3_3.9.1_preset_moves_sfc_coeff_param_estim/tools/standard.exe module_cam_upper_bc.bb | /lib/cpp -P -nostdinc -traditional-cpp > module_cam_upper_bc.f90
rm -f module_cam_upper_bc.G module_cam_upper_bc.H module_cam_upper_bc.bb
time mpif90 -f90=ifort -o module_cam_upper_bc.o -c -O3 -ip -fp-model precise -w -ftz -align all -fno-alias -FR -convert big_endian    -I../dyn_em -I../dyn_nmm   -I/glade/work/nystrom/Code/WRFDA/WRFV3_3.9.1_preset_moves_sfc_coeff_param_estim/external/esmf_time_f90  -I/glade/work/nystrom/Code/WRFDA/WRFV3_3.9.1_preset_moves_sfc_coeff_param_estim/main -I/glade/work/nystrom/Code/WRFDA/WRFV3_3.9.1_preset_moves_sfc_coeff_param_estim/external/io_netcdf -I/glade/work/nystrom/Code/WRFDA/WRFV3_3.9.1_preset_moves_sfc_coeff_param_estim/external/io_int -I/glade/work/nystrom/Code/WRFDA/WRFV3_3.9.1_preset_moves_sfc_coeff_param_estim/frame -I/glade/work/nystrom/Code/WRFDA/WRFV3_3.9.1_preset_moves_sfc_coeff_param_estim/share -I/glade/work/nystrom/Code/WRFDA/WRFV3_3.9.1_preset_moves_sfc_coeff_param_estim/phys -I/glade/work/nystrom/Code/WRFDA/WRFV3_3.9.1_preset_moves_sfc_coeff_param_estim/chem -I/glade/work/nystrom/Code/WRFDA/WRFV3_3.9.1_preset_moves_sfc_coeff_param_estim/inc -I/glade/u/apps/ch/opt/netcdf/4.7.3/intel/19.0.5//include  -real-size `expr 8 \* 4` -i4  module_cam_upper_bc.f90

real	0m0.322s
user	0m0.111s
sys	0m0.058s
rm -f module_cam_bl_diffusion_solver.o

real	0m0.295s
user	0m0.092s
sys	0m0.048s
sed -e "s/grid%mu/gridmu/g" -e "s/grid%Mu/gridMu/g" -e "s/^\!.*'.*//" -e "s/^ *\!.*'.*//" module_cam_bl_diffusion_solver.F > module_cam_bl_diffusion_solver.G
rm -f module_cam_mp_radconstants.o
sed -e "s/grid%mu/gridmu/g" -e "s/grid%Mu/gridMu/g" -e "s/^\!.*'.*//" -e "s/^ *\!.*'.*//" module_cam_mp_radconstants.F > module_cam_mp_radconstants.G
/lib/cpp -P -nostdinc -I/glade/work/nystrom/Code/WRFDA/WRFV3_3.9.1_preset_moves_sfc_coeff_param_estim/inc -DEM_CORE=1 -DNMM_CORE=0 -DNMM_MAX_DIM=2600 -DCOAMPS_CORE=0 -DDA_CORE=0 -DEXP_CORE=0 -DIWORDSIZE=4 -DDWORDSIZE=8 -DRWORDSIZE=4 -DLWORDSIZE=4 -DNONSTANDARD_SYSTEM_FUNC  -DWRF_USE_CLM  -DDM_PARALLEL -DNETCDF -DMOVE_NESTS -DUSE_ALLOCATABLES -DGRIB1 -DINTIO -DKEEP_INT_AROUND -DLIMIT_ARGS -DCONFIG_BUF_LEN=65536 -DMAX_DOMAINS_F=21 -DMAX_HISTORY=25 -DNMM_NEST=0  -I. -traditional-cpp   module_cam_bl_diffusion_solver.G  > module_cam_bl_diffusion_solver.H
/lib/cpp -P -nostdinc -I/glade/work/nystrom/Code/WRFDA/WRFV3_3.9.1_preset_moves_sfc_coeff_param_estim/inc -DEM_CORE=1 -DNMM_CORE=0 -DNMM_MAX_DIM=2600 -DCOAMPS_CORE=0 -DDA_CORE=0 -DEXP_CORE=0 -DIWORDSIZE=4 -DDWORDSIZE=8 -DRWORDSIZE=4 -DLWORDSIZE=4 -DNONSTANDARD_SYSTEM_FUNC  -DWRF_USE_CLM  -DDM_PARALLEL -DNETCDF -DMOVE_NESTS -DUSE_ALLOCATABLES -DGRIB1 -DINTIO -DKEEP_INT_AROUND -DLIMIT_ARGS -DCONFIG_BUF_LEN=65536 -DMAX_DOMAINS_F=21 -DMAX_HISTORY=25 -DNMM_NEST=0  -I. -traditional-cpp   module_cam_mp_radconstants.G  > module_cam_mp_radconstants.H
sed -e "s/gridmu/grid%mu/g" -e "s/gridMu/grid%Mu/g" module_cam_mp_radconstants.H > module_cam_mp_radconstants.bb
sed -e "s/gridmu/grid%mu/g" -e "s/gridMu/grid%Mu/g" module_cam_bl_diffusion_solver.H > module_cam_bl_diffusion_solver.bb
/glade/work/nystrom/Code/WRFDA/WRFV3_3.9.1_preset_moves_sfc_coeff_param_estim/tools/standard.exe module_cam_mp_radconstants.bb | /lib/cpp -P -nostdinc -traditional-cpp > module_cam_mp_radconstants.f90
/glade/work/nystrom/Code/WRFDA/WRFV3_3.9.1_preset_moves_sfc_coeff_param_estim/tools/standard.exe module_cam_bl_diffusion_solver.bb | /lib/cpp -P -nostdinc -traditional-cpp > module_cam_bl_diffusion_solver.f90
rm -f module_cam_mp_radconstants.G module_cam_mp_radconstants.H module_cam_mp_radconstants.bb
rm -f module_cam_bl_diffusion_solver.G module_cam_bl_diffusion_solver.H module_cam_bl_diffusion_solver.bb
time mpif90 -f90=ifort -o module_cam_mp_radconstants.o -c -O3 -ip -fp-model precise -w -ftz -align all -fno-alias -FR -convert big_endian    -I../dyn_em -I../dyn_nmm   -I/glade/work/nystrom/Code/WRFDA/WRFV3_3.9.1_preset_moves_sfc_coeff_param_estim/external/esmf_time_f90  -I/glade/work/nystrom/Code/WRFDA/WRFV3_3.9.1_preset_moves_sfc_coeff_param_estim/main -I/glade/work/nystrom/Code/WRFDA/WRFV3_3.9.1_preset_moves_sfc_coeff_param_estim/external/io_netcdf -I/glade/work/nystrom/Code/WRFDA/WRFV3_3.9.1_preset_moves_sfc_coeff_param_estim/external/io_int -I/glade/work/nystrom/Code/WRFDA/WRFV3_3.9.1_preset_moves_sfc_coeff_param_estim/frame -I/glade/work/nystrom/Code/WRFDA/WRFV3_3.9.1_preset_moves_sfc_coeff_param_estim/share -I/glade/work/nystrom/Code/WRFDA/WRFV3_3.9.1_preset_moves_sfc_coeff_param_estim/phys -I/glade/work/nystrom/Code/WRFDA/WRFV3_3.9.1_preset_moves_sfc_coeff_param_estim/chem -I/glade/work/nystrom/Code/WRFDA/WRFV3_3.9.1_preset_moves_sfc_coeff_param_estim/inc -I/glade/u/apps/ch/opt/netcdf/4.7.3/intel/19.0.5//include  -real-size `expr 8 \* 4` -i4  module_cam_mp_radconstants.f90
time mpif90 -f90=ifort -o module_cam_bl_diffusion_solver.o -c -O3 -ip -fp-model precise -w -ftz -align all -fno-alias -FR -convert big_endian    -I../dyn_em -I../dyn_nmm   -I/glade/work/nystrom/Code/WRFDA/WRFV3_3.9.1_preset_moves_sfc_coeff_param_estim/external/esmf_time_f90  -I/glade/work/nystrom/Code/WRFDA/WRFV3_3.9.1_preset_moves_sfc_coeff_param_estim/main -I/glade/work/nystrom/Code/WRFDA/WRFV3_3.9.1_preset_moves_sfc_coeff_param_estim/external/io_netcdf -I/glade/work/nystrom/Code/WRFDA/WRFV3_3.9.1_preset_moves_sfc_coeff_param_estim/external/io_int -I/glade/work/nystrom/Code/WRFDA/WRFV3_3.9.1_preset_moves_sfc_coeff_param_estim/frame -I/glade/work/nystrom/Code/WRFDA/WRFV3_3.9.1_preset_moves_sfc_coeff_param_estim/share -I/glade/work/nystrom/Code/WRFDA/WRFV3_3.9.1_preset_moves_sfc_coeff_param_estim/phys -I/glade/work/nystrom/Code/WRFDA/WRFV3_3.9.1_preset_moves_sfc_coeff_param_estim/chem -I/glade/work/nystrom/Code/WRFDA/WRFV3_3.9.1_preset_moves_sfc_coeff_param_estim/inc -I/glade/u/apps/ch/opt/netcdf/4.7.3/intel/19.0.5//include  -real-size `expr 8 \* 4` -i4  module_cam_bl_diffusion_solver.f90

real	0m0.366s
user	0m0.134s
sys	0m0.087s
rm -f module_cam_mp_qneg3.o
sed -e "s/grid%mu/gridmu/g" -e "s/grid%Mu/gridMu/g" -e "s/^\!.*'.*//" -e "s/^ *\!.*'.*//" module_cam_mp_qneg3.F > module_cam_mp_qneg3.G
/lib/cpp -P -nostdinc -I/glade/work/nystrom/Code/WRFDA/WRFV3_3.9.1_preset_moves_sfc_coeff_param_estim/inc -DEM_CORE=1 -DNMM_CORE=0 -DNMM_MAX_DIM=2600 -DCOAMPS_CORE=0 -DDA_CORE=0 -DEXP_CORE=0 -DIWORDSIZE=4 -DDWORDSIZE=8 -DRWORDSIZE=4 -DLWORDSIZE=4 -DNONSTANDARD_SYSTEM_FUNC  -DWRF_USE_CLM  -DDM_PARALLEL -DNETCDF -DMOVE_NESTS -DUSE_ALLOCATABLES -DGRIB1 -DINTIO -DKEEP_INT_AROUND -DLIMIT_ARGS -DCONFIG_BUF_LEN=65536 -DMAX_DOMAINS_F=21 -DMAX_HISTORY=25 -DNMM_NEST=0  -I. -traditional-cpp   module_cam_mp_qneg3.G  > module_cam_mp_qneg3.H
sed -e "s/gridmu/grid%mu/g" -e "s/gridMu/grid%Mu/g" module_cam_mp_qneg3.H > module_cam_mp_qneg3.bb
/glade/work/nystrom/Code/WRFDA/WRFV3_3.9.1_preset_moves_sfc_coeff_param_estim/tools/standard.exe module_cam_mp_qneg3.bb | /lib/cpp -P -nostdinc -traditional-cpp > module_cam_mp_qneg3.f90
rm -f module_cam_mp_qneg3.G module_cam_mp_qneg3.H module_cam_mp_qneg3.bb
time mpif90 -f90=ifort -o module_cam_mp_qneg3.o -c -O3 -ip -fp-model precise -w -ftz -align all -fno-alias -FR -convert big_endian    -I../dyn_em -I../dyn_nmm   -I/glade/work/nystrom/Code/WRFDA/WRFV3_3.9.1_preset_moves_sfc_coeff_param_estim/external/esmf_time_f90  -I/glade/work/nystrom/Code/WRFDA/WRFV3_3.9.1_preset_moves_sfc_coeff_param_estim/main -I/glade/work/nystrom/Code/WRFDA/WRFV3_3.9.1_preset_moves_sfc_coeff_param_estim/external/io_netcdf -I/glade/work/nystrom/Code/WRFDA/WRFV3_3.9.1_preset_moves_sfc_coeff_param_estim/external/io_int -I/glade/work/nystrom/Code/WRFDA/WRFV3_3.9.1_preset_moves_sfc_coeff_param_estim/frame -I/glade/work/nystrom/Code/WRFDA/WRFV3_3.9.1_preset_moves_sfc_coeff_param_estim/share -I/glade/work/nystrom/Code/WRFDA/WRFV3_3.9.1_preset_moves_sfc_coeff_param_estim/phys -I/glade/work/nystrom/Code/WRFDA/WRFV3_3.9.1_preset_moves_sfc_coeff_param_estim/chem -I/glade/work/nystrom/Code/WRFDA/WRFV3_3.9.1_preset_moves_sfc_coeff_param_estim/inc -I/glade/u/apps/ch/opt/netcdf/4.7.3/intel/19.0.5//include  -real-size `expr 8 \* 4` -i4  module_cam_mp_qneg3.f90

real	0m0.369s
user	0m0.179s
sys	0m0.060s
rm -f module_cam_infnan.o
sed -e "s/grid%mu/gridmu/g" -e "s/grid%Mu/gridMu/g" -e "s/^\!.*'.*//" -e "s/^ *\!.*'.*//" module_cam_infnan.F > module_cam_infnan.G
/lib/cpp -P -nostdinc -I/glade/work/nystrom/Code/WRFDA/WRFV3_3.9.1_preset_moves_sfc_coeff_param_estim/inc -DEM_CORE=1 -DNMM_CORE=0 -DNMM_MAX_DIM=2600 -DCOAMPS_CORE=0 -DDA_CORE=0 -DEXP_CORE=0 -DIWORDSIZE=4 -DDWORDSIZE=8 -DRWORDSIZE=4 -DLWORDSIZE=4 -DNONSTANDARD_SYSTEM_FUNC  -DWRF_USE_CLM  -DDM_PARALLEL -DNETCDF -DMOVE_NESTS -DUSE_ALLOCATABLES -DGRIB1 -DINTIO -DKEEP_INT_AROUND -DLIMIT_ARGS -DCONFIG_BUF_LEN=65536 -DMAX_DOMAINS_F=21 -DMAX_HISTORY=25 -DNMM_NEST=0  -I. -traditional-cpp   module_cam_infnan.G  > module_cam_infnan.H
sed -e "s/gridmu/grid%mu/g" -e "s/gridMu/grid%Mu/g" module_cam_infnan.H > module_cam_infnan.bb
/glade/work/nystrom/Code/WRFDA/WRFV3_3.9.1_preset_moves_sfc_coeff_param_estim/tools/standard.exe module_cam_infnan.bb | /lib/cpp -P -nostdinc -traditional-cpp > module_cam_infnan.f90
rm -f module_cam_infnan.G module_cam_infnan.H module_cam_infnan.bb
time mpif90 -f90=ifort -o module_cam_infnan.o -c -O3 -ip -fp-model precise -w -ftz -align all -fno-alias -FR -convert big_endian    -I../dyn_em -I../dyn_nmm   -I/glade/work/nystrom/Code/WRFDA/WRFV3_3.9.1_preset_moves_sfc_coeff_param_estim/external/esmf_time_f90  -I/glade/work/nystrom/Code/WRFDA/WRFV3_3.9.1_preset_moves_sfc_coeff_param_estim/main -I/glade/work/nystrom/Code/WRFDA/WRFV3_3.9.1_preset_moves_sfc_coeff_param_estim/external/io_netcdf -I/glade/work/nystrom/Code/WRFDA/WRFV3_3.9.1_preset_moves_sfc_coeff_param_estim/external/io_int -I/glade/work/nystrom/Code/WRFDA/WRFV3_3.9.1_preset_moves_sfc_coeff_param_estim/frame -I/glade/work/nystrom/Code/WRFDA/WRFV3_3.9.1_preset_moves_sfc_coeff_param_estim/share -I/glade/work/nystrom/Code/WRFDA/WRFV3_3.9.1_preset_moves_sfc_coeff_param_estim/phys -I/glade/work/nystrom/Code/WRFDA/WRFV3_3.9.1_preset_moves_sfc_coeff_param_estim/chem -I/glade/work/nystrom/Code/WRFDA/WRFV3_3.9.1_preset_moves_sfc_coeff_param_estim/inc -I/glade/u/apps/ch/opt/netcdf/4.7.3/intel/19.0.5//include  -real-size `expr 8 \* 4` -i4  module_cam_infnan.f90

real	0m0.277s
user	0m0.059s
sys	0m0.075s
rm -f module_gfs_physcons.o
sed -e "s/grid%mu/gridmu/g" -e "s/grid%Mu/gridMu/g" -e "s/^\!.*'.*//" -e "s/^ *\!.*'.*//" module_gfs_physcons.F > module_gfs_physcons.G
/lib/cpp -P -nostdinc -I/glade/work/nystrom/Code/WRFDA/WRFV3_3.9.1_preset_moves_sfc_coeff_param_estim/inc -DEM_CORE=1 -DNMM_CORE=0 -DNMM_MAX_DIM=2600 -DCOAMPS_CORE=0 -DDA_CORE=0 -DEXP_CORE=0 -DIWORDSIZE=4 -DDWORDSIZE=8 -DRWORDSIZE=4 -DLWORDSIZE=4 -DNONSTANDARD_SYSTEM_FUNC  -DWRF_USE_CLM  -DDM_PARALLEL -DNETCDF -DMOVE_NESTS -DUSE_ALLOCATABLES -DGRIB1 -DINTIO -DKEEP_INT_AROUND -DLIMIT_ARGS -DCONFIG_BUF_LEN=65536 -DMAX_DOMAINS_F=21 -DMAX_HISTORY=25 -DNMM_NEST=0  -I. -traditional-cpp   module_gfs_physcons.G  > module_gfs_physcons.H
sed -e "s/gridmu/grid%mu/g" -e "s/gridMu/grid%Mu/g" module_gfs_physcons.H > module_gfs_physcons.bb
/glade/work/nystrom/Code/WRFDA/WRFV3_3.9.1_preset_moves_sfc_coeff_param_estim/tools/standard.exe module_gfs_physcons.bb | /lib/cpp -P -nostdinc -traditional-cpp > module_gfs_physcons.f90
rm -f module_gfs_physcons.G module_gfs_physcons.H module_gfs_physcons.bb
time mpif90 -f90=ifort -o module_gfs_physcons.o -c -O3 -ip -fp-model precise -w -ftz -align all -fno-alias -FR -convert big_endian    -I../dyn_em -I../dyn_nmm   -I/glade/work/nystrom/Code/WRFDA/WRFV3_3.9.1_preset_moves_sfc_coeff_param_estim/external/esmf_time_f90  -I/glade/work/nystrom/Code/WRFDA/WRFV3_3.9.1_preset_moves_sfc_coeff_param_estim/main -I/glade/work/nystrom/Code/WRFDA/WRFV3_3.9.1_preset_moves_sfc_coeff_param_estim/external/io_netcdf -I/glade/work/nystrom/Code/WRFDA/WRFV3_3.9.1_preset_moves_sfc_coeff_param_estim/external/io_int -I/glade/work/nystrom/Code/WRFDA/WRFV3_3.9.1_preset_moves_sfc_coeff_param_estim/frame -I/glade/work/nystrom/Code/WRFDA/WRFV3_3.9.1_preset_moves_sfc_coeff_param_estim/share -I/glade/work/nystrom/Code/WRFDA/WRFV3_3.9.1_preset_moves_sfc_coeff_param_estim/phys -I/glade/work/nystrom/Code/WRFDA/WRFV3_3.9.1_preset_moves_sfc_coeff_param_estim/chem -I/glade/work/nystrom/Code/WRFDA/WRFV3_3.9.1_preset_moves_sfc_coeff_param_estim/inc -I/glade/u/apps/ch/opt/netcdf/4.7.3/intel/19.0.5//include  -real-size `expr 8 \* 4` -i4  module_gfs_physcons.f90

real	0m0.269s
user	0m0.070s
sys	0m0.063s
rm -f module_bl_fogdes.o
sed -e "s/grid%mu/gridmu/g" -e "s/grid%Mu/gridMu/g" -e "s/^\!.*'.*//" -e "s/^ *\!.*'.*//" module_bl_fogdes.F > module_bl_fogdes.G
/lib/cpp -P -nostdinc -I/glade/work/nystrom/Code/WRFDA/WRFV3_3.9.1_preset_moves_sfc_coeff_param_estim/inc -DEM_CORE=1 -DNMM_CORE=0 -DNMM_MAX_DIM=2600 -DCOAMPS_CORE=0 -DDA_CORE=0 -DEXP_CORE=0 -DIWORDSIZE=4 -DDWORDSIZE=8 -DRWORDSIZE=4 -DLWORDSIZE=4 -DNONSTANDARD_SYSTEM_FUNC  -DWRF_USE_CLM  -DDM_PARALLEL -DNETCDF -DMOVE_NESTS -DUSE_ALLOCATABLES -DGRIB1 -DINTIO -DKEEP_INT_AROUND -DLIMIT_ARGS -DCONFIG_BUF_LEN=65536 -DMAX_DOMAINS_F=21 -DMAX_HISTORY=25 -DNMM_NEST=0  -I. -traditional-cpp   module_bl_fogdes.G  > module_bl_fogdes.H
sed -e "s/gridmu/grid%mu/g" -e "s/gridMu/grid%Mu/g" module_bl_fogdes.H > module_bl_fogdes.bb
/glade/work/nystrom/Code/WRFDA/WRFV3_3.9.1_preset_moves_sfc_coeff_param_estim/tools/standard.exe module_bl_fogdes.bb | /lib/cpp -P -nostdinc -traditional-cpp > module_bl_fogdes.f90
rm -f module_bl_fogdes.G module_bl_fogdes.H module_bl_fogdes.bb
time mpif90 -f90=ifort -o module_bl_fogdes.o -c -O3 -ip -fp-model precise -w -ftz -align all -fno-alias -FR -convert big_endian    -I../dyn_em -I../dyn_nmm   -I/glade/work/nystrom/Code/WRFDA/WRFV3_3.9.1_preset_moves_sfc_coeff_param_estim/external/esmf_time_f90  -I/glade/work/nystrom/Code/WRFDA/WRFV3_3.9.1_preset_moves_sfc_coeff_param_estim/main -I/glade/work/nystrom/Code/WRFDA/WRFV3_3.9.1_preset_moves_sfc_coeff_param_estim/external/io_netcdf -I/glade/work/nystrom/Code/WRFDA/WRFV3_3.9.1_preset_moves_sfc_coeff_param_estim/external/io_int -I/glade/work/nystrom/Code/WRFDA/WRFV3_3.9.1_preset_moves_sfc_coeff_param_estim/frame -I/glade/work/nystrom/Code/WRFDA/WRFV3_3.9.1_preset_moves_sfc_coeff_param_estim/share -I/glade/work/nystrom/Code/WRFDA/WRFV3_3.9.1_preset_moves_sfc_coeff_param_estim/phys -I/glade/work/nystrom/Code/WRFDA/WRFV3_3.9.1_preset_moves_sfc_coeff_param_estim/chem -I/glade/work/nystrom/Code/WRFDA/WRFV3_3.9.1_preset_moves_sfc_coeff_param_estim/inc -I/glade/u/apps/ch/opt/netcdf/4.7.3/intel/19.0.5//include  -real-size `expr 8 \* 4` -i4  module_bl_fogdes.f90

real	0m0.349s
user	0m0.114s
sys	0m0.065s
rm -f module_gfs_funcphys.o
sed -e "s/grid%mu/gridmu/g" -e "s/grid%Mu/gridMu/g" -e "s/^\!.*'.*//" -e "s/^ *\!.*'.*//" module_gfs_funcphys.F > module_gfs_funcphys.G
/lib/cpp -P -nostdinc -I/glade/work/nystrom/Code/WRFDA/WRFV3_3.9.1_preset_moves_sfc_coeff_param_estim/inc -DEM_CORE=1 -DNMM_CORE=0 -DNMM_MAX_DIM=2600 -DCOAMPS_CORE=0 -DDA_CORE=0 -DEXP_CORE=0 -DIWORDSIZE=4 -DDWORDSIZE=8 -DRWORDSIZE=4 -DLWORDSIZE=4 -DNONSTANDARD_SYSTEM_FUNC  -DWRF_USE_CLM  -DDM_PARALLEL -DNETCDF -DMOVE_NESTS -DUSE_ALLOCATABLES -DGRIB1 -DINTIO -DKEEP_INT_AROUND -DLIMIT_ARGS -DCONFIG_BUF_LEN=65536 -DMAX_DOMAINS_F=21 -DMAX_HISTORY=25 -DNMM_NEST=0  -I. -traditional-cpp   module_gfs_funcphys.G  > module_gfs_funcphys.H
sed -e "s/gridmu/grid%mu/g" -e "s/gridMu/grid%Mu/g" module_gfs_funcphys.H > module_gfs_funcphys.bb
/glade/work/nystrom/Code/WRFDA/WRFV3_3.9.1_preset_moves_sfc_coeff_param_estim/tools/standard.exe module_gfs_funcphys.bb | /lib/cpp -P -nostdinc -traditional-cpp > module_gfs_funcphys.f90
rm -f module_gfs_funcphys.G module_gfs_funcphys.H module_gfs_funcphys.bb
time mpif90 -f90=ifort -o module_gfs_funcphys.o -c -O3 -ip -fp-model precise -w -ftz -align all -fno-alias -FR -convert big_endian    -I../dyn_em -I../dyn_nmm   -I/glade/work/nystrom/Code/WRFDA/WRFV3_3.9.1_preset_moves_sfc_coeff_param_estim/external/esmf_time_f90  -I/glade/work/nystrom/Code/WRFDA/WRFV3_3.9.1_preset_moves_sfc_coeff_param_estim/main -I/glade/work/nystrom/Code/WRFDA/WRFV3_3.9.1_preset_moves_sfc_coeff_param_estim/external/io_netcdf -I/glade/work/nystrom/Code/WRFDA/WRFV3_3.9.1_preset_moves_sfc_coeff_param_estim/external/io_int -I/glade/work/nystrom/Code/WRFDA/WRFV3_3.9.1_preset_moves_sfc_coeff_param_estim/frame -I/glade/work/nystrom/Code/WRFDA/WRFV3_3.9.1_preset_moves_sfc_coeff_param_estim/share -I/glade/work/nystrom/Code/WRFDA/WRFV3_3.9.1_preset_moves_sfc_coeff_param_estim/phys -I/glade/work/nystrom/Code/WRFDA/WRFV3_3.9.1_preset_moves_sfc_coeff_param_estim/chem -I/glade/work/nystrom/Code/WRFDA/WRFV3_3.9.1_preset_moves_sfc_coeff_param_estim/inc -I/glade/u/apps/ch/opt/netcdf/4.7.3/intel/19.0.5//include  -real-size `expr 8 \* 4` -i4  module_gfs_funcphys.f90

real	0m1.487s
user	0m1.270s
sys	0m0.100s
rm -f module_cu_gf_sh.o
sed -e "s/grid%mu/gridmu/g" -e "s/grid%Mu/gridMu/g" -e "s/^\!.*'.*//" -e "s/^ *\!.*'.*//" module_cu_gf_sh.F > module_cu_gf_sh.G
/lib/cpp -P -nostdinc -I/glade/work/nystrom/Code/WRFDA/WRFV3_3.9.1_preset_moves_sfc_coeff_param_estim/inc -DEM_CORE=1 -DNMM_CORE=0 -DNMM_MAX_DIM=2600 -DCOAMPS_CORE=0 -DDA_CORE=0 -DEXP_CORE=0 -DIWORDSIZE=4 -DDWORDSIZE=8 -DRWORDSIZE=4 -DLWORDSIZE=4 -DNONSTANDARD_SYSTEM_FUNC  -DWRF_USE_CLM  -DDM_PARALLEL -DNETCDF -DMOVE_NESTS -DUSE_ALLOCATABLES -DGRIB1 -DINTIO -DKEEP_INT_AROUND -DLIMIT_ARGS -DCONFIG_BUF_LEN=65536 -DMAX_DOMAINS_F=21 -DMAX_HISTORY=25 -DNMM_NEST=0  -I. -traditional-cpp   module_cu_gf_sh.G  > module_cu_gf_sh.H
sed -e "s/gridmu/grid%mu/g" -e "s/gridMu/grid%Mu/g" module_cu_gf_sh.H > module_cu_gf_sh.bb
/glade/work/nystrom/Code/WRFDA/WRFV3_3.9.1_preset_moves_sfc_coeff_param_estim/tools/standard.exe module_cu_gf_sh.bb | /lib/cpp -P -nostdinc -traditional-cpp > module_cu_gf_sh.f90
rm -f module_cu_gf_sh.G module_cu_gf_sh.H module_cu_gf_sh.bb
time mpif90 -f90=ifort -o module_cu_gf_sh.o -c -O3 -ip -fp-model precise -w -ftz -align all -fno-alias -FR -convert big_endian    -I../dyn_em -I../dyn_nmm   -I/glade/work/nystrom/Code/WRFDA/WRFV3_3.9.1_preset_moves_sfc_coeff_param_estim/external/esmf_time_f90  -I/glade/work/nystrom/Code/WRFDA/WRFV3_3.9.1_preset_moves_sfc_coeff_param_estim/main -I/glade/work/nystrom/Code/WRFDA/WRFV3_3.9.1_preset_moves_sfc_coeff_param_estim/external/io_netcdf -I/glade/work/nystrom/Code/WRFDA/WRFV3_3.9.1_preset_moves_sfc_coeff_param_estim/external/io_int -I/glade/work/nystrom/Code/WRFDA/WRFV3_3.9.1_preset_moves_sfc_coeff_param_estim/frame -I/glade/work/nystrom/Code/WRFDA/WRFV3_3.9.1_preset_moves_sfc_coeff_param_estim/share -I/glade/work/nystrom/Code/WRFDA/WRFV3_3.9.1_preset_moves_sfc_coeff_param_estim/phys -I/glade/work/nystrom/Code/WRFDA/WRFV3_3.9.1_preset_moves_sfc_coeff_param_estim/chem -I/glade/work/nystrom/Code/WRFDA/WRFV3_3.9.1_preset_moves_sfc_coeff_param_estim/inc -I/glade/u/apps/ch/opt/netcdf/4.7.3/intel/19.0.5//include  -real-size `expr 8 \* 4` -i4  module_cu_gf_sh.f90

real	0m3.581s
user	0m3.300s
sys	0m0.136s
rm -f module_cu_sas.o
sed -e "s/grid%mu/gridmu/g" -e "s/grid%Mu/gridMu/g" -e "s/^\!.*'.*//" -e "s/^ *\!.*'.*//" module_cu_sas.F > module_cu_sas.G
/lib/cpp -P -nostdinc -I/glade/work/nystrom/Code/WRFDA/WRFV3_3.9.1_preset_moves_sfc_coeff_param_estim/inc -DEM_CORE=1 -DNMM_CORE=0 -DNMM_MAX_DIM=2600 -DCOAMPS_CORE=0 -DDA_CORE=0 -DEXP_CORE=0 -DIWORDSIZE=4 -DDWORDSIZE=8 -DRWORDSIZE=4 -DLWORDSIZE=4 -DNONSTANDARD_SYSTEM_FUNC  -DWRF_USE_CLM  -DDM_PARALLEL -DNETCDF -DMOVE_NESTS -DUSE_ALLOCATABLES -DGRIB1 -DINTIO -DKEEP_INT_AROUND -DLIMIT_ARGS -DCONFIG_BUF_LEN=65536 -DMAX_DOMAINS_F=21 -DMAX_HISTORY=25 -DNMM_NEST=0  -I. -traditional-cpp   module_cu_sas.G  > module_cu_sas.H
sed -e "s/gridmu/grid%mu/g" -e "s/gridMu/grid%Mu/g" module_cu_sas.H > module_cu_sas.bb
/glade/work/nystrom/Code/WRFDA/WRFV3_3.9.1_preset_moves_sfc_coeff_param_estim/tools/standard.exe module_cu_sas.bb | /lib/cpp -P -nostdinc -traditional-cpp > module_cu_sas.f90
rm -f module_cu_sas.G module_cu_sas.H module_cu_sas.bb
time mpif90 -f90=ifort -o module_cu_sas.o -c -O3 -ip -fp-model precise -w -ftz -align all -fno-alias -FR -convert big_endian    -I../dyn_em -I../dyn_nmm   -I/glade/work/nystrom/Code/WRFDA/WRFV3_3.9.1_preset_moves_sfc_coeff_param_estim/external/esmf_time_f90  -I/glade/work/nystrom/Code/WRFDA/WRFV3_3.9.1_preset_moves_sfc_coeff_param_estim/main -I/glade/work/nystrom/Code/WRFDA/WRFV3_3.9.1_preset_moves_sfc_coeff_param_estim/external/io_netcdf -I/glade/work/nystrom/Code/WRFDA/WRFV3_3.9.1_preset_moves_sfc_coeff_param_estim/external/io_int -I/glade/work/nystrom/Code/WRFDA/WRFV3_3.9.1_preset_moves_sfc_coeff_param_estim/frame -I/glade/work/nystrom/Code/WRFDA/WRFV3_3.9.1_preset_moves_sfc_coeff_param_estim/share -I/glade/work/nystrom/Code/WRFDA/WRFV3_3.9.1_preset_moves_sfc_coeff_param_estim/phys -I/glade/work/nystrom/Code/WRFDA/WRFV3_3.9.1_preset_moves_sfc_coeff_param_estim/chem -I/glade/work/nystrom/Code/WRFDA/WRFV3_3.9.1_preset_moves_sfc_coeff_param_estim/inc -I/glade/u/apps/ch/opt/netcdf/4.7.3/intel/19.0.5//include  -real-size `expr 8 \* 4` -i4  module_cu_sas.f90

real	0m1.779s
user	0m1.544s
sys	0m0.111s
rm -f module_cu_scalesas.o
sed -e "s/grid%mu/gridmu/g" -e "s/grid%Mu/gridMu/g" -e "s/^\!.*'.*//" -e "s/^ *\!.*'.*//" module_cu_scalesas.F > module_cu_scalesas.G
/lib/cpp -P -nostdinc -I/glade/work/nystrom/Code/WRFDA/WRFV3_3.9.1_preset_moves_sfc_coeff_param_estim/inc -DEM_CORE=1 -DNMM_CORE=0 -DNMM_MAX_DIM=2600 -DCOAMPS_CORE=0 -DDA_CORE=0 -DEXP_CORE=0 -DIWORDSIZE=4 -DDWORDSIZE=8 -DRWORDSIZE=4 -DLWORDSIZE=4 -DNONSTANDARD_SYSTEM_FUNC  -DWRF_USE_CLM  -DDM_PARALLEL -DNETCDF -DMOVE_NESTS -DUSE_ALLOCATABLES -DGRIB1 -DINTIO -DKEEP_INT_AROUND -DLIMIT_ARGS -DCONFIG_BUF_LEN=65536 -DMAX_DOMAINS_F=21 -DMAX_HISTORY=25 -DNMM_NEST=0  -I. -traditional-cpp   module_cu_scalesas.G  > module_cu_scalesas.H
sed -e "s/gridmu/grid%mu/g" -e "s/gridMu/grid%Mu/g" module_cu_scalesas.H > module_cu_scalesas.bb
/glade/work/nystrom/Code/WRFDA/WRFV3_3.9.1_preset_moves_sfc_coeff_param_estim/tools/standard.exe module_cu_scalesas.bb | /lib/cpp -P -nostdinc -traditional-cpp > module_cu_scalesas.f90
rm -f module_cu_scalesas.G module_cu_scalesas.H module_cu_scalesas.bb
time mpif90 -f90=ifort -o module_cu_scalesas.o -c -O3 -ip -fp-model precise -w -ftz -align all -fno-alias -FR -convert big_endian    -I../dyn_em -I../dyn_nmm   -I/glade/work/nystrom/Code/WRFDA/WRFV3_3.9.1_preset_moves_sfc_coeff_param_estim/external/esmf_time_f90  -I/glade/work/nystrom/Code/WRFDA/WRFV3_3.9.1_preset_moves_sfc_coeff_param_estim/main -I/glade/work/nystrom/Code/WRFDA/WRFV3_3.9.1_preset_moves_sfc_coeff_param_estim/external/io_netcdf -I/glade/work/nystrom/Code/WRFDA/WRFV3_3.9.1_preset_moves_sfc_coeff_param_estim/external/io_int -I/glade/work/nystrom/Code/WRFDA/WRFV3_3.9.1_preset_moves_sfc_coeff_param_estim/frame -I/glade/work/nystrom/Code/WRFDA/WRFV3_3.9.1_preset_moves_sfc_coeff_param_estim/share -I/glade/work/nystrom/Code/WRFDA/WRFV3_3.9.1_preset_moves_sfc_coeff_param_estim/phys -I/glade/work/nystrom/Code/WRFDA/WRFV3_3.9.1_preset_moves_sfc_coeff_param_estim/chem -I/glade/work/nystrom/Code/WRFDA/WRFV3_3.9.1_preset_moves_sfc_coeff_param_estim/inc -I/glade/u/apps/ch/opt/netcdf/4.7.3/intel/19.0.5//include  -real-size `expr 8 \* 4` -i4  module_cu_scalesas.f90

real	0m8.696s
user	0m8.355s
sys	0m0.223s
rm -f module_cu_osas.o
sed -e "s/grid%mu/gridmu/g" -e "s/grid%Mu/gridMu/g" -e "s/^\!.*'.*//" -e "s/^ *\!.*'.*//" module_cu_osas.F > module_cu_osas.G
/lib/cpp -P -nostdinc -I/glade/work/nystrom/Code/WRFDA/WRFV3_3.9.1_preset_moves_sfc_coeff_param_estim/inc -DEM_CORE=1 -DNMM_CORE=0 -DNMM_MAX_DIM=2600 -DCOAMPS_CORE=0 -DDA_CORE=0 -DEXP_CORE=0 -DIWORDSIZE=4 -DDWORDSIZE=8 -DRWORDSIZE=4 -DLWORDSIZE=4 -DNONSTANDARD_SYSTEM_FUNC  -DWRF_USE_CLM  -DDM_PARALLEL -DNETCDF -DMOVE_NESTS -DUSE_ALLOCATABLES -DGRIB1 -DINTIO -DKEEP_INT_AROUND -DLIMIT_ARGS -DCONFIG_BUF_LEN=65536 -DMAX_DOMAINS_F=21 -DMAX_HISTORY=25 -DNMM_NEST=0  -I. -traditional-cpp   module_cu_osas.G  > module_cu_osas.H
sed -e "s/gridmu/grid%mu/g" -e "s/gridMu/grid%Mu/g" module_cu_osas.H > module_cu_osas.bb
/glade/work/nystrom/Code/WRFDA/WRFV3_3.9.1_preset_moves_sfc_coeff_param_estim/tools/standard.exe module_cu_osas.bb | /lib/cpp -P -nostdinc -traditional-cpp > module_cu_osas.f90
rm -f module_cu_osas.G module_cu_osas.H module_cu_osas.bb
time mpif90 -f90=ifort -o module_cu_osas.o -c -O3 -ip -fp-model precise -w -ftz -align all -fno-alias -FR -convert big_endian    -I../dyn_em -I../dyn_nmm   -I/glade/work/nystrom/Code/WRFDA/WRFV3_3.9.1_preset_moves_sfc_coeff_param_estim/external/esmf_time_f90  -I/glade/work/nystrom/Code/WRFDA/WRFV3_3.9.1_preset_moves_sfc_coeff_param_estim/main -I/glade/work/nystrom/Code/WRFDA/WRFV3_3.9.1_preset_moves_sfc_coeff_param_estim/external/io_netcdf -I/glade/work/nystrom/Code/WRFDA/WRFV3_3.9.1_preset_moves_sfc_coeff_param_estim/external/io_int -I/glade/work/nystrom/Code/WRFDA/WRFV3_3.9.1_preset_moves_sfc_coeff_param_estim/frame -I/glade/work/nystrom/Code/WRFDA/WRFV3_3.9.1_preset_moves_sfc_coeff_param_estim/share -I/glade/work/nystrom/Code/WRFDA/WRFV3_3.9.1_preset_moves_sfc_coeff_param_estim/phys -I/glade/work/nystrom/Code/WRFDA/WRFV3_3.9.1_preset_moves_sfc_coeff_param_estim/chem -I/glade/work/nystrom/Code/WRFDA/WRFV3_3.9.1_preset_moves_sfc_coeff_param_estim/inc -I/glade/u/apps/ch/opt/netcdf/4.7.3/intel/19.0.5//include  -real-size `expr 8 \* 4` -i4  module_cu_osas.f90

real	0m7.270s
user	0m6.958s
sys	0m0.170s
rm -f module_ra_rrtm.o
sed -e "s/grid%mu/gridmu/g" -e "s/grid%Mu/gridMu/g" -e "s/^\!.*'.*//" -e "s/^ *\!.*'.*//" module_ra_rrtm.F > module_ra_rrtm.G
/lib/cpp -P -nostdinc -I/glade/work/nystrom/Code/WRFDA/WRFV3_3.9.1_preset_moves_sfc_coeff_param_estim/inc -DEM_CORE=1 -DNMM_CORE=0 -DNMM_MAX_DIM=2600 -DCOAMPS_CORE=0 -DDA_CORE=0 -DEXP_CORE=0 -DIWORDSIZE=4 -DDWORDSIZE=8 -DRWORDSIZE=4 -DLWORDSIZE=4 -DNONSTANDARD_SYSTEM_FUNC  -DWRF_USE_CLM  -DDM_PARALLEL -DNETCDF -DMOVE_NESTS -DUSE_ALLOCATABLES -DGRIB1 -DINTIO -DKEEP_INT_AROUND -DLIMIT_ARGS -DCONFIG_BUF_LEN=65536 -DMAX_DOMAINS_F=21 -DMAX_HISTORY=25 -DNMM_NEST=0  -I. -traditional-cpp   module_ra_rrtm.G  > module_ra_rrtm.H
sed -e "s/gridmu/grid%mu/g" -e "s/gridMu/grid%Mu/g" module_ra_rrtm.H > module_ra_rrtm.bb
/glade/work/nystrom/Code/WRFDA/WRFV3_3.9.1_preset_moves_sfc_coeff_param_estim/tools/standard.exe module_ra_rrtm.bb | /lib/cpp -P -nostdinc -traditional-cpp > module_ra_rrtm.f90
rm -f module_ra_rrtm.G module_ra_rrtm.H module_ra_rrtm.bb
time mpif90 -f90=ifort -o module_ra_rrtm.o -c -O3 -ip -fp-model precise -w -ftz -align all -fno-alias -FR -convert big_endian    -I../dyn_em -I../dyn_nmm   -I/glade/work/nystrom/Code/WRFDA/WRFV3_3.9.1_preset_moves_sfc_coeff_param_estim/external/esmf_time_f90  -I/glade/work/nystrom/Code/WRFDA/WRFV3_3.9.1_preset_moves_sfc_coeff_param_estim/main -I/glade/work/nystrom/Code/WRFDA/WRFV3_3.9.1_preset_moves_sfc_coeff_param_estim/external/io_netcdf -I/glade/work/nystrom/Code/WRFDA/WRFV3_3.9.1_preset_moves_sfc_coeff_param_estim/external/io_int -I/glade/work/nystrom/Code/WRFDA/WRFV3_3.9.1_preset_moves_sfc_coeff_param_estim/frame -I/glade/work/nystrom/Code/WRFDA/WRFV3_3.9.1_preset_moves_sfc_coeff_param_estim/share -I/glade/work/nystrom/Code/WRFDA/WRFV3_3.9.1_preset_moves_sfc_coeff_param_estim/phys -I/glade/work/nystrom/Code/WRFDA/WRFV3_3.9.1_preset_moves_sfc_coeff_param_estim/chem -I/glade/work/nystrom/Code/WRFDA/WRFV3_3.9.1_preset_moves_sfc_coeff_param_estim/inc -I/glade/u/apps/ch/opt/netcdf/4.7.3/intel/19.0.5//include  -real-size `expr 8 \* 4` -i4  module_ra_rrtm.f90

real	0m4.324s
user	0m4.038s
sys	0m0.143s
rm -f module_ra_rrtmg_lw.o
sed -e "s/grid%mu/gridmu/g" -e "s/grid%Mu/gridMu/g" -e "s/^\!.*'.*//" -e "s/^ *\!.*'.*//" module_ra_rrtmg_lw.F > module_ra_rrtmg_lw.G
/lib/cpp -P -nostdinc -I/glade/work/nystrom/Code/WRFDA/WRFV3_3.9.1_preset_moves_sfc_coeff_param_estim/inc -DEM_CORE=1 -DNMM_CORE=0 -DNMM_MAX_DIM=2600 -DCOAMPS_CORE=0 -DDA_CORE=0 -DEXP_CORE=0 -DIWORDSIZE=4 -DDWORDSIZE=8 -DRWORDSIZE=4 -DLWORDSIZE=4 -DNONSTANDARD_SYSTEM_FUNC  -DWRF_USE_CLM  -DDM_PARALLEL -DNETCDF -DMOVE_NESTS -DUSE_ALLOCATABLES -DGRIB1 -DINTIO -DKEEP_INT_AROUND -DLIMIT_ARGS -DCONFIG_BUF_LEN=65536 -DMAX_DOMAINS_F=21 -DMAX_HISTORY=25 -DNMM_NEST=0  -I. -traditional-cpp   module_ra_rrtmg_lw.G  > module_ra_rrtmg_lw.H
sed -e "s/gridmu/grid%mu/g" -e "s/gridMu/grid%Mu/g" module_ra_rrtmg_lw.H > module_ra_rrtmg_lw.bb
/glade/work/nystrom/Code/WRFDA/WRFV3_3.9.1_preset_moves_sfc_coeff_param_estim/tools/standard.exe module_ra_rrtmg_lw.bb | /lib/cpp -P -nostdinc -traditional-cpp > module_ra_rrtmg_lw.f90
rm -f module_ra_rrtmg_lw.G module_ra_rrtmg_lw.H module_ra_rrtmg_lw.bb
time mpif90 -f90=ifort -o module_ra_rrtmg_lw.o -c -O3 -ip -fp-model precise -w -ftz -align all -fno-alias -FR -convert big_endian    -I../dyn_em -I../dyn_nmm   -I/glade/work/nystrom/Code/WRFDA/WRFV3_3.9.1_preset_moves_sfc_coeff_param_estim/external/esmf_time_f90  -I/glade/work/nystrom/Code/WRFDA/WRFV3_3.9.1_preset_moves_sfc_coeff_param_estim/main -I/glade/work/nystrom/Code/WRFDA/WRFV3_3.9.1_preset_moves_sfc_coeff_param_estim/external/io_netcdf -I/glade/work/nystrom/Code/WRFDA/WRFV3_3.9.1_preset_moves_sfc_coeff_param_estim/external/io_int -I/glade/work/nystrom/Code/WRFDA/WRFV3_3.9.1_preset_moves_sfc_coeff_param_estim/frame -I/glade/work/nystrom/Code/WRFDA/WRFV3_3.9.1_preset_moves_sfc_coeff_param_estim/share -I/glade/work/nystrom/Code/WRFDA/WRFV3_3.9.1_preset_moves_sfc_coeff_param_estim/phys -I/glade/work/nystrom/Code/WRFDA/WRFV3_3.9.1_preset_moves_sfc_coeff_param_estim/chem -I/glade/work/nystrom/Code/WRFDA/WRFV3_3.9.1_preset_moves_sfc_coeff_param_estim/inc -I/glade/u/apps/ch/opt/netcdf/4.7.3/intel/19.0.5//include  -real-size `expr 8 \* 4` -i4  module_ra_rrtmg_lw.f90

real	0m5.242s
user	0m4.969s
sys	0m0.154s
rm -f module_ra_rrtmg_lwf.o
sed -e "s/grid%mu/gridmu/g" -e "s/grid%Mu/gridMu/g" -e "s/^\!.*'.*//" -e "s/^ *\!.*'.*//" module_ra_rrtmg_lwf.F > module_ra_rrtmg_lwf.G
/lib/cpp -P -nostdinc -I/glade/work/nystrom/Code/WRFDA/WRFV3_3.9.1_preset_moves_sfc_coeff_param_estim/inc -DEM_CORE=1 -DNMM_CORE=0 -DNMM_MAX_DIM=2600 -DCOAMPS_CORE=0 -DDA_CORE=0 -DEXP_CORE=0 -DIWORDSIZE=4 -DDWORDSIZE=8 -DRWORDSIZE=4 -DLWORDSIZE=4 -DNONSTANDARD_SYSTEM_FUNC  -DWRF_USE_CLM  -DDM_PARALLEL -DNETCDF -DMOVE_NESTS -DUSE_ALLOCATABLES -DGRIB1 -DINTIO -DKEEP_INT_AROUND -DLIMIT_ARGS -DCONFIG_BUF_LEN=65536 -DMAX_DOMAINS_F=21 -DMAX_HISTORY=25 -DNMM_NEST=0  -I. -traditional-cpp   module_ra_rrtmg_lwf.G  > module_ra_rrtmg_lwf.H
sed -e "s/gridmu/grid%mu/g" -e "s/gridMu/grid%Mu/g" module_ra_rrtmg_lwf.H > module_ra_rrtmg_lwf.bb
/glade/work/nystrom/Code/WRFDA/WRFV3_3.9.1_preset_moves_sfc_coeff_param_estim/tools/standard.exe module_ra_rrtmg_lwf.bb | /lib/cpp -P -nostdinc -traditional-cpp > module_ra_rrtmg_lwf.f90
rm -f module_ra_rrtmg_lwf.G module_ra_rrtmg_lwf.H module_ra_rrtmg_lwf.bb
time mpif90 -f90=ifort -o module_ra_rrtmg_lwf.o -c -O3 -ip -fp-model precise -w -ftz -align all -fno-alias -FR -convert big_endian    -I../dyn_em -I../dyn_nmm   -I/glade/work/nystrom/Code/WRFDA/WRFV3_3.9.1_preset_moves_sfc_coeff_param_estim/external/esmf_time_f90  -I/glade/work/nystrom/Code/WRFDA/WRFV3_3.9.1_preset_moves_sfc_coeff_param_estim/main -I/glade/work/nystrom/Code/WRFDA/WRFV3_3.9.1_preset_moves_sfc_coeff_param_estim/external/io_netcdf -I/glade/work/nystrom/Code/WRFDA/WRFV3_3.9.1_preset_moves_sfc_coeff_param_estim/external/io_int -I/glade/work/nystrom/Code/WRFDA/WRFV3_3.9.1_preset_moves_sfc_coeff_param_estim/frame -I/glade/work/nystrom/Code/WRFDA/WRFV3_3.9.1_preset_moves_sfc_coeff_param_estim/share -I/glade/work/nystrom/Code/WRFDA/WRFV3_3.9.1_preset_moves_sfc_coeff_param_estim/phys -I/glade/work/nystrom/Code/WRFDA/WRFV3_3.9.1_preset_moves_sfc_coeff_param_estim/chem -I/glade/work/nystrom/Code/WRFDA/WRFV3_3.9.1_preset_moves_sfc_coeff_param_estim/inc -I/glade/u/apps/ch/opt/netcdf/4.7.3/intel/19.0.5//include  -real-size `expr 8 \* 4` -i4  module_ra_rrtmg_lwf.f90

real	0m24.523s
user	0m23.977s
sys	0m0.383s
rm -f module_ra_cam_support.o
sed -e "s/grid%mu/gridmu/g" -e "s/grid%Mu/gridMu/g" -e "s/^\!.*'.*//" -e "s/^ *\!.*'.*//" module_ra_cam_support.F > module_ra_cam_support.G
/lib/cpp -P -nostdinc -I/glade/work/nystrom/Code/WRFDA/WRFV3_3.9.1_preset_moves_sfc_coeff_param_estim/inc -DEM_CORE=1 -DNMM_CORE=0 -DNMM_MAX_DIM=2600 -DCOAMPS_CORE=0 -DDA_CORE=0 -DEXP_CORE=0 -DIWORDSIZE=4 -DDWORDSIZE=8 -DRWORDSIZE=4 -DLWORDSIZE=4 -DNONSTANDARD_SYSTEM_FUNC  -DWRF_USE_CLM  -DDM_PARALLEL -DNETCDF -DMOVE_NESTS -DUSE_ALLOCATABLES -DGRIB1 -DINTIO -DKEEP_INT_AROUND -DLIMIT_ARGS -DCONFIG_BUF_LEN=65536 -DMAX_DOMAINS_F=21 -DMAX_HISTORY=25 -DNMM_NEST=0  -I. -traditional-cpp   module_ra_cam_support.G  > module_ra_cam_support.H
sed -e "s/gridmu/grid%mu/g" -e "s/gridMu/grid%Mu/g" module_ra_cam_support.H > module_ra_cam_support.bb
/glade/work/nystrom/Code/WRFDA/WRFV3_3.9.1_preset_moves_sfc_coeff_param_estim/tools/standard.exe module_ra_cam_support.bb | /lib/cpp -P -nostdinc -traditional-cpp > module_ra_cam_support.f90
rm -f module_ra_cam_support.G module_ra_cam_support.H module_ra_cam_support.bb
time mpif90 -f90=ifort -o module_ra_cam_support.o -c -O3 -ip -fp-model precise -w -ftz -align all -fno-alias -FR -convert big_endian    -I../dyn_em -I../dyn_nmm   -I/glade/work/nystrom/Code/WRFDA/WRFV3_3.9.1_preset_moves_sfc_coeff_param_estim/external/esmf_time_f90  -I/glade/work/nystrom/Code/WRFDA/WRFV3_3.9.1_preset_moves_sfc_coeff_param_estim/main -I/glade/work/nystrom/Code/WRFDA/WRFV3_3.9.1_preset_moves_sfc_coeff_param_estim/external/io_netcdf -I/glade/work/nystrom/Code/WRFDA/WRFV3_3.9.1_preset_moves_sfc_coeff_param_estim/external/io_int -I/glade/work/nystrom/Code/WRFDA/WRFV3_3.9.1_preset_moves_sfc_coeff_param_estim/frame -I/glade/work/nystrom/Code/WRFDA/WRFV3_3.9.1_preset_moves_sfc_coeff_param_estim/share -I/glade/work/nystrom/Code/WRFDA/WRFV3_3.9.1_preset_moves_sfc_coeff_param_estim/phys -I/glade/work/nystrom/Code/WRFDA/WRFV3_3.9.1_preset_moves_sfc_coeff_param_estim/chem -I/glade/work/nystrom/Code/WRFDA/WRFV3_3.9.1_preset_moves_sfc_coeff_param_estim/inc -I/glade/u/apps/ch/opt/netcdf/4.7.3/intel/19.0.5//include  -real-size `expr 8 \* 4` -i4  module_ra_cam_support.f90

real	0m2.125s
user	0m1.899s
sys	0m0.098s
rm -f module_ra_gfdleta.o
sed -e "s/grid%mu/gridmu/g" -e "s/grid%Mu/gridMu/g" -e "s/^\!.*'.*//" -e "s/^ *\!.*'.*//" module_ra_gfdleta.F > module_ra_gfdleta.G
/lib/cpp -P -nostdinc -I/glade/work/nystrom/Code/WRFDA/WRFV3_3.9.1_preset_moves_sfc_coeff_param_estim/inc -DEM_CORE=1 -DNMM_CORE=0 -DNMM_MAX_DIM=2600 -DCOAMPS_CORE=0 -DDA_CORE=0 -DEXP_CORE=0 -DIWORDSIZE=4 -DDWORDSIZE=8 -DRWORDSIZE=4 -DLWORDSIZE=4 -DNONSTANDARD_SYSTEM_FUNC  -DWRF_USE_CLM  -DDM_PARALLEL -DNETCDF -DMOVE_NESTS -DUSE_ALLOCATABLES -DGRIB1 -DINTIO -DKEEP_INT_AROUND -DLIMIT_ARGS -DCONFIG_BUF_LEN=65536 -DMAX_DOMAINS_F=21 -DMAX_HISTORY=25 -DNMM_NEST=0  -I. -traditional-cpp   module_ra_gfdleta.G  > module_ra_gfdleta.H
sed -e "s/gridmu/grid%mu/g" -e "s/gridMu/grid%Mu/g" module_ra_gfdleta.H > module_ra_gfdleta.bb
/glade/work/nystrom/Code/WRFDA/WRFV3_3.9.1_preset_moves_sfc_coeff_param_estim/tools/standard.exe module_ra_gfdleta.bb | /lib/cpp -P -nostdinc -traditional-cpp > module_ra_gfdleta.f90
rm -f module_ra_gfdleta.G module_ra_gfdleta.H module_ra_gfdleta.bb
time mpif90 -f90=ifort -o module_ra_gfdleta.o -c -O3 -ip -fp-model precise -w -ftz -align all -fno-alias -FR -convert big_endian    -I../dyn_em -I../dyn_nmm   -I/glade/work/nystrom/Code/WRFDA/WRFV3_3.9.1_preset_moves_sfc_coeff_param_estim/external/esmf_time_f90  -I/glade/work/nystrom/Code/WRFDA/WRFV3_3.9.1_preset_moves_sfc_coeff_param_estim/main -I/glade/work/nystrom/Code/WRFDA/WRFV3_3.9.1_preset_moves_sfc_coeff_param_estim/external/io_netcdf -I/glade/work/nystrom/Code/WRFDA/WRFV3_3.9.1_preset_moves_sfc_coeff_param_estim/external/io_int -I/glade/work/nystrom/Code/WRFDA/WRFV3_3.9.1_preset_moves_sfc_coeff_param_estim/frame -I/glade/work/nystrom/Code/WRFDA/WRFV3_3.9.1_preset_moves_sfc_coeff_param_estim/share -I/glade/work/nystrom/Code/WRFDA/WRFV3_3.9.1_preset_moves_sfc_coeff_param_estim/phys -I/glade/work/nystrom/Code/WRFDA/WRFV3_3.9.1_preset_moves_sfc_coeff_param_estim/chem -I/glade/work/nystrom/Code/WRFDA/WRFV3_3.9.1_preset_moves_sfc_coeff_param_estim/inc -I/glade/u/apps/ch/opt/netcdf/4.7.3/intel/19.0.5//include  -real-size `expr 8 \* 4` -i4  module_ra_gfdleta.f90

real	0m34.567s
user	0m34.072s
sys	0m0.295s
rm -f module_ra_HWRF.o
sed -e "s/grid%mu/gridmu/g" -e "s/grid%Mu/gridMu/g" -e "s/^\!.*'.*//" -e "s/^ *\!.*'.*//" module_ra_HWRF.F > module_ra_HWRF.G
/lib/cpp -P -nostdinc -I/glade/work/nystrom/Code/WRFDA/WRFV3_3.9.1_preset_moves_sfc_coeff_param_estim/inc -DEM_CORE=1 -DNMM_CORE=0 -DNMM_MAX_DIM=2600 -DCOAMPS_CORE=0 -DDA_CORE=0 -DEXP_CORE=0 -DIWORDSIZE=4 -DDWORDSIZE=8 -DRWORDSIZE=4 -DLWORDSIZE=4 -DNONSTANDARD_SYSTEM_FUNC  -DWRF_USE_CLM  -DDM_PARALLEL -DNETCDF -DMOVE_NESTS -DUSE_ALLOCATABLES -DGRIB1 -DINTIO -DKEEP_INT_AROUND -DLIMIT_ARGS -DCONFIG_BUF_LEN=65536 -DMAX_DOMAINS_F=21 -DMAX_HISTORY=25 -DNMM_NEST=0  -I. -traditional-cpp   module_ra_HWRF.G  > module_ra_HWRF.H
sed -e "s/gridmu/grid%mu/g" -e "s/gridMu/grid%Mu/g" module_ra_HWRF.H > module_ra_HWRF.bb
/glade/work/nystrom/Code/WRFDA/WRFV3_3.9.1_preset_moves_sfc_coeff_param_estim/tools/standard.exe module_ra_HWRF.bb | /lib/cpp -P -nostdinc -traditional-cpp > module_ra_HWRF.f90
rm -f module_ra_HWRF.G module_ra_HWRF.H module_ra_HWRF.bb
time mpif90 -f90=ifort -o module_ra_HWRF.o -c -O3 -ip -fp-model precise -w -ftz -align all -fno-alias -FR -convert big_endian    -I../dyn_em -I../dyn_nmm   -I/glade/work/nystrom/Code/WRFDA/WRFV3_3.9.1_preset_moves_sfc_coeff_param_estim/external/esmf_time_f90  -I/glade/work/nystrom/Code/WRFDA/WRFV3_3.9.1_preset_moves_sfc_coeff_param_estim/main -I/glade/work/nystrom/Code/WRFDA/WRFV3_3.9.1_preset_moves_sfc_coeff_param_estim/external/io_netcdf -I/glade/work/nystrom/Code/WRFDA/WRFV3_3.9.1_preset_moves_sfc_coeff_param_estim/external/io_int -I/glade/work/nystrom/Code/WRFDA/WRFV3_3.9.1_preset_moves_sfc_coeff_param_estim/frame -I/glade/work/nystrom/Code/WRFDA/WRFV3_3.9.1_preset_moves_sfc_coeff_param_estim/share -I/glade/work/nystrom/Code/WRFDA/WRFV3_3.9.1_preset_moves_sfc_coeff_param_estim/phys -I/glade/work/nystrom/Code/WRFDA/WRFV3_3.9.1_preset_moves_sfc_coeff_param_estim/chem -I/glade/work/nystrom/Code/WRFDA/WRFV3_3.9.1_preset_moves_sfc_coeff_param_estim/inc -I/glade/u/apps/ch/opt/netcdf/4.7.3/intel/19.0.5//include  -real-size `expr 8 \* 4` -i4  module_ra_HWRF.f90

real	0m44.695s
user	0m43.712s
sys	0m0.817s
rm -f module_mp_thompson.o
sed -e "s/grid%mu/gridmu/g" -e "s/grid%Mu/gridMu/g" -e "s/^\!.*'.*//" -e "s/^ *\!.*'.*//" module_mp_thompson.F > module_mp_thompson.G
/lib/cpp -P -nostdinc -I/glade/work/nystrom/Code/WRFDA/WRFV3_3.9.1_preset_moves_sfc_coeff_param_estim/inc -DEM_CORE=1 -DNMM_CORE=0 -DNMM_MAX_DIM=2600 -DCOAMPS_CORE=0 -DDA_CORE=0 -DEXP_CORE=0 -DIWORDSIZE=4 -DDWORDSIZE=8 -DRWORDSIZE=4 -DLWORDSIZE=4 -DNONSTANDARD_SYSTEM_FUNC  -DWRF_USE_CLM  -DDM_PARALLEL -DNETCDF -DMOVE_NESTS -DUSE_ALLOCATABLES -DGRIB1 -DINTIO -DKEEP_INT_AROUND -DLIMIT_ARGS -DCONFIG_BUF_LEN=65536 -DMAX_DOMAINS_F=21 -DMAX_HISTORY=25 -DNMM_NEST=0  -I. -traditional-cpp   module_mp_thompson.G  > module_mp_thompson.H
sed -e "s/gridmu/grid%mu/g" -e "s/gridMu/grid%Mu/g" module_mp_thompson.H > module_mp_thompson.bb
/glade/work/nystrom/Code/WRFDA/WRFV3_3.9.1_preset_moves_sfc_coeff_param_estim/tools/standard.exe module_mp_thompson.bb | /lib/cpp -P -nostdinc -traditional-cpp > module_mp_thompson.f90
rm -f module_mp_thompson.G module_mp_thompson.H module_mp_thompson.bb
time mpif90 -f90=ifort -o module_mp_thompson.o -c -O3 -ip -fp-model precise -w -ftz -align all -fno-alias -FR -convert big_endian    -I../dyn_em -I../dyn_nmm   -I/glade/work/nystrom/Code/WRFDA/WRFV3_3.9.1_preset_moves_sfc_coeff_param_estim/external/esmf_time_f90  -I/glade/work/nystrom/Code/WRFDA/WRFV3_3.9.1_preset_moves_sfc_coeff_param_estim/main -I/glade/work/nystrom/Code/WRFDA/WRFV3_3.9.1_preset_moves_sfc_coeff_param_estim/external/io_netcdf -I/glade/work/nystrom/Code/WRFDA/WRFV3_3.9.1_preset_moves_sfc_coeff_param_estim/external/io_int -I/glade/work/nystrom/Code/WRFDA/WRFV3_3.9.1_preset_moves_sfc_coeff_param_estim/frame -I/glade/work/nystrom/Code/WRFDA/WRFV3_3.9.1_preset_moves_sfc_coeff_param_estim/share -I/glade/work/nystrom/Code/WRFDA/WRFV3_3.9.1_preset_moves_sfc_coeff_param_estim/phys -I/glade/work/nystrom/Code/WRFDA/WRFV3_3.9.1_preset_moves_sfc_coeff_param_estim/chem -I/glade/work/nystrom/Code/WRFDA/WRFV3_3.9.1_preset_moves_sfc_coeff_param_estim/inc -I/glade/u/apps/ch/opt/netcdf/4.7.3/intel/19.0.5//include  -real-size `expr 8 \* 4` -i4  module_mp_thompson.f90

real	0m44.751s
user	0m44.125s
sys	0m0.448s
rm -f module_sf_gfs.o
sed -e "s/grid%mu/gridmu/g" -e "s/grid%Mu/gridMu/g" -e "s/^\!.*'.*//" -e "s/^ *\!.*'.*//" module_sf_gfs.F > module_sf_gfs.G
/lib/cpp -P -nostdinc -I/glade/work/nystrom/Code/WRFDA/WRFV3_3.9.1_preset_moves_sfc_coeff_param_estim/inc -DEM_CORE=1 -DNMM_CORE=0 -DNMM_MAX_DIM=2600 -DCOAMPS_CORE=0 -DDA_CORE=0 -DEXP_CORE=0 -DIWORDSIZE=4 -DDWORDSIZE=8 -DRWORDSIZE=4 -DLWORDSIZE=4 -DNONSTANDARD_SYSTEM_FUNC  -DWRF_USE_CLM  -DDM_PARALLEL -DNETCDF -DMOVE_NESTS -DUSE_ALLOCATABLES -DGRIB1 -DINTIO -DKEEP_INT_AROUND -DLIMIT_ARGS -DCONFIG_BUF_LEN=65536 -DMAX_DOMAINS_F=21 -DMAX_HISTORY=25 -DNMM_NEST=0  -I. -traditional-cpp   module_sf_gfs.G  > module_sf_gfs.H
sed -e "s/gridmu/grid%mu/g" -e "s/gridMu/grid%Mu/g" module_sf_gfs.H > module_sf_gfs.bb
/glade/work/nystrom/Code/WRFDA/WRFV3_3.9.1_preset_moves_sfc_coeff_param_estim/tools/standard.exe module_sf_gfs.bb | /lib/cpp -P -nostdinc -traditional-cpp > module_sf_gfs.f90
rm -f module_sf_gfs.G module_sf_gfs.H module_sf_gfs.bb
time mpif90 -f90=ifort -o module_sf_gfs.o -c -O3 -ip -fp-model precise -w -ftz -align all -fno-alias -FR -convert big_endian    -I../dyn_em -I../dyn_nmm   -I/glade/work/nystrom/Code/WRFDA/WRFV3_3.9.1_preset_moves_sfc_coeff_param_estim/external/esmf_time_f90  -I/glade/work/nystrom/Code/WRFDA/WRFV3_3.9.1_preset_moves_sfc_coeff_param_estim/main -I/glade/work/nystrom/Code/WRFDA/WRFV3_3.9.1_preset_moves_sfc_coeff_param_estim/external/io_netcdf -I/glade/work/nystrom/Code/WRFDA/WRFV3_3.9.1_preset_moves_sfc_coeff_param_estim/external/io_int -I/glade/work/nystrom/Code/WRFDA/WRFV3_3.9.1_preset_moves_sfc_coeff_param_estim/frame -I/glade/work/nystrom/Code/WRFDA/WRFV3_3.9.1_preset_moves_sfc_coeff_param_estim/share -I/glade/work/nystrom/Code/WRFDA/WRFV3_3.9.1_preset_moves_sfc_coeff_param_estim/phys -I/glade/work/nystrom/Code/WRFDA/WRFV3_3.9.1_preset_moves_sfc_coeff_param_estim/chem -I/glade/work/nystrom/Code/WRFDA/WRFV3_3.9.1_preset_moves_sfc_coeff_param_estim/inc -I/glade/u/apps/ch/opt/netcdf/4.7.3/intel/19.0.5//include  -real-size `expr 8 \* 4` -i4  module_sf_gfs.f90

real	0m0.971s
user	0m0.744s
sys	0m0.103s
rm -f module_sf_gfdl.o
sed -e "s/grid%mu/gridmu/g" -e "s/grid%Mu/gridMu/g" -e "s/^\!.*'.*//" -e "s/^ *\!.*'.*//" module_sf_gfdl.F > module_sf_gfdl.G
/lib/cpp -P -nostdinc -I/glade/work/nystrom/Code/WRFDA/WRFV3_3.9.1_preset_moves_sfc_coeff_param_estim/inc -DEM_CORE=1 -DNMM_CORE=0 -DNMM_MAX_DIM=2600 -DCOAMPS_CORE=0 -DDA_CORE=0 -DEXP_CORE=0 -DIWORDSIZE=4 -DDWORDSIZE=8 -DRWORDSIZE=4 -DLWORDSIZE=4 -DNONSTANDARD_SYSTEM_FUNC  -DWRF_USE_CLM  -DDM_PARALLEL -DNETCDF -DMOVE_NESTS -DUSE_ALLOCATABLES -DGRIB1 -DINTIO -DKEEP_INT_AROUND -DLIMIT_ARGS -DCONFIG_BUF_LEN=65536 -DMAX_DOMAINS_F=21 -DMAX_HISTORY=25 -DNMM_NEST=0  -I. -traditional-cpp   module_sf_gfdl.G  > module_sf_gfdl.H
sed -e "s/gridmu/grid%mu/g" -e "s/gridMu/grid%Mu/g" module_sf_gfdl.H > module_sf_gfdl.bb
/glade/work/nystrom/Code/WRFDA/WRFV3_3.9.1_preset_moves_sfc_coeff_param_estim/tools/standard.exe module_sf_gfdl.bb | /lib/cpp -P -nostdinc -traditional-cpp > module_sf_gfdl.f90
rm -f module_sf_gfdl.G module_sf_gfdl.H module_sf_gfdl.bb
time mpif90 -f90=ifort -o module_sf_gfdl.o -c -O3 -ip -fp-model precise -w -ftz -align all -fno-alias -FR -convert big_endian    -I../dyn_em -I../dyn_nmm   -I/glade/work/nystrom/Code/WRFDA/WRFV3_3.9.1_preset_moves_sfc_coeff_param_estim/external/esmf_time_f90  -I/glade/work/nystrom/Code/WRFDA/WRFV3_3.9.1_preset_moves_sfc_coeff_param_estim/main -I/glade/work/nystrom/Code/WRFDA/WRFV3_3.9.1_preset_moves_sfc_coeff_param_estim/external/io_netcdf -I/glade/work/nystrom/Code/WRFDA/WRFV3_3.9.1_preset_moves_sfc_coeff_param_estim/external/io_int -I/glade/work/nystrom/Code/WRFDA/WRFV3_3.9.1_preset_moves_sfc_coeff_param_estim/frame -I/glade/work/nystrom/Code/WRFDA/WRFV3_3.9.1_preset_moves_sfc_coeff_param_estim/share -I/glade/work/nystrom/Code/WRFDA/WRFV3_3.9.1_preset_moves_sfc_coeff_param_estim/phys -I/glade/work/nystrom/Code/WRFDA/WRFV3_3.9.1_preset_moves_sfc_coeff_param_estim/chem -I/glade/work/nystrom/Code/WRFDA/WRFV3_3.9.1_preset_moves_sfc_coeff_param_estim/inc -I/glade/u/apps/ch/opt/netcdf/4.7.3/intel/19.0.5//include  -real-size `expr 8 \* 4` -i4  module_sf_gfdl.f90

real	0m1.425s
user	0m1.225s
sys	0m0.082s
rm -f module_sf_noahmplsm.o
sed -e "s/grid%mu/gridmu/g" -e "s/grid%Mu/gridMu/g" -e "s/^\!.*'.*//" -e "s/^ *\!.*'.*//" module_sf_noahmplsm.F > module_sf_noahmplsm.G
/lib/cpp -P -nostdinc -I/glade/work/nystrom/Code/WRFDA/WRFV3_3.9.1_preset_moves_sfc_coeff_param_estim/inc -DEM_CORE=1 -DNMM_CORE=0 -DNMM_MAX_DIM=2600 -DCOAMPS_CORE=0 -DDA_CORE=0 -DEXP_CORE=0 -DIWORDSIZE=4 -DDWORDSIZE=8 -DRWORDSIZE=4 -DLWORDSIZE=4 -DNONSTANDARD_SYSTEM_FUNC  -DWRF_USE_CLM  -DDM_PARALLEL -DNETCDF -DMOVE_NESTS -DUSE_ALLOCATABLES -DGRIB1 -DINTIO -DKEEP_INT_AROUND -DLIMIT_ARGS -DCONFIG_BUF_LEN=65536 -DMAX_DOMAINS_F=21 -DMAX_HISTORY=25 -DNMM_NEST=0  -I. -traditional-cpp   module_sf_noahmplsm.G  > module_sf_noahmplsm.H
sed -e "s/gridmu/grid%mu/g" -e "s/gridMu/grid%Mu/g" module_sf_noahmplsm.H > module_sf_noahmplsm.bb
/glade/work/nystrom/Code/WRFDA/WRFV3_3.9.1_preset_moves_sfc_coeff_param_estim/tools/standard.exe module_sf_noahmplsm.bb | /lib/cpp -P -nostdinc -traditional-cpp > module_sf_noahmplsm.f90
rm -f module_sf_noahmplsm.G module_sf_noahmplsm.H module_sf_noahmplsm.bb
time mpif90 -f90=ifort -o module_sf_noahmplsm.o -c -O3 -ip -fp-model precise -w -ftz -align all -fno-alias -FR -convert big_endian    -I../dyn_em -I../dyn_nmm   -I/glade/work/nystrom/Code/WRFDA/WRFV3_3.9.1_preset_moves_sfc_coeff_param_estim/external/esmf_time_f90  -I/glade/work/nystrom/Code/WRFDA/WRFV3_3.9.1_preset_moves_sfc_coeff_param_estim/main -I/glade/work/nystrom/Code/WRFDA/WRFV3_3.9.1_preset_moves_sfc_coeff_param_estim/external/io_netcdf -I/glade/work/nystrom/Code/WRFDA/WRFV3_3.9.1_preset_moves_sfc_coeff_param_estim/external/io_int -I/glade/work/nystrom/Code/WRFDA/WRFV3_3.9.1_preset_moves_sfc_coeff_param_estim/frame -I/glade/work/nystrom/Code/WRFDA/WRFV3_3.9.1_preset_moves_sfc_coeff_param_estim/share -I/glade/work/nystrom/Code/WRFDA/WRFV3_3.9.1_preset_moves_sfc_coeff_param_estim/phys -I/glade/work/nystrom/Code/WRFDA/WRFV3_3.9.1_preset_moves_sfc_coeff_param_estim/chem -I/glade/work/nystrom/Code/WRFDA/WRFV3_3.9.1_preset_moves_sfc_coeff_param_estim/inc -I/glade/u/apps/ch/opt/netcdf/4.7.3/intel/19.0.5//include  -real-size `expr 8 \* 4` -i4  module_sf_noahmplsm.f90

real	0m12.213s
user	0m11.684s
sys	0m0.228s
rm -f module_sf_bep.o
sed -e "s/grid%mu/gridmu/g" -e "s/grid%Mu/gridMu/g" -e "s/^\!.*'.*//" -e "s/^ *\!.*'.*//" module_sf_bep.F > module_sf_bep.G
/lib/cpp -P -nostdinc -I/glade/work/nystrom/Code/WRFDA/WRFV3_3.9.1_preset_moves_sfc_coeff_param_estim/inc -DEM_CORE=1 -DNMM_CORE=0 -DNMM_MAX_DIM=2600 -DCOAMPS_CORE=0 -DDA_CORE=0 -DEXP_CORE=0 -DIWORDSIZE=4 -DDWORDSIZE=8 -DRWORDSIZE=4 -DLWORDSIZE=4 -DNONSTANDARD_SYSTEM_FUNC  -DWRF_USE_CLM  -DDM_PARALLEL -DNETCDF -DMOVE_NESTS -DUSE_ALLOCATABLES -DGRIB1 -DINTIO -DKEEP_INT_AROUND -DLIMIT_ARGS -DCONFIG_BUF_LEN=65536 -DMAX_DOMAINS_F=21 -DMAX_HISTORY=25 -DNMM_NEST=0  -I. -traditional-cpp   module_sf_bep.G  > module_sf_bep.H
sed -e "s/gridmu/grid%mu/g" -e "s/gridMu/grid%Mu/g" module_sf_bep.H > module_sf_bep.bb
/glade/work/nystrom/Code/WRFDA/WRFV3_3.9.1_preset_moves_sfc_coeff_param_estim/tools/standard.exe module_sf_bep.bb | /lib/cpp -P -nostdinc -traditional-cpp > module_sf_bep.f90
rm -f module_sf_bep.G module_sf_bep.H module_sf_bep.bb
time mpif90 -f90=ifort -o module_sf_bep.o -c -O3 -ip -fp-model precise -w -ftz -align all -fno-alias -FR -convert big_endian    -I../dyn_em -I../dyn_nmm   -I/glade/work/nystrom/Code/WRFDA/WRFV3_3.9.1_preset_moves_sfc_coeff_param_estim/external/esmf_time_f90  -I/glade/work/nystrom/Code/WRFDA/WRFV3_3.9.1_preset_moves_sfc_coeff_param_estim/main -I/glade/work/nystrom/Code/WRFDA/WRFV3_3.9.1_preset_moves_sfc_coeff_param_estim/external/io_netcdf -I/glade/work/nystrom/Code/WRFDA/WRFV3_3.9.1_preset_moves_sfc_coeff_param_estim/external/io_int -I/glade/work/nystrom/Code/WRFDA/WRFV3_3.9.1_preset_moves_sfc_coeff_param_estim/frame -I/glade/work/nystrom/Code/WRFDA/WRFV3_3.9.1_preset_moves_sfc_coeff_param_estim/share -I/glade/work/nystrom/Code/WRFDA/WRFV3_3.9.1_preset_moves_sfc_coeff_param_estim/phys -I/glade/work/nystrom/Code/WRFDA/WRFV3_3.9.1_preset_moves_sfc_coeff_param_estim/chem -I/glade/work/nystrom/Code/WRFDA/WRFV3_3.9.1_preset_moves_sfc_coeff_param_estim/inc -I/glade/u/apps/ch/opt/netcdf/4.7.3/intel/19.0.5//include  -real-size `expr 8 \* 4` -i4  module_sf_bep.f90

real	0m6.010s
user	0m5.677s
sys	0m0.213s
rm -f module_sf_bep_bem.o
sed -e "s/grid%mu/gridmu/g" -e "s/grid%Mu/gridMu/g" -e "s/^\!.*'.*//" -e "s/^ *\!.*'.*//" module_sf_bep_bem.F > module_sf_bep_bem.G
/lib/cpp -P -nostdinc -I/glade/work/nystrom/Code/WRFDA/WRFV3_3.9.1_preset_moves_sfc_coeff_param_estim/inc -DEM_CORE=1 -DNMM_CORE=0 -DNMM_MAX_DIM=2600 -DCOAMPS_CORE=0 -DDA_CORE=0 -DEXP_CORE=0 -DIWORDSIZE=4 -DDWORDSIZE=8 -DRWORDSIZE=4 -DLWORDSIZE=4 -DNONSTANDARD_SYSTEM_FUNC  -DWRF_USE_CLM  -DDM_PARALLEL -DNETCDF -DMOVE_NESTS -DUSE_ALLOCATABLES -DGRIB1 -DINTIO -DKEEP_INT_AROUND -DLIMIT_ARGS -DCONFIG_BUF_LEN=65536 -DMAX_DOMAINS_F=21 -DMAX_HISTORY=25 -DNMM_NEST=0  -I. -traditional-cpp   module_sf_bep_bem.G  > module_sf_bep_bem.H
sed -e "s/gridmu/grid%mu/g" -e "s/gridMu/grid%Mu/g" module_sf_bep_bem.H > module_sf_bep_bem.bb
/glade/work/nystrom/Code/WRFDA/WRFV3_3.9.1_preset_moves_sfc_coeff_param_estim/tools/standard.exe module_sf_bep_bem.bb | /lib/cpp -P -nostdinc -traditional-cpp > module_sf_bep_bem.f90
rm -f module_sf_bep_bem.G module_sf_bep_bem.H module_sf_bep_bem.bb
time mpif90 -f90=ifort -o module_sf_bep_bem.o -c -O3 -ip -fp-model precise -w -ftz -align all -fno-alias -FR -convert big_endian    -I../dyn_em -I../dyn_nmm   -I/glade/work/nystrom/Code/WRFDA/WRFV3_3.9.1_preset_moves_sfc_coeff_param_estim/external/esmf_time_f90  -I/glade/work/nystrom/Code/WRFDA/WRFV3_3.9.1_preset_moves_sfc_coeff_param_estim/main -I/glade/work/nystrom/Code/WRFDA/WRFV3_3.9.1_preset_moves_sfc_coeff_param_estim/external/io_netcdf -I/glade/work/nystrom/Code/WRFDA/WRFV3_3.9.1_preset_moves_sfc_coeff_param_estim/external/io_int -I/glade/work/nystrom/Code/WRFDA/WRFV3_3.9.1_preset_moves_sfc_coeff_param_estim/frame -I/glade/work/nystrom/Code/WRFDA/WRFV3_3.9.1_preset_moves_sfc_coeff_param_estim/share -I/glade/work/nystrom/Code/WRFDA/WRFV3_3.9.1_preset_moves_sfc_coeff_param_estim/phys -I/glade/work/nystrom/Code/WRFDA/WRFV3_3.9.1_preset_moves_sfc_coeff_param_estim/chem -I/glade/work/nystrom/Code/WRFDA/WRFV3_3.9.1_preset_moves_sfc_coeff_param_estim/inc -I/glade/u/apps/ch/opt/netcdf/4.7.3/intel/19.0.5//include  -real-size `expr 8 \* 4` -i4  module_sf_bep_bem.f90

real	0m6.059s
user	0m5.765s
sys	0m0.159s
rm -f module_sf_clm.o
sed -e "s/grid%mu/gridmu/g" -e "s/grid%Mu/gridMu/g" -e "s/^\!.*'.*//" -e "s/^ *\!.*'.*//" module_sf_clm.F > module_sf_clm.G
/lib/cpp -P -nostdinc -I/glade/work/nystrom/Code/WRFDA/WRFV3_3.9.1_preset_moves_sfc_coeff_param_estim/inc -DEM_CORE=1 -DNMM_CORE=0 -DNMM_MAX_DIM=2600 -DCOAMPS_CORE=0 -DDA_CORE=0 -DEXP_CORE=0 -DIWORDSIZE=4 -DDWORDSIZE=8 -DRWORDSIZE=4 -DLWORDSIZE=4 -DNONSTANDARD_SYSTEM_FUNC  -DWRF_USE_CLM  -DDM_PARALLEL -DNETCDF -DMOVE_NESTS -DUSE_ALLOCATABLES -DGRIB1 -DINTIO -DKEEP_INT_AROUND -DLIMIT_ARGS -DCONFIG_BUF_LEN=65536 -DMAX_DOMAINS_F=21 -DMAX_HISTORY=25 -DNMM_NEST=0  -I. -traditional-cpp   module_sf_clm.G  > module_sf_clm.H
sed -e "s/gridmu/grid%mu/g" -e "s/gridMu/grid%Mu/g" module_sf_clm.H > module_sf_clm.bb
/glade/work/nystrom/Code/WRFDA/WRFV3_3.9.1_preset_moves_sfc_coeff_param_estim/tools/standard.exe module_sf_clm.bb | /lib/cpp -P -nostdinc -traditional-cpp > module_sf_clm.f90
rm -f module_sf_clm.G module_sf_clm.H module_sf_clm.bb
time mpif90 -f90=ifort -o module_sf_clm.o -c -O3 -ip -fp-model precise -w -ftz -align all -fno-alias -FR -convert big_endian    -I../dyn_em -I../dyn_nmm   -I/glade/work/nystrom/Code/WRFDA/WRFV3_3.9.1_preset_moves_sfc_coeff_param_estim/external/esmf_time_f90  -I/glade/work/nystrom/Code/WRFDA/WRFV3_3.9.1_preset_moves_sfc_coeff_param_estim/main -I/glade/work/nystrom/Code/WRFDA/WRFV3_3.9.1_preset_moves_sfc_coeff_param_estim/external/io_netcdf -I/glade/work/nystrom/Code/WRFDA/WRFV3_3.9.1_preset_moves_sfc_coeff_param_estim/external/io_int -I/glade/work/nystrom/Code/WRFDA/WRFV3_3.9.1_preset_moves_sfc_coeff_param_estim/frame -I/glade/work/nystrom/Code/WRFDA/WRFV3_3.9.1_preset_moves_sfc_coeff_param_estim/share -I/glade/work/nystrom/Code/WRFDA/WRFV3_3.9.1_preset_moves_sfc_coeff_param_estim/phys -I/glade/work/nystrom/Code/WRFDA/WRFV3_3.9.1_preset_moves_sfc_coeff_param_estim/chem -I/glade/work/nystrom/Code/WRFDA/WRFV3_3.9.1_preset_moves_sfc_coeff_param_estim/inc -I/glade/u/apps/ch/opt/netcdf/4.7.3/intel/19.0.5//include  -real-size `expr 8 \* 4` -i4  module_sf_clm.f90

real	0m35.490s
user	0m35.031s
sys	0m0.306s
rm -f module_sf_noah_seaice_drv.o
sed -e "s/grid%mu/gridmu/g" -e "s/grid%Mu/gridMu/g" -e "s/^\!.*'.*//" -e "s/^ *\!.*'.*//" module_sf_noah_seaice_drv.F > module_sf_noah_seaice_drv.G
/lib/cpp -P -nostdinc -I/glade/work/nystrom/Code/WRFDA/WRFV3_3.9.1_preset_moves_sfc_coeff_param_estim/inc -DEM_CORE=1 -DNMM_CORE=0 -DNMM_MAX_DIM=2600 -DCOAMPS_CORE=0 -DDA_CORE=0 -DEXP_CORE=0 -DIWORDSIZE=4 -DDWORDSIZE=8 -DRWORDSIZE=4 -DLWORDSIZE=4 -DNONSTANDARD_SYSTEM_FUNC  -DWRF_USE_CLM  -DDM_PARALLEL -DNETCDF -DMOVE_NESTS -DUSE_ALLOCATABLES -DGRIB1 -DINTIO -DKEEP_INT_AROUND -DLIMIT_ARGS -DCONFIG_BUF_LEN=65536 -DMAX_DOMAINS_F=21 -DMAX_HISTORY=25 -DNMM_NEST=0  -I. -traditional-cpp   module_sf_noah_seaice_drv.G  > module_sf_noah_seaice_drv.H
sed -e "s/gridmu/grid%mu/g" -e "s/gridMu/grid%Mu/g" module_sf_noah_seaice_drv.H > module_sf_noah_seaice_drv.bb
/glade/work/nystrom/Code/WRFDA/WRFV3_3.9.1_preset_moves_sfc_coeff_param_estim/tools/standard.exe module_sf_noah_seaice_drv.bb | /lib/cpp -P -nostdinc -traditional-cpp > module_sf_noah_seaice_drv.f90
rm -f module_sf_noah_seaice_drv.G module_sf_noah_seaice_drv.H module_sf_noah_seaice_drv.bb
time mpif90 -f90=ifort -o module_sf_noah_seaice_drv.o -c -O3 -ip -fp-model precise -w -ftz -align all -fno-alias -FR -convert big_endian    -I../dyn_em -I../dyn_nmm   -I/glade/work/nystrom/Code/WRFDA/WRFV3_3.9.1_preset_moves_sfc_coeff_param_estim/external/esmf_time_f90  -I/glade/work/nystrom/Code/WRFDA/WRFV3_3.9.1_preset_moves_sfc_coeff_param_estim/main -I/glade/work/nystrom/Code/WRFDA/WRFV3_3.9.1_preset_moves_sfc_coeff_param_estim/external/io_netcdf -I/glade/work/nystrom/Code/WRFDA/WRFV3_3.9.1_preset_moves_sfc_coeff_param_estim/external/io_int -I/glade/work/nystrom/Code/WRFDA/WRFV3_3.9.1_preset_moves_sfc_coeff_param_estim/frame -I/glade/work/nystrom/Code/WRFDA/WRFV3_3.9.1_preset_moves_sfc_coeff_param_estim/share -I/glade/work/nystrom/Code/WRFDA/WRFV3_3.9.1_preset_moves_sfc_coeff_param_estim/phys -I/glade/work/nystrom/Code/WRFDA/WRFV3_3.9.1_preset_moves_sfc_coeff_param_estim/chem -I/glade/work/nystrom/Code/WRFDA/WRFV3_3.9.1_preset_moves_sfc_coeff_param_estim/inc -I/glade/u/apps/ch/opt/netcdf/4.7.3/intel/19.0.5//include  -real-size `expr 8 \* 4` -i4  module_sf_noah_seaice_drv.f90

real	0m0.428s
user	0m0.253s
sys	0m0.048s
rm -f module_sf_noahmp_groundwater.o
sed -e "s/grid%mu/gridmu/g" -e "s/grid%Mu/gridMu/g" -e "s/^\!.*'.*//" -e "s/^ *\!.*'.*//" module_sf_noahmp_groundwater.F > module_sf_noahmp_groundwater.G
/lib/cpp -P -nostdinc -I/glade/work/nystrom/Code/WRFDA/WRFV3_3.9.1_preset_moves_sfc_coeff_param_estim/inc -DEM_CORE=1 -DNMM_CORE=0 -DNMM_MAX_DIM=2600 -DCOAMPS_CORE=0 -DDA_CORE=0 -DEXP_CORE=0 -DIWORDSIZE=4 -DDWORDSIZE=8 -DRWORDSIZE=4 -DLWORDSIZE=4 -DNONSTANDARD_SYSTEM_FUNC  -DWRF_USE_CLM  -DDM_PARALLEL -DNETCDF -DMOVE_NESTS -DUSE_ALLOCATABLES -DGRIB1 -DINTIO -DKEEP_INT_AROUND -DLIMIT_ARGS -DCONFIG_BUF_LEN=65536 -DMAX_DOMAINS_F=21 -DMAX_HISTORY=25 -DNMM_NEST=0  -I. -traditional-cpp   module_sf_noahmp_groundwater.G  > module_sf_noahmp_groundwater.H
sed -e "s/gridmu/grid%mu/g" -e "s/gridMu/grid%Mu/g" module_sf_noahmp_groundwater.H > module_sf_noahmp_groundwater.bb
/glade/work/nystrom/Code/WRFDA/WRFV3_3.9.1_preset_moves_sfc_coeff_param_estim/tools/standard.exe module_sf_noahmp_groundwater.bb | /lib/cpp -P -nostdinc -traditional-cpp > module_sf_noahmp_groundwater.f90
rm -f module_sf_noahmp_groundwater.G module_sf_noahmp_groundwater.H module_sf_noahmp_groundwater.bb
time mpif90 -f90=ifort -o module_sf_noahmp_groundwater.o -c -O3 -ip -fp-model precise -w -ftz -align all -fno-alias -FR -convert big_endian    -I../dyn_em -I../dyn_nmm   -I/glade/work/nystrom/Code/WRFDA/WRFV3_3.9.1_preset_moves_sfc_coeff_param_estim/external/esmf_time_f90  -I/glade/work/nystrom/Code/WRFDA/WRFV3_3.9.1_preset_moves_sfc_coeff_param_estim/main -I/glade/work/nystrom/Code/WRFDA/WRFV3_3.9.1_preset_moves_sfc_coeff_param_estim/external/io_netcdf -I/glade/work/nystrom/Code/WRFDA/WRFV3_3.9.1_preset_moves_sfc_coeff_param_estim/external/io_int -I/glade/work/nystrom/Code/WRFDA/WRFV3_3.9.1_preset_moves_sfc_coeff_param_estim/frame -I/glade/work/nystrom/Code/WRFDA/WRFV3_3.9.1_preset_moves_sfc_coeff_param_estim/share -I/glade/work/nystrom/Code/WRFDA/WRFV3_3.9.1_preset_moves_sfc_coeff_param_estim/phys -I/glade/work/nystrom/Code/WRFDA/WRFV3_3.9.1_preset_moves_sfc_coeff_param_estim/chem -I/glade/work/nystrom/Code/WRFDA/WRFV3_3.9.1_preset_moves_sfc_coeff_param_estim/inc -I/glade/u/apps/ch/opt/netcdf/4.7.3/intel/19.0.5//include  -real-size `expr 8 \* 4` -i4  module_sf_noahmp_groundwater.f90

real	0m0.843s
user	0m0.645s
sys	0m0.080s
rm -f module_sf_pxlsm.o
sed -e "s/grid%mu/gridmu/g" -e "s/grid%Mu/gridMu/g" -e "s/^\!.*'.*//" -e "s/^ *\!.*'.*//" module_sf_pxlsm.F > module_sf_pxlsm.G
/lib/cpp -P -nostdinc -I/glade/work/nystrom/Code/WRFDA/WRFV3_3.9.1_preset_moves_sfc_coeff_param_estim/inc -DEM_CORE=1 -DNMM_CORE=0 -DNMM_MAX_DIM=2600 -DCOAMPS_CORE=0 -DDA_CORE=0 -DEXP_CORE=0 -DIWORDSIZE=4 -DDWORDSIZE=8 -DRWORDSIZE=4 -DLWORDSIZE=4 -DNONSTANDARD_SYSTEM_FUNC  -DWRF_USE_CLM  -DDM_PARALLEL -DNETCDF -DMOVE_NESTS -DUSE_ALLOCATABLES -DGRIB1 -DINTIO -DKEEP_INT_AROUND -DLIMIT_ARGS -DCONFIG_BUF_LEN=65536 -DMAX_DOMAINS_F=21 -DMAX_HISTORY=25 -DNMM_NEST=0  -I. -traditional-cpp   module_sf_pxlsm.G  > module_sf_pxlsm.H
sed -e "s/gridmu/grid%mu/g" -e "s/gridMu/grid%Mu/g" module_sf_pxlsm.H > module_sf_pxlsm.bb
/glade/work/nystrom/Code/WRFDA/WRFV3_3.9.1_preset_moves_sfc_coeff_param_estim/tools/standard.exe module_sf_pxlsm.bb | /lib/cpp -P -nostdinc -traditional-cpp > module_sf_pxlsm.f90
rm -f module_sf_pxlsm.G module_sf_pxlsm.H module_sf_pxlsm.bb
time mpif90 -f90=ifort -o module_sf_pxlsm.o -c -O3 -ip -fp-model precise -w -ftz -align all -fno-alias -FR -convert big_endian    -I../dyn_em -I../dyn_nmm   -I/glade/work/nystrom/Code/WRFDA/WRFV3_3.9.1_preset_moves_sfc_coeff_param_estim/external/esmf_time_f90  -I/glade/work/nystrom/Code/WRFDA/WRFV3_3.9.1_preset_moves_sfc_coeff_param_estim/main -I/glade/work/nystrom/Code/WRFDA/WRFV3_3.9.1_preset_moves_sfc_coeff_param_estim/external/io_netcdf -I/glade/work/nystrom/Code/WRFDA/WRFV3_3.9.1_preset_moves_sfc_coeff_param_estim/external/io_int -I/glade/work/nystrom/Code/WRFDA/WRFV3_3.9.1_preset_moves_sfc_coeff_param_estim/frame -I/glade/work/nystrom/Code/WRFDA/WRFV3_3.9.1_preset_moves_sfc_coeff_param_estim/share -I/glade/work/nystrom/Code/WRFDA/WRFV3_3.9.1_preset_moves_sfc_coeff_param_estim/phys -I/glade/work/nystrom/Code/WRFDA/WRFV3_3.9.1_preset_moves_sfc_coeff_param_estim/chem -I/glade/work/nystrom/Code/WRFDA/WRFV3_3.9.1_preset_moves_sfc_coeff_param_estim/inc -I/glade/u/apps/ch/opt/netcdf/4.7.3/intel/19.0.5//include  -real-size `expr 8 \* 4` -i4  module_sf_pxlsm.f90

real	0m1.295s
user	0m1.073s
sys	0m0.081s
rm -f module_sf_ocean_driver.o
sed -e "s/grid%mu/gridmu/g" -e "s/grid%Mu/gridMu/g" -e "s/^\!.*'.*//" -e "s/^ *\!.*'.*//" module_sf_ocean_driver.F > module_sf_ocean_driver.G
/lib/cpp -P -nostdinc -I/glade/work/nystrom/Code/WRFDA/WRFV3_3.9.1_preset_moves_sfc_coeff_param_estim/inc -DEM_CORE=1 -DNMM_CORE=0 -DNMM_MAX_DIM=2600 -DCOAMPS_CORE=0 -DDA_CORE=0 -DEXP_CORE=0 -DIWORDSIZE=4 -DDWORDSIZE=8 -DRWORDSIZE=4 -DLWORDSIZE=4 -DNONSTANDARD_SYSTEM_FUNC  -DWRF_USE_CLM  -DDM_PARALLEL -DNETCDF -DMOVE_NESTS -DUSE_ALLOCATABLES -DGRIB1 -DINTIO -DKEEP_INT_AROUND -DLIMIT_ARGS -DCONFIG_BUF_LEN=65536 -DMAX_DOMAINS_F=21 -DMAX_HISTORY=25 -DNMM_NEST=0  -I. -traditional-cpp   module_sf_ocean_driver.G  > module_sf_ocean_driver.H
sed -e "s/gridmu/grid%mu/g" -e "s/gridMu/grid%Mu/g" module_sf_ocean_driver.H > module_sf_ocean_driver.bb
/glade/work/nystrom/Code/WRFDA/WRFV3_3.9.1_preset_moves_sfc_coeff_param_estim/tools/standard.exe module_sf_ocean_driver.bb | /lib/cpp -P -nostdinc -traditional-cpp > module_sf_ocean_driver.f90
rm -f module_sf_ocean_driver.G module_sf_ocean_driver.H module_sf_ocean_driver.bb
time mpif90 -f90=ifort -o module_sf_ocean_driver.o -c -O3 -ip -fp-model precise -w -ftz -align all -fno-alias -FR -convert big_endian    -I../dyn_em -I../dyn_nmm   -I/glade/work/nystrom/Code/WRFDA/WRFV3_3.9.1_preset_moves_sfc_coeff_param_estim/external/esmf_time_f90  -I/glade/work/nystrom/Code/WRFDA/WRFV3_3.9.1_preset_moves_sfc_coeff_param_estim/main -I/glade/work/nystrom/Code/WRFDA/WRFV3_3.9.1_preset_moves_sfc_coeff_param_estim/external/io_netcdf -I/glade/work/nystrom/Code/WRFDA/WRFV3_3.9.1_preset_moves_sfc_coeff_param_estim/external/io_int -I/glade/work/nystrom/Code/WRFDA/WRFV3_3.9.1_preset_moves_sfc_coeff_param_estim/frame -I/glade/work/nystrom/Code/WRFDA/WRFV3_3.9.1_preset_moves_sfc_coeff_param_estim/share -I/glade/work/nystrom/Code/WRFDA/WRFV3_3.9.1_preset_moves_sfc_coeff_param_estim/phys -I/glade/work/nystrom/Code/WRFDA/WRFV3_3.9.1_preset_moves_sfc_coeff_param_estim/chem -I/glade/work/nystrom/Code/WRFDA/WRFV3_3.9.1_preset_moves_sfc_coeff_param_estim/inc -I/glade/u/apps/ch/opt/netcdf/4.7.3/intel/19.0.5//include  -real-size `expr 8 \* 4` -i4  module_sf_ocean_driver.f90

real	0m0.353s
user	0m0.127s
sys	0m0.083s
rm -f module_lightning_driver.o
sed -e "s/grid%mu/gridmu/g" -e "s/grid%Mu/gridMu/g" -e "s/^\!.*'.*//" -e "s/^ *\!.*'.*//" module_lightning_driver.F > module_lightning_driver.G
/lib/cpp -P -nostdinc -I/glade/work/nystrom/Code/WRFDA/WRFV3_3.9.1_preset_moves_sfc_coeff_param_estim/inc -DEM_CORE=1 -DNMM_CORE=0 -DNMM_MAX_DIM=2600 -DCOAMPS_CORE=0 -DDA_CORE=0 -DEXP_CORE=0 -DIWORDSIZE=4 -DDWORDSIZE=8 -DRWORDSIZE=4 -DLWORDSIZE=4 -DNONSTANDARD_SYSTEM_FUNC  -DWRF_USE_CLM  -DDM_PARALLEL -DNETCDF -DMOVE_NESTS -DUSE_ALLOCATABLES -DGRIB1 -DINTIO -DKEEP_INT_AROUND -DLIMIT_ARGS -DCONFIG_BUF_LEN=65536 -DMAX_DOMAINS_F=21 -DMAX_HISTORY=25 -DNMM_NEST=0  -I. -traditional-cpp   module_lightning_driver.G  > module_lightning_driver.H
sed -e "s/gridmu/grid%mu/g" -e "s/gridMu/grid%Mu/g" module_lightning_driver.H > module_lightning_driver.bb
/glade/work/nystrom/Code/WRFDA/WRFV3_3.9.1_preset_moves_sfc_coeff_param_estim/tools/standard.exe module_lightning_driver.bb | /lib/cpp -P -nostdinc -traditional-cpp > module_lightning_driver.f90
rm -f module_lightning_driver.G module_lightning_driver.H module_lightning_driver.bb
time mpif90 -f90=ifort -o module_lightning_driver.o -c -O3 -ip -fp-model precise -w -ftz -align all -fno-alias -FR -convert big_endian    -I../dyn_em -I../dyn_nmm   -I/glade/work/nystrom/Code/WRFDA/WRFV3_3.9.1_preset_moves_sfc_coeff_param_estim/external/esmf_time_f90  -I/glade/work/nystrom/Code/WRFDA/WRFV3_3.9.1_preset_moves_sfc_coeff_param_estim/main -I/glade/work/nystrom/Code/WRFDA/WRFV3_3.9.1_preset_moves_sfc_coeff_param_estim/external/io_netcdf -I/glade/work/nystrom/Code/WRFDA/WRFV3_3.9.1_preset_moves_sfc_coeff_param_estim/external/io_int -I/glade/work/nystrom/Code/WRFDA/WRFV3_3.9.1_preset_moves_sfc_coeff_param_estim/frame -I/glade/work/nystrom/Code/WRFDA/WRFV3_3.9.1_preset_moves_sfc_coeff_param_estim/share -I/glade/work/nystrom/Code/WRFDA/WRFV3_3.9.1_preset_moves_sfc_coeff_param_estim/phys -I/glade/work/nystrom/Code/WRFDA/WRFV3_3.9.1_preset_moves_sfc_coeff_param_estim/chem -I/glade/work/nystrom/Code/WRFDA/WRFV3_3.9.1_preset_moves_sfc_coeff_param_estim/inc -I/glade/u/apps/ch/opt/netcdf/4.7.3/intel/19.0.5//include  -real-size `expr 8 \* 4` -i4  module_lightning_driver.f90

real	0m0.526s
user	0m0.298s
sys	0m0.083s
rm -f module_diag_rasm.o
sed -e "s/grid%mu/gridmu/g" -e "s/grid%Mu/gridMu/g" -e "s/^\!.*'.*//" -e "s/^ *\!.*'.*//" module_diag_rasm.F > module_diag_rasm.G
/lib/cpp -P -nostdinc -I/glade/work/nystrom/Code/WRFDA/WRFV3_3.9.1_preset_moves_sfc_coeff_param_estim/inc -DEM_CORE=1 -DNMM_CORE=0 -DNMM_MAX_DIM=2600 -DCOAMPS_CORE=0 -DDA_CORE=0 -DEXP_CORE=0 -DIWORDSIZE=4 -DDWORDSIZE=8 -DRWORDSIZE=4 -DLWORDSIZE=4 -DNONSTANDARD_SYSTEM_FUNC  -DWRF_USE_CLM  -DDM_PARALLEL -DNETCDF -DMOVE_NESTS -DUSE_ALLOCATABLES -DGRIB1 -DINTIO -DKEEP_INT_AROUND -DLIMIT_ARGS -DCONFIG_BUF_LEN=65536 -DMAX_DOMAINS_F=21 -DMAX_HISTORY=25 -DNMM_NEST=0  -I. -traditional-cpp   module_diag_rasm.G  > module_diag_rasm.H
sed -e "s/gridmu/grid%mu/g" -e "s/gridMu/grid%Mu/g" module_diag_rasm.H > module_diag_rasm.bb
/glade/work/nystrom/Code/WRFDA/WRFV3_3.9.1_preset_moves_sfc_coeff_param_estim/tools/standard.exe module_diag_rasm.bb | /lib/cpp -P -nostdinc -traditional-cpp > module_diag_rasm.f90
rm -f module_diag_rasm.G module_diag_rasm.H module_diag_rasm.bb
time mpif90 -f90=ifort -o module_diag_rasm.o -c -O3 -ip -fp-model precise -w -ftz -align all -fno-alias -FR -convert big_endian    -I../dyn_em -I../dyn_nmm   -I/glade/work/nystrom/Code/WRFDA/WRFV3_3.9.1_preset_moves_sfc_coeff_param_estim/external/esmf_time_f90  -I/glade/work/nystrom/Code/WRFDA/WRFV3_3.9.1_preset_moves_sfc_coeff_param_estim/main -I/glade/work/nystrom/Code/WRFDA/WRFV3_3.9.1_preset_moves_sfc_coeff_param_estim/external/io_netcdf -I/glade/work/nystrom/Code/WRFDA/WRFV3_3.9.1_preset_moves_sfc_coeff_param_estim/external/io_int -I/glade/work/nystrom/Code/WRFDA/WRFV3_3.9.1_preset_moves_sfc_coeff_param_estim/frame -I/glade/work/nystrom/Code/WRFDA/WRFV3_3.9.1_preset_moves_sfc_coeff_param_estim/share -I/glade/work/nystrom/Code/WRFDA/WRFV3_3.9.1_preset_moves_sfc_coeff_param_estim/phys -I/glade/work/nystrom/Code/WRFDA/WRFV3_3.9.1_preset_moves_sfc_coeff_param_estim/chem -I/glade/work/nystrom/Code/WRFDA/WRFV3_3.9.1_preset_moves_sfc_coeff_param_estim/inc -I/glade/u/apps/ch/opt/netcdf/4.7.3/intel/19.0.5//include  -real-size `expr 8 \* 4` -i4  module_diag_rasm.f90

real	0m3.578s
user	0m3.243s
sys	0m0.160s
rm -f module_fr_fire_phys.o
sed -e "s/grid%mu/gridmu/g" -e "s/grid%Mu/gridMu/g" -e "s/^\!.*'.*//" -e "s/^ *\!.*'.*//" module_fr_fire_phys.F > module_fr_fire_phys.G
/lib/cpp -P -nostdinc -I/glade/work/nystrom/Code/WRFDA/WRFV3_3.9.1_preset_moves_sfc_coeff_param_estim/inc -DEM_CORE=1 -DNMM_CORE=0 -DNMM_MAX_DIM=2600 -DCOAMPS_CORE=0 -DDA_CORE=0 -DEXP_CORE=0 -DIWORDSIZE=4 -DDWORDSIZE=8 -DRWORDSIZE=4 -DLWORDSIZE=4 -DNONSTANDARD_SYSTEM_FUNC  -DWRF_USE_CLM  -DDM_PARALLEL -DNETCDF -DMOVE_NESTS -DUSE_ALLOCATABLES -DGRIB1 -DINTIO -DKEEP_INT_AROUND -DLIMIT_ARGS -DCONFIG_BUF_LEN=65536 -DMAX_DOMAINS_F=21 -DMAX_HISTORY=25 -DNMM_NEST=0  -I. -traditional-cpp   module_fr_fire_phys.G  > module_fr_fire_phys.H
sed -e "s/gridmu/grid%mu/g" -e "s/gridMu/grid%Mu/g" module_fr_fire_phys.H > module_fr_fire_phys.bb
/glade/work/nystrom/Code/WRFDA/WRFV3_3.9.1_preset_moves_sfc_coeff_param_estim/tools/standard.exe module_fr_fire_phys.bb | /lib/cpp -P -nostdinc -traditional-cpp > module_fr_fire_phys.f90
rm -f module_fr_fire_phys.G module_fr_fire_phys.H module_fr_fire_phys.bb
time mpif90 -f90=ifort -o module_fr_fire_phys.o -c -O3 -ip -fp-model precise -w -ftz -align all -fno-alias -FR -convert big_endian    -I../dyn_em -I../dyn_nmm   -I/glade/work/nystrom/Code/WRFDA/WRFV3_3.9.1_preset_moves_sfc_coeff_param_estim/external/esmf_time_f90  -I/glade/work/nystrom/Code/WRFDA/WRFV3_3.9.1_preset_moves_sfc_coeff_param_estim/main -I/glade/work/nystrom/Code/WRFDA/WRFV3_3.9.1_preset_moves_sfc_coeff_param_estim/external/io_netcdf -I/glade/work/nystrom/Code/WRFDA/WRFV3_3.9.1_preset_moves_sfc_coeff_param_estim/external/io_int -I/glade/work/nystrom/Code/WRFDA/WRFV3_3.9.1_preset_moves_sfc_coeff_param_estim/frame -I/glade/work/nystrom/Code/WRFDA/WRFV3_3.9.1_preset_moves_sfc_coeff_param_estim/share -I/glade/work/nystrom/Code/WRFDA/WRFV3_3.9.1_preset_moves_sfc_coeff_param_estim/phys -I/glade/work/nystrom/Code/WRFDA/WRFV3_3.9.1_preset_moves_sfc_coeff_param_estim/chem -I/glade/work/nystrom/Code/WRFDA/WRFV3_3.9.1_preset_moves_sfc_coeff_param_estim/inc -I/glade/u/apps/ch/opt/netcdf/4.7.3/intel/19.0.5//include  -real-size `expr 8 \* 4` -i4  module_fr_fire_phys.f90

real	0m0.794s
user	0m0.617s
sys	0m0.061s
rm -f module_fr_fire_atm.o
sed -e "s/grid%mu/gridmu/g" -e "s/grid%Mu/gridMu/g" -e "s/^\!.*'.*//" -e "s/^ *\!.*'.*//" module_fr_fire_atm.F > module_fr_fire_atm.G
/lib/cpp -P -nostdinc -I/glade/work/nystrom/Code/WRFDA/WRFV3_3.9.1_preset_moves_sfc_coeff_param_estim/inc -DEM_CORE=1 -DNMM_CORE=0 -DNMM_MAX_DIM=2600 -DCOAMPS_CORE=0 -DDA_CORE=0 -DEXP_CORE=0 -DIWORDSIZE=4 -DDWORDSIZE=8 -DRWORDSIZE=4 -DLWORDSIZE=4 -DNONSTANDARD_SYSTEM_FUNC  -DWRF_USE_CLM  -DDM_PARALLEL -DNETCDF -DMOVE_NESTS -DUSE_ALLOCATABLES -DGRIB1 -DINTIO -DKEEP_INT_AROUND -DLIMIT_ARGS -DCONFIG_BUF_LEN=65536 -DMAX_DOMAINS_F=21 -DMAX_HISTORY=25 -DNMM_NEST=0  -I. -traditional-cpp   module_fr_fire_atm.G  > module_fr_fire_atm.H
sed -e "s/gridmu/grid%mu/g" -e "s/gridMu/grid%Mu/g" module_fr_fire_atm.H > module_fr_fire_atm.bb
/glade/work/nystrom/Code/WRFDA/WRFV3_3.9.1_preset_moves_sfc_coeff_param_estim/tools/standard.exe module_fr_fire_atm.bb | /lib/cpp -P -nostdinc -traditional-cpp > module_fr_fire_atm.f90
rm -f module_fr_fire_atm.G module_fr_fire_atm.H module_fr_fire_atm.bb
time mpif90 -f90=ifort -o module_fr_fire_atm.o -c -O3 -ip -fp-model precise -w -ftz -align all -fno-alias -FR -convert big_endian    -I../dyn_em -I../dyn_nmm   -I/glade/work/nystrom/Code/WRFDA/WRFV3_3.9.1_preset_moves_sfc_coeff_param_estim/external/esmf_time_f90  -I/glade/work/nystrom/Code/WRFDA/WRFV3_3.9.1_preset_moves_sfc_coeff_param_estim/main -I/glade/work/nystrom/Code/WRFDA/WRFV3_3.9.1_preset_moves_sfc_coeff_param_estim/external/io_netcdf -I/glade/work/nystrom/Code/WRFDA/WRFV3_3.9.1_preset_moves_sfc_coeff_param_estim/external/io_int -I/glade/work/nystrom/Code/WRFDA/WRFV3_3.9.1_preset_moves_sfc_coeff_param_estim/frame -I/glade/work/nystrom/Code/WRFDA/WRFV3_3.9.1_preset_moves_sfc_coeff_param_estim/share -I/glade/work/nystrom/Code/WRFDA/WRFV3_3.9.1_preset_moves_sfc_coeff_param_estim/phys -I/glade/work/nystrom/Code/WRFDA/WRFV3_3.9.1_preset_moves_sfc_coeff_param_estim/chem -I/glade/work/nystrom/Code/WRFDA/WRFV3_3.9.1_preset_moves_sfc_coeff_param_estim/inc -I/glade/u/apps/ch/opt/netcdf/4.7.3/intel/19.0.5//include  -real-size `expr 8 \* 4` -i4  module_fr_fire_atm.f90

real	0m0.390s
user	0m0.204s
sys	0m0.070s
rm -f module_cam_physconst.o
sed -e "s/grid%mu/gridmu/g" -e "s/grid%Mu/gridMu/g" -e "s/^\!.*'.*//" -e "s/^ *\!.*'.*//" module_cam_physconst.F > module_cam_physconst.G
/lib/cpp -P -nostdinc -I/glade/work/nystrom/Code/WRFDA/WRFV3_3.9.1_preset_moves_sfc_coeff_param_estim/inc -DEM_CORE=1 -DNMM_CORE=0 -DNMM_MAX_DIM=2600 -DCOAMPS_CORE=0 -DDA_CORE=0 -DEXP_CORE=0 -DIWORDSIZE=4 -DDWORDSIZE=8 -DRWORDSIZE=4 -DLWORDSIZE=4 -DNONSTANDARD_SYSTEM_FUNC  -DWRF_USE_CLM  -DDM_PARALLEL -DNETCDF -DMOVE_NESTS -DUSE_ALLOCATABLES -DGRIB1 -DINTIO -DKEEP_INT_AROUND -DLIMIT_ARGS -DCONFIG_BUF_LEN=65536 -DMAX_DOMAINS_F=21 -DMAX_HISTORY=25 -DNMM_NEST=0  -I. -traditional-cpp   module_cam_physconst.G  > module_cam_physconst.H
sed -e "s/gridmu/grid%mu/g" -e "s/gridMu/grid%Mu/g" module_cam_physconst.H > module_cam_physconst.bb
/glade/work/nystrom/Code/WRFDA/WRFV3_3.9.1_preset_moves_sfc_coeff_param_estim/tools/standard.exe module_cam_physconst.bb | /lib/cpp -P -nostdinc -traditional-cpp > module_cam_physconst.f90
rm -f module_cam_physconst.G module_cam_physconst.H module_cam_physconst.bb
time mpif90 -f90=ifort -o module_cam_physconst.o -c -O3 -ip -fp-model precise -w -ftz -align all -fno-alias -FR -convert big_endian    -I../dyn_em -I../dyn_nmm   -I/glade/work/nystrom/Code/WRFDA/WRFV3_3.9.1_preset_moves_sfc_coeff_param_estim/external/esmf_time_f90  -I/glade/work/nystrom/Code/WRFDA/WRFV3_3.9.1_preset_moves_sfc_coeff_param_estim/main -I/glade/work/nystrom/Code/WRFDA/WRFV3_3.9.1_preset_moves_sfc_coeff_param_estim/external/io_netcdf -I/glade/work/nystrom/Code/WRFDA/WRFV3_3.9.1_preset_moves_sfc_coeff_param_estim/external/io_int -I/glade/work/nystrom/Code/WRFDA/WRFV3_3.9.1_preset_moves_sfc_coeff_param_estim/frame -I/glade/work/nystrom/Code/WRFDA/WRFV3_3.9.1_preset_moves_sfc_coeff_param_estim/share -I/glade/work/nystrom/Code/WRFDA/WRFV3_3.9.1_preset_moves_sfc_coeff_param_estim/phys -I/glade/work/nystrom/Code/WRFDA/WRFV3_3.9.1_preset_moves_sfc_coeff_param_estim/chem -I/glade/work/nystrom/Code/WRFDA/WRFV3_3.9.1_preset_moves_sfc_coeff_param_estim/inc -I/glade/u/apps/ch/opt/netcdf/4.7.3/intel/19.0.5//include  -real-size `expr 8 \* 4` -i4  module_cam_physconst.f90

real	0m0.257s
user	0m0.078s
sys	0m0.061s
rm -f module_cam_bl_eddy_diff.o
sed -e "s/grid%mu/gridmu/g" -e "s/grid%Mu/gridMu/g" -e "s/^\!.*'.*//" -e "s/^ *\!.*'.*//" module_cam_bl_eddy_diff.F > module_cam_bl_eddy_diff.G
/lib/cpp -P -nostdinc -I/glade/work/nystrom/Code/WRFDA/WRFV3_3.9.1_preset_moves_sfc_coeff_param_estim/inc -DEM_CORE=1 -DNMM_CORE=0 -DNMM_MAX_DIM=2600 -DCOAMPS_CORE=0 -DDA_CORE=0 -DEXP_CORE=0 -DIWORDSIZE=4 -DDWORDSIZE=8 -DRWORDSIZE=4 -DLWORDSIZE=4 -DNONSTANDARD_SYSTEM_FUNC  -DWRF_USE_CLM  -DDM_PARALLEL -DNETCDF -DMOVE_NESTS -DUSE_ALLOCATABLES -DGRIB1 -DINTIO -DKEEP_INT_AROUND -DLIMIT_ARGS -DCONFIG_BUF_LEN=65536 -DMAX_DOMAINS_F=21 -DMAX_HISTORY=25 -DNMM_NEST=0  -I. -traditional-cpp   module_cam_bl_eddy_diff.G  > module_cam_bl_eddy_diff.H
sed -e "s/gridmu/grid%mu/g" -e "s/gridMu/grid%Mu/g" module_cam_bl_eddy_diff.H > module_cam_bl_eddy_diff.bb
/glade/work/nystrom/Code/WRFDA/WRFV3_3.9.1_preset_moves_sfc_coeff_param_estim/tools/standard.exe module_cam_bl_eddy_diff.bb | /lib/cpp -P -nostdinc -traditional-cpp > module_cam_bl_eddy_diff.f90
rm -f module_cam_bl_eddy_diff.G module_cam_bl_eddy_diff.H module_cam_bl_eddy_diff.bb
time mpif90 -f90=ifort -o module_cam_bl_eddy_diff.o -c -O3 -ip -fp-model precise -w -ftz -align all -fno-alias -FR -convert big_endian    -I../dyn_em -I../dyn_nmm   -I/glade/work/nystrom/Code/WRFDA/WRFV3_3.9.1_preset_moves_sfc_coeff_param_estim/external/esmf_time_f90  -I/glade/work/nystrom/Code/WRFDA/WRFV3_3.9.1_preset_moves_sfc_coeff_param_estim/main -I/glade/work/nystrom/Code/WRFDA/WRFV3_3.9.1_preset_moves_sfc_coeff_param_estim/external/io_netcdf -I/glade/work/nystrom/Code/WRFDA/WRFV3_3.9.1_preset_moves_sfc_coeff_param_estim/external/io_int -I/glade/work/nystrom/Code/WRFDA/WRFV3_3.9.1_preset_moves_sfc_coeff_param_estim/frame -I/glade/work/nystrom/Code/WRFDA/WRFV3_3.9.1_preset_moves_sfc_coeff_param_estim/share -I/glade/work/nystrom/Code/WRFDA/WRFV3_3.9.1_preset_moves_sfc_coeff_param_estim/phys -I/glade/work/nystrom/Code/WRFDA/WRFV3_3.9.1_preset_moves_sfc_coeff_param_estim/chem -I/glade/work/nystrom/Code/WRFDA/WRFV3_3.9.1_preset_moves_sfc_coeff_param_estim/inc -I/glade/u/apps/ch/opt/netcdf/4.7.3/intel/19.0.5//include  -real-size `expr 8 \* 4` -i4  module_cam_bl_eddy_diff.f90

real	0m4.892s
user	0m4.544s
sys	0m0.201s
rm -f module_data_cam_mam_aero.o
sed -e "s/grid%mu/gridmu/g" -e "s/grid%Mu/gridMu/g" -e "s/^\!.*'.*//" -e "s/^ *\!.*'.*//" module_data_cam_mam_aero.F > module_data_cam_mam_aero.G
/lib/cpp -P -nostdinc -I/glade/work/nystrom/Code/WRFDA/WRFV3_3.9.1_preset_moves_sfc_coeff_param_estim/inc -DEM_CORE=1 -DNMM_CORE=0 -DNMM_MAX_DIM=2600 -DCOAMPS_CORE=0 -DDA_CORE=0 -DEXP_CORE=0 -DIWORDSIZE=4 -DDWORDSIZE=8 -DRWORDSIZE=4 -DLWORDSIZE=4 -DNONSTANDARD_SYSTEM_FUNC  -DWRF_USE_CLM  -DDM_PARALLEL -DNETCDF -DMOVE_NESTS -DUSE_ALLOCATABLES -DGRIB1 -DINTIO -DKEEP_INT_AROUND -DLIMIT_ARGS -DCONFIG_BUF_LEN=65536 -DMAX_DOMAINS_F=21 -DMAX_HISTORY=25 -DNMM_NEST=0  -I. -traditional-cpp   module_data_cam_mam_aero.G  > module_data_cam_mam_aero.H
sed -e "s/gridmu/grid%mu/g" -e "s/gridMu/grid%Mu/g" module_data_cam_mam_aero.H > module_data_cam_mam_aero.bb
/glade/work/nystrom/Code/WRFDA/WRFV3_3.9.1_preset_moves_sfc_coeff_param_estim/tools/standard.exe module_data_cam_mam_aero.bb | /lib/cpp -P -nostdinc -traditional-cpp > module_data_cam_mam_aero.f90
rm -f module_data_cam_mam_aero.G module_data_cam_mam_aero.H module_data_cam_mam_aero.bb
time mpif90 -f90=ifort -o module_data_cam_mam_aero.o -c -O3 -ip -fp-model precise -w -ftz -align all -fno-alias -FR -convert big_endian    -I../dyn_em -I../dyn_nmm   -I/glade/work/nystrom/Code/WRFDA/WRFV3_3.9.1_preset_moves_sfc_coeff_param_estim/external/esmf_time_f90  -I/glade/work/nystrom/Code/WRFDA/WRFV3_3.9.1_preset_moves_sfc_coeff_param_estim/main -I/glade/work/nystrom/Code/WRFDA/WRFV3_3.9.1_preset_moves_sfc_coeff_param_estim/external/io_netcdf -I/glade/work/nystrom/Code/WRFDA/WRFV3_3.9.1_preset_moves_sfc_coeff_param_estim/external/io_int -I/glade/work/nystrom/Code/WRFDA/WRFV3_3.9.1_preset_moves_sfc_coeff_param_estim/frame -I/glade/work/nystrom/Code/WRFDA/WRFV3_3.9.1_preset_moves_sfc_coeff_param_estim/share -I/glade/work/nystrom/Code/WRFDA/WRFV3_3.9.1_preset_moves_sfc_coeff_param_estim/phys -I/glade/work/nystrom/Code/WRFDA/WRFV3_3.9.1_preset_moves_sfc_coeff_param_estim/chem -I/glade/work/nystrom/Code/WRFDA/WRFV3_3.9.1_preset_moves_sfc_coeff_param_estim/inc -I/glade/u/apps/ch/opt/netcdf/4.7.3/intel/19.0.5//include  -real-size `expr 8 \* 4` -i4  module_data_cam_mam_aero.f90

real	0m0.275s
user	0m0.084s
sys	0m0.060s
rm -f module_cam_mp_conv_water.o
sed -e "s/grid%mu/gridmu/g" -e "s/grid%Mu/gridMu/g" -e "s/^\!.*'.*//" -e "s/^ *\!.*'.*//" module_cam_mp_conv_water.F > module_cam_mp_conv_water.G
/lib/cpp -P -nostdinc -I/glade/work/nystrom/Code/WRFDA/WRFV3_3.9.1_preset_moves_sfc_coeff_param_estim/inc -DEM_CORE=1 -DNMM_CORE=0 -DNMM_MAX_DIM=2600 -DCOAMPS_CORE=0 -DDA_CORE=0 -DEXP_CORE=0 -DIWORDSIZE=4 -DDWORDSIZE=8 -DRWORDSIZE=4 -DLWORDSIZE=4 -DNONSTANDARD_SYSTEM_FUNC  -DWRF_USE_CLM  -DDM_PARALLEL -DNETCDF -DMOVE_NESTS -DUSE_ALLOCATABLES -DGRIB1 -DINTIO -DKEEP_INT_AROUND -DLIMIT_ARGS -DCONFIG_BUF_LEN=65536 -DMAX_DOMAINS_F=21 -DMAX_HISTORY=25 -DNMM_NEST=0  -I. -traditional-cpp   module_cam_mp_conv_water.G  > module_cam_mp_conv_water.H
sed -e "s/gridmu/grid%mu/g" -e "s/gridMu/grid%Mu/g" module_cam_mp_conv_water.H > module_cam_mp_conv_water.bb
/glade/work/nystrom/Code/WRFDA/WRFV3_3.9.1_preset_moves_sfc_coeff_param_estim/tools/standard.exe module_cam_mp_conv_water.bb | /lib/cpp -P -nostdinc -traditional-cpp > module_cam_mp_conv_water.f90
rm -f module_cam_mp_conv_water.G module_cam_mp_conv_water.H module_cam_mp_conv_water.bb
time mpif90 -f90=ifort -o module_cam_mp_conv_water.o -c -O3 -ip -fp-model precise -w -ftz -align all -fno-alias -FR -convert big_endian    -I../dyn_em -I../dyn_nmm   -I/glade/work/nystrom/Code/WRFDA/WRFV3_3.9.1_preset_moves_sfc_coeff_param_estim/external/esmf_time_f90  -I/glade/work/nystrom/Code/WRFDA/WRFV3_3.9.1_preset_moves_sfc_coeff_param_estim/main -I/glade/work/nystrom/Code/WRFDA/WRFV3_3.9.1_preset_moves_sfc_coeff_param_estim/external/io_netcdf -I/glade/work/nystrom/Code/WRFDA/WRFV3_3.9.1_preset_moves_sfc_coeff_param_estim/external/io_int -I/glade/work/nystrom/Code/WRFDA/WRFV3_3.9.1_preset_moves_sfc_coeff_param_estim/frame -I/glade/work/nystrom/Code/WRFDA/WRFV3_3.9.1_preset_moves_sfc_coeff_param_estim/share -I/glade/work/nystrom/Code/WRFDA/WRFV3_3.9.1_preset_moves_sfc_coeff_param_estim/phys -I/glade/work/nystrom/Code/WRFDA/WRFV3_3.9.1_preset_moves_sfc_coeff_param_estim/chem -I/glade/work/nystrom/Code/WRFDA/WRFV3_3.9.1_preset_moves_sfc_coeff_param_estim/inc -I/glade/u/apps/ch/opt/netcdf/4.7.3/intel/19.0.5//include  -real-size `expr 8 \* 4` -i4  module_cam_mp_conv_water.f90

real	0m0.303s
user	0m0.122s
sys	0m0.066s
rm -f module_data_cam_mam_asect.o
sed -e "s/grid%mu/gridmu/g" -e "s/grid%Mu/gridMu/g" -e "s/^\!.*'.*//" -e "s/^ *\!.*'.*//" module_data_cam_mam_asect.F > module_data_cam_mam_asect.G
/lib/cpp -P -nostdinc -I/glade/work/nystrom/Code/WRFDA/WRFV3_3.9.1_preset_moves_sfc_coeff_param_estim/inc -DEM_CORE=1 -DNMM_CORE=0 -DNMM_MAX_DIM=2600 -DCOAMPS_CORE=0 -DDA_CORE=0 -DEXP_CORE=0 -DIWORDSIZE=4 -DDWORDSIZE=8 -DRWORDSIZE=4 -DLWORDSIZE=4 -DNONSTANDARD_SYSTEM_FUNC  -DWRF_USE_CLM  -DDM_PARALLEL -DNETCDF -DMOVE_NESTS -DUSE_ALLOCATABLES -DGRIB1 -DINTIO -DKEEP_INT_AROUND -DLIMIT_ARGS -DCONFIG_BUF_LEN=65536 -DMAX_DOMAINS_F=21 -DMAX_HISTORY=25 -DNMM_NEST=0  -I. -traditional-cpp   module_data_cam_mam_asect.G  > module_data_cam_mam_asect.H
sed -e "s/gridmu/grid%mu/g" -e "s/gridMu/grid%Mu/g" module_data_cam_mam_asect.H > module_data_cam_mam_asect.bb
/glade/work/nystrom/Code/WRFDA/WRFV3_3.9.1_preset_moves_sfc_coeff_param_estim/tools/standard.exe module_data_cam_mam_asect.bb | /lib/cpp -P -nostdinc -traditional-cpp > module_data_cam_mam_asect.f90
rm -f module_data_cam_mam_asect.G module_data_cam_mam_asect.H module_data_cam_mam_asect.bb
time mpif90 -f90=ifort -o module_data_cam_mam_asect.o -c -O3 -ip -fp-model precise -w -ftz -align all -fno-alias -FR -convert big_endian    -I../dyn_em -I../dyn_nmm   -I/glade/work/nystrom/Code/WRFDA/WRFV3_3.9.1_preset_moves_sfc_coeff_param_estim/external/esmf_time_f90  -I/glade/work/nystrom/Code/WRFDA/WRFV3_3.9.1_preset_moves_sfc_coeff_param_estim/main -I/glade/work/nystrom/Code/WRFDA/WRFV3_3.9.1_preset_moves_sfc_coeff_param_estim/external/io_netcdf -I/glade/work/nystrom/Code/WRFDA/WRFV3_3.9.1_preset_moves_sfc_coeff_param_estim/external/io_int -I/glade/work/nystrom/Code/WRFDA/WRFV3_3.9.1_preset_moves_sfc_coeff_param_estim/frame -I/glade/work/nystrom/Code/WRFDA/WRFV3_3.9.1_preset_moves_sfc_coeff_param_estim/share -I/glade/work/nystrom/Code/WRFDA/WRFV3_3.9.1_preset_moves_sfc_coeff_param_estim/phys -I/glade/work/nystrom/Code/WRFDA/WRFV3_3.9.1_preset_moves_sfc_coeff_param_estim/chem -I/glade/work/nystrom/Code/WRFDA/WRFV3_3.9.1_preset_moves_sfc_coeff_param_estim/inc -I/glade/u/apps/ch/opt/netcdf/4.7.3/intel/19.0.5//include  -real-size `expr 8 \* 4` -i4  module_data_cam_mam_asect.f90

real	0m0.265s
user	0m0.066s
sys	0m0.084s
rm -f module_bl_gfs.o
sed -e "s/grid%mu/gridmu/g" -e "s/grid%Mu/gridMu/g" -e "s/^\!.*'.*//" -e "s/^ *\!.*'.*//" module_bl_gfs.F > module_bl_gfs.G
/lib/cpp -P -nostdinc -I/glade/work/nystrom/Code/WRFDA/WRFV3_3.9.1_preset_moves_sfc_coeff_param_estim/inc -DEM_CORE=1 -DNMM_CORE=0 -DNMM_MAX_DIM=2600 -DCOAMPS_CORE=0 -DDA_CORE=0 -DEXP_CORE=0 -DIWORDSIZE=4 -DDWORDSIZE=8 -DRWORDSIZE=4 -DLWORDSIZE=4 -DNONSTANDARD_SYSTEM_FUNC  -DWRF_USE_CLM  -DDM_PARALLEL -DNETCDF -DMOVE_NESTS -DUSE_ALLOCATABLES -DGRIB1 -DINTIO -DKEEP_INT_AROUND -DLIMIT_ARGS -DCONFIG_BUF_LEN=65536 -DMAX_DOMAINS_F=21 -DMAX_HISTORY=25 -DNMM_NEST=0  -I. -traditional-cpp   module_bl_gfs.G  > module_bl_gfs.H
sed -e "s/gridmu/grid%mu/g" -e "s/gridMu/grid%Mu/g" module_bl_gfs.H > module_bl_gfs.bb
/glade/work/nystrom/Code/WRFDA/WRFV3_3.9.1_preset_moves_sfc_coeff_param_estim/tools/standard.exe module_bl_gfs.bb | /lib/cpp -P -nostdinc -traditional-cpp > module_bl_gfs.f90
rm -f module_bl_gfs.G module_bl_gfs.H module_bl_gfs.bb
time mpif90 -f90=ifort -o module_bl_gfs.o -c -O3 -ip -fp-model precise -w -ftz -align all -fno-alias -FR -convert big_endian    -I../dyn_em -I../dyn_nmm   -I/glade/work/nystrom/Code/WRFDA/WRFV3_3.9.1_preset_moves_sfc_coeff_param_estim/external/esmf_time_f90  -I/glade/work/nystrom/Code/WRFDA/WRFV3_3.9.1_preset_moves_sfc_coeff_param_estim/main -I/glade/work/nystrom/Code/WRFDA/WRFV3_3.9.1_preset_moves_sfc_coeff_param_estim/external/io_netcdf -I/glade/work/nystrom/Code/WRFDA/WRFV3_3.9.1_preset_moves_sfc_coeff_param_estim/external/io_int -I/glade/work/nystrom/Code/WRFDA/WRFV3_3.9.1_preset_moves_sfc_coeff_param_estim/frame -I/glade/work/nystrom/Code/WRFDA/WRFV3_3.9.1_preset_moves_sfc_coeff_param_estim/share -I/glade/work/nystrom/Code/WRFDA/WRFV3_3.9.1_preset_moves_sfc_coeff_param_estim/phys -I/glade/work/nystrom/Code/WRFDA/WRFV3_3.9.1_preset_moves_sfc_coeff_param_estim/chem -I/glade/work/nystrom/Code/WRFDA/WRFV3_3.9.1_preset_moves_sfc_coeff_param_estim/inc -I/glade/u/apps/ch/opt/netcdf/4.7.3/intel/19.0.5//include  -real-size `expr 8 \* 4` -i4  module_bl_gfs.f90

real	0m4.289s
user	0m3.999s
sys	0m0.170s
rm -f module_bl_gfsedmf.o
sed -e "s/grid%mu/gridmu/g" -e "s/grid%Mu/gridMu/g" -e "s/^\!.*'.*//" -e "s/^ *\!.*'.*//" module_bl_gfsedmf.F > module_bl_gfsedmf.G
/lib/cpp -P -nostdinc -I/glade/work/nystrom/Code/WRFDA/WRFV3_3.9.1_preset_moves_sfc_coeff_param_estim/inc -DEM_CORE=1 -DNMM_CORE=0 -DNMM_MAX_DIM=2600 -DCOAMPS_CORE=0 -DDA_CORE=0 -DEXP_CORE=0 -DIWORDSIZE=4 -DDWORDSIZE=8 -DRWORDSIZE=4 -DLWORDSIZE=4 -DNONSTANDARD_SYSTEM_FUNC  -DWRF_USE_CLM  -DDM_PARALLEL -DNETCDF -DMOVE_NESTS -DUSE_ALLOCATABLES -DGRIB1 -DINTIO -DKEEP_INT_AROUND -DLIMIT_ARGS -DCONFIG_BUF_LEN=65536 -DMAX_DOMAINS_F=21 -DMAX_HISTORY=25 -DNMM_NEST=0  -I. -traditional-cpp   module_bl_gfsedmf.G  > module_bl_gfsedmf.H
sed -e "s/gridmu/grid%mu/g" -e "s/gridMu/grid%Mu/g" module_bl_gfsedmf.H > module_bl_gfsedmf.bb
/glade/work/nystrom/Code/WRFDA/WRFV3_3.9.1_preset_moves_sfc_coeff_param_estim/tools/standard.exe module_bl_gfsedmf.bb | /lib/cpp -P -nostdinc -traditional-cpp > module_bl_gfsedmf.f90
rm -f module_bl_gfsedmf.G module_bl_gfsedmf.H module_bl_gfsedmf.bb
time mpif90 -f90=ifort -o module_bl_gfsedmf.o -c -O3 -ip -fp-model precise -w -ftz -align all -fno-alias -FR -convert big_endian    -I../dyn_em -I../dyn_nmm   -I/glade/work/nystrom/Code/WRFDA/WRFV3_3.9.1_preset_moves_sfc_coeff_param_estim/external/esmf_time_f90  -I/glade/work/nystrom/Code/WRFDA/WRFV3_3.9.1_preset_moves_sfc_coeff_param_estim/main -I/glade/work/nystrom/Code/WRFDA/WRFV3_3.9.1_preset_moves_sfc_coeff_param_estim/external/io_netcdf -I/glade/work/nystrom/Code/WRFDA/WRFV3_3.9.1_preset_moves_sfc_coeff_param_estim/external/io_int -I/glade/work/nystrom/Code/WRFDA/WRFV3_3.9.1_preset_moves_sfc_coeff_param_estim/frame -I/glade/work/nystrom/Code/WRFDA/WRFV3_3.9.1_preset_moves_sfc_coeff_param_estim/share -I/glade/work/nystrom/Code/WRFDA/WRFV3_3.9.1_preset_moves_sfc_coeff_param_estim/phys -I/glade/work/nystrom/Code/WRFDA/WRFV3_3.9.1_preset_moves_sfc_coeff_param_estim/chem -I/glade/work/nystrom/Code/WRFDA/WRFV3_3.9.1_preset_moves_sfc_coeff_param_estim/inc -I/glade/u/apps/ch/opt/netcdf/4.7.3/intel/19.0.5//include  -real-size `expr 8 \* 4` -i4  module_bl_gfsedmf.f90

real	0m0.250s
user	0m0.073s
sys	0m0.063s
rm -f module_cu_tiedtke.o
sed -e "s/grid%mu/gridmu/g" -e "s/grid%Mu/gridMu/g" -e "s/^\!.*'.*//" -e "s/^ *\!.*'.*//" module_cu_tiedtke.F > module_cu_tiedtke.G
/lib/cpp -P -nostdinc -I/glade/work/nystrom/Code/WRFDA/WRFV3_3.9.1_preset_moves_sfc_coeff_param_estim/inc -DEM_CORE=1 -DNMM_CORE=0 -DNMM_MAX_DIM=2600 -DCOAMPS_CORE=0 -DDA_CORE=0 -DEXP_CORE=0 -DIWORDSIZE=4 -DDWORDSIZE=8 -DRWORDSIZE=4 -DLWORDSIZE=4 -DNONSTANDARD_SYSTEM_FUNC  -DWRF_USE_CLM  -DDM_PARALLEL -DNETCDF -DMOVE_NESTS -DUSE_ALLOCATABLES -DGRIB1 -DINTIO -DKEEP_INT_AROUND -DLIMIT_ARGS -DCONFIG_BUF_LEN=65536 -DMAX_DOMAINS_F=21 -DMAX_HISTORY=25 -DNMM_NEST=0  -I. -traditional-cpp   module_cu_tiedtke.G  > module_cu_tiedtke.H
sed -e "s/gridmu/grid%mu/g" -e "s/gridMu/grid%Mu/g" module_cu_tiedtke.H > module_cu_tiedtke.bb
/glade/work/nystrom/Code/WRFDA/WRFV3_3.9.1_preset_moves_sfc_coeff_param_estim/tools/standard.exe module_cu_tiedtke.bb | /lib/cpp -P -nostdinc -traditional-cpp > module_cu_tiedtke.f90
rm -f module_cu_tiedtke.G module_cu_tiedtke.H module_cu_tiedtke.bb
time mpif90 -f90=ifort -o module_cu_tiedtke.o -c -O3 -ip -fp-model precise -w -ftz -align all -fno-alias -FR -convert big_endian    -I../dyn_em -I../dyn_nmm   -I/glade/work/nystrom/Code/WRFDA/WRFV3_3.9.1_preset_moves_sfc_coeff_param_estim/external/esmf_time_f90  -I/glade/work/nystrom/Code/WRFDA/WRFV3_3.9.1_preset_moves_sfc_coeff_param_estim/main -I/glade/work/nystrom/Code/WRFDA/WRFV3_3.9.1_preset_moves_sfc_coeff_param_estim/external/io_netcdf -I/glade/work/nystrom/Code/WRFDA/WRFV3_3.9.1_preset_moves_sfc_coeff_param_estim/external/io_int -I/glade/work/nystrom/Code/WRFDA/WRFV3_3.9.1_preset_moves_sfc_coeff_param_estim/frame -I/glade/work/nystrom/Code/WRFDA/WRFV3_3.9.1_preset_moves_sfc_coeff_param_estim/share -I/glade/work/nystrom/Code/WRFDA/WRFV3_3.9.1_preset_moves_sfc_coeff_param_estim/phys -I/glade/work/nystrom/Code/WRFDA/WRFV3_3.9.1_preset_moves_sfc_coeff_param_estim/chem -I/glade/work/nystrom/Code/WRFDA/WRFV3_3.9.1_preset_moves_sfc_coeff_param_estim/inc -I/glade/u/apps/ch/opt/netcdf/4.7.3/intel/19.0.5//include  -real-size `expr 8 \* 4` -i4  module_cu_tiedtke.f90

real	0m4.984s
user	0m4.698s
sys	0m0.143s
rm -f module_cu_gf_wrfdrv.o
sed -e "s/grid%mu/gridmu/g" -e "s/grid%Mu/gridMu/g" -e "s/^\!.*'.*//" -e "s/^ *\!.*'.*//" module_cu_gf_wrfdrv.F > module_cu_gf_wrfdrv.G
/lib/cpp -P -nostdinc -I/glade/work/nystrom/Code/WRFDA/WRFV3_3.9.1_preset_moves_sfc_coeff_param_estim/inc -DEM_CORE=1 -DNMM_CORE=0 -DNMM_MAX_DIM=2600 -DCOAMPS_CORE=0 -DDA_CORE=0 -DEXP_CORE=0 -DIWORDSIZE=4 -DDWORDSIZE=8 -DRWORDSIZE=4 -DLWORDSIZE=4 -DNONSTANDARD_SYSTEM_FUNC  -DWRF_USE_CLM  -DDM_PARALLEL -DNETCDF -DMOVE_NESTS -DUSE_ALLOCATABLES -DGRIB1 -DINTIO -DKEEP_INT_AROUND -DLIMIT_ARGS -DCONFIG_BUF_LEN=65536 -DMAX_DOMAINS_F=21 -DMAX_HISTORY=25 -DNMM_NEST=0  -I. -traditional-cpp   module_cu_gf_wrfdrv.G  > module_cu_gf_wrfdrv.H
sed -e "s/gridmu/grid%mu/g" -e "s/gridMu/grid%Mu/g" module_cu_gf_wrfdrv.H > module_cu_gf_wrfdrv.bb
/glade/work/nystrom/Code/WRFDA/WRFV3_3.9.1_preset_moves_sfc_coeff_param_estim/tools/standard.exe module_cu_gf_wrfdrv.bb | /lib/cpp -P -nostdinc -traditional-cpp > module_cu_gf_wrfdrv.f90
rm -f module_cu_gf_wrfdrv.G module_cu_gf_wrfdrv.H module_cu_gf_wrfdrv.bb
time mpif90 -f90=ifort -o module_cu_gf_wrfdrv.o -c -O3 -ip -fp-model precise -w -ftz -align all -fno-alias -FR -convert big_endian    -I../dyn_em -I../dyn_nmm   -I/glade/work/nystrom/Code/WRFDA/WRFV3_3.9.1_preset_moves_sfc_coeff_param_estim/external/esmf_time_f90  -I/glade/work/nystrom/Code/WRFDA/WRFV3_3.9.1_preset_moves_sfc_coeff_param_estim/main -I/glade/work/nystrom/Code/WRFDA/WRFV3_3.9.1_preset_moves_sfc_coeff_param_estim/external/io_netcdf -I/glade/work/nystrom/Code/WRFDA/WRFV3_3.9.1_preset_moves_sfc_coeff_param_estim/external/io_int -I/glade/work/nystrom/Code/WRFDA/WRFV3_3.9.1_preset_moves_sfc_coeff_param_estim/frame -I/glade/work/nystrom/Code/WRFDA/WRFV3_3.9.1_preset_moves_sfc_coeff_param_estim/share -I/glade/work/nystrom/Code/WRFDA/WRFV3_3.9.1_preset_moves_sfc_coeff_param_estim/phys -I/glade/work/nystrom/Code/WRFDA/WRFV3_3.9.1_preset_moves_sfc_coeff_param_estim/chem -I/glade/work/nystrom/Code/WRFDA/WRFV3_3.9.1_preset_moves_sfc_coeff_param_estim/inc -I/glade/u/apps/ch/opt/netcdf/4.7.3/intel/19.0.5//include  -real-size `expr 8 \* 4` -i4  module_cu_gf_wrfdrv.f90

real	0m3.243s
user	0m2.847s
sys	0m0.251s
rm -f module_ra_rrtmg_sw.o
sed -e "s/grid%mu/gridmu/g" -e "s/grid%Mu/gridMu/g" -e "s/^\!.*'.*//" -e "s/^ *\!.*'.*//" module_ra_rrtmg_sw.F > module_ra_rrtmg_sw.G
/lib/cpp -P -nostdinc -I/glade/work/nystrom/Code/WRFDA/WRFV3_3.9.1_preset_moves_sfc_coeff_param_estim/inc -DEM_CORE=1 -DNMM_CORE=0 -DNMM_MAX_DIM=2600 -DCOAMPS_CORE=0 -DDA_CORE=0 -DEXP_CORE=0 -DIWORDSIZE=4 -DDWORDSIZE=8 -DRWORDSIZE=4 -DLWORDSIZE=4 -DNONSTANDARD_SYSTEM_FUNC  -DWRF_USE_CLM  -DDM_PARALLEL -DNETCDF -DMOVE_NESTS -DUSE_ALLOCATABLES -DGRIB1 -DINTIO -DKEEP_INT_AROUND -DLIMIT_ARGS -DCONFIG_BUF_LEN=65536 -DMAX_DOMAINS_F=21 -DMAX_HISTORY=25 -DNMM_NEST=0  -I. -traditional-cpp   module_ra_rrtmg_sw.G  > module_ra_rrtmg_sw.H
sed -e "s/gridmu/grid%mu/g" -e "s/gridMu/grid%Mu/g" module_ra_rrtmg_sw.H > module_ra_rrtmg_sw.bb
/glade/work/nystrom/Code/WRFDA/WRFV3_3.9.1_preset_moves_sfc_coeff_param_estim/tools/standard.exe module_ra_rrtmg_sw.bb | /lib/cpp -P -nostdinc -traditional-cpp > module_ra_rrtmg_sw.f90
rm -f module_ra_rrtmg_sw.G module_ra_rrtmg_sw.H module_ra_rrtmg_sw.bb
time mpif90 -f90=ifort -o module_ra_rrtmg_sw.o -c -O3 -ip -fp-model precise -w -ftz -align all -fno-alias -FR -convert big_endian    -I../dyn_em -I../dyn_nmm   -I/glade/work/nystrom/Code/WRFDA/WRFV3_3.9.1_preset_moves_sfc_coeff_param_estim/external/esmf_time_f90  -I/glade/work/nystrom/Code/WRFDA/WRFV3_3.9.1_preset_moves_sfc_coeff_param_estim/main -I/glade/work/nystrom/Code/WRFDA/WRFV3_3.9.1_preset_moves_sfc_coeff_param_estim/external/io_netcdf -I/glade/work/nystrom/Code/WRFDA/WRFV3_3.9.1_preset_moves_sfc_coeff_param_estim/external/io_int -I/glade/work/nystrom/Code/WRFDA/WRFV3_3.9.1_preset_moves_sfc_coeff_param_estim/frame -I/glade/work/nystrom/Code/WRFDA/WRFV3_3.9.1_preset_moves_sfc_coeff_param_estim/share -I/glade/work/nystrom/Code/WRFDA/WRFV3_3.9.1_preset_moves_sfc_coeff_param_estim/phys -I/glade/work/nystrom/Code/WRFDA/WRFV3_3.9.1_preset_moves_sfc_coeff_param_estim/chem -I/glade/work/nystrom/Code/WRFDA/WRFV3_3.9.1_preset_moves_sfc_coeff_param_estim/inc -I/glade/u/apps/ch/opt/netcdf/4.7.3/intel/19.0.5//include  -real-size `expr 8 \* 4` -i4  module_ra_rrtmg_sw.f90

real	0m57.811s
user	0m56.773s
sys	0m0.834s
rm -f module_ra_rrtmg_swf.o
sed -e "s/grid%mu/gridmu/g" -e "s/grid%Mu/gridMu/g" -e "s/^\!.*'.*//" -e "s/^ *\!.*'.*//" module_ra_rrtmg_swf.F > module_ra_rrtmg_swf.G
/lib/cpp -P -nostdinc -I/glade/work/nystrom/Code/WRFDA/WRFV3_3.9.1_preset_moves_sfc_coeff_param_estim/inc -DEM_CORE=1 -DNMM_CORE=0 -DNMM_MAX_DIM=2600 -DCOAMPS_CORE=0 -DDA_CORE=0 -DEXP_CORE=0 -DIWORDSIZE=4 -DDWORDSIZE=8 -DRWORDSIZE=4 -DLWORDSIZE=4 -DNONSTANDARD_SYSTEM_FUNC  -DWRF_USE_CLM  -DDM_PARALLEL -DNETCDF -DMOVE_NESTS -DUSE_ALLOCATABLES -DGRIB1 -DINTIO -DKEEP_INT_AROUND -DLIMIT_ARGS -DCONFIG_BUF_LEN=65536 -DMAX_DOMAINS_F=21 -DMAX_HISTORY=25 -DNMM_NEST=0  -I. -traditional-cpp   module_ra_rrtmg_swf.G  > module_ra_rrtmg_swf.H
sed -e "s/gridmu/grid%mu/g" -e "s/gridMu/grid%Mu/g" module_ra_rrtmg_swf.H > module_ra_rrtmg_swf.bb
/glade/work/nystrom/Code/WRFDA/WRFV3_3.9.1_preset_moves_sfc_coeff_param_estim/tools/standard.exe module_ra_rrtmg_swf.bb | /lib/cpp -P -nostdinc -traditional-cpp > module_ra_rrtmg_swf.f90
rm -f module_ra_rrtmg_swf.G module_ra_rrtmg_swf.H module_ra_rrtmg_swf.bb
time mpif90 -f90=ifort -o module_ra_rrtmg_swf.o -c -O3 -ip -fp-model precise -w -ftz -align all -fno-alias -FR -convert big_endian    -I../dyn_em -I../dyn_nmm   -I/glade/work/nystrom/Code/WRFDA/WRFV3_3.9.1_preset_moves_sfc_coeff_param_estim/external/esmf_time_f90  -I/glade/work/nystrom/Code/WRFDA/WRFV3_3.9.1_preset_moves_sfc_coeff_param_estim/main -I/glade/work/nystrom/Code/WRFDA/WRFV3_3.9.1_preset_moves_sfc_coeff_param_estim/external/io_netcdf -I/glade/work/nystrom/Code/WRFDA/WRFV3_3.9.1_preset_moves_sfc_coeff_param_estim/external/io_int -I/glade/work/nystrom/Code/WRFDA/WRFV3_3.9.1_preset_moves_sfc_coeff_param_estim/frame -I/glade/work/nystrom/Code/WRFDA/WRFV3_3.9.1_preset_moves_sfc_coeff_param_estim/share -I/glade/work/nystrom/Code/WRFDA/WRFV3_3.9.1_preset_moves_sfc_coeff_param_estim/phys -I/glade/work/nystrom/Code/WRFDA/WRFV3_3.9.1_preset_moves_sfc_coeff_param_estim/chem -I/glade/work/nystrom/Code/WRFDA/WRFV3_3.9.1_preset_moves_sfc_coeff_param_estim/inc -I/glade/u/apps/ch/opt/netcdf/4.7.3/intel/19.0.5//include  -real-size `expr 8 \* 4` -i4  module_ra_rrtmg_swf.f90

real	0m41.721s
user	0m41.046s
sys	0m0.454s
rm -f module_ra_cam.o
sed -e "s/grid%mu/gridmu/g" -e "s/grid%Mu/gridMu/g" -e "s/^\!.*'.*//" -e "s/^ *\!.*'.*//" module_ra_cam.F > module_ra_cam.G
/lib/cpp -P -nostdinc -I/glade/work/nystrom/Code/WRFDA/WRFV3_3.9.1_preset_moves_sfc_coeff_param_estim/inc -DEM_CORE=1 -DNMM_CORE=0 -DNMM_MAX_DIM=2600 -DCOAMPS_CORE=0 -DDA_CORE=0 -DEXP_CORE=0 -DIWORDSIZE=4 -DDWORDSIZE=8 -DRWORDSIZE=4 -DLWORDSIZE=4 -DNONSTANDARD_SYSTEM_FUNC  -DWRF_USE_CLM  -DDM_PARALLEL -DNETCDF -DMOVE_NESTS -DUSE_ALLOCATABLES -DGRIB1 -DINTIO -DKEEP_INT_AROUND -DLIMIT_ARGS -DCONFIG_BUF_LEN=65536 -DMAX_DOMAINS_F=21 -DMAX_HISTORY=25 -DNMM_NEST=0  -I. -traditional-cpp   module_ra_cam.G  > module_ra_cam.H
sed -e "s/gridmu/grid%mu/g" -e "s/gridMu/grid%Mu/g" module_ra_cam.H > module_ra_cam.bb
/glade/work/nystrom/Code/WRFDA/WRFV3_3.9.1_preset_moves_sfc_coeff_param_estim/tools/standard.exe module_ra_cam.bb | /lib/cpp -P -nostdinc -traditional-cpp > module_ra_cam.f90
rm -f module_ra_cam.G module_ra_cam.H module_ra_cam.bb
time mpif90 -f90=ifort -o module_ra_cam.o -c -O3 -ip -fp-model precise -w -ftz -align all -fno-alias -FR -convert big_endian    -I../dyn_em -I../dyn_nmm   -I/glade/work/nystrom/Code/WRFDA/WRFV3_3.9.1_preset_moves_sfc_coeff_param_estim/external/esmf_time_f90  -I/glade/work/nystrom/Code/WRFDA/WRFV3_3.9.1_preset_moves_sfc_coeff_param_estim/main -I/glade/work/nystrom/Code/WRFDA/WRFV3_3.9.1_preset_moves_sfc_coeff_param_estim/external/io_netcdf -I/glade/work/nystrom/Code/WRFDA/WRFV3_3.9.1_preset_moves_sfc_coeff_param_estim/external/io_int -I/glade/work/nystrom/Code/WRFDA/WRFV3_3.9.1_preset_moves_sfc_coeff_param_estim/frame -I/glade/work/nystrom/Code/WRFDA/WRFV3_3.9.1_preset_moves_sfc_coeff_param_estim/share -I/glade/work/nystrom/Code/WRFDA/WRFV3_3.9.1_preset_moves_sfc_coeff_param_estim/phys -I/glade/work/nystrom/Code/WRFDA/WRFV3_3.9.1_preset_moves_sfc_coeff_param_estim/chem -I/glade/work/nystrom/Code/WRFDA/WRFV3_3.9.1_preset_moves_sfc_coeff_param_estim/inc -I/glade/u/apps/ch/opt/netcdf/4.7.3/intel/19.0.5//include  -real-size `expr 8 \* 4` -i4  module_ra_cam.f90

real	0m15.134s
user	0m14.679s
sys	0m0.237s
rm -f module_sf_noahlsm_glacial_only.o
sed -e "s/grid%mu/gridmu/g" -e "s/grid%Mu/gridMu/g" -e "s/^\!.*'.*//" -e "s/^ *\!.*'.*//" module_sf_noahlsm_glacial_only.F > module_sf_noahlsm_glacial_only.G
/lib/cpp -P -nostdinc -I/glade/work/nystrom/Code/WRFDA/WRFV3_3.9.1_preset_moves_sfc_coeff_param_estim/inc -DEM_CORE=1 -DNMM_CORE=0 -DNMM_MAX_DIM=2600 -DCOAMPS_CORE=0 -DDA_CORE=0 -DEXP_CORE=0 -DIWORDSIZE=4 -DDWORDSIZE=8 -DRWORDSIZE=4 -DLWORDSIZE=4 -DNONSTANDARD_SYSTEM_FUNC  -DWRF_USE_CLM  -DDM_PARALLEL -DNETCDF -DMOVE_NESTS -DUSE_ALLOCATABLES -DGRIB1 -DINTIO -DKEEP_INT_AROUND -DLIMIT_ARGS -DCONFIG_BUF_LEN=65536 -DMAX_DOMAINS_F=21 -DMAX_HISTORY=25 -DNMM_NEST=0  -I. -traditional-cpp   module_sf_noahlsm_glacial_only.G  > module_sf_noahlsm_glacial_only.H
sed -e "s/gridmu/grid%mu/g" -e "s/gridMu/grid%Mu/g" module_sf_noahlsm_glacial_only.H > module_sf_noahlsm_glacial_only.bb
/glade/work/nystrom/Code/WRFDA/WRFV3_3.9.1_preset_moves_sfc_coeff_param_estim/tools/standard.exe module_sf_noahlsm_glacial_only.bb | /lib/cpp -P -nostdinc -traditional-cpp > module_sf_noahlsm_glacial_only.f90
rm -f module_sf_noahlsm_glacial_only.G module_sf_noahlsm_glacial_only.H module_sf_noahlsm_glacial_only.bb
time mpif90 -f90=ifort -o module_sf_noahlsm_glacial_only.o -c -O3 -ip -fp-model precise -w -ftz -align all -fno-alias -FR -convert big_endian    -I../dyn_em -I../dyn_nmm   -I/glade/work/nystrom/Code/WRFDA/WRFV3_3.9.1_preset_moves_sfc_coeff_param_estim/external/esmf_time_f90  -I/glade/work/nystrom/Code/WRFDA/WRFV3_3.9.1_preset_moves_sfc_coeff_param_estim/main -I/glade/work/nystrom/Code/WRFDA/WRFV3_3.9.1_preset_moves_sfc_coeff_param_estim/external/io_netcdf -I/glade/work/nystrom/Code/WRFDA/WRFV3_3.9.1_preset_moves_sfc_coeff_param_estim/external/io_int -I/glade/work/nystrom/Code/WRFDA/WRFV3_3.9.1_preset_moves_sfc_coeff_param_estim/frame -I/glade/work/nystrom/Code/WRFDA/WRFV3_3.9.1_preset_moves_sfc_coeff_param_estim/share -I/glade/work/nystrom/Code/WRFDA/WRFV3_3.9.1_preset_moves_sfc_coeff_param_estim/phys -I/glade/work/nystrom/Code/WRFDA/WRFV3_3.9.1_preset_moves_sfc_coeff_param_estim/chem -I/glade/work/nystrom/Code/WRFDA/WRFV3_3.9.1_preset_moves_sfc_coeff_param_estim/inc -I/glade/u/apps/ch/opt/netcdf/4.7.3/intel/19.0.5//include  -real-size `expr 8 \* 4` -i4  module_sf_noahlsm_glacial_only.f90

real	0m0.655s
user	0m0.423s
sys	0m0.093s
rm -f module_sf_noahmpdrv.o
sed -e "s/grid%mu/gridmu/g" -e "s/grid%Mu/gridMu/g" -e "s/^\!.*'.*//" -e "s/^ *\!.*'.*//" module_sf_noahmpdrv.F > module_sf_noahmpdrv.G
/lib/cpp -P -nostdinc -I/glade/work/nystrom/Code/WRFDA/WRFV3_3.9.1_preset_moves_sfc_coeff_param_estim/inc -DEM_CORE=1 -DNMM_CORE=0 -DNMM_MAX_DIM=2600 -DCOAMPS_CORE=0 -DDA_CORE=0 -DEXP_CORE=0 -DIWORDSIZE=4 -DDWORDSIZE=8 -DRWORDSIZE=4 -DLWORDSIZE=4 -DNONSTANDARD_SYSTEM_FUNC  -DWRF_USE_CLM  -DDM_PARALLEL -DNETCDF -DMOVE_NESTS -DUSE_ALLOCATABLES -DGRIB1 -DINTIO -DKEEP_INT_AROUND -DLIMIT_ARGS -DCONFIG_BUF_LEN=65536 -DMAX_DOMAINS_F=21 -DMAX_HISTORY=25 -DNMM_NEST=0  -I. -traditional-cpp   module_sf_noahmpdrv.G  > module_sf_noahmpdrv.H
sed -e "s/gridmu/grid%mu/g" -e "s/gridMu/grid%Mu/g" module_sf_noahmpdrv.H > module_sf_noahmpdrv.bb
/glade/work/nystrom/Code/WRFDA/WRFV3_3.9.1_preset_moves_sfc_coeff_param_estim/tools/standard.exe module_sf_noahmpdrv.bb | /lib/cpp -P -nostdinc -traditional-cpp > module_sf_noahmpdrv.f90
rm -f module_sf_noahmpdrv.G module_sf_noahmpdrv.H module_sf_noahmpdrv.bb
time mpif90 -f90=ifort -o module_sf_noahmpdrv.o -c -O3 -ip -fp-model precise -w -ftz -align all -fno-alias -FR -convert big_endian    -I../dyn_em -I../dyn_nmm   -I/glade/work/nystrom/Code/WRFDA/WRFV3_3.9.1_preset_moves_sfc_coeff_param_estim/external/esmf_time_f90  -I/glade/work/nystrom/Code/WRFDA/WRFV3_3.9.1_preset_moves_sfc_coeff_param_estim/main -I/glade/work/nystrom/Code/WRFDA/WRFV3_3.9.1_preset_moves_sfc_coeff_param_estim/external/io_netcdf -I/glade/work/nystrom/Code/WRFDA/WRFV3_3.9.1_preset_moves_sfc_coeff_param_estim/external/io_int -I/glade/work/nystrom/Code/WRFDA/WRFV3_3.9.1_preset_moves_sfc_coeff_param_estim/frame -I/glade/work/nystrom/Code/WRFDA/WRFV3_3.9.1_preset_moves_sfc_coeff_param_estim/share -I/glade/work/nystrom/Code/WRFDA/WRFV3_3.9.1_preset_moves_sfc_coeff_param_estim/phys -I/glade/work/nystrom/Code/WRFDA/WRFV3_3.9.1_preset_moves_sfc_coeff_param_estim/chem -I/glade/work/nystrom/Code/WRFDA/WRFV3_3.9.1_preset_moves_sfc_coeff_param_estim/inc -I/glade/u/apps/ch/opt/netcdf/4.7.3/intel/19.0.5//include  -real-size `expr 8 \* 4` -i4  module_sf_noahmpdrv.f90

real	0m3.995s
user	0m3.506s
sys	0m0.145s
rm -f module_diagnostics_driver.o
sed -e "s/grid%mu/gridmu/g" -e "s/grid%Mu/gridMu/g" -e "s/^\!.*'.*//" -e "s/^ *\!.*'.*//" module_diagnostics_driver.F > module_diagnostics_driver.G
/lib/cpp -P -nostdinc -I/glade/work/nystrom/Code/WRFDA/WRFV3_3.9.1_preset_moves_sfc_coeff_param_estim/inc -DEM_CORE=1 -DNMM_CORE=0 -DNMM_MAX_DIM=2600 -DCOAMPS_CORE=0 -DDA_CORE=0 -DEXP_CORE=0 -DIWORDSIZE=4 -DDWORDSIZE=8 -DRWORDSIZE=4 -DLWORDSIZE=4 -DNONSTANDARD_SYSTEM_FUNC  -DWRF_USE_CLM  -DDM_PARALLEL -DNETCDF -DMOVE_NESTS -DUSE_ALLOCATABLES -DGRIB1 -DINTIO -DKEEP_INT_AROUND -DLIMIT_ARGS -DCONFIG_BUF_LEN=65536 -DMAX_DOMAINS_F=21 -DMAX_HISTORY=25 -DNMM_NEST=0  -I. -traditional-cpp   module_diagnostics_driver.G  > module_diagnostics_driver.H
sed -e "s/gridmu/grid%mu/g" -e "s/gridMu/grid%Mu/g" module_diagnostics_driver.H > module_diagnostics_driver.bb
/glade/work/nystrom/Code/WRFDA/WRFV3_3.9.1_preset_moves_sfc_coeff_param_estim/tools/standard.exe module_diagnostics_driver.bb | /lib/cpp -P -nostdinc -traditional-cpp > module_diagnostics_driver.f90
rm -f module_diagnostics_driver.G module_diagnostics_driver.H module_diagnostics_driver.bb
time mpif90 -f90=ifort -o module_diagnostics_driver.o -c -O3 -ip -fp-model precise -w -ftz -align all -fno-alias -FR -convert big_endian    -I../dyn_em -I../dyn_nmm   -I/glade/work/nystrom/Code/WRFDA/WRFV3_3.9.1_preset_moves_sfc_coeff_param_estim/external/esmf_time_f90  -I/glade/work/nystrom/Code/WRFDA/WRFV3_3.9.1_preset_moves_sfc_coeff_param_estim/main -I/glade/work/nystrom/Code/WRFDA/WRFV3_3.9.1_preset_moves_sfc_coeff_param_estim/external/io_netcdf -I/glade/work/nystrom/Code/WRFDA/WRFV3_3.9.1_preset_moves_sfc_coeff_param_estim/external/io_int -I/glade/work/nystrom/Code/WRFDA/WRFV3_3.9.1_preset_moves_sfc_coeff_param_estim/frame -I/glade/work/nystrom/Code/WRFDA/WRFV3_3.9.1_preset_moves_sfc_coeff_param_estim/share -I/glade/work/nystrom/Code/WRFDA/WRFV3_3.9.1_preset_moves_sfc_coeff_param_estim/phys -I/glade/work/nystrom/Code/WRFDA/WRFV3_3.9.1_preset_moves_sfc_coeff_param_estim/chem -I/glade/work/nystrom/Code/WRFDA/WRFV3_3.9.1_preset_moves_sfc_coeff_param_estim/inc -I/glade/u/apps/ch/opt/netcdf/4.7.3/intel/19.0.5//include  -real-size `expr 8 \* 4` -i4  module_diagnostics_driver.f90

real	0m8.413s
user	0m7.613s
sys	0m0.236s
rm -f module_fr_fire_core.o
sed -e "s/grid%mu/gridmu/g" -e "s/grid%Mu/gridMu/g" -e "s/^\!.*'.*//" -e "s/^ *\!.*'.*//" module_fr_fire_core.F > module_fr_fire_core.G
/lib/cpp -P -nostdinc -I/glade/work/nystrom/Code/WRFDA/WRFV3_3.9.1_preset_moves_sfc_coeff_param_estim/inc -DEM_CORE=1 -DNMM_CORE=0 -DNMM_MAX_DIM=2600 -DCOAMPS_CORE=0 -DDA_CORE=0 -DEXP_CORE=0 -DIWORDSIZE=4 -DDWORDSIZE=8 -DRWORDSIZE=4 -DLWORDSIZE=4 -DNONSTANDARD_SYSTEM_FUNC  -DWRF_USE_CLM  -DDM_PARALLEL -DNETCDF -DMOVE_NESTS -DUSE_ALLOCATABLES -DGRIB1 -DINTIO -DKEEP_INT_AROUND -DLIMIT_ARGS -DCONFIG_BUF_LEN=65536 -DMAX_DOMAINS_F=21 -DMAX_HISTORY=25 -DNMM_NEST=0  -I. -traditional-cpp   module_fr_fire_core.G  > module_fr_fire_core.H
sed -e "s/gridmu/grid%mu/g" -e "s/gridMu/grid%Mu/g" module_fr_fire_core.H > module_fr_fire_core.bb
/glade/work/nystrom/Code/WRFDA/WRFV3_3.9.1_preset_moves_sfc_coeff_param_estim/tools/standard.exe module_fr_fire_core.bb | /lib/cpp -P -nostdinc -traditional-cpp > module_fr_fire_core.f90
rm -f module_fr_fire_core.G module_fr_fire_core.H module_fr_fire_core.bb
time mpif90 -f90=ifort -o module_fr_fire_core.o -c -O3 -ip -fp-model precise -w -ftz -align all -fno-alias -FR -convert big_endian    -I../dyn_em -I../dyn_nmm   -I/glade/work/nystrom/Code/WRFDA/WRFV3_3.9.1_preset_moves_sfc_coeff_param_estim/external/esmf_time_f90  -I/glade/work/nystrom/Code/WRFDA/WRFV3_3.9.1_preset_moves_sfc_coeff_param_estim/main -I/glade/work/nystrom/Code/WRFDA/WRFV3_3.9.1_preset_moves_sfc_coeff_param_estim/external/io_netcdf -I/glade/work/nystrom/Code/WRFDA/WRFV3_3.9.1_preset_moves_sfc_coeff_param_estim/external/io_int -I/glade/work/nystrom/Code/WRFDA/WRFV3_3.9.1_preset_moves_sfc_coeff_param_estim/frame -I/glade/work/nystrom/Code/WRFDA/WRFV3_3.9.1_preset_moves_sfc_coeff_param_estim/share -I/glade/work/nystrom/Code/WRFDA/WRFV3_3.9.1_preset_moves_sfc_coeff_param_estim/phys -I/glade/work/nystrom/Code/WRFDA/WRFV3_3.9.1_preset_moves_sfc_coeff_param_estim/chem -I/glade/work/nystrom/Code/WRFDA/WRFV3_3.9.1_preset_moves_sfc_coeff_param_estim/inc -I/glade/u/apps/ch/opt/netcdf/4.7.3/intel/19.0.5//include  -real-size `expr 8 \* 4` -i4  module_fr_fire_core.f90

real	0m1.033s
user	0m0.726s
sys	0m0.096s
rm -f module_cam_gffgch.o
sed -e "s/grid%mu/gridmu/g" -e "s/grid%Mu/gridMu/g" -e "s/^\!.*'.*//" -e "s/^ *\!.*'.*//" module_cam_gffgch.F > module_cam_gffgch.G
/lib/cpp -P -nostdinc -I/glade/work/nystrom/Code/WRFDA/WRFV3_3.9.1_preset_moves_sfc_coeff_param_estim/inc -DEM_CORE=1 -DNMM_CORE=0 -DNMM_MAX_DIM=2600 -DCOAMPS_CORE=0 -DDA_CORE=0 -DEXP_CORE=0 -DIWORDSIZE=4 -DDWORDSIZE=8 -DRWORDSIZE=4 -DLWORDSIZE=4 -DNONSTANDARD_SYSTEM_FUNC  -DWRF_USE_CLM  -DDM_PARALLEL -DNETCDF -DMOVE_NESTS -DUSE_ALLOCATABLES -DGRIB1 -DINTIO -DKEEP_INT_AROUND -DLIMIT_ARGS -DCONFIG_BUF_LEN=65536 -DMAX_DOMAINS_F=21 -DMAX_HISTORY=25 -DNMM_NEST=0  -I. -traditional-cpp   module_cam_gffgch.G  > module_cam_gffgch.H
sed -e "s/gridmu/grid%mu/g" -e "s/gridMu/grid%Mu/g" module_cam_gffgch.H > module_cam_gffgch.bb
/glade/work/nystrom/Code/WRFDA/WRFV3_3.9.1_preset_moves_sfc_coeff_param_estim/tools/standard.exe module_cam_gffgch.bb | /lib/cpp -P -nostdinc -traditional-cpp > module_cam_gffgch.f90
rm -f module_cam_gffgch.G module_cam_gffgch.H module_cam_gffgch.bb
time mpif90 -f90=ifort -o module_cam_gffgch.o -c -O3 -ip -fp-model precise -w -ftz -align all -fno-alias -FR -convert big_endian    -I../dyn_em -I../dyn_nmm   -I/glade/work/nystrom/Code/WRFDA/WRFV3_3.9.1_preset_moves_sfc_coeff_param_estim/external/esmf_time_f90  -I/glade/work/nystrom/Code/WRFDA/WRFV3_3.9.1_preset_moves_sfc_coeff_param_estim/main -I/glade/work/nystrom/Code/WRFDA/WRFV3_3.9.1_preset_moves_sfc_coeff_param_estim/external/io_netcdf -I/glade/work/nystrom/Code/WRFDA/WRFV3_3.9.1_preset_moves_sfc_coeff_param_estim/external/io_int -I/glade/work/nystrom/Code/WRFDA/WRFV3_3.9.1_preset_moves_sfc_coeff_param_estim/frame -I/glade/work/nystrom/Code/WRFDA/WRFV3_3.9.1_preset_moves_sfc_coeff_param_estim/share -I/glade/work/nystrom/Code/WRFDA/WRFV3_3.9.1_preset_moves_sfc_coeff_param_estim/phys -I/glade/work/nystrom/Code/WRFDA/WRFV3_3.9.1_preset_moves_sfc_coeff_param_estim/chem -I/glade/work/nystrom/Code/WRFDA/WRFV3_3.9.1_preset_moves_sfc_coeff_param_estim/inc -I/glade/u/apps/ch/opt/netcdf/4.7.3/intel/19.0.5//include  -real-size `expr 8 \* 4` -i4  module_cam_gffgch.f90

real	0m0.335s
user	0m0.087s
sys	0m0.065s
rm -f module_cam_constituents.o
sed -e "s/grid%mu/gridmu/g" -e "s/grid%Mu/gridMu/g" -e "s/^\!.*'.*//" -e "s/^ *\!.*'.*//" module_cam_constituents.F > module_cam_constituents.G
/lib/cpp -P -nostdinc -I/glade/work/nystrom/Code/WRFDA/WRFV3_3.9.1_preset_moves_sfc_coeff_param_estim/inc -DEM_CORE=1 -DNMM_CORE=0 -DNMM_MAX_DIM=2600 -DCOAMPS_CORE=0 -DDA_CORE=0 -DEXP_CORE=0 -DIWORDSIZE=4 -DDWORDSIZE=8 -DRWORDSIZE=4 -DLWORDSIZE=4 -DNONSTANDARD_SYSTEM_FUNC  -DWRF_USE_CLM  -DDM_PARALLEL -DNETCDF -DMOVE_NESTS -DUSE_ALLOCATABLES -DGRIB1 -DINTIO -DKEEP_INT_AROUND -DLIMIT_ARGS -DCONFIG_BUF_LEN=65536 -DMAX_DOMAINS_F=21 -DMAX_HISTORY=25 -DNMM_NEST=0  -I. -traditional-cpp   module_cam_constituents.G  > module_cam_constituents.H
sed -e "s/gridmu/grid%mu/g" -e "s/gridMu/grid%Mu/g" module_cam_constituents.H > module_cam_constituents.bb
/glade/work/nystrom/Code/WRFDA/WRFV3_3.9.1_preset_moves_sfc_coeff_param_estim/tools/standard.exe module_cam_constituents.bb | /lib/cpp -P -nostdinc -traditional-cpp > module_cam_constituents.f90
rm -f module_cam_constituents.G module_cam_constituents.H module_cam_constituents.bb
time mpif90 -f90=ifort -o module_cam_constituents.o -c -O3 -ip -fp-model precise -w -ftz -align all -fno-alias -FR -convert big_endian    -I../dyn_em -I../dyn_nmm   -I/glade/work/nystrom/Code/WRFDA/WRFV3_3.9.1_preset_moves_sfc_coeff_param_estim/external/esmf_time_f90  -I/glade/work/nystrom/Code/WRFDA/WRFV3_3.9.1_preset_moves_sfc_coeff_param_estim/main -I/glade/work/nystrom/Code/WRFDA/WRFV3_3.9.1_preset_moves_sfc_coeff_param_estim/external/io_netcdf -I/glade/work/nystrom/Code/WRFDA/WRFV3_3.9.1_preset_moves_sfc_coeff_param_estim/external/io_int -I/glade/work/nystrom/Code/WRFDA/WRFV3_3.9.1_preset_moves_sfc_coeff_param_estim/frame -I/glade/work/nystrom/Code/WRFDA/WRFV3_3.9.1_preset_moves_sfc_coeff_param_estim/share -I/glade/work/nystrom/Code/WRFDA/WRFV3_3.9.1_preset_moves_sfc_coeff_param_estim/phys -I/glade/work/nystrom/Code/WRFDA/WRFV3_3.9.1_preset_moves_sfc_coeff_param_estim/chem -I/glade/work/nystrom/Code/WRFDA/WRFV3_3.9.1_preset_moves_sfc_coeff_param_estim/inc -I/glade/u/apps/ch/opt/netcdf/4.7.3/intel/19.0.5//include  -real-size `expr 8 \* 4` -i4  module_cam_constituents.f90

real	0m0.382s
user	0m0.177s
sys	0m0.055s
rm -f module_cam_mp_modal_aero_initialize_data_phys.o
sed -e "s/grid%mu/gridmu/g" -e "s/grid%Mu/gridMu/g" -e "s/^\!.*'.*//" -e "s/^ *\!.*'.*//" module_cam_mp_modal_aero_initialize_data_phys.F > module_cam_mp_modal_aero_initialize_data_phys.G
/lib/cpp -P -nostdinc -I/glade/work/nystrom/Code/WRFDA/WRFV3_3.9.1_preset_moves_sfc_coeff_param_estim/inc -DEM_CORE=1 -DNMM_CORE=0 -DNMM_MAX_DIM=2600 -DCOAMPS_CORE=0 -DDA_CORE=0 -DEXP_CORE=0 -DIWORDSIZE=4 -DDWORDSIZE=8 -DRWORDSIZE=4 -DLWORDSIZE=4 -DNONSTANDARD_SYSTEM_FUNC  -DWRF_USE_CLM  -DDM_PARALLEL -DNETCDF -DMOVE_NESTS -DUSE_ALLOCATABLES -DGRIB1 -DINTIO -DKEEP_INT_AROUND -DLIMIT_ARGS -DCONFIG_BUF_LEN=65536 -DMAX_DOMAINS_F=21 -DMAX_HISTORY=25 -DNMM_NEST=0  -I. -traditional-cpp   module_cam_mp_modal_aero_initialize_data_phys.G  > module_cam_mp_modal_aero_initialize_data_phys.H
sed -e "s/gridmu/grid%mu/g" -e "s/gridMu/grid%Mu/g" module_cam_mp_modal_aero_initialize_data_phys.H > module_cam_mp_modal_aero_initialize_data_phys.bb
/glade/work/nystrom/Code/WRFDA/WRFV3_3.9.1_preset_moves_sfc_coeff_param_estim/tools/standard.exe module_cam_mp_modal_aero_initialize_data_phys.bb | /lib/cpp -P -nostdinc -traditional-cpp > module_cam_mp_modal_aero_initialize_data_phys.f90
rm -f module_cam_mp_modal_aero_initialize_data_phys.G module_cam_mp_modal_aero_initialize_data_phys.H module_cam_mp_modal_aero_initialize_data_phys.bb
time mpif90 -f90=ifort -o module_cam_mp_modal_aero_initialize_data_phys.o -c -O3 -ip -fp-model precise -w -ftz -align all -fno-alias -FR -convert big_endian    -I../dyn_em -I../dyn_nmm   -I/glade/work/nystrom/Code/WRFDA/WRFV3_3.9.1_preset_moves_sfc_coeff_param_estim/external/esmf_time_f90  -I/glade/work/nystrom/Code/WRFDA/WRFV3_3.9.1_preset_moves_sfc_coeff_param_estim/main -I/glade/work/nystrom/Code/WRFDA/WRFV3_3.9.1_preset_moves_sfc_coeff_param_estim/external/io_netcdf -I/glade/work/nystrom/Code/WRFDA/WRFV3_3.9.1_preset_moves_sfc_coeff_param_estim/external/io_int -I/glade/work/nystrom/Code/WRFDA/WRFV3_3.9.1_preset_moves_sfc_coeff_param_estim/frame -I/glade/work/nystrom/Code/WRFDA/WRFV3_3.9.1_preset_moves_sfc_coeff_param_estim/share -I/glade/work/nystrom/Code/WRFDA/WRFV3_3.9.1_preset_moves_sfc_coeff_param_estim/phys -I/glade/work/nystrom/Code/WRFDA/WRFV3_3.9.1_preset_moves_sfc_coeff_param_estim/chem -I/glade/work/nystrom/Code/WRFDA/WRFV3_3.9.1_preset_moves_sfc_coeff_param_estim/inc -I/glade/u/apps/ch/opt/netcdf/4.7.3/intel/19.0.5//include  -real-size `expr 8 \* 4` -i4  module_cam_mp_modal_aero_initialize_data_phys.f90

real	0m0.367s
user	0m0.164s
sys	0m0.069s
rm -f module_radiation_driver.o
sed -e "s/grid%mu/gridmu/g" -e "s/grid%Mu/gridMu/g" -e "s/^\!.*'.*//" -e "s/^ *\!.*'.*//" module_radiation_driver.F > module_radiation_driver.G
/lib/cpp -P -nostdinc -I/glade/work/nystrom/Code/WRFDA/WRFV3_3.9.1_preset_moves_sfc_coeff_param_estim/inc -DEM_CORE=1 -DNMM_CORE=0 -DNMM_MAX_DIM=2600 -DCOAMPS_CORE=0 -DDA_CORE=0 -DEXP_CORE=0 -DIWORDSIZE=4 -DDWORDSIZE=8 -DRWORDSIZE=4 -DLWORDSIZE=4 -DNONSTANDARD_SYSTEM_FUNC  -DWRF_USE_CLM  -DDM_PARALLEL -DNETCDF -DMOVE_NESTS -DUSE_ALLOCATABLES -DGRIB1 -DINTIO -DKEEP_INT_AROUND -DLIMIT_ARGS -DCONFIG_BUF_LEN=65536 -DMAX_DOMAINS_F=21 -DMAX_HISTORY=25 -DNMM_NEST=0  -I. -traditional-cpp   module_radiation_driver.G  > module_radiation_driver.H
sed -e "s/gridmu/grid%mu/g" -e "s/gridMu/grid%Mu/g" module_radiation_driver.H > module_radiation_driver.bb
/glade/work/nystrom/Code/WRFDA/WRFV3_3.9.1_preset_moves_sfc_coeff_param_estim/tools/standard.exe module_radiation_driver.bb | /lib/cpp -P -nostdinc -traditional-cpp > module_radiation_driver.f90
rm -f module_radiation_driver.G module_radiation_driver.H module_radiation_driver.bb
time mpif90 -f90=ifort -o module_radiation_driver.o -c -O3 -ip -fp-model precise -w -ftz -align all -fno-alias -FR -convert big_endian    -I../dyn_em -I../dyn_nmm   -I/glade/work/nystrom/Code/WRFDA/WRFV3_3.9.1_preset_moves_sfc_coeff_param_estim/external/esmf_time_f90  -I/glade/work/nystrom/Code/WRFDA/WRFV3_3.9.1_preset_moves_sfc_coeff_param_estim/main -I/glade/work/nystrom/Code/WRFDA/WRFV3_3.9.1_preset_moves_sfc_coeff_param_estim/external/io_netcdf -I/glade/work/nystrom/Code/WRFDA/WRFV3_3.9.1_preset_moves_sfc_coeff_param_estim/external/io_int -I/glade/work/nystrom/Code/WRFDA/WRFV3_3.9.1_preset_moves_sfc_coeff_param_estim/frame -I/glade/work/nystrom/Code/WRFDA/WRFV3_3.9.1_preset_moves_sfc_coeff_param_estim/share -I/glade/work/nystrom/Code/WRFDA/WRFV3_3.9.1_preset_moves_sfc_coeff_param_estim/phys -I/glade/work/nystrom/Code/WRFDA/WRFV3_3.9.1_preset_moves_sfc_coeff_param_estim/chem -I/glade/work/nystrom/Code/WRFDA/WRFV3_3.9.1_preset_moves_sfc_coeff_param_estim/inc -I/glade/u/apps/ch/opt/netcdf/4.7.3/intel/19.0.5//include  -real-size `expr 8 \* 4` -i4  module_radiation_driver.f90

real	0m14.014s
user	0m12.124s
sys	0m0.715s
rm -f module_sf_noahdrv.o
sed -e "s/grid%mu/gridmu/g" -e "s/grid%Mu/gridMu/g" -e "s/^\!.*'.*//" -e "s/^ *\!.*'.*//" module_sf_noahdrv.F > module_sf_noahdrv.G
/lib/cpp -P -nostdinc -I/glade/work/nystrom/Code/WRFDA/WRFV3_3.9.1_preset_moves_sfc_coeff_param_estim/inc -DEM_CORE=1 -DNMM_CORE=0 -DNMM_MAX_DIM=2600 -DCOAMPS_CORE=0 -DDA_CORE=0 -DEXP_CORE=0 -DIWORDSIZE=4 -DDWORDSIZE=8 -DRWORDSIZE=4 -DLWORDSIZE=4 -DNONSTANDARD_SYSTEM_FUNC  -DWRF_USE_CLM  -DDM_PARALLEL -DNETCDF -DMOVE_NESTS -DUSE_ALLOCATABLES -DGRIB1 -DINTIO -DKEEP_INT_AROUND -DLIMIT_ARGS -DCONFIG_BUF_LEN=65536 -DMAX_DOMAINS_F=21 -DMAX_HISTORY=25 -DNMM_NEST=0  -I. -traditional-cpp   module_sf_noahdrv.G  > module_sf_noahdrv.H
sed -e "s/gridmu/grid%mu/g" -e "s/gridMu/grid%Mu/g" module_sf_noahdrv.H > module_sf_noahdrv.bb
/glade/work/nystrom/Code/WRFDA/WRFV3_3.9.1_preset_moves_sfc_coeff_param_estim/tools/standard.exe module_sf_noahdrv.bb | /lib/cpp -P -nostdinc -traditional-cpp > module_sf_noahdrv.f90
rm -f module_sf_noahdrv.G module_sf_noahdrv.H module_sf_noahdrv.bb
time mpif90 -f90=ifort -o module_sf_noahdrv.o -c -O3 -ip -fp-model precise -w -ftz -align all -fno-alias -FR -convert big_endian    -I../dyn_em -I../dyn_nmm   -I/glade/work/nystrom/Code/WRFDA/WRFV3_3.9.1_preset_moves_sfc_coeff_param_estim/external/esmf_time_f90  -I/glade/work/nystrom/Code/WRFDA/WRFV3_3.9.1_preset_moves_sfc_coeff_param_estim/main -I/glade/work/nystrom/Code/WRFDA/WRFV3_3.9.1_preset_moves_sfc_coeff_param_estim/external/io_netcdf -I/glade/work/nystrom/Code/WRFDA/WRFV3_3.9.1_preset_moves_sfc_coeff_param_estim/external/io_int -I/glade/work/nystrom/Code/WRFDA/WRFV3_3.9.1_preset_moves_sfc_coeff_param_estim/frame -I/glade/work/nystrom/Code/WRFDA/WRFV3_3.9.1_preset_moves_sfc_coeff_param_estim/share -I/glade/work/nystrom/Code/WRFDA/WRFV3_3.9.1_preset_moves_sfc_coeff_param_estim/phys -I/glade/work/nystrom/Code/WRFDA/WRFV3_3.9.1_preset_moves_sfc_coeff_param_estim/chem -I/glade/work/nystrom/Code/WRFDA/WRFV3_3.9.1_preset_moves_sfc_coeff_param_estim/inc -I/glade/u/apps/ch/opt/netcdf/4.7.3/intel/19.0.5//include  -real-size `expr 8 \* 4` -i4  module_sf_noahdrv.f90

real	0m6.837s
user	0m6.419s
sys	0m0.183s
rm -f module_fr_fire_model.o
sed -e "s/grid%mu/gridmu/g" -e "s/grid%Mu/gridMu/g" -e "s/^\!.*'.*//" -e "s/^ *\!.*'.*//" module_fr_fire_model.F > module_fr_fire_model.G
/lib/cpp -P -nostdinc -I/glade/work/nystrom/Code/WRFDA/WRFV3_3.9.1_preset_moves_sfc_coeff_param_estim/inc -DEM_CORE=1 -DNMM_CORE=0 -DNMM_MAX_DIM=2600 -DCOAMPS_CORE=0 -DDA_CORE=0 -DEXP_CORE=0 -DIWORDSIZE=4 -DDWORDSIZE=8 -DRWORDSIZE=4 -DLWORDSIZE=4 -DNONSTANDARD_SYSTEM_FUNC  -DWRF_USE_CLM  -DDM_PARALLEL -DNETCDF -DMOVE_NESTS -DUSE_ALLOCATABLES -DGRIB1 -DINTIO -DKEEP_INT_AROUND -DLIMIT_ARGS -DCONFIG_BUF_LEN=65536 -DMAX_DOMAINS_F=21 -DMAX_HISTORY=25 -DNMM_NEST=0  -I. -traditional-cpp   module_fr_fire_model.G  > module_fr_fire_model.H
sed -e "s/gridmu/grid%mu/g" -e "s/gridMu/grid%Mu/g" module_fr_fire_model.H > module_fr_fire_model.bb
/glade/work/nystrom/Code/WRFDA/WRFV3_3.9.1_preset_moves_sfc_coeff_param_estim/tools/standard.exe module_fr_fire_model.bb | /lib/cpp -P -nostdinc -traditional-cpp > module_fr_fire_model.f90
rm -f module_fr_fire_model.G module_fr_fire_model.H module_fr_fire_model.bb
time mpif90 -f90=ifort -o module_fr_fire_model.o -c -O3 -ip -fp-model precise -w -ftz -align all -fno-alias -FR -convert big_endian    -I../dyn_em -I../dyn_nmm   -I/glade/work/nystrom/Code/WRFDA/WRFV3_3.9.1_preset_moves_sfc_coeff_param_estim/external/esmf_time_f90  -I/glade/work/nystrom/Code/WRFDA/WRFV3_3.9.1_preset_moves_sfc_coeff_param_estim/main -I/glade/work/nystrom/Code/WRFDA/WRFV3_3.9.1_preset_moves_sfc_coeff_param_estim/external/io_netcdf -I/glade/work/nystrom/Code/WRFDA/WRFV3_3.9.1_preset_moves_sfc_coeff_param_estim/external/io_int -I/glade/work/nystrom/Code/WRFDA/WRFV3_3.9.1_preset_moves_sfc_coeff_param_estim/frame -I/glade/work/nystrom/Code/WRFDA/WRFV3_3.9.1_preset_moves_sfc_coeff_param_estim/share -I/glade/work/nystrom/Code/WRFDA/WRFV3_3.9.1_preset_moves_sfc_coeff_param_estim/phys -I/glade/work/nystrom/Code/WRFDA/WRFV3_3.9.1_preset_moves_sfc_coeff_param_estim/chem -I/glade/work/nystrom/Code/WRFDA/WRFV3_3.9.1_preset_moves_sfc_coeff_param_estim/inc -I/glade/u/apps/ch/opt/netcdf/4.7.3/intel/19.0.5//include  -real-size `expr 8 \* 4` -i4  module_fr_fire_model.f90

real	0m0.593s
user	0m0.283s
sys	0m0.081s
rm -f module_cam_wv_saturation.o
sed -e "s/grid%mu/gridmu/g" -e "s/grid%Mu/gridMu/g" -e "s/^\!.*'.*//" -e "s/^ *\!.*'.*//" module_cam_wv_saturation.F > module_cam_wv_saturation.G
/lib/cpp -P -nostdinc -I/glade/work/nystrom/Code/WRFDA/WRFV3_3.9.1_preset_moves_sfc_coeff_param_estim/inc -DEM_CORE=1 -DNMM_CORE=0 -DNMM_MAX_DIM=2600 -DCOAMPS_CORE=0 -DDA_CORE=0 -DEXP_CORE=0 -DIWORDSIZE=4 -DDWORDSIZE=8 -DRWORDSIZE=4 -DLWORDSIZE=4 -DNONSTANDARD_SYSTEM_FUNC  -DWRF_USE_CLM  -DDM_PARALLEL -DNETCDF -DMOVE_NESTS -DUSE_ALLOCATABLES -DGRIB1 -DINTIO -DKEEP_INT_AROUND -DLIMIT_ARGS -DCONFIG_BUF_LEN=65536 -DMAX_DOMAINS_F=21 -DMAX_HISTORY=25 -DNMM_NEST=0  -I. -traditional-cpp   module_cam_wv_saturation.G  > module_cam_wv_saturation.H
sed -e "s/gridmu/grid%mu/g" -e "s/gridMu/grid%Mu/g" module_cam_wv_saturation.H > module_cam_wv_saturation.bb
/glade/work/nystrom/Code/WRFDA/WRFV3_3.9.1_preset_moves_sfc_coeff_param_estim/tools/standard.exe module_cam_wv_saturation.bb | /lib/cpp -P -nostdinc -traditional-cpp > module_cam_wv_saturation.f90
rm -f module_cam_wv_saturation.G module_cam_wv_saturation.H module_cam_wv_saturation.bb
time mpif90 -f90=ifort -o module_cam_wv_saturation.o -c -O3 -ip -fp-model precise -w -ftz -align all -fno-alias -FR -convert big_endian    -I../dyn_em -I../dyn_nmm   -I/glade/work/nystrom/Code/WRFDA/WRFV3_3.9.1_preset_moves_sfc_coeff_param_estim/external/esmf_time_f90  -I/glade/work/nystrom/Code/WRFDA/WRFV3_3.9.1_preset_moves_sfc_coeff_param_estim/main -I/glade/work/nystrom/Code/WRFDA/WRFV3_3.9.1_preset_moves_sfc_coeff_param_estim/external/io_netcdf -I/glade/work/nystrom/Code/WRFDA/WRFV3_3.9.1_preset_moves_sfc_coeff_param_estim/external/io_int -I/glade/work/nystrom/Code/WRFDA/WRFV3_3.9.1_preset_moves_sfc_coeff_param_estim/frame -I/glade/work/nystrom/Code/WRFDA/WRFV3_3.9.1_preset_moves_sfc_coeff_param_estim/share -I/glade/work/nystrom/Code/WRFDA/WRFV3_3.9.1_preset_moves_sfc_coeff_param_estim/phys -I/glade/work/nystrom/Code/WRFDA/WRFV3_3.9.1_preset_moves_sfc_coeff_param_estim/chem -I/glade/work/nystrom/Code/WRFDA/WRFV3_3.9.1_preset_moves_sfc_coeff_param_estim/inc -I/glade/u/apps/ch/opt/netcdf/4.7.3/intel/19.0.5//include  -real-size `expr 8 \* 4` -i4  module_cam_wv_saturation.f90

real	0m0.667s
user	0m0.432s
sys	0m0.058s
rm -f module_cam_molec_diff.o
sed -e "s/grid%mu/gridmu/g" -e "s/grid%Mu/gridMu/g" -e "s/^\!.*'.*//" -e "s/^ *\!.*'.*//" module_cam_molec_diff.F > module_cam_molec_diff.G
/lib/cpp -P -nostdinc -I/glade/work/nystrom/Code/WRFDA/WRFV3_3.9.1_preset_moves_sfc_coeff_param_estim/inc -DEM_CORE=1 -DNMM_CORE=0 -DNMM_MAX_DIM=2600 -DCOAMPS_CORE=0 -DDA_CORE=0 -DEXP_CORE=0 -DIWORDSIZE=4 -DDWORDSIZE=8 -DRWORDSIZE=4 -DLWORDSIZE=4 -DNONSTANDARD_SYSTEM_FUNC  -DWRF_USE_CLM  -DDM_PARALLEL -DNETCDF -DMOVE_NESTS -DUSE_ALLOCATABLES -DGRIB1 -DINTIO -DKEEP_INT_AROUND -DLIMIT_ARGS -DCONFIG_BUF_LEN=65536 -DMAX_DOMAINS_F=21 -DMAX_HISTORY=25 -DNMM_NEST=0  -I. -traditional-cpp   module_cam_molec_diff.G  > module_cam_molec_diff.H
sed -e "s/gridmu/grid%mu/g" -e "s/gridMu/grid%Mu/g" module_cam_molec_diff.H > module_cam_molec_diff.bb
/glade/work/nystrom/Code/WRFDA/WRFV3_3.9.1_preset_moves_sfc_coeff_param_estim/tools/standard.exe module_cam_molec_diff.bb | /lib/cpp -P -nostdinc -traditional-cpp > module_cam_molec_diff.f90
rm -f module_cam_molec_diff.G module_cam_molec_diff.H module_cam_molec_diff.bb
time mpif90 -f90=ifort -o module_cam_molec_diff.o -c -O3 -ip -fp-model precise -w -ftz -align all -fno-alias -FR -convert big_endian    -I../dyn_em -I../dyn_nmm   -I/glade/work/nystrom/Code/WRFDA/WRFV3_3.9.1_preset_moves_sfc_coeff_param_estim/external/esmf_time_f90  -I/glade/work/nystrom/Code/WRFDA/WRFV3_3.9.1_preset_moves_sfc_coeff_param_estim/main -I/glade/work/nystrom/Code/WRFDA/WRFV3_3.9.1_preset_moves_sfc_coeff_param_estim/external/io_netcdf -I/glade/work/nystrom/Code/WRFDA/WRFV3_3.9.1_preset_moves_sfc_coeff_param_estim/external/io_int -I/glade/work/nystrom/Code/WRFDA/WRFV3_3.9.1_preset_moves_sfc_coeff_param_estim/frame -I/glade/work/nystrom/Code/WRFDA/WRFV3_3.9.1_preset_moves_sfc_coeff_param_estim/share -I/glade/work/nystrom/Code/WRFDA/WRFV3_3.9.1_preset_moves_sfc_coeff_param_estim/phys -I/glade/work/nystrom/Code/WRFDA/WRFV3_3.9.1_preset_moves_sfc_coeff_param_estim/chem -I/glade/work/nystrom/Code/WRFDA/WRFV3_3.9.1_preset_moves_sfc_coeff_param_estim/inc -I/glade/u/apps/ch/opt/netcdf/4.7.3/intel/19.0.5//include  -real-size `expr 8 \* 4` -i4  module_cam_molec_diff.f90

real	0m1.062s
user	0m0.719s
sys	0m0.077s
rm -f module_cam_mp_ndrop.o
sed -e "s/grid%mu/gridmu/g" -e "s/grid%Mu/gridMu/g" -e "s/^\!.*'.*//" -e "s/^ *\!.*'.*//" module_cam_mp_ndrop.F > module_cam_mp_ndrop.G
/lib/cpp -P -nostdinc -I/glade/work/nystrom/Code/WRFDA/WRFV3_3.9.1_preset_moves_sfc_coeff_param_estim/inc -DEM_CORE=1 -DNMM_CORE=0 -DNMM_MAX_DIM=2600 -DCOAMPS_CORE=0 -DDA_CORE=0 -DEXP_CORE=0 -DIWORDSIZE=4 -DDWORDSIZE=8 -DRWORDSIZE=4 -DLWORDSIZE=4 -DNONSTANDARD_SYSTEM_FUNC  -DWRF_USE_CLM  -DDM_PARALLEL -DNETCDF -DMOVE_NESTS -DUSE_ALLOCATABLES -DGRIB1 -DINTIO -DKEEP_INT_AROUND -DLIMIT_ARGS -DCONFIG_BUF_LEN=65536 -DMAX_DOMAINS_F=21 -DMAX_HISTORY=25 -DNMM_NEST=0  -I. -traditional-cpp   module_cam_mp_ndrop.G  > module_cam_mp_ndrop.H
sed -e "s/gridmu/grid%mu/g" -e "s/gridMu/grid%Mu/g" module_cam_mp_ndrop.H > module_cam_mp_ndrop.bb
/glade/work/nystrom/Code/WRFDA/WRFV3_3.9.1_preset_moves_sfc_coeff_param_estim/tools/standard.exe module_cam_mp_ndrop.bb | /lib/cpp -P -nostdinc -traditional-cpp > module_cam_mp_ndrop.f90
rm -f module_cam_mp_ndrop.G module_cam_mp_ndrop.H module_cam_mp_ndrop.bb
time mpif90 -f90=ifort -o module_cam_mp_ndrop.o -c -O3 -ip -fp-model precise -w -ftz -align all -fno-alias -FR -convert big_endian    -I../dyn_em -I../dyn_nmm   -I/glade/work/nystrom/Code/WRFDA/WRFV3_3.9.1_preset_moves_sfc_coeff_param_estim/external/esmf_time_f90  -I/glade/work/nystrom/Code/WRFDA/WRFV3_3.9.1_preset_moves_sfc_coeff_param_estim/main -I/glade/work/nystrom/Code/WRFDA/WRFV3_3.9.1_preset_moves_sfc_coeff_param_estim/external/io_netcdf -I/glade/work/nystrom/Code/WRFDA/WRFV3_3.9.1_preset_moves_sfc_coeff_param_estim/external/io_int -I/glade/work/nystrom/Code/WRFDA/WRFV3_3.9.1_preset_moves_sfc_coeff_param_estim/frame -I/glade/work/nystrom/Code/WRFDA/WRFV3_3.9.1_preset_moves_sfc_coeff_param_estim/share -I/glade/work/nystrom/Code/WRFDA/WRFV3_3.9.1_preset_moves_sfc_coeff_param_estim/phys -I/glade/work/nystrom/Code/WRFDA/WRFV3_3.9.1_preset_moves_sfc_coeff_param_estim/chem -I/glade/work/nystrom/Code/WRFDA/WRFV3_3.9.1_preset_moves_sfc_coeff_param_estim/inc -I/glade/u/apps/ch/opt/netcdf/4.7.3/intel/19.0.5//include  -real-size `expr 8 \* 4` -i4  module_cam_mp_ndrop.f90

real	0m4.751s
user	0m4.231s
sys	0m0.301s
rm -f module_cam_mp_cldwat2m_micro.o
sed -e "s/grid%mu/gridmu/g" -e "s/grid%Mu/gridMu/g" -e "s/^\!.*'.*//" -e "s/^ *\!.*'.*//" module_cam_mp_cldwat2m_micro.F > module_cam_mp_cldwat2m_micro.G
/lib/cpp -P -nostdinc -I/glade/work/nystrom/Code/WRFDA/WRFV3_3.9.1_preset_moves_sfc_coeff_param_estim/inc -DEM_CORE=1 -DNMM_CORE=0 -DNMM_MAX_DIM=2600 -DCOAMPS_CORE=0 -DDA_CORE=0 -DEXP_CORE=0 -DIWORDSIZE=4 -DDWORDSIZE=8 -DRWORDSIZE=4 -DLWORDSIZE=4 -DNONSTANDARD_SYSTEM_FUNC  -DWRF_USE_CLM  -DDM_PARALLEL -DNETCDF -DMOVE_NESTS -DUSE_ALLOCATABLES -DGRIB1 -DINTIO -DKEEP_INT_AROUND -DLIMIT_ARGS -DCONFIG_BUF_LEN=65536 -DMAX_DOMAINS_F=21 -DMAX_HISTORY=25 -DNMM_NEST=0  -I. -traditional-cpp   module_cam_mp_cldwat2m_micro.G  > module_cam_mp_cldwat2m_micro.H
sed -e "s/gridmu/grid%mu/g" -e "s/gridMu/grid%Mu/g" module_cam_mp_cldwat2m_micro.H > module_cam_mp_cldwat2m_micro.bb
/glade/work/nystrom/Code/WRFDA/WRFV3_3.9.1_preset_moves_sfc_coeff_param_estim/tools/standard.exe module_cam_mp_cldwat2m_micro.bb | /lib/cpp -P -nostdinc -traditional-cpp > module_cam_mp_cldwat2m_micro.f90
rm -f module_cam_mp_cldwat2m_micro.G module_cam_mp_cldwat2m_micro.H module_cam_mp_cldwat2m_micro.bb
time mpif90 -f90=ifort -o module_cam_mp_cldwat2m_micro.o -c -O3 -ip -fp-model precise -w -ftz -align all -fno-alias -FR -convert big_endian    -I../dyn_em -I../dyn_nmm   -I/glade/work/nystrom/Code/WRFDA/WRFV3_3.9.1_preset_moves_sfc_coeff_param_estim/external/esmf_time_f90  -I/glade/work/nystrom/Code/WRFDA/WRFV3_3.9.1_preset_moves_sfc_coeff_param_estim/main -I/glade/work/nystrom/Code/WRFDA/WRFV3_3.9.1_preset_moves_sfc_coeff_param_estim/external/io_netcdf -I/glade/work/nystrom/Code/WRFDA/WRFV3_3.9.1_preset_moves_sfc_coeff_param_estim/external/io_int -I/glade/work/nystrom/Code/WRFDA/WRFV3_3.9.1_preset_moves_sfc_coeff_param_estim/frame -I/glade/work/nystrom/Code/WRFDA/WRFV3_3.9.1_preset_moves_sfc_coeff_param_estim/share -I/glade/work/nystrom/Code/WRFDA/WRFV3_3.9.1_preset_moves_sfc_coeff_param_estim/phys -I/glade/work/nystrom/Code/WRFDA/WRFV3_3.9.1_preset_moves_sfc_coeff_param_estim/chem -I/glade/work/nystrom/Code/WRFDA/WRFV3_3.9.1_preset_moves_sfc_coeff_param_estim/inc -I/glade/u/apps/ch/opt/netcdf/4.7.3/intel/19.0.5//include  -real-size `expr 8 \* 4` -i4  module_cam_mp_cldwat2m_micro.f90

real	0m9.824s
user	0m9.348s
sys	0m0.272s
rm -f module_mixactivate.o
sed -e "s/grid%mu/gridmu/g" -e "s/grid%Mu/gridMu/g" -e "s/^\!.*'.*//" -e "s/^ *\!.*'.*//" module_mixactivate.F > module_mixactivate.G
/lib/cpp -P -nostdinc -I/glade/work/nystrom/Code/WRFDA/WRFV3_3.9.1_preset_moves_sfc_coeff_param_estim/inc -DEM_CORE=1 -DNMM_CORE=0 -DNMM_MAX_DIM=2600 -DCOAMPS_CORE=0 -DDA_CORE=0 -DEXP_CORE=0 -DIWORDSIZE=4 -DDWORDSIZE=8 -DRWORDSIZE=4 -DLWORDSIZE=4 -DNONSTANDARD_SYSTEM_FUNC  -DWRF_USE_CLM  -DDM_PARALLEL -DNETCDF -DMOVE_NESTS -DUSE_ALLOCATABLES -DGRIB1 -DINTIO -DKEEP_INT_AROUND -DLIMIT_ARGS -DCONFIG_BUF_LEN=65536 -DMAX_DOMAINS_F=21 -DMAX_HISTORY=25 -DNMM_NEST=0  -I. -traditional-cpp   module_mixactivate.G  > module_mixactivate.H
sed -e "s/gridmu/grid%mu/g" -e "s/gridMu/grid%Mu/g" module_mixactivate.H > module_mixactivate.bb
/glade/work/nystrom/Code/WRFDA/WRFV3_3.9.1_preset_moves_sfc_coeff_param_estim/tools/standard.exe module_mixactivate.bb | /lib/cpp -P -nostdinc -traditional-cpp > module_mixactivate.f90
rm -f module_mixactivate.G module_mixactivate.H module_mixactivate.bb
time mpif90 -f90=ifort -o module_mixactivate.o -c -O3 -ip -fp-model precise -w -ftz -align all -fno-alias -FR -convert big_endian    -I../dyn_em -I../dyn_nmm   -I/glade/work/nystrom/Code/WRFDA/WRFV3_3.9.1_preset_moves_sfc_coeff_param_estim/external/esmf_time_f90  -I/glade/work/nystrom/Code/WRFDA/WRFV3_3.9.1_preset_moves_sfc_coeff_param_estim/main -I/glade/work/nystrom/Code/WRFDA/WRFV3_3.9.1_preset_moves_sfc_coeff_param_estim/external/io_netcdf -I/glade/work/nystrom/Code/WRFDA/WRFV3_3.9.1_preset_moves_sfc_coeff_param_estim/external/io_int -I/glade/work/nystrom/Code/WRFDA/WRFV3_3.9.1_preset_moves_sfc_coeff_param_estim/frame -I/glade/work/nystrom/Code/WRFDA/WRFV3_3.9.1_preset_moves_sfc_coeff_param_estim/share -I/glade/work/nystrom/Code/WRFDA/WRFV3_3.9.1_preset_moves_sfc_coeff_param_estim/phys -I/glade/work/nystrom/Code/WRFDA/WRFV3_3.9.1_preset_moves_sfc_coeff_param_estim/chem -I/glade/work/nystrom/Code/WRFDA/WRFV3_3.9.1_preset_moves_sfc_coeff_param_estim/inc -I/glade/u/apps/ch/opt/netcdf/4.7.3/intel/19.0.5//include  -real-size `expr 8 \* 4` -i4  module_mixactivate.f90

real	0m7.097s
user	0m6.671s
sys	0m0.235s
rm -f module_fr_fire_driver.o
sed -e "s/grid%mu/gridmu/g" -e "s/grid%Mu/gridMu/g" -e "s/^\!.*'.*//" -e "s/^ *\!.*'.*//" module_fr_fire_driver.F > module_fr_fire_driver.G
/lib/cpp -P -nostdinc -I/glade/work/nystrom/Code/WRFDA/WRFV3_3.9.1_preset_moves_sfc_coeff_param_estim/inc -DEM_CORE=1 -DNMM_CORE=0 -DNMM_MAX_DIM=2600 -DCOAMPS_CORE=0 -DDA_CORE=0 -DEXP_CORE=0 -DIWORDSIZE=4 -DDWORDSIZE=8 -DRWORDSIZE=4 -DLWORDSIZE=4 -DNONSTANDARD_SYSTEM_FUNC  -DWRF_USE_CLM  -DDM_PARALLEL -DNETCDF -DMOVE_NESTS -DUSE_ALLOCATABLES -DGRIB1 -DINTIO -DKEEP_INT_AROUND -DLIMIT_ARGS -DCONFIG_BUF_LEN=65536 -DMAX_DOMAINS_F=21 -DMAX_HISTORY=25 -DNMM_NEST=0  -I. -traditional-cpp   module_fr_fire_driver.G  > module_fr_fire_driver.H
sed -e "s/gridmu/grid%mu/g" -e "s/gridMu/grid%Mu/g" module_fr_fire_driver.H > module_fr_fire_driver.bb
/glade/work/nystrom/Code/WRFDA/WRFV3_3.9.1_preset_moves_sfc_coeff_param_estim/tools/standard.exe module_fr_fire_driver.bb | /lib/cpp -P -nostdinc -traditional-cpp > module_fr_fire_driver.f90
rm -f module_fr_fire_driver.G module_fr_fire_driver.H module_fr_fire_driver.bb
time mpif90 -f90=ifort -o module_fr_fire_driver.o -c -O3 -ip -fp-model precise -w -ftz -align all -fno-alias -FR -convert big_endian    -I../dyn_em -I../dyn_nmm   -I/glade/work/nystrom/Code/WRFDA/WRFV3_3.9.1_preset_moves_sfc_coeff_param_estim/external/esmf_time_f90  -I/glade/work/nystrom/Code/WRFDA/WRFV3_3.9.1_preset_moves_sfc_coeff_param_estim/main -I/glade/work/nystrom/Code/WRFDA/WRFV3_3.9.1_preset_moves_sfc_coeff_param_estim/external/io_netcdf -I/glade/work/nystrom/Code/WRFDA/WRFV3_3.9.1_preset_moves_sfc_coeff_param_estim/external/io_int -I/glade/work/nystrom/Code/WRFDA/WRFV3_3.9.1_preset_moves_sfc_coeff_param_estim/frame -I/glade/work/nystrom/Code/WRFDA/WRFV3_3.9.1_preset_moves_sfc_coeff_param_estim/share -I/glade/work/nystrom/Code/WRFDA/WRFV3_3.9.1_preset_moves_sfc_coeff_param_estim/phys -I/glade/work/nystrom/Code/WRFDA/WRFV3_3.9.1_preset_moves_sfc_coeff_param_estim/chem -I/glade/work/nystrom/Code/WRFDA/WRFV3_3.9.1_preset_moves_sfc_coeff_param_estim/inc -I/glade/u/apps/ch/opt/netcdf/4.7.3/intel/19.0.5//include  -real-size `expr 8 \* 4` -i4  module_fr_fire_driver.f90

real	0m3.555s
user	0m2.335s
sys	0m0.449s
rm -f module_cam_cldwat.o
sed -e "s/grid%mu/gridmu/g" -e "s/grid%Mu/gridMu/g" -e "s/^\!.*'.*//" -e "s/^ *\!.*'.*//" module_cam_cldwat.F > module_cam_cldwat.G
/lib/cpp -P -nostdinc -I/glade/work/nystrom/Code/WRFDA/WRFV3_3.9.1_preset_moves_sfc_coeff_param_estim/inc -DEM_CORE=1 -DNMM_CORE=0 -DNMM_MAX_DIM=2600 -DCOAMPS_CORE=0 -DDA_CORE=0 -DEXP_CORE=0 -DIWORDSIZE=4 -DDWORDSIZE=8 -DRWORDSIZE=4 -DLWORDSIZE=4 -DNONSTANDARD_SYSTEM_FUNC  -DWRF_USE_CLM  -DDM_PARALLEL -DNETCDF -DMOVE_NESTS -DUSE_ALLOCATABLES -DGRIB1 -DINTIO -DKEEP_INT_AROUND -DLIMIT_ARGS -DCONFIG_BUF_LEN=65536 -DMAX_DOMAINS_F=21 -DMAX_HISTORY=25 -DNMM_NEST=0  -I. -traditional-cpp   module_cam_cldwat.G  > module_cam_cldwat.H
sed -e "s/gridmu/grid%mu/g" -e "s/gridMu/grid%Mu/g" module_cam_cldwat.H > module_cam_cldwat.bb
/glade/work/nystrom/Code/WRFDA/WRFV3_3.9.1_preset_moves_sfc_coeff_param_estim/tools/standard.exe module_cam_cldwat.bb | /lib/cpp -P -nostdinc -traditional-cpp > module_cam_cldwat.f90
rm -f module_cam_cldwat.G module_cam_cldwat.H module_cam_cldwat.bb
time mpif90 -f90=ifort -o module_cam_cldwat.o -c -O3 -ip -fp-model precise -w -ftz -align all -fno-alias -FR -convert big_endian    -I../dyn_em -I../dyn_nmm   -I/glade/work/nystrom/Code/WRFDA/WRFV3_3.9.1_preset_moves_sfc_coeff_param_estim/external/esmf_time_f90  -I/glade/work/nystrom/Code/WRFDA/WRFV3_3.9.1_preset_moves_sfc_coeff_param_estim/main -I/glade/work/nystrom/Code/WRFDA/WRFV3_3.9.1_preset_moves_sfc_coeff_param_estim/external/io_netcdf -I/glade/work/nystrom/Code/WRFDA/WRFV3_3.9.1_preset_moves_sfc_coeff_param_estim/external/io_int -I/glade/work/nystrom/Code/WRFDA/WRFV3_3.9.1_preset_moves_sfc_coeff_param_estim/frame -I/glade/work/nystrom/Code/WRFDA/WRFV3_3.9.1_preset_moves_sfc_coeff_param_estim/share -I/glade/work/nystrom/Code/WRFDA/WRFV3_3.9.1_preset_moves_sfc_coeff_param_estim/phys -I/glade/work/nystrom/Code/WRFDA/WRFV3_3.9.1_preset_moves_sfc_coeff_param_estim/chem -I/glade/work/nystrom/Code/WRFDA/WRFV3_3.9.1_preset_moves_sfc_coeff_param_estim/inc -I/glade/u/apps/ch/opt/netcdf/4.7.3/intel/19.0.5//include  -real-size `expr 8 \* 4` -i4  module_cam_cldwat.f90

real	0m0.313s
user	0m0.096s
sys	0m0.072s
rm -f module_cam_esinti.o
sed -e "s/grid%mu/gridmu/g" -e "s/grid%Mu/gridMu/g" -e "s/^\!.*'.*//" -e "s/^ *\!.*'.*//" module_cam_esinti.F > module_cam_esinti.G
/lib/cpp -P -nostdinc -I/glade/work/nystrom/Code/WRFDA/WRFV3_3.9.1_preset_moves_sfc_coeff_param_estim/inc -DEM_CORE=1 -DNMM_CORE=0 -DNMM_MAX_DIM=2600 -DCOAMPS_CORE=0 -DDA_CORE=0 -DEXP_CORE=0 -DIWORDSIZE=4 -DDWORDSIZE=8 -DRWORDSIZE=4 -DLWORDSIZE=4 -DNONSTANDARD_SYSTEM_FUNC  -DWRF_USE_CLM  -DDM_PARALLEL -DNETCDF -DMOVE_NESTS -DUSE_ALLOCATABLES -DGRIB1 -DINTIO -DKEEP_INT_AROUND -DLIMIT_ARGS -DCONFIG_BUF_LEN=65536 -DMAX_DOMAINS_F=21 -DMAX_HISTORY=25 -DNMM_NEST=0  -I. -traditional-cpp   module_cam_esinti.G  > module_cam_esinti.H
sed -e "s/gridmu/grid%mu/g" -e "s/gridMu/grid%Mu/g" module_cam_esinti.H > module_cam_esinti.bb
/glade/work/nystrom/Code/WRFDA/WRFV3_3.9.1_preset_moves_sfc_coeff_param_estim/tools/standard.exe module_cam_esinti.bb | /lib/cpp -P -nostdinc -traditional-cpp > module_cam_esinti.f90
rm -f module_cam_esinti.G module_cam_esinti.H module_cam_esinti.bb
time mpif90 -f90=ifort -o module_cam_esinti.o -c -O3 -ip -fp-model precise -w -ftz -align all -fno-alias -FR -convert big_endian    -I../dyn_em -I../dyn_nmm   -I/glade/work/nystrom/Code/WRFDA/WRFV3_3.9.1_preset_moves_sfc_coeff_param_estim/external/esmf_time_f90  -I/glade/work/nystrom/Code/WRFDA/WRFV3_3.9.1_preset_moves_sfc_coeff_param_estim/main -I/glade/work/nystrom/Code/WRFDA/WRFV3_3.9.1_preset_moves_sfc_coeff_param_estim/external/io_netcdf -I/glade/work/nystrom/Code/WRFDA/WRFV3_3.9.1_preset_moves_sfc_coeff_param_estim/external/io_int -I/glade/work/nystrom/Code/WRFDA/WRFV3_3.9.1_preset_moves_sfc_coeff_param_estim/frame -I/glade/work/nystrom/Code/WRFDA/WRFV3_3.9.1_preset_moves_sfc_coeff_param_estim/share -I/glade/work/nystrom/Code/WRFDA/WRFV3_3.9.1_preset_moves_sfc_coeff_param_estim/phys -I/glade/work/nystrom/Code/WRFDA/WRFV3_3.9.1_preset_moves_sfc_coeff_param_estim/chem -I/glade/work/nystrom/Code/WRFDA/WRFV3_3.9.1_preset_moves_sfc_coeff_param_estim/inc -I/glade/u/apps/ch/opt/netcdf/4.7.3/intel/19.0.5//include  -real-size `expr 8 \* 4` -i4  module_cam_esinti.f90

real	0m0.262s
user	0m0.089s
sys	0m0.050s
rm -f module_cam_mp_microp_aero.o
sed -e "s/grid%mu/gridmu/g" -e "s/grid%Mu/gridMu/g" -e "s/^\!.*'.*//" -e "s/^ *\!.*'.*//" module_cam_mp_microp_aero.F > module_cam_mp_microp_aero.G
/lib/cpp -P -nostdinc -I/glade/work/nystrom/Code/WRFDA/WRFV3_3.9.1_preset_moves_sfc_coeff_param_estim/inc -DEM_CORE=1 -DNMM_CORE=0 -DNMM_MAX_DIM=2600 -DCOAMPS_CORE=0 -DDA_CORE=0 -DEXP_CORE=0 -DIWORDSIZE=4 -DDWORDSIZE=8 -DRWORDSIZE=4 -DLWORDSIZE=4 -DNONSTANDARD_SYSTEM_FUNC  -DWRF_USE_CLM  -DDM_PARALLEL -DNETCDF -DMOVE_NESTS -DUSE_ALLOCATABLES -DGRIB1 -DINTIO -DKEEP_INT_AROUND -DLIMIT_ARGS -DCONFIG_BUF_LEN=65536 -DMAX_DOMAINS_F=21 -DMAX_HISTORY=25 -DNMM_NEST=0  -I. -traditional-cpp   module_cam_mp_microp_aero.G  > module_cam_mp_microp_aero.H
sed -e "s/gridmu/grid%mu/g" -e "s/gridMu/grid%Mu/g" module_cam_mp_microp_aero.H > module_cam_mp_microp_aero.bb
/glade/work/nystrom/Code/WRFDA/WRFV3_3.9.1_preset_moves_sfc_coeff_param_estim/tools/standard.exe module_cam_mp_microp_aero.bb | /lib/cpp -P -nostdinc -traditional-cpp > module_cam_mp_microp_aero.f90
rm -f module_cam_mp_microp_aero.G module_cam_mp_microp_aero.H module_cam_mp_microp_aero.bb
time mpif90 -f90=ifort -o module_cam_mp_microp_aero.o -c -O3 -ip -fp-model precise -w -ftz -align all -fno-alias -FR -convert big_endian    -I../dyn_em -I../dyn_nmm   -I/glade/work/nystrom/Code/WRFDA/WRFV3_3.9.1_preset_moves_sfc_coeff_param_estim/external/esmf_time_f90  -I/glade/work/nystrom/Code/WRFDA/WRFV3_3.9.1_preset_moves_sfc_coeff_param_estim/main -I/glade/work/nystrom/Code/WRFDA/WRFV3_3.9.1_preset_moves_sfc_coeff_param_estim/external/io_netcdf -I/glade/work/nystrom/Code/WRFDA/WRFV3_3.9.1_preset_moves_sfc_coeff_param_estim/external/io_int -I/glade/work/nystrom/Code/WRFDA/WRFV3_3.9.1_preset_moves_sfc_coeff_param_estim/frame -I/glade/work/nystrom/Code/WRFDA/WRFV3_3.9.1_preset_moves_sfc_coeff_param_estim/share -I/glade/work/nystrom/Code/WRFDA/WRFV3_3.9.1_preset_moves_sfc_coeff_param_estim/phys -I/glade/work/nystrom/Code/WRFDA/WRFV3_3.9.1_preset_moves_sfc_coeff_param_estim/chem -I/glade/work/nystrom/Code/WRFDA/WRFV3_3.9.1_preset_moves_sfc_coeff_param_estim/inc -I/glade/u/apps/ch/opt/netcdf/4.7.3/intel/19.0.5//include  -real-size `expr 8 \* 4` -i4  module_cam_mp_microp_aero.f90

real	0m1.184s
user	0m0.956s
sys	0m0.106s
rm -f module_bl_camuwpbl_driver.o
sed -e "s/grid%mu/gridmu/g" -e "s/grid%Mu/gridMu/g" -e "s/^\!.*'.*//" -e "s/^ *\!.*'.*//" module_bl_camuwpbl_driver.F > module_bl_camuwpbl_driver.G
/lib/cpp -P -nostdinc -I/glade/work/nystrom/Code/WRFDA/WRFV3_3.9.1_preset_moves_sfc_coeff_param_estim/inc -DEM_CORE=1 -DNMM_CORE=0 -DNMM_MAX_DIM=2600 -DCOAMPS_CORE=0 -DDA_CORE=0 -DEXP_CORE=0 -DIWORDSIZE=4 -DDWORDSIZE=8 -DRWORDSIZE=4 -DLWORDSIZE=4 -DNONSTANDARD_SYSTEM_FUNC  -DWRF_USE_CLM  -DDM_PARALLEL -DNETCDF -DMOVE_NESTS -DUSE_ALLOCATABLES -DGRIB1 -DINTIO -DKEEP_INT_AROUND -DLIMIT_ARGS -DCONFIG_BUF_LEN=65536 -DMAX_DOMAINS_F=21 -DMAX_HISTORY=25 -DNMM_NEST=0  -I. -traditional-cpp   module_bl_camuwpbl_driver.G  > module_bl_camuwpbl_driver.H
sed -e "s/gridmu/grid%mu/g" -e "s/gridMu/grid%Mu/g" module_bl_camuwpbl_driver.H > module_bl_camuwpbl_driver.bb
/glade/work/nystrom/Code/WRFDA/WRFV3_3.9.1_preset_moves_sfc_coeff_param_estim/tools/standard.exe module_bl_camuwpbl_driver.bb | /lib/cpp -P -nostdinc -traditional-cpp > module_bl_camuwpbl_driver.f90
rm -f module_bl_camuwpbl_driver.G module_bl_camuwpbl_driver.H module_bl_camuwpbl_driver.bb
time mpif90 -f90=ifort -o module_bl_camuwpbl_driver.o -c -O3 -ip -fp-model precise -w -ftz -align all -fno-alias -FR -convert big_endian    -I../dyn_em -I../dyn_nmm   -I/glade/work/nystrom/Code/WRFDA/WRFV3_3.9.1_preset_moves_sfc_coeff_param_estim/external/esmf_time_f90  -I/glade/work/nystrom/Code/WRFDA/WRFV3_3.9.1_preset_moves_sfc_coeff_param_estim/main -I/glade/work/nystrom/Code/WRFDA/WRFV3_3.9.1_preset_moves_sfc_coeff_param_estim/external/io_netcdf -I/glade/work/nystrom/Code/WRFDA/WRFV3_3.9.1_preset_moves_sfc_coeff_param_estim/external/io_int -I/glade/work/nystrom/Code/WRFDA/WRFV3_3.9.1_preset_moves_sfc_coeff_param_estim/frame -I/glade/work/nystrom/Code/WRFDA/WRFV3_3.9.1_preset_moves_sfc_coeff_param_estim/share -I/glade/work/nystrom/Code/WRFDA/WRFV3_3.9.1_preset_moves_sfc_coeff_param_estim/phys -I/glade/work/nystrom/Code/WRFDA/WRFV3_3.9.1_preset_moves_sfc_coeff_param_estim/chem -I/glade/work/nystrom/Code/WRFDA/WRFV3_3.9.1_preset_moves_sfc_coeff_param_estim/inc -I/glade/u/apps/ch/opt/netcdf/4.7.3/intel/19.0.5//include  -real-size `expr 8 \* 4` -i4  module_bl_camuwpbl_driver.f90

real	0m6.579s
user	0m6.151s
sys	0m0.239s
rm -f module_mp_cammgmp_driver.o
sed -e "s/grid%mu/gridmu/g" -e "s/grid%Mu/gridMu/g" -e "s/^\!.*'.*//" -e "s/^ *\!.*'.*//" module_mp_cammgmp_driver.F > module_mp_cammgmp_driver.G
/lib/cpp -P -nostdinc -I/glade/work/nystrom/Code/WRFDA/WRFV3_3.9.1_preset_moves_sfc_coeff_param_estim/inc -DEM_CORE=1 -DNMM_CORE=0 -DNMM_MAX_DIM=2600 -DCOAMPS_CORE=0 -DDA_CORE=0 -DEXP_CORE=0 -DIWORDSIZE=4 -DDWORDSIZE=8 -DRWORDSIZE=4 -DLWORDSIZE=4 -DNONSTANDARD_SYSTEM_FUNC  -DWRF_USE_CLM  -DDM_PARALLEL -DNETCDF -DMOVE_NESTS -DUSE_ALLOCATABLES -DGRIB1 -DINTIO -DKEEP_INT_AROUND -DLIMIT_ARGS -DCONFIG_BUF_LEN=65536 -DMAX_DOMAINS_F=21 -DMAX_HISTORY=25 -DNMM_NEST=0  -I. -traditional-cpp   module_mp_cammgmp_driver.G  > module_mp_cammgmp_driver.H
sed -e "s/gridmu/grid%mu/g" -e "s/gridMu/grid%Mu/g" module_mp_cammgmp_driver.H > module_mp_cammgmp_driver.bb
/glade/work/nystrom/Code/WRFDA/WRFV3_3.9.1_preset_moves_sfc_coeff_param_estim/tools/standard.exe module_mp_cammgmp_driver.bb | /lib/cpp -P -nostdinc -traditional-cpp > module_mp_cammgmp_driver.f90
rm -f module_mp_cammgmp_driver.G module_mp_cammgmp_driver.H module_mp_cammgmp_driver.bb
time mpif90 -f90=ifort -o module_mp_cammgmp_driver.o -c -O3 -ip -fp-model precise -w -ftz -align all -fno-alias -FR -convert big_endian    -I../dyn_em -I../dyn_nmm   -I/glade/work/nystrom/Code/WRFDA/WRFV3_3.9.1_preset_moves_sfc_coeff_param_estim/external/esmf_time_f90  -I/glade/work/nystrom/Code/WRFDA/WRFV3_3.9.1_preset_moves_sfc_coeff_param_estim/main -I/glade/work/nystrom/Code/WRFDA/WRFV3_3.9.1_preset_moves_sfc_coeff_param_estim/external/io_netcdf -I/glade/work/nystrom/Code/WRFDA/WRFV3_3.9.1_preset_moves_sfc_coeff_param_estim/external/io_int -I/glade/work/nystrom/Code/WRFDA/WRFV3_3.9.1_preset_moves_sfc_coeff_param_estim/frame -I/glade/work/nystrom/Code/WRFDA/WRFV3_3.9.1_preset_moves_sfc_coeff_param_estim/share -I/glade/work/nystrom/Code/WRFDA/WRFV3_3.9.1_preset_moves_sfc_coeff_param_estim/phys -I/glade/work/nystrom/Code/WRFDA/WRFV3_3.9.1_preset_moves_sfc_coeff_param_estim/chem -I/glade/work/nystrom/Code/WRFDA/WRFV3_3.9.1_preset_moves_sfc_coeff_param_estim/inc -I/glade/u/apps/ch/opt/netcdf/4.7.3/intel/19.0.5//include  -real-size `expr 8 \* 4` -i4  module_mp_cammgmp_driver.f90

real	0m7.159s
user	0m6.771s
sys	0m0.207s
rm -f module_shcu_camuwshcu.o
sed -e "s/grid%mu/gridmu/g" -e "s/grid%Mu/gridMu/g" -e "s/^\!.*'.*//" -e "s/^ *\!.*'.*//" module_shcu_camuwshcu.F > module_shcu_camuwshcu.G
/lib/cpp -P -nostdinc -I/glade/work/nystrom/Code/WRFDA/WRFV3_3.9.1_preset_moves_sfc_coeff_param_estim/inc -DEM_CORE=1 -DNMM_CORE=0 -DNMM_MAX_DIM=2600 -DCOAMPS_CORE=0 -DDA_CORE=0 -DEXP_CORE=0 -DIWORDSIZE=4 -DDWORDSIZE=8 -DRWORDSIZE=4 -DLWORDSIZE=4 -DNONSTANDARD_SYSTEM_FUNC  -DWRF_USE_CLM  -DDM_PARALLEL -DNETCDF -DMOVE_NESTS -DUSE_ALLOCATABLES -DGRIB1 -DINTIO -DKEEP_INT_AROUND -DLIMIT_ARGS -DCONFIG_BUF_LEN=65536 -DMAX_DOMAINS_F=21 -DMAX_HISTORY=25 -DNMM_NEST=0  -I. -traditional-cpp   module_shcu_camuwshcu.G  > module_shcu_camuwshcu.H
sed -e "s/gridmu/grid%mu/g" -e "s/gridMu/grid%Mu/g" module_shcu_camuwshcu.H > module_shcu_camuwshcu.bb
/glade/work/nystrom/Code/WRFDA/WRFV3_3.9.1_preset_moves_sfc_coeff_param_estim/tools/standard.exe module_shcu_camuwshcu.bb | /lib/cpp -P -nostdinc -traditional-cpp > module_shcu_camuwshcu.f90
rm -f module_shcu_camuwshcu.G module_shcu_camuwshcu.H module_shcu_camuwshcu.bb
time mpif90 -f90=ifort -o module_shcu_camuwshcu.o -c -O3 -ip -fp-model precise -w -ftz -align all -fno-alias -FR -convert big_endian    -I../dyn_em -I../dyn_nmm   -I/glade/work/nystrom/Code/WRFDA/WRFV3_3.9.1_preset_moves_sfc_coeff_param_estim/external/esmf_time_f90  -I/glade/work/nystrom/Code/WRFDA/WRFV3_3.9.1_preset_moves_sfc_coeff_param_estim/main -I/glade/work/nystrom/Code/WRFDA/WRFV3_3.9.1_preset_moves_sfc_coeff_param_estim/external/io_netcdf -I/glade/work/nystrom/Code/WRFDA/WRFV3_3.9.1_preset_moves_sfc_coeff_param_estim/external/io_int -I/glade/work/nystrom/Code/WRFDA/WRFV3_3.9.1_preset_moves_sfc_coeff_param_estim/frame -I/glade/work/nystrom/Code/WRFDA/WRFV3_3.9.1_preset_moves_sfc_coeff_param_estim/share -I/glade/work/nystrom/Code/WRFDA/WRFV3_3.9.1_preset_moves_sfc_coeff_param_estim/phys -I/glade/work/nystrom/Code/WRFDA/WRFV3_3.9.1_preset_moves_sfc_coeff_param_estim/chem -I/glade/work/nystrom/Code/WRFDA/WRFV3_3.9.1_preset_moves_sfc_coeff_param_estim/inc -I/glade/u/apps/ch/opt/netcdf/4.7.3/intel/19.0.5//include  -real-size `expr 8 \* 4` -i4  module_shcu_camuwshcu.f90

real	0m15.595s
user	0m15.069s
sys	0m0.377s
rm -f module_cu_camzm.o
sed -e "s/grid%mu/gridmu/g" -e "s/grid%Mu/gridMu/g" -e "s/^\!.*'.*//" -e "s/^ *\!.*'.*//" module_cu_camzm.F > module_cu_camzm.G
/lib/cpp -P -nostdinc -I/glade/work/nystrom/Code/WRFDA/WRFV3_3.9.1_preset_moves_sfc_coeff_param_estim/inc -DEM_CORE=1 -DNMM_CORE=0 -DNMM_MAX_DIM=2600 -DCOAMPS_CORE=0 -DDA_CORE=0 -DEXP_CORE=0 -DIWORDSIZE=4 -DDWORDSIZE=8 -DRWORDSIZE=4 -DLWORDSIZE=4 -DNONSTANDARD_SYSTEM_FUNC  -DWRF_USE_CLM  -DDM_PARALLEL -DNETCDF -DMOVE_NESTS -DUSE_ALLOCATABLES -DGRIB1 -DINTIO -DKEEP_INT_AROUND -DLIMIT_ARGS -DCONFIG_BUF_LEN=65536 -DMAX_DOMAINS_F=21 -DMAX_HISTORY=25 -DNMM_NEST=0  -I. -traditional-cpp   module_cu_camzm.G  > module_cu_camzm.H
sed -e "s/gridmu/grid%mu/g" -e "s/gridMu/grid%Mu/g" module_cu_camzm.H > module_cu_camzm.bb
/glade/work/nystrom/Code/WRFDA/WRFV3_3.9.1_preset_moves_sfc_coeff_param_estim/tools/standard.exe module_cu_camzm.bb | /lib/cpp -P -nostdinc -traditional-cpp > module_cu_camzm.f90
rm -f module_cu_camzm.G module_cu_camzm.H module_cu_camzm.bb
time mpif90 -f90=ifort -o module_cu_camzm.o -c -O3 -ip -fp-model precise -w -ftz -align all -fno-alias -FR -convert big_endian    -I../dyn_em -I../dyn_nmm   -I/glade/work/nystrom/Code/WRFDA/WRFV3_3.9.1_preset_moves_sfc_coeff_param_estim/external/esmf_time_f90  -I/glade/work/nystrom/Code/WRFDA/WRFV3_3.9.1_preset_moves_sfc_coeff_param_estim/main -I/glade/work/nystrom/Code/WRFDA/WRFV3_3.9.1_preset_moves_sfc_coeff_param_estim/external/io_netcdf -I/glade/work/nystrom/Code/WRFDA/WRFV3_3.9.1_preset_moves_sfc_coeff_param_estim/external/io_int -I/glade/work/nystrom/Code/WRFDA/WRFV3_3.9.1_preset_moves_sfc_coeff_param_estim/frame -I/glade/work/nystrom/Code/WRFDA/WRFV3_3.9.1_preset_moves_sfc_coeff_param_estim/share -I/glade/work/nystrom/Code/WRFDA/WRFV3_3.9.1_preset_moves_sfc_coeff_param_estim/phys -I/glade/work/nystrom/Code/WRFDA/WRFV3_3.9.1_preset_moves_sfc_coeff_param_estim/chem -I/glade/work/nystrom/Code/WRFDA/WRFV3_3.9.1_preset_moves_sfc_coeff_param_estim/inc -I/glade/u/apps/ch/opt/netcdf/4.7.3/intel/19.0.5//include  -real-size `expr 8 \* 4` -i4  module_cu_camzm.f90

real	0m5.856s
user	0m5.548s
sys	0m0.154s
rm -f module_cu_kfcup.o
sed -e "s/grid%mu/gridmu/g" -e "s/grid%Mu/gridMu/g" -e "s/^\!.*'.*//" -e "s/^ *\!.*'.*//" module_cu_kfcup.F > module_cu_kfcup.G
/lib/cpp -P -nostdinc -I/glade/work/nystrom/Code/WRFDA/WRFV3_3.9.1_preset_moves_sfc_coeff_param_estim/inc -DEM_CORE=1 -DNMM_CORE=0 -DNMM_MAX_DIM=2600 -DCOAMPS_CORE=0 -DDA_CORE=0 -DEXP_CORE=0 -DIWORDSIZE=4 -DDWORDSIZE=8 -DRWORDSIZE=4 -DLWORDSIZE=4 -DNONSTANDARD_SYSTEM_FUNC  -DWRF_USE_CLM  -DDM_PARALLEL -DNETCDF -DMOVE_NESTS -DUSE_ALLOCATABLES -DGRIB1 -DINTIO -DKEEP_INT_AROUND -DLIMIT_ARGS -DCONFIG_BUF_LEN=65536 -DMAX_DOMAINS_F=21 -DMAX_HISTORY=25 -DNMM_NEST=0  -I. -traditional-cpp   module_cu_kfcup.G  > module_cu_kfcup.H
sed -e "s/gridmu/grid%mu/g" -e "s/gridMu/grid%Mu/g" module_cu_kfcup.H > module_cu_kfcup.bb
/glade/work/nystrom/Code/WRFDA/WRFV3_3.9.1_preset_moves_sfc_coeff_param_estim/tools/standard.exe module_cu_kfcup.bb | /lib/cpp -P -nostdinc -traditional-cpp > module_cu_kfcup.f90
rm -f module_cu_kfcup.G module_cu_kfcup.H module_cu_kfcup.bb
time mpif90 -f90=ifort -o module_cu_kfcup.o -c -O3 -ip -fp-model precise -w -ftz -align all -fno-alias -FR -convert big_endian    -I../dyn_em -I../dyn_nmm   -I/glade/work/nystrom/Code/WRFDA/WRFV3_3.9.1_preset_moves_sfc_coeff_param_estim/external/esmf_time_f90  -I/glade/work/nystrom/Code/WRFDA/WRFV3_3.9.1_preset_moves_sfc_coeff_param_estim/main -I/glade/work/nystrom/Code/WRFDA/WRFV3_3.9.1_preset_moves_sfc_coeff_param_estim/external/io_netcdf -I/glade/work/nystrom/Code/WRFDA/WRFV3_3.9.1_preset_moves_sfc_coeff_param_estim/external/io_int -I/glade/work/nystrom/Code/WRFDA/WRFV3_3.9.1_preset_moves_sfc_coeff_param_estim/frame -I/glade/work/nystrom/Code/WRFDA/WRFV3_3.9.1_preset_moves_sfc_coeff_param_estim/share -I/glade/work/nystrom/Code/WRFDA/WRFV3_3.9.1_preset_moves_sfc_coeff_param_estim/phys -I/glade/work/nystrom/Code/WRFDA/WRFV3_3.9.1_preset_moves_sfc_coeff_param_estim/chem -I/glade/work/nystrom/Code/WRFDA/WRFV3_3.9.1_preset_moves_sfc_coeff_param_estim/inc -I/glade/u/apps/ch/opt/netcdf/4.7.3/intel/19.0.5//include  -real-size `expr 8 \* 4` -i4  module_cu_kfcup.f90

real	0m20.004s
user	0m19.564s
sys	0m0.293s
rm -f module_pbl_driver.o
sed -e "s/grid%mu/gridmu/g" -e "s/grid%Mu/gridMu/g" -e "s/^\!.*'.*//" -e "s/^ *\!.*'.*//" module_pbl_driver.F > module_pbl_driver.G
/lib/cpp -P -nostdinc -I/glade/work/nystrom/Code/WRFDA/WRFV3_3.9.1_preset_moves_sfc_coeff_param_estim/inc -DEM_CORE=1 -DNMM_CORE=0 -DNMM_MAX_DIM=2600 -DCOAMPS_CORE=0 -DDA_CORE=0 -DEXP_CORE=0 -DIWORDSIZE=4 -DDWORDSIZE=8 -DRWORDSIZE=4 -DLWORDSIZE=4 -DNONSTANDARD_SYSTEM_FUNC  -DWRF_USE_CLM  -DDM_PARALLEL -DNETCDF -DMOVE_NESTS -DUSE_ALLOCATABLES -DGRIB1 -DINTIO -DKEEP_INT_AROUND -DLIMIT_ARGS -DCONFIG_BUF_LEN=65536 -DMAX_DOMAINS_F=21 -DMAX_HISTORY=25 -DNMM_NEST=0  -I. -traditional-cpp   module_pbl_driver.G  > module_pbl_driver.H
sed -e "s/gridmu/grid%mu/g" -e "s/gridMu/grid%Mu/g" module_pbl_driver.H > module_pbl_driver.bb
/glade/work/nystrom/Code/WRFDA/WRFV3_3.9.1_preset_moves_sfc_coeff_param_estim/tools/standard.exe module_pbl_driver.bb | /lib/cpp -P -nostdinc -traditional-cpp > module_pbl_driver.f90
rm -f module_pbl_driver.G module_pbl_driver.H module_pbl_driver.bb
time mpif90 -f90=ifort -o module_pbl_driver.o -c -O3 -ip -fp-model precise -w -ftz -align all -fno-alias -FR -convert big_endian    -I../dyn_em -I../dyn_nmm   -I/glade/work/nystrom/Code/WRFDA/WRFV3_3.9.1_preset_moves_sfc_coeff_param_estim/external/esmf_time_f90  -I/glade/work/nystrom/Code/WRFDA/WRFV3_3.9.1_preset_moves_sfc_coeff_param_estim/main -I/glade/work/nystrom/Code/WRFDA/WRFV3_3.9.1_preset_moves_sfc_coeff_param_estim/external/io_netcdf -I/glade/work/nystrom/Code/WRFDA/WRFV3_3.9.1_preset_moves_sfc_coeff_param_estim/external/io_int -I/glade/work/nystrom/Code/WRFDA/WRFV3_3.9.1_preset_moves_sfc_coeff_param_estim/frame -I/glade/work/nystrom/Code/WRFDA/WRFV3_3.9.1_preset_moves_sfc_coeff_param_estim/share -I/glade/work/nystrom/Code/WRFDA/WRFV3_3.9.1_preset_moves_sfc_coeff_param_estim/phys -I/glade/work/nystrom/Code/WRFDA/WRFV3_3.9.1_preset_moves_sfc_coeff_param_estim/chem -I/glade/work/nystrom/Code/WRFDA/WRFV3_3.9.1_preset_moves_sfc_coeff_param_estim/inc -I/glade/u/apps/ch/opt/netcdf/4.7.3/intel/19.0.5//include  -real-size `expr 8 \* 4` -i4  module_pbl_driver.f90

real	0m3.137s
user	0m2.644s
sys	0m0.171s
rm -f module_microphysics_driver.o
sed -e "s/grid%mu/gridmu/g" -e "s/grid%Mu/gridMu/g" -e "s/^\!.*'.*//" -e "s/^ *\!.*'.*//" module_microphysics_driver.F > module_microphysics_driver.G
/lib/cpp -P -nostdinc -I/glade/work/nystrom/Code/WRFDA/WRFV3_3.9.1_preset_moves_sfc_coeff_param_estim/inc -DEM_CORE=1 -DNMM_CORE=0 -DNMM_MAX_DIM=2600 -DCOAMPS_CORE=0 -DDA_CORE=0 -DEXP_CORE=0 -DIWORDSIZE=4 -DDWORDSIZE=8 -DRWORDSIZE=4 -DLWORDSIZE=4 -DNONSTANDARD_SYSTEM_FUNC  -DWRF_USE_CLM  -DDM_PARALLEL -DNETCDF -DMOVE_NESTS -DUSE_ALLOCATABLES -DGRIB1 -DINTIO -DKEEP_INT_AROUND -DLIMIT_ARGS -DCONFIG_BUF_LEN=65536 -DMAX_DOMAINS_F=21 -DMAX_HISTORY=25 -DNMM_NEST=0  -I. -traditional-cpp   module_microphysics_driver.G  > module_microphysics_driver.H
sed -e "s/gridmu/grid%mu/g" -e "s/gridMu/grid%Mu/g" module_microphysics_driver.H > module_microphysics_driver.bb
/glade/work/nystrom/Code/WRFDA/WRFV3_3.9.1_preset_moves_sfc_coeff_param_estim/tools/standard.exe module_microphysics_driver.bb | /lib/cpp -P -nostdinc -traditional-cpp > module_microphysics_driver.f90
rm -f module_microphysics_driver.G module_microphysics_driver.H module_microphysics_driver.bb
time mpif90 -f90=ifort -o module_microphysics_driver.o -c -O3 -ip -fp-model precise -w -ftz -align all -fno-alias -FR -convert big_endian    -I../dyn_em -I../dyn_nmm   -I/glade/work/nystrom/Code/WRFDA/WRFV3_3.9.1_preset_moves_sfc_coeff_param_estim/external/esmf_time_f90  -I/glade/work/nystrom/Code/WRFDA/WRFV3_3.9.1_preset_moves_sfc_coeff_param_estim/main -I/glade/work/nystrom/Code/WRFDA/WRFV3_3.9.1_preset_moves_sfc_coeff_param_estim/external/io_netcdf -I/glade/work/nystrom/Code/WRFDA/WRFV3_3.9.1_preset_moves_sfc_coeff_param_estim/external/io_int -I/glade/work/nystrom/Code/WRFDA/WRFV3_3.9.1_preset_moves_sfc_coeff_param_estim/frame -I/glade/work/nystrom/Code/WRFDA/WRFV3_3.9.1_preset_moves_sfc_coeff_param_estim/share -I/glade/work/nystrom/Code/WRFDA/WRFV3_3.9.1_preset_moves_sfc_coeff_param_estim/phys -I/glade/work/nystrom/Code/WRFDA/WRFV3_3.9.1_preset_moves_sfc_coeff_param_estim/chem -I/glade/work/nystrom/Code/WRFDA/WRFV3_3.9.1_preset_moves_sfc_coeff_param_estim/inc -I/glade/u/apps/ch/opt/netcdf/4.7.3/intel/19.0.5//include  -real-size `expr 8 \* 4` -i4  module_microphysics_driver.f90

real	0m1.890s
user	0m0.988s
sys	0m0.169s
rm -f module_fr_fire_driver_wrf.o
sed -e "s/grid%mu/gridmu/g" -e "s/grid%Mu/gridMu/g" -e "s/^\!.*'.*//" -e "s/^ *\!.*'.*//" module_fr_fire_driver_wrf.F > module_fr_fire_driver_wrf.G
/lib/cpp -P -nostdinc -I/glade/work/nystrom/Code/WRFDA/WRFV3_3.9.1_preset_moves_sfc_coeff_param_estim/inc -DEM_CORE=1 -DNMM_CORE=0 -DNMM_MAX_DIM=2600 -DCOAMPS_CORE=0 -DDA_CORE=0 -DEXP_CORE=0 -DIWORDSIZE=4 -DDWORDSIZE=8 -DRWORDSIZE=4 -DLWORDSIZE=4 -DNONSTANDARD_SYSTEM_FUNC  -DWRF_USE_CLM  -DDM_PARALLEL -DNETCDF -DMOVE_NESTS -DUSE_ALLOCATABLES -DGRIB1 -DINTIO -DKEEP_INT_AROUND -DLIMIT_ARGS -DCONFIG_BUF_LEN=65536 -DMAX_DOMAINS_F=21 -DMAX_HISTORY=25 -DNMM_NEST=0  -I. -traditional-cpp   module_fr_fire_driver_wrf.G  > module_fr_fire_driver_wrf.H
sed -e "s/gridmu/grid%mu/g" -e "s/gridMu/grid%Mu/g" module_fr_fire_driver_wrf.H > module_fr_fire_driver_wrf.bb
/glade/work/nystrom/Code/WRFDA/WRFV3_3.9.1_preset_moves_sfc_coeff_param_estim/tools/standard.exe module_fr_fire_driver_wrf.bb | /lib/cpp -P -nostdinc -traditional-cpp > module_fr_fire_driver_wrf.f90
rm -f module_fr_fire_driver_wrf.G module_fr_fire_driver_wrf.H module_fr_fire_driver_wrf.bb
time mpif90 -f90=ifort -o module_fr_fire_driver_wrf.o -c -O3 -ip -fp-model precise -w -ftz -align all -fno-alias -FR -convert big_endian    -I../dyn_em -I../dyn_nmm   -I/glade/work/nystrom/Code/WRFDA/WRFV3_3.9.1_preset_moves_sfc_coeff_param_estim/external/esmf_time_f90  -I/glade/work/nystrom/Code/WRFDA/WRFV3_3.9.1_preset_moves_sfc_coeff_param_estim/main -I/glade/work/nystrom/Code/WRFDA/WRFV3_3.9.1_preset_moves_sfc_coeff_param_estim/external/io_netcdf -I/glade/work/nystrom/Code/WRFDA/WRFV3_3.9.1_preset_moves_sfc_coeff_param_estim/external/io_int -I/glade/work/nystrom/Code/WRFDA/WRFV3_3.9.1_preset_moves_sfc_coeff_param_estim/frame -I/glade/work/nystrom/Code/WRFDA/WRFV3_3.9.1_preset_moves_sfc_coeff_param_estim/share -I/glade/work/nystrom/Code/WRFDA/WRFV3_3.9.1_preset_moves_sfc_coeff_param_estim/phys -I/glade/work/nystrom/Code/WRFDA/WRFV3_3.9.1_preset_moves_sfc_coeff_param_estim/chem -I/glade/work/nystrom/Code/WRFDA/WRFV3_3.9.1_preset_moves_sfc_coeff_param_estim/inc -I/glade/u/apps/ch/opt/netcdf/4.7.3/intel/19.0.5//include  -real-size `expr 8 \* 4` -i4  module_fr_fire_driver_wrf.f90

real	0m2.295s
user	0m2.026s
sys	0m0.105s
rm -f module_shcu_camuwshcu_driver.o
sed -e "s/grid%mu/gridmu/g" -e "s/grid%Mu/gridMu/g" -e "s/^\!.*'.*//" -e "s/^ *\!.*'.*//" module_shcu_camuwshcu_driver.F > module_shcu_camuwshcu_driver.G
/lib/cpp -P -nostdinc -I/glade/work/nystrom/Code/WRFDA/WRFV3_3.9.1_preset_moves_sfc_coeff_param_estim/inc -DEM_CORE=1 -DNMM_CORE=0 -DNMM_MAX_DIM=2600 -DCOAMPS_CORE=0 -DDA_CORE=0 -DEXP_CORE=0 -DIWORDSIZE=4 -DDWORDSIZE=8 -DRWORDSIZE=4 -DLWORDSIZE=4 -DNONSTANDARD_SYSTEM_FUNC  -DWRF_USE_CLM  -DDM_PARALLEL -DNETCDF -DMOVE_NESTS -DUSE_ALLOCATABLES -DGRIB1 -DINTIO -DKEEP_INT_AROUND -DLIMIT_ARGS -DCONFIG_BUF_LEN=65536 -DMAX_DOMAINS_F=21 -DMAX_HISTORY=25 -DNMM_NEST=0  -I. -traditional-cpp   module_shcu_camuwshcu_driver.G  > module_shcu_camuwshcu_driver.H
sed -e "s/gridmu/grid%mu/g" -e "s/gridMu/grid%Mu/g" module_shcu_camuwshcu_driver.H > module_shcu_camuwshcu_driver.bb
/glade/work/nystrom/Code/WRFDA/WRFV3_3.9.1_preset_moves_sfc_coeff_param_estim/tools/standard.exe module_shcu_camuwshcu_driver.bb | /lib/cpp -P -nostdinc -traditional-cpp > module_shcu_camuwshcu_driver.f90
rm -f module_shcu_camuwshcu_driver.G module_shcu_camuwshcu_driver.H module_shcu_camuwshcu_driver.bb
time mpif90 -f90=ifort -o module_shcu_camuwshcu_driver.o -c -O3 -ip -fp-model precise -w -ftz -align all -fno-alias -FR -convert big_endian    -I../dyn_em -I../dyn_nmm   -I/glade/work/nystrom/Code/WRFDA/WRFV3_3.9.1_preset_moves_sfc_coeff_param_estim/external/esmf_time_f90  -I/glade/work/nystrom/Code/WRFDA/WRFV3_3.9.1_preset_moves_sfc_coeff_param_estim/main -I/glade/work/nystrom/Code/WRFDA/WRFV3_3.9.1_preset_moves_sfc_coeff_param_estim/external/io_netcdf -I/glade/work/nystrom/Code/WRFDA/WRFV3_3.9.1_preset_moves_sfc_coeff_param_estim/external/io_int -I/glade/work/nystrom/Code/WRFDA/WRFV3_3.9.1_preset_moves_sfc_coeff_param_estim/frame -I/glade/work/nystrom/Code/WRFDA/WRFV3_3.9.1_preset_moves_sfc_coeff_param_estim/share -I/glade/work/nystrom/Code/WRFDA/WRFV3_3.9.1_preset_moves_sfc_coeff_param_estim/phys -I/glade/work/nystrom/Code/WRFDA/WRFV3_3.9.1_preset_moves_sfc_coeff_param_estim/chem -I/glade/work/nystrom/Code/WRFDA/WRFV3_3.9.1_preset_moves_sfc_coeff_param_estim/inc -I/glade/u/apps/ch/opt/netcdf/4.7.3/intel/19.0.5//include  -real-size `expr 8 \* 4` -i4  module_shcu_camuwshcu_driver.f90

real	0m1.429s
user	0m1.185s
sys	0m0.120s
rm -f module_cu_camzm_driver.o
sed -e "s/grid%mu/gridmu/g" -e "s/grid%Mu/gridMu/g" -e "s/^\!.*'.*//" -e "s/^ *\!.*'.*//" module_cu_camzm_driver.F > module_cu_camzm_driver.G
/lib/cpp -P -nostdinc -I/glade/work/nystrom/Code/WRFDA/WRFV3_3.9.1_preset_moves_sfc_coeff_param_estim/inc -DEM_CORE=1 -DNMM_CORE=0 -DNMM_MAX_DIM=2600 -DCOAMPS_CORE=0 -DDA_CORE=0 -DEXP_CORE=0 -DIWORDSIZE=4 -DDWORDSIZE=8 -DRWORDSIZE=4 -DLWORDSIZE=4 -DNONSTANDARD_SYSTEM_FUNC  -DWRF_USE_CLM  -DDM_PARALLEL -DNETCDF -DMOVE_NESTS -DUSE_ALLOCATABLES -DGRIB1 -DINTIO -DKEEP_INT_AROUND -DLIMIT_ARGS -DCONFIG_BUF_LEN=65536 -DMAX_DOMAINS_F=21 -DMAX_HISTORY=25 -DNMM_NEST=0  -I. -traditional-cpp   module_cu_camzm_driver.G  > module_cu_camzm_driver.H
sed -e "s/gridmu/grid%mu/g" -e "s/gridMu/grid%Mu/g" module_cu_camzm_driver.H > module_cu_camzm_driver.bb
/glade/work/nystrom/Code/WRFDA/WRFV3_3.9.1_preset_moves_sfc_coeff_param_estim/tools/standard.exe module_cu_camzm_driver.bb | /lib/cpp -P -nostdinc -traditional-cpp > module_cu_camzm_driver.f90
rm -f module_cu_camzm_driver.G module_cu_camzm_driver.H module_cu_camzm_driver.bb
time mpif90 -f90=ifort -o module_cu_camzm_driver.o -c -O3 -ip -fp-model precise -w -ftz -align all -fno-alias -FR -convert big_endian    -I../dyn_em -I../dyn_nmm   -I/glade/work/nystrom/Code/WRFDA/WRFV3_3.9.1_preset_moves_sfc_coeff_param_estim/external/esmf_time_f90  -I/glade/work/nystrom/Code/WRFDA/WRFV3_3.9.1_preset_moves_sfc_coeff_param_estim/main -I/glade/work/nystrom/Code/WRFDA/WRFV3_3.9.1_preset_moves_sfc_coeff_param_estim/external/io_netcdf -I/glade/work/nystrom/Code/WRFDA/WRFV3_3.9.1_preset_moves_sfc_coeff_param_estim/external/io_int -I/glade/work/nystrom/Code/WRFDA/WRFV3_3.9.1_preset_moves_sfc_coeff_param_estim/frame -I/glade/work/nystrom/Code/WRFDA/WRFV3_3.9.1_preset_moves_sfc_coeff_param_estim/share -I/glade/work/nystrom/Code/WRFDA/WRFV3_3.9.1_preset_moves_sfc_coeff_param_estim/phys -I/glade/work/nystrom/Code/WRFDA/WRFV3_3.9.1_preset_moves_sfc_coeff_param_estim/chem -I/glade/work/nystrom/Code/WRFDA/WRFV3_3.9.1_preset_moves_sfc_coeff_param_estim/inc -I/glade/u/apps/ch/opt/netcdf/4.7.3/intel/19.0.5//include  -real-size `expr 8 \* 4` -i4  module_cu_camzm_driver.f90

real	0m7.443s
user	0m7.089s
sys	0m0.209s
rm -f module_shallowcu_driver.o
sed -e "s/grid%mu/gridmu/g" -e "s/grid%Mu/gridMu/g" -e "s/^\!.*'.*//" -e "s/^ *\!.*'.*//" module_shallowcu_driver.F > module_shallowcu_driver.G
/lib/cpp -P -nostdinc -I/glade/work/nystrom/Code/WRFDA/WRFV3_3.9.1_preset_moves_sfc_coeff_param_estim/inc -DEM_CORE=1 -DNMM_CORE=0 -DNMM_MAX_DIM=2600 -DCOAMPS_CORE=0 -DDA_CORE=0 -DEXP_CORE=0 -DIWORDSIZE=4 -DDWORDSIZE=8 -DRWORDSIZE=4 -DLWORDSIZE=4 -DNONSTANDARD_SYSTEM_FUNC  -DWRF_USE_CLM  -DDM_PARALLEL -DNETCDF -DMOVE_NESTS -DUSE_ALLOCATABLES -DGRIB1 -DINTIO -DKEEP_INT_AROUND -DLIMIT_ARGS -DCONFIG_BUF_LEN=65536 -DMAX_DOMAINS_F=21 -DMAX_HISTORY=25 -DNMM_NEST=0  -I. -traditional-cpp   module_shallowcu_driver.G  > module_shallowcu_driver.H
sed -e "s/gridmu/grid%mu/g" -e "s/gridMu/grid%Mu/g" module_shallowcu_driver.H > module_shallowcu_driver.bb
/glade/work/nystrom/Code/WRFDA/WRFV3_3.9.1_preset_moves_sfc_coeff_param_estim/tools/standard.exe module_shallowcu_driver.bb | /lib/cpp -P -nostdinc -traditional-cpp > module_shallowcu_driver.f90
rm -f module_shallowcu_driver.G module_shallowcu_driver.H module_shallowcu_driver.bb
time mpif90 -f90=ifort -o module_shallowcu_driver.o -c -O3 -ip -fp-model precise -w -ftz -align all -fno-alias -FR -convert big_endian    -I../dyn_em -I../dyn_nmm   -I/glade/work/nystrom/Code/WRFDA/WRFV3_3.9.1_preset_moves_sfc_coeff_param_estim/external/esmf_time_f90  -I/glade/work/nystrom/Code/WRFDA/WRFV3_3.9.1_preset_moves_sfc_coeff_param_estim/main -I/glade/work/nystrom/Code/WRFDA/WRFV3_3.9.1_preset_moves_sfc_coeff_param_estim/external/io_netcdf -I/glade/work/nystrom/Code/WRFDA/WRFV3_3.9.1_preset_moves_sfc_coeff_param_estim/external/io_int -I/glade/work/nystrom/Code/WRFDA/WRFV3_3.9.1_preset_moves_sfc_coeff_param_estim/frame -I/glade/work/nystrom/Code/WRFDA/WRFV3_3.9.1_preset_moves_sfc_coeff_param_estim/share -I/glade/work/nystrom/Code/WRFDA/WRFV3_3.9.1_preset_moves_sfc_coeff_param_estim/phys -I/glade/work/nystrom/Code/WRFDA/WRFV3_3.9.1_preset_moves_sfc_coeff_param_estim/chem -I/glade/work/nystrom/Code/WRFDA/WRFV3_3.9.1_preset_moves_sfc_coeff_param_estim/inc -I/glade/u/apps/ch/opt/netcdf/4.7.3/intel/19.0.5//include  -real-size `expr 8 \* 4` -i4  module_shallowcu_driver.f90

real	0m0.803s
user	0m0.446s
sys	0m0.115s
rm -f module_cumulus_driver.o
sed -e "s/grid%mu/gridmu/g" -e "s/grid%Mu/gridMu/g" -e "s/^\!.*'.*//" -e "s/^ *\!.*'.*//" module_cumulus_driver.F > module_cumulus_driver.G
/lib/cpp -P -nostdinc -I/glade/work/nystrom/Code/WRFDA/WRFV3_3.9.1_preset_moves_sfc_coeff_param_estim/inc -DEM_CORE=1 -DNMM_CORE=0 -DNMM_MAX_DIM=2600 -DCOAMPS_CORE=0 -DDA_CORE=0 -DEXP_CORE=0 -DIWORDSIZE=4 -DDWORDSIZE=8 -DRWORDSIZE=4 -DLWORDSIZE=4 -DNONSTANDARD_SYSTEM_FUNC  -DWRF_USE_CLM  -DDM_PARALLEL -DNETCDF -DMOVE_NESTS -DUSE_ALLOCATABLES -DGRIB1 -DINTIO -DKEEP_INT_AROUND -DLIMIT_ARGS -DCONFIG_BUF_LEN=65536 -DMAX_DOMAINS_F=21 -DMAX_HISTORY=25 -DNMM_NEST=0  -I. -traditional-cpp   module_cumulus_driver.G  > module_cumulus_driver.H
sed -e "s/gridmu/grid%mu/g" -e "s/gridMu/grid%Mu/g" module_cumulus_driver.H > module_cumulus_driver.bb
/glade/work/nystrom/Code/WRFDA/WRFV3_3.9.1_preset_moves_sfc_coeff_param_estim/tools/standard.exe module_cumulus_driver.bb | /lib/cpp -P -nostdinc -traditional-cpp > module_cumulus_driver.f90
rm -f module_cumulus_driver.G module_cumulus_driver.H module_cumulus_driver.bb
time mpif90 -f90=ifort -o module_cumulus_driver.o -c -O3 -ip -fp-model precise -w -ftz -align all -fno-alias -FR -convert big_endian    -I../dyn_em -I../dyn_nmm   -I/glade/work/nystrom/Code/WRFDA/WRFV3_3.9.1_preset_moves_sfc_coeff_param_estim/external/esmf_time_f90  -I/glade/work/nystrom/Code/WRFDA/WRFV3_3.9.1_preset_moves_sfc_coeff_param_estim/main -I/glade/work/nystrom/Code/WRFDA/WRFV3_3.9.1_preset_moves_sfc_coeff_param_estim/external/io_netcdf -I/glade/work/nystrom/Code/WRFDA/WRFV3_3.9.1_preset_moves_sfc_coeff_param_estim/external/io_int -I/glade/work/nystrom/Code/WRFDA/WRFV3_3.9.1_preset_moves_sfc_coeff_param_estim/frame -I/glade/work/nystrom/Code/WRFDA/WRFV3_3.9.1_preset_moves_sfc_coeff_param_estim/share -I/glade/work/nystrom/Code/WRFDA/WRFV3_3.9.1_preset_moves_sfc_coeff_param_estim/phys -I/glade/work/nystrom/Code/WRFDA/WRFV3_3.9.1_preset_moves_sfc_coeff_param_estim/chem -I/glade/work/nystrom/Code/WRFDA/WRFV3_3.9.1_preset_moves_sfc_coeff_param_estim/inc -I/glade/u/apps/ch/opt/netcdf/4.7.3/intel/19.0.5//include  -real-size `expr 8 \* 4` -i4  module_cumulus_driver.f90

real	0m2.860s
user	0m1.640s
sys	0m0.480s

real	15m23.744s
user	15m18.954s
sys	0m3.939s
rm -f module_physics_init.o
rm -f module_surface_driver.o
sed -e "s/grid%mu/gridmu/g" -e "s/grid%Mu/gridMu/g" -e "s/^\!.*'.*//" -e "s/^ *\!.*'.*//" module_surface_driver.F > module_surface_driver.G
/lib/cpp -P -nostdinc -I/glade/work/nystrom/Code/WRFDA/WRFV3_3.9.1_preset_moves_sfc_coeff_param_estim/inc -DEM_CORE=1 -DNMM_CORE=0 -DNMM_MAX_DIM=2600 -DCOAMPS_CORE=0 -DDA_CORE=0 -DEXP_CORE=0 -DIWORDSIZE=4 -DDWORDSIZE=8 -DRWORDSIZE=4 -DLWORDSIZE=4 -DNONSTANDARD_SYSTEM_FUNC  -DWRF_USE_CLM  -DDM_PARALLEL -DNETCDF -DMOVE_NESTS -DUSE_ALLOCATABLES -DGRIB1 -DINTIO -DKEEP_INT_AROUND -DLIMIT_ARGS -DCONFIG_BUF_LEN=65536 -DMAX_DOMAINS_F=21 -DMAX_HISTORY=25 -DNMM_NEST=0  -I. -traditional-cpp   module_physics_init.F  > module_physics_init.bb
/lib/cpp -P -nostdinc -I/glade/work/nystrom/Code/WRFDA/WRFV3_3.9.1_preset_moves_sfc_coeff_param_estim/inc -DEM_CORE=1 -DNMM_CORE=0 -DNMM_MAX_DIM=2600 -DCOAMPS_CORE=0 -DDA_CORE=0 -DEXP_CORE=0 -DIWORDSIZE=4 -DDWORDSIZE=8 -DRWORDSIZE=4 -DLWORDSIZE=4 -DNONSTANDARD_SYSTEM_FUNC  -DWRF_USE_CLM  -DDM_PARALLEL -DNETCDF -DMOVE_NESTS -DUSE_ALLOCATABLES -DGRIB1 -DINTIO -DKEEP_INT_AROUND -DLIMIT_ARGS -DCONFIG_BUF_LEN=65536 -DMAX_DOMAINS_F=21 -DMAX_HISTORY=25 -DNMM_NEST=0  -I. -traditional-cpp   module_surface_driver.G  > module_surface_driver.H
/glade/work/nystrom/Code/WRFDA/WRFV3_3.9.1_preset_moves_sfc_coeff_param_estim/tools/standard.exe module_physics_init.bb | /lib/cpp -P -nostdinc -traditional-cpp > module_physics_init.f90
sed -e "s/gridmu/grid%mu/g" -e "s/gridMu/grid%Mu/g" module_surface_driver.H > module_surface_driver.bb
/glade/work/nystrom/Code/WRFDA/WRFV3_3.9.1_preset_moves_sfc_coeff_param_estim/tools/standard.exe module_surface_driver.bb | /lib/cpp -P -nostdinc -traditional-cpp > module_surface_driver.f90
rm -f module_surface_driver.G module_surface_driver.H module_surface_driver.bb
rm -f module_physics_init.b module_physics_init.bb
time mpif90 -f90=ifort -c -real-size `expr 8 \* 4` -i4  -O0 -fno-inline -no-ip -ip -fp-model precise -w -ftz -align all -fno-alias -FR -convert big_endian   -I../dyn_em -I../dyn_nmm   -I/glade/work/nystrom/Code/WRFDA/WRFV3_3.9.1_preset_moves_sfc_coeff_param_estim/external/esmf_time_f90  -I/glade/work/nystrom/Code/WRFDA/WRFV3_3.9.1_preset_moves_sfc_coeff_param_estim/main -I/glade/work/nystrom/Code/WRFDA/WRFV3_3.9.1_preset_moves_sfc_coeff_param_estim/external/io_netcdf -I/glade/work/nystrom/Code/WRFDA/WRFV3_3.9.1_preset_moves_sfc_coeff_param_estim/external/io_int -I/glade/work/nystrom/Code/WRFDA/WRFV3_3.9.1_preset_moves_sfc_coeff_param_estim/frame -I/glade/work/nystrom/Code/WRFDA/WRFV3_3.9.1_preset_moves_sfc_coeff_param_estim/share -I/glade/work/nystrom/Code/WRFDA/WRFV3_3.9.1_preset_moves_sfc_coeff_param_estim/phys -I/glade/work/nystrom/Code/WRFDA/WRFV3_3.9.1_preset_moves_sfc_coeff_param_estim/chem -I/glade/work/nystrom/Code/WRFDA/WRFV3_3.9.1_preset_moves_sfc_coeff_param_estim/inc -I/glade/u/apps/ch/opt/netcdf/4.7.3/intel/19.0.5//include  module_physics_init.f90
time mpif90 -f90=ifort -o module_surface_driver.o -c -O3 -ip -fp-model precise -w -ftz -align all -fno-alias -FR -convert big_endian    -I../dyn_em -I../dyn_nmm   -I/glade/work/nystrom/Code/WRFDA/WRFV3_3.9.1_preset_moves_sfc_coeff_param_estim/external/esmf_time_f90  -I/glade/work/nystrom/Code/WRFDA/WRFV3_3.9.1_preset_moves_sfc_coeff_param_estim/main -I/glade/work/nystrom/Code/WRFDA/WRFV3_3.9.1_preset_moves_sfc_coeff_param_estim/external/io_netcdf -I/glade/work/nystrom/Code/WRFDA/WRFV3_3.9.1_preset_moves_sfc_coeff_param_estim/external/io_int -I/glade/work/nystrom/Code/WRFDA/WRFV3_3.9.1_preset_moves_sfc_coeff_param_estim/frame -I/glade/work/nystrom/Code/WRFDA/WRFV3_3.9.1_preset_moves_sfc_coeff_param_estim/share -I/glade/work/nystrom/Code/WRFDA/WRFV3_3.9.1_preset_moves_sfc_coeff_param_estim/phys -I/glade/work/nystrom/Code/WRFDA/WRFV3_3.9.1_preset_moves_sfc_coeff_param_estim/chem -I/glade/work/nystrom/Code/WRFDA/WRFV3_3.9.1_preset_moves_sfc_coeff_param_estim/inc -I/glade/u/apps/ch/opt/netcdf/4.7.3/intel/19.0.5//include  -real-size `expr 8 \* 4` -i4  module_surface_driver.f90

real	0m3.134s
user	0m1.628s
sys	0m0.170s

real	0m17.855s
user	0m17.049s
sys	0m0.274s
make[3]: Leaving directory '/glade/work/nystrom/Code/WRFDA/WRFV3_3.9.1_preset_moves_sfc_coeff_param_estim/phys'
make[2]: Leaving directory '/glade/work/nystrom/Code/WRFDA/WRFV3_3.9.1_preset_moves_sfc_coeff_param_estim/phys'
make[1]: Leaving directory '/glade/work/nystrom/Code/WRFDA/WRFV3_3.9.1_preset_moves_sfc_coeff_param_estim'
if [ 0  -eq 1 ]    ; then make -i -r MODULE_DIRS="-I../dyn_em -I../dyn_nmm   -I/glade/work/nystrom/Code/WRFDA/WRFV3_3.9.1_preset_moves_sfc_coeff_param_estim/external/esmf_time_f90  -I/glade/work/nystrom/Code/WRFDA/WRFV3_3.9.1_preset_moves_sfc_coeff_param_estim/main -I/glade/work/nystrom/Code/WRFDA/WRFV3_3.9.1_preset_moves_sfc_coeff_param_estim/external/io_netcdf -I/glade/work/nystrom/Code/WRFDA/WRFV3_3.9.1_preset_moves_sfc_coeff_param_estim/external/io_int -I/glade/work/nystrom/Code/WRFDA/WRFV3_3.9.1_preset_moves_sfc_coeff_param_estim/frame -I/glade/work/nystrom/Code/WRFDA/WRFV3_3.9.1_preset_moves_sfc_coeff_param_estim/share -I/glade/work/nystrom/Code/WRFDA/WRFV3_3.9.1_preset_moves_sfc_coeff_param_estim/phys -I/glade/work/nystrom/Code/WRFDA/WRFV3_3.9.1_preset_moves_sfc_coeff_param_estim/chem -I/glade/work/nystrom/Code/WRFDA/WRFV3_3.9.1_preset_moves_sfc_coeff_param_estim/inc -I/glade/u/apps/ch/opt/netcdf/4.7.3/intel/19.0.5//include " chemics ; fi
if [ 1 -eq 1 ]    ; then make -i -r MODULE_DIRS="-I../dyn_em -I../dyn_nmm   -I/glade/work/nystrom/Code/WRFDA/WRFV3_3.9.1_preset_moves_sfc_coeff_param_estim/external/esmf_time_f90  -I/glade/work/nystrom/Code/WRFDA/WRFV3_3.9.1_preset_moves_sfc_coeff_param_estim/main -I/glade/work/nystrom/Code/WRFDA/WRFV3_3.9.1_preset_moves_sfc_coeff_param_estim/external/io_netcdf -I/glade/work/nystrom/Code/WRFDA/WRFV3_3.9.1_preset_moves_sfc_coeff_param_estim/external/io_int -I/glade/work/nystrom/Code/WRFDA/WRFV3_3.9.1_preset_moves_sfc_coeff_param_estim/frame -I/glade/work/nystrom/Code/WRFDA/WRFV3_3.9.1_preset_moves_sfc_coeff_param_estim/share -I/glade/work/nystrom/Code/WRFDA/WRFV3_3.9.1_preset_moves_sfc_coeff_param_estim/phys -I/glade/work/nystrom/Code/WRFDA/WRFV3_3.9.1_preset_moves_sfc_coeff_param_estim/chem -I/glade/work/nystrom/Code/WRFDA/WRFV3_3.9.1_preset_moves_sfc_coeff_param_estim/inc -I/glade/u/apps/ch/opt/netcdf/4.7.3/intel/19.0.5//include " em_core ; fi
make[1]: Entering directory '/glade/work/nystrom/Code/WRFDA/WRFV3_3.9.1_preset_moves_sfc_coeff_param_estim'
--------------------------------------
if [ 0  -eq 0 ] ; then \
	CF= ; \
else \
	CF="../chem/module_aerosols_sorgam.o ../chem/module_gocart_aerosols.o ../chem/module_mosaic_driver.o ../chem/module_input_tracer.o ../chem/module_aerosols_soa_vbs.o" ; \
fi
( cd dyn_em ; make -i -r -j 2 CF="" )
make[2]: Entering directory '/glade/work/nystrom/Code/WRFDA/WRFV3_3.9.1_preset_moves_sfc_coeff_param_estim/dyn_em'
rm -f module_advect_em.o
sed -e "s/grid%mu/gridmu/g" -e "s/grid%Mu/gridMu/g" -e "s/^\!.*'.*//" -e "s/^ *\!.*'.*//" module_advect_em.F > module_advect_em.G
rm -f module_big_step_utilities_em.o
sed -e "s/grid%mu/gridmu/g" -e "s/grid%Mu/gridMu/g" -e "s/^\!.*'.*//" -e "s/^ *\!.*'.*//" module_big_step_utilities_em.F > module_big_step_utilities_em.G
/lib/cpp -P -nostdinc -I/glade/work/nystrom/Code/WRFDA/WRFV3_3.9.1_preset_moves_sfc_coeff_param_estim/inc -DEM_CORE=1 -DNMM_CORE=0 -DNMM_MAX_DIM=2600 -DCOAMPS_CORE=0 -DDA_CORE=0 -DEXP_CORE=0 -DIWORDSIZE=4 -DDWORDSIZE=8 -DRWORDSIZE=4 -DLWORDSIZE=4 -DNONSTANDARD_SYSTEM_FUNC  -DWRF_USE_CLM  -DDM_PARALLEL -DNETCDF -DMOVE_NESTS -DUSE_ALLOCATABLES -DGRIB1 -DINTIO -DKEEP_INT_AROUND -DLIMIT_ARGS -DCONFIG_BUF_LEN=65536 -DMAX_DOMAINS_F=21 -DMAX_HISTORY=25 -DNMM_NEST=0  -I. -traditional-cpp   module_big_step_utilities_em.G  > module_big_step_utilities_em.H
sed -e "s/gridmu/grid%mu/g" -e "s/gridMu/grid%Mu/g" module_big_step_utilities_em.H > module_big_step_utilities_em.bb
/lib/cpp -P -nostdinc -I/glade/work/nystrom/Code/WRFDA/WRFV3_3.9.1_preset_moves_sfc_coeff_param_estim/inc -DEM_CORE=1 -DNMM_CORE=0 -DNMM_MAX_DIM=2600 -DCOAMPS_CORE=0 -DDA_CORE=0 -DEXP_CORE=0 -DIWORDSIZE=4 -DDWORDSIZE=8 -DRWORDSIZE=4 -DLWORDSIZE=4 -DNONSTANDARD_SYSTEM_FUNC  -DWRF_USE_CLM  -DDM_PARALLEL -DNETCDF -DMOVE_NESTS -DUSE_ALLOCATABLES -DGRIB1 -DINTIO -DKEEP_INT_AROUND -DLIMIT_ARGS -DCONFIG_BUF_LEN=65536 -DMAX_DOMAINS_F=21 -DMAX_HISTORY=25 -DNMM_NEST=0  -I. -traditional-cpp   module_advect_em.G  > module_advect_em.H
/glade/work/nystrom/Code/WRFDA/WRFV3_3.9.1_preset_moves_sfc_coeff_param_estim/tools/standard.exe module_big_step_utilities_em.bb | /lib/cpp -P -nostdinc -traditional-cpp > module_big_step_utilities_em.f90
sed -e "s/gridmu/grid%mu/g" -e "s/gridMu/grid%Mu/g" module_advect_em.H > module_advect_em.bb
rm -f module_big_step_utilities_em.G module_big_step_utilities_em.H module_big_step_utilities_em.bb
time mpif90 -f90=ifort -o module_big_step_utilities_em.o -c -O3 -ip -fp-model precise -w -ftz -align all -fno-alias -FR -convert big_endian    -I../dyn_em -I../dyn_nmm   -I/glade/work/nystrom/Code/WRFDA/WRFV3_3.9.1_preset_moves_sfc_coeff_param_estim/external/esmf_time_f90  -I/glade/work/nystrom/Code/WRFDA/WRFV3_3.9.1_preset_moves_sfc_coeff_param_estim/main -I/glade/work/nystrom/Code/WRFDA/WRFV3_3.9.1_preset_moves_sfc_coeff_param_estim/external/io_netcdf -I/glade/work/nystrom/Code/WRFDA/WRFV3_3.9.1_preset_moves_sfc_coeff_param_estim/external/io_int -I/glade/work/nystrom/Code/WRFDA/WRFV3_3.9.1_preset_moves_sfc_coeff_param_estim/frame -I/glade/work/nystrom/Code/WRFDA/WRFV3_3.9.1_preset_moves_sfc_coeff_param_estim/share -I/glade/work/nystrom/Code/WRFDA/WRFV3_3.9.1_preset_moves_sfc_coeff_param_estim/phys -I/glade/work/nystrom/Code/WRFDA/WRFV3_3.9.1_preset_moves_sfc_coeff_param_estim/chem -I/glade/work/nystrom/Code/WRFDA/WRFV3_3.9.1_preset_moves_sfc_coeff_param_estim/inc -I/glade/u/apps/ch/opt/netcdf/4.7.3/intel/19.0.5//include  -real-size `expr 8 \* 4` -i4  module_big_step_utilities_em.f90
/glade/work/nystrom/Code/WRFDA/WRFV3_3.9.1_preset_moves_sfc_coeff_param_estim/tools/standard.exe module_advect_em.bb | /lib/cpp -P -nostdinc -traditional-cpp > module_advect_em.f90
rm -f module_advect_em.G module_advect_em.H module_advect_em.bb
time mpif90 -f90=ifort -o module_advect_em.o -c -O3 -ip -fp-model precise -w -ftz -align all -fno-alias -FR -convert big_endian    -I../dyn_em -I../dyn_nmm   -I/glade/work/nystrom/Code/WRFDA/WRFV3_3.9.1_preset_moves_sfc_coeff_param_estim/external/esmf_time_f90  -I/glade/work/nystrom/Code/WRFDA/WRFV3_3.9.1_preset_moves_sfc_coeff_param_estim/main -I/glade/work/nystrom/Code/WRFDA/WRFV3_3.9.1_preset_moves_sfc_coeff_param_estim/external/io_netcdf -I/glade/work/nystrom/Code/WRFDA/WRFV3_3.9.1_preset_moves_sfc_coeff_param_estim/external/io_int -I/glade/work/nystrom/Code/WRFDA/WRFV3_3.9.1_preset_moves_sfc_coeff_param_estim/frame -I/glade/work/nystrom/Code/WRFDA/WRFV3_3.9.1_preset_moves_sfc_coeff_param_estim/share -I/glade/work/nystrom/Code/WRFDA/WRFV3_3.9.1_preset_moves_sfc_coeff_param_estim/phys -I/glade/work/nystrom/Code/WRFDA/WRFV3_3.9.1_preset_moves_sfc_coeff_param_estim/chem -I/glade/work/nystrom/Code/WRFDA/WRFV3_3.9.1_preset_moves_sfc_coeff_param_estim/inc -I/glade/u/apps/ch/opt/netcdf/4.7.3/intel/19.0.5//include  -real-size `expr 8 \* 4` -i4  module_advect_em.f90

real	0m23.540s
user	0m22.961s
sys	0m0.369s
rm -f module_small_step_em.o
sed -e "s/grid%mu/gridmu/g" -e "s/grid%Mu/gridMu/g" -e "s/^\!.*'.*//" -e "s/^ *\!.*'.*//" module_small_step_em.F > module_small_step_em.G
/lib/cpp -P -nostdinc -I/glade/work/nystrom/Code/WRFDA/WRFV3_3.9.1_preset_moves_sfc_coeff_param_estim/inc -DEM_CORE=1 -DNMM_CORE=0 -DNMM_MAX_DIM=2600 -DCOAMPS_CORE=0 -DDA_CORE=0 -DEXP_CORE=0 -DIWORDSIZE=4 -DDWORDSIZE=8 -DRWORDSIZE=4 -DLWORDSIZE=4 -DNONSTANDARD_SYSTEM_FUNC  -DWRF_USE_CLM  -DDM_PARALLEL -DNETCDF -DMOVE_NESTS -DUSE_ALLOCATABLES -DGRIB1 -DINTIO -DKEEP_INT_AROUND -DLIMIT_ARGS -DCONFIG_BUF_LEN=65536 -DMAX_DOMAINS_F=21 -DMAX_HISTORY=25 -DNMM_NEST=0  -I. -traditional-cpp   module_small_step_em.G  > module_small_step_em.H
sed -e "s/gridmu/grid%mu/g" -e "s/gridMu/grid%Mu/g" module_small_step_em.H > module_small_step_em.bb
/glade/work/nystrom/Code/WRFDA/WRFV3_3.9.1_preset_moves_sfc_coeff_param_estim/tools/standard.exe module_small_step_em.bb | /lib/cpp -P -nostdinc -traditional-cpp > module_small_step_em.f90
rm -f module_small_step_em.G module_small_step_em.H module_small_step_em.bb
time mpif90 -f90=ifort -o module_small_step_em.o -c -O3 -ip -fp-model precise -w -ftz -align all -fno-alias -FR -convert big_endian    -I../dyn_em -I../dyn_nmm   -I/glade/work/nystrom/Code/WRFDA/WRFV3_3.9.1_preset_moves_sfc_coeff_param_estim/external/esmf_time_f90  -I/glade/work/nystrom/Code/WRFDA/WRFV3_3.9.1_preset_moves_sfc_coeff_param_estim/main -I/glade/work/nystrom/Code/WRFDA/WRFV3_3.9.1_preset_moves_sfc_coeff_param_estim/external/io_netcdf -I/glade/work/nystrom/Code/WRFDA/WRFV3_3.9.1_preset_moves_sfc_coeff_param_estim/external/io_int -I/glade/work/nystrom/Code/WRFDA/WRFV3_3.9.1_preset_moves_sfc_coeff_param_estim/frame -I/glade/work/nystrom/Code/WRFDA/WRFV3_3.9.1_preset_moves_sfc_coeff_param_estim/share -I/glade/work/nystrom/Code/WRFDA/WRFV3_3.9.1_preset_moves_sfc_coeff_param_estim/phys -I/glade/work/nystrom/Code/WRFDA/WRFV3_3.9.1_preset_moves_sfc_coeff_param_estim/chem -I/glade/work/nystrom/Code/WRFDA/WRFV3_3.9.1_preset_moves_sfc_coeff_param_estim/inc -I/glade/u/apps/ch/opt/netcdf/4.7.3/intel/19.0.5//include  -real-size `expr 8 \* 4` -i4  module_small_step_em.f90

real	0m7.080s
user	0m6.820s
sys	0m0.104s
rm -f module_damping_em.o
sed -e "s/grid%mu/gridmu/g" -e "s/grid%Mu/gridMu/g" -e "s/^\!.*'.*//" -e "s/^ *\!.*'.*//" module_damping_em.F > module_damping_em.G
/lib/cpp -P -nostdinc -I/glade/work/nystrom/Code/WRFDA/WRFV3_3.9.1_preset_moves_sfc_coeff_param_estim/inc -DEM_CORE=1 -DNMM_CORE=0 -DNMM_MAX_DIM=2600 -DCOAMPS_CORE=0 -DDA_CORE=0 -DEXP_CORE=0 -DIWORDSIZE=4 -DDWORDSIZE=8 -DRWORDSIZE=4 -DLWORDSIZE=4 -DNONSTANDARD_SYSTEM_FUNC  -DWRF_USE_CLM  -DDM_PARALLEL -DNETCDF -DMOVE_NESTS -DUSE_ALLOCATABLES -DGRIB1 -DINTIO -DKEEP_INT_AROUND -DLIMIT_ARGS -DCONFIG_BUF_LEN=65536 -DMAX_DOMAINS_F=21 -DMAX_HISTORY=25 -DNMM_NEST=0  -I. -traditional-cpp   module_damping_em.G  > module_damping_em.H
sed -e "s/gridmu/grid%mu/g" -e "s/gridMu/grid%Mu/g" module_damping_em.H > module_damping_em.bb
/glade/work/nystrom/Code/WRFDA/WRFV3_3.9.1_preset_moves_sfc_coeff_param_estim/tools/standard.exe module_damping_em.bb | /lib/cpp -P -nostdinc -traditional-cpp > module_damping_em.f90
rm -f module_damping_em.G module_damping_em.H module_damping_em.bb
time mpif90 -f90=ifort -o module_damping_em.o -c -O3 -ip -fp-model precise -w -ftz -align all -fno-alias -FR -convert big_endian    -I../dyn_em -I../dyn_nmm   -I/glade/work/nystrom/Code/WRFDA/WRFV3_3.9.1_preset_moves_sfc_coeff_param_estim/external/esmf_time_f90  -I/glade/work/nystrom/Code/WRFDA/WRFV3_3.9.1_preset_moves_sfc_coeff_param_estim/main -I/glade/work/nystrom/Code/WRFDA/WRFV3_3.9.1_preset_moves_sfc_coeff_param_estim/external/io_netcdf -I/glade/work/nystrom/Code/WRFDA/WRFV3_3.9.1_preset_moves_sfc_coeff_param_estim/external/io_int -I/glade/work/nystrom/Code/WRFDA/WRFV3_3.9.1_preset_moves_sfc_coeff_param_estim/frame -I/glade/work/nystrom/Code/WRFDA/WRFV3_3.9.1_preset_moves_sfc_coeff_param_estim/share -I/glade/work/nystrom/Code/WRFDA/WRFV3_3.9.1_preset_moves_sfc_coeff_param_estim/phys -I/glade/work/nystrom/Code/WRFDA/WRFV3_3.9.1_preset_moves_sfc_coeff_param_estim/chem -I/glade/work/nystrom/Code/WRFDA/WRFV3_3.9.1_preset_moves_sfc_coeff_param_estim/inc -I/glade/u/apps/ch/opt/netcdf/4.7.3/intel/19.0.5//include  -real-size `expr 8 \* 4` -i4  module_damping_em.f90

real	0m0.396s
user	0m0.221s
sys	0m0.059s
rm -f module_solvedebug_em.o
sed -e "s/grid%mu/gridmu/g" -e "s/grid%Mu/gridMu/g" -e "s/^\!.*'.*//" -e "s/^ *\!.*'.*//" module_solvedebug_em.F > module_solvedebug_em.G
/lib/cpp -P -nostdinc -I/glade/work/nystrom/Code/WRFDA/WRFV3_3.9.1_preset_moves_sfc_coeff_param_estim/inc -DEM_CORE=1 -DNMM_CORE=0 -DNMM_MAX_DIM=2600 -DCOAMPS_CORE=0 -DDA_CORE=0 -DEXP_CORE=0 -DIWORDSIZE=4 -DDWORDSIZE=8 -DRWORDSIZE=4 -DLWORDSIZE=4 -DNONSTANDARD_SYSTEM_FUNC  -DWRF_USE_CLM  -DDM_PARALLEL -DNETCDF -DMOVE_NESTS -DUSE_ALLOCATABLES -DGRIB1 -DINTIO -DKEEP_INT_AROUND -DLIMIT_ARGS -DCONFIG_BUF_LEN=65536 -DMAX_DOMAINS_F=21 -DMAX_HISTORY=25 -DNMM_NEST=0  -I. -traditional-cpp   module_solvedebug_em.G  > module_solvedebug_em.H
sed -e "s/gridmu/grid%mu/g" -e "s/gridMu/grid%Mu/g" module_solvedebug_em.H > module_solvedebug_em.bb
/glade/work/nystrom/Code/WRFDA/WRFV3_3.9.1_preset_moves_sfc_coeff_param_estim/tools/standard.exe module_solvedebug_em.bb | /lib/cpp -P -nostdinc -traditional-cpp > module_solvedebug_em.f90
rm -f module_solvedebug_em.G module_solvedebug_em.H module_solvedebug_em.bb
time mpif90 -f90=ifort -o module_solvedebug_em.o -c -O3 -ip -fp-model precise -w -ftz -align all -fno-alias -FR -convert big_endian    -I../dyn_em -I../dyn_nmm   -I/glade/work/nystrom/Code/WRFDA/WRFV3_3.9.1_preset_moves_sfc_coeff_param_estim/external/esmf_time_f90  -I/glade/work/nystrom/Code/WRFDA/WRFV3_3.9.1_preset_moves_sfc_coeff_param_estim/main -I/glade/work/nystrom/Code/WRFDA/WRFV3_3.9.1_preset_moves_sfc_coeff_param_estim/external/io_netcdf -I/glade/work/nystrom/Code/WRFDA/WRFV3_3.9.1_preset_moves_sfc_coeff_param_estim/external/io_int -I/glade/work/nystrom/Code/WRFDA/WRFV3_3.9.1_preset_moves_sfc_coeff_param_estim/frame -I/glade/work/nystrom/Code/WRFDA/WRFV3_3.9.1_preset_moves_sfc_coeff_param_estim/share -I/glade/work/nystrom/Code/WRFDA/WRFV3_3.9.1_preset_moves_sfc_coeff_param_estim/phys -I/glade/work/nystrom/Code/WRFDA/WRFV3_3.9.1_preset_moves_sfc_coeff_param_estim/chem -I/glade/work/nystrom/Code/WRFDA/WRFV3_3.9.1_preset_moves_sfc_coeff_param_estim/inc -I/glade/u/apps/ch/opt/netcdf/4.7.3/intel/19.0.5//include  -real-size `expr 8 \* 4` -i4  module_solvedebug_em.f90

real	0m0.485s
user	0m0.285s
sys	0m0.081s
rm -f module_bc_em.o
sed -e "s/grid%mu/gridmu/g" -e "s/grid%Mu/gridMu/g" -e "s/^\!.*'.*//" -e "s/^ *\!.*'.*//" module_bc_em.F > module_bc_em.G
/lib/cpp -P -nostdinc -I/glade/work/nystrom/Code/WRFDA/WRFV3_3.9.1_preset_moves_sfc_coeff_param_estim/inc -DEM_CORE=1 -DNMM_CORE=0 -DNMM_MAX_DIM=2600 -DCOAMPS_CORE=0 -DDA_CORE=0 -DEXP_CORE=0 -DIWORDSIZE=4 -DDWORDSIZE=8 -DRWORDSIZE=4 -DLWORDSIZE=4 -DNONSTANDARD_SYSTEM_FUNC  -DWRF_USE_CLM  -DDM_PARALLEL -DNETCDF -DMOVE_NESTS -DUSE_ALLOCATABLES -DGRIB1 -DINTIO -DKEEP_INT_AROUND -DLIMIT_ARGS -DCONFIG_BUF_LEN=65536 -DMAX_DOMAINS_F=21 -DMAX_HISTORY=25 -DNMM_NEST=0  -I. -traditional-cpp   module_bc_em.G  > module_bc_em.H
sed -e "s/gridmu/grid%mu/g" -e "s/gridMu/grid%Mu/g" module_bc_em.H > module_bc_em.bb
/glade/work/nystrom/Code/WRFDA/WRFV3_3.9.1_preset_moves_sfc_coeff_param_estim/tools/standard.exe module_bc_em.bb | /lib/cpp -P -nostdinc -traditional-cpp > module_bc_em.f90
rm -f module_bc_em.G module_bc_em.H module_bc_em.bb
time mpif90 -f90=ifort -o module_bc_em.o -c -O3 -ip -fp-model precise -w -ftz -align all -fno-alias -FR -convert big_endian    -I../dyn_em -I../dyn_nmm   -I/glade/work/nystrom/Code/WRFDA/WRFV3_3.9.1_preset_moves_sfc_coeff_param_estim/external/esmf_time_f90  -I/glade/work/nystrom/Code/WRFDA/WRFV3_3.9.1_preset_moves_sfc_coeff_param_estim/main -I/glade/work/nystrom/Code/WRFDA/WRFV3_3.9.1_preset_moves_sfc_coeff_param_estim/external/io_netcdf -I/glade/work/nystrom/Code/WRFDA/WRFV3_3.9.1_preset_moves_sfc_coeff_param_estim/external/io_int -I/glade/work/nystrom/Code/WRFDA/WRFV3_3.9.1_preset_moves_sfc_coeff_param_estim/frame -I/glade/work/nystrom/Code/WRFDA/WRFV3_3.9.1_preset_moves_sfc_coeff_param_estim/share -I/glade/work/nystrom/Code/WRFDA/WRFV3_3.9.1_preset_moves_sfc_coeff_param_estim/phys -I/glade/work/nystrom/Code/WRFDA/WRFV3_3.9.1_preset_moves_sfc_coeff_param_estim/chem -I/glade/work/nystrom/Code/WRFDA/WRFV3_3.9.1_preset_moves_sfc_coeff_param_estim/inc -I/glade/u/apps/ch/opt/netcdf/4.7.3/intel/19.0.5//include  -real-size `expr 8 \* 4` -i4  module_bc_em.f90

real	0m2.640s
user	0m2.314s
sys	0m0.131s
rm -f module_init_utilities.o
sed -e "s/grid%mu/gridmu/g" -e "s/grid%Mu/gridMu/g" -e "s/^\!.*'.*//" -e "s/^ *\!.*'.*//" module_init_utilities.F > module_init_utilities.G
/lib/cpp -P -nostdinc -I/glade/work/nystrom/Code/WRFDA/WRFV3_3.9.1_preset_moves_sfc_coeff_param_estim/inc -DEM_CORE=1 -DNMM_CORE=0 -DNMM_MAX_DIM=2600 -DCOAMPS_CORE=0 -DDA_CORE=0 -DEXP_CORE=0 -DIWORDSIZE=4 -DDWORDSIZE=8 -DRWORDSIZE=4 -DLWORDSIZE=4 -DNONSTANDARD_SYSTEM_FUNC  -DWRF_USE_CLM  -DDM_PARALLEL -DNETCDF -DMOVE_NESTS -DUSE_ALLOCATABLES -DGRIB1 -DINTIO -DKEEP_INT_AROUND -DLIMIT_ARGS -DCONFIG_BUF_LEN=65536 -DMAX_DOMAINS_F=21 -DMAX_HISTORY=25 -DNMM_NEST=0  -I. -traditional-cpp   module_init_utilities.G  > module_init_utilities.H
sed -e "s/gridmu/grid%mu/g" -e "s/gridMu/grid%Mu/g" module_init_utilities.H > module_init_utilities.bb
/glade/work/nystrom/Code/WRFDA/WRFV3_3.9.1_preset_moves_sfc_coeff_param_estim/tools/standard.exe module_init_utilities.bb | /lib/cpp -P -nostdinc -traditional-cpp > module_init_utilities.f90
rm -f module_init_utilities.G module_init_utilities.H module_init_utilities.bb
time mpif90 -f90=ifort -o module_init_utilities.o -c -O3 -ip -fp-model precise -w -ftz -align all -fno-alias -FR -convert big_endian    -I../dyn_em -I../dyn_nmm   -I/glade/work/nystrom/Code/WRFDA/WRFV3_3.9.1_preset_moves_sfc_coeff_param_estim/external/esmf_time_f90  -I/glade/work/nystrom/Code/WRFDA/WRFV3_3.9.1_preset_moves_sfc_coeff_param_estim/main -I/glade/work/nystrom/Code/WRFDA/WRFV3_3.9.1_preset_moves_sfc_coeff_param_estim/external/io_netcdf -I/glade/work/nystrom/Code/WRFDA/WRFV3_3.9.1_preset_moves_sfc_coeff_param_estim/external/io_int -I/glade/work/nystrom/Code/WRFDA/WRFV3_3.9.1_preset_moves_sfc_coeff_param_estim/frame -I/glade/work/nystrom/Code/WRFDA/WRFV3_3.9.1_preset_moves_sfc_coeff_param_estim/share -I/glade/work/nystrom/Code/WRFDA/WRFV3_3.9.1_preset_moves_sfc_coeff_param_estim/phys -I/glade/work/nystrom/Code/WRFDA/WRFV3_3.9.1_preset_moves_sfc_coeff_param_estim/chem -I/glade/work/nystrom/Code/WRFDA/WRFV3_3.9.1_preset_moves_sfc_coeff_param_estim/inc -I/glade/u/apps/ch/opt/netcdf/4.7.3/intel/19.0.5//include  -real-size `expr 8 \* 4` -i4  module_init_utilities.f90

real	0m0.276s
user	0m0.096s
sys	0m0.062s
rm -f module_wps_io_arw.o
/glade/work/nystrom/Code/WRFDA/WRFV3_3.9.1_preset_moves_sfc_coeff_param_estim/tools/standard.exe module_wps_io_arw.F > module_wps_io_arw.b 
/lib/cpp -P -nostdinc -I/glade/work/nystrom/Code/WRFDA/WRFV3_3.9.1_preset_moves_sfc_coeff_param_estim/inc -DEM_CORE=1 -DNMM_CORE=0 -DNMM_MAX_DIM=2600 -DCOAMPS_CORE=0 -DDA_CORE=0 -DEXP_CORE=0 -DIWORDSIZE=4 -DDWORDSIZE=8 -DRWORDSIZE=4 -DLWORDSIZE=4 -DNONSTANDARD_SYSTEM_FUNC  -DWRF_USE_CLM  -DDM_PARALLEL -DNETCDF -DMOVE_NESTS -DUSE_ALLOCATABLES -DGRIB1 -DINTIO -DKEEP_INT_AROUND -DLIMIT_ARGS -DCONFIG_BUF_LEN=65536 -DMAX_DOMAINS_F=21 -DMAX_HISTORY=25 -DNMM_NEST=0  -I. -traditional-cpp   module_wps_io_arw.b  > module_wps_io_arw.f90
rm -f module_wps_io_arw.b
if fgrep -iq '!$OMP' module_wps_io_arw.f90 ; then \
          if [ -n "" ] ; then echo COMPILING module_wps_io_arw.F WITH OMP ; fi ; \
  time mpif90 -f90=ifort -c -real-size `expr 8 \* 4` -i4 -O0 -fno-inline -no-ip -ip -fp-model precise -w -ftz -align all -fno-alias -FR -convert big_endian   -I../dyn_em -I../dyn_nmm   -I/glade/work/nystrom/Code/WRFDA/WRFV3_3.9.1_preset_moves_sfc_coeff_param_estim/external/esmf_time_f90  -I/glade/work/nystrom/Code/WRFDA/WRFV3_3.9.1_preset_moves_sfc_coeff_param_estim/main -I/glade/work/nystrom/Code/WRFDA/WRFV3_3.9.1_preset_moves_sfc_coeff_param_estim/external/io_netcdf -I/glade/work/nystrom/Code/WRFDA/WRFV3_3.9.1_preset_moves_sfc_coeff_param_estim/external/io_int -I/glade/work/nystrom/Code/WRFDA/WRFV3_3.9.1_preset_moves_sfc_coeff_param_estim/frame -I/glade/work/nystrom/Code/WRFDA/WRFV3_3.9.1_preset_moves_sfc_coeff_param_estim/share -I/glade/work/nystrom/Code/WRFDA/WRFV3_3.9.1_preset_moves_sfc_coeff_param_estim/phys -I/glade/work/nystrom/Code/WRFDA/WRFV3_3.9.1_preset_moves_sfc_coeff_param_estim/chem -I/glade/work/nystrom/Code/WRFDA/WRFV3_3.9.1_preset_moves_sfc_coeff_param_estim/inc -I/glade/u/apps/ch/opt/netcdf/4.7.3/intel/19.0.5//include    module_wps_io_arw.f90 ; \
        else \
          if [ -n "" ] ; then echo COMPILING module_wps_io_arw.F WITHOUT OMP ; fi ; \
  time mpif90 -f90=ifort -c -real-size `expr 8 \* 4` -i4 -O0 -fno-inline -no-ip -ip -fp-model precise -w -ftz -align all -fno-alias -FR -convert big_endian   -I../dyn_em -I../dyn_nmm   -I/glade/work/nystrom/Code/WRFDA/WRFV3_3.9.1_preset_moves_sfc_coeff_param_estim/external/esmf_time_f90  -I/glade/work/nystrom/Code/WRFDA/WRFV3_3.9.1_preset_moves_sfc_coeff_param_estim/main -I/glade/work/nystrom/Code/WRFDA/WRFV3_3.9.1_preset_moves_sfc_coeff_param_estim/external/io_netcdf -I/glade/work/nystrom/Code/WRFDA/WRFV3_3.9.1_preset_moves_sfc_coeff_param_estim/external/io_int -I/glade/work/nystrom/Code/WRFDA/WRFV3_3.9.1_preset_moves_sfc_coeff_param_estim/frame -I/glade/work/nystrom/Code/WRFDA/WRFV3_3.9.1_preset_moves_sfc_coeff_param_estim/share -I/glade/work/nystrom/Code/WRFDA/WRFV3_3.9.1_preset_moves_sfc_coeff_param_estim/phys -I/glade/work/nystrom/Code/WRFDA/WRFV3_3.9.1_preset_moves_sfc_coeff_param_estim/chem -I/glade/work/nystrom/Code/WRFDA/WRFV3_3.9.1_preset_moves_sfc_coeff_param_estim/inc -I/glade/u/apps/ch/opt/netcdf/4.7.3/intel/19.0.5//include   module_wps_io_arw.f90 ; \
        fi

real	0m1.025s
user	0m0.639s
sys	0m0.129s
rm -f module_polarfft.o
sed -e "s/grid%mu/gridmu/g" -e "s/grid%Mu/gridMu/g" -e "s/^\!.*'.*//" -e "s/^ *\!.*'.*//" module_polarfft.F > module_polarfft.G
/lib/cpp -P -nostdinc -I/glade/work/nystrom/Code/WRFDA/WRFV3_3.9.1_preset_moves_sfc_coeff_param_estim/inc -DEM_CORE=1 -DNMM_CORE=0 -DNMM_MAX_DIM=2600 -DCOAMPS_CORE=0 -DDA_CORE=0 -DEXP_CORE=0 -DIWORDSIZE=4 -DDWORDSIZE=8 -DRWORDSIZE=4 -DLWORDSIZE=4 -DNONSTANDARD_SYSTEM_FUNC  -DWRF_USE_CLM  -DDM_PARALLEL -DNETCDF -DMOVE_NESTS -DUSE_ALLOCATABLES -DGRIB1 -DINTIO -DKEEP_INT_AROUND -DLIMIT_ARGS -DCONFIG_BUF_LEN=65536 -DMAX_DOMAINS_F=21 -DMAX_HISTORY=25 -DNMM_NEST=0  -I. -traditional-cpp   module_polarfft.G  > module_polarfft.H
sed -e "s/gridmu/grid%mu/g" -e "s/gridMu/grid%Mu/g" module_polarfft.H > module_polarfft.bb
/glade/work/nystrom/Code/WRFDA/WRFV3_3.9.1_preset_moves_sfc_coeff_param_estim/tools/standard.exe module_polarfft.bb | /lib/cpp -P -nostdinc -traditional-cpp > module_polarfft.f90
rm -f module_polarfft.G module_polarfft.H module_polarfft.bb
time mpif90 -f90=ifort -o module_polarfft.o -c -O3 -ip -fp-model precise -w -ftz -align all -fno-alias -FR -convert big_endian    -I../dyn_em -I../dyn_nmm   -I/glade/work/nystrom/Code/WRFDA/WRFV3_3.9.1_preset_moves_sfc_coeff_param_estim/external/esmf_time_f90  -I/glade/work/nystrom/Code/WRFDA/WRFV3_3.9.1_preset_moves_sfc_coeff_param_estim/main -I/glade/work/nystrom/Code/WRFDA/WRFV3_3.9.1_preset_moves_sfc_coeff_param_estim/external/io_netcdf -I/glade/work/nystrom/Code/WRFDA/WRFV3_3.9.1_preset_moves_sfc_coeff_param_estim/external/io_int -I/glade/work/nystrom/Code/WRFDA/WRFV3_3.9.1_preset_moves_sfc_coeff_param_estim/frame -I/glade/work/nystrom/Code/WRFDA/WRFV3_3.9.1_preset_moves_sfc_coeff_param_estim/share -I/glade/work/nystrom/Code/WRFDA/WRFV3_3.9.1_preset_moves_sfc_coeff_param_estim/phys -I/glade/work/nystrom/Code/WRFDA/WRFV3_3.9.1_preset_moves_sfc_coeff_param_estim/chem -I/glade/work/nystrom/Code/WRFDA/WRFV3_3.9.1_preset_moves_sfc_coeff_param_estim/inc -I/glade/u/apps/ch/opt/netcdf/4.7.3/intel/19.0.5//include  -real-size `expr 8 \* 4` -i4  module_polarfft.f90

real	0m3.090s
user	0m2.776s
sys	0m0.169s
rm -f module_force_scm.o
sed -e "s/grid%mu/gridmu/g" -e "s/grid%Mu/gridMu/g" -e "s/^\!.*'.*//" -e "s/^ *\!.*'.*//" module_force_scm.F > module_force_scm.G
/lib/cpp -P -nostdinc -I/glade/work/nystrom/Code/WRFDA/WRFV3_3.9.1_preset_moves_sfc_coeff_param_estim/inc -DEM_CORE=1 -DNMM_CORE=0 -DNMM_MAX_DIM=2600 -DCOAMPS_CORE=0 -DDA_CORE=0 -DEXP_CORE=0 -DIWORDSIZE=4 -DDWORDSIZE=8 -DRWORDSIZE=4 -DLWORDSIZE=4 -DNONSTANDARD_SYSTEM_FUNC  -DWRF_USE_CLM  -DDM_PARALLEL -DNETCDF -DMOVE_NESTS -DUSE_ALLOCATABLES -DGRIB1 -DINTIO -DKEEP_INT_AROUND -DLIMIT_ARGS -DCONFIG_BUF_LEN=65536 -DMAX_DOMAINS_F=21 -DMAX_HISTORY=25 -DNMM_NEST=0  -I. -traditional-cpp   module_force_scm.G  > module_force_scm.H
sed -e "s/gridmu/grid%mu/g" -e "s/gridMu/grid%Mu/g" module_force_scm.H > module_force_scm.bb
/glade/work/nystrom/Code/WRFDA/WRFV3_3.9.1_preset_moves_sfc_coeff_param_estim/tools/standard.exe module_force_scm.bb | /lib/cpp -P -nostdinc -traditional-cpp > module_force_scm.f90
rm -f module_force_scm.G module_force_scm.H module_force_scm.bb
time mpif90 -f90=ifort -o module_force_scm.o -c -O3 -ip -fp-model precise -w -ftz -align all -fno-alias -FR -convert big_endian    -I../dyn_em -I../dyn_nmm   -I/glade/work/nystrom/Code/WRFDA/WRFV3_3.9.1_preset_moves_sfc_coeff_param_estim/external/esmf_time_f90  -I/glade/work/nystrom/Code/WRFDA/WRFV3_3.9.1_preset_moves_sfc_coeff_param_estim/main -I/glade/work/nystrom/Code/WRFDA/WRFV3_3.9.1_preset_moves_sfc_coeff_param_estim/external/io_netcdf -I/glade/work/nystrom/Code/WRFDA/WRFV3_3.9.1_preset_moves_sfc_coeff_param_estim/external/io_int -I/glade/work/nystrom/Code/WRFDA/WRFV3_3.9.1_preset_moves_sfc_coeff_param_estim/frame -I/glade/work/nystrom/Code/WRFDA/WRFV3_3.9.1_preset_moves_sfc_coeff_param_estim/share -I/glade/work/nystrom/Code/WRFDA/WRFV3_3.9.1_preset_moves_sfc_coeff_param_estim/phys -I/glade/work/nystrom/Code/WRFDA/WRFV3_3.9.1_preset_moves_sfc_coeff_param_estim/chem -I/glade/work/nystrom/Code/WRFDA/WRFV3_3.9.1_preset_moves_sfc_coeff_param_estim/inc -I/glade/u/apps/ch/opt/netcdf/4.7.3/intel/19.0.5//include  -real-size `expr 8 \* 4` -i4  module_force_scm.f90

real	0m1.710s
user	0m1.515s
sys	0m0.074s
rm -f module_convtrans_prep.o
sed -e "s/grid%mu/gridmu/g" -e "s/grid%Mu/gridMu/g" -e "s/^\!.*'.*//" -e "s/^ *\!.*'.*//" module_convtrans_prep.F > module_convtrans_prep.G
/lib/cpp -P -nostdinc -I/glade/work/nystrom/Code/WRFDA/WRFV3_3.9.1_preset_moves_sfc_coeff_param_estim/inc -DEM_CORE=1 -DNMM_CORE=0 -DNMM_MAX_DIM=2600 -DCOAMPS_CORE=0 -DDA_CORE=0 -DEXP_CORE=0 -DIWORDSIZE=4 -DDWORDSIZE=8 -DRWORDSIZE=4 -DLWORDSIZE=4 -DNONSTANDARD_SYSTEM_FUNC  -DWRF_USE_CLM  -DDM_PARALLEL -DNETCDF -DMOVE_NESTS -DUSE_ALLOCATABLES -DGRIB1 -DINTIO -DKEEP_INT_AROUND -DLIMIT_ARGS -DCONFIG_BUF_LEN=65536 -DMAX_DOMAINS_F=21 -DMAX_HISTORY=25 -DNMM_NEST=0  -I. -traditional-cpp   module_convtrans_prep.G  > module_convtrans_prep.H
sed -e "s/gridmu/grid%mu/g" -e "s/gridMu/grid%Mu/g" module_convtrans_prep.H > module_convtrans_prep.bb
/glade/work/nystrom/Code/WRFDA/WRFV3_3.9.1_preset_moves_sfc_coeff_param_estim/tools/standard.exe module_convtrans_prep.bb | /lib/cpp -P -nostdinc -traditional-cpp > module_convtrans_prep.f90
rm -f module_convtrans_prep.G module_convtrans_prep.H module_convtrans_prep.bb
time mpif90 -f90=ifort -o module_convtrans_prep.o -c -O3 -ip -fp-model precise -w -ftz -align all -fno-alias -FR -convert big_endian    -I../dyn_em -I../dyn_nmm   -I/glade/work/nystrom/Code/WRFDA/WRFV3_3.9.1_preset_moves_sfc_coeff_param_estim/external/esmf_time_f90  -I/glade/work/nystrom/Code/WRFDA/WRFV3_3.9.1_preset_moves_sfc_coeff_param_estim/main -I/glade/work/nystrom/Code/WRFDA/WRFV3_3.9.1_preset_moves_sfc_coeff_param_estim/external/io_netcdf -I/glade/work/nystrom/Code/WRFDA/WRFV3_3.9.1_preset_moves_sfc_coeff_param_estim/external/io_int -I/glade/work/nystrom/Code/WRFDA/WRFV3_3.9.1_preset_moves_sfc_coeff_param_estim/frame -I/glade/work/nystrom/Code/WRFDA/WRFV3_3.9.1_preset_moves_sfc_coeff_param_estim/share -I/glade/work/nystrom/Code/WRFDA/WRFV3_3.9.1_preset_moves_sfc_coeff_param_estim/phys -I/glade/work/nystrom/Code/WRFDA/WRFV3_3.9.1_preset_moves_sfc_coeff_param_estim/chem -I/glade/work/nystrom/Code/WRFDA/WRFV3_3.9.1_preset_moves_sfc_coeff_param_estim/inc -I/glade/u/apps/ch/opt/netcdf/4.7.3/intel/19.0.5//include  -real-size `expr 8 \* 4` -i4  module_convtrans_prep.f90

real	0m0.696s
user	0m0.515s
sys	0m0.063s
rm -f module_stoch.o
sed -e "s/grid%mu/gridmu/g" -e "s/grid%Mu/gridMu/g" -e "s/^\!.*'.*//" -e "s/^ *\!.*'.*//" module_stoch.F > module_stoch.G
/lib/cpp -P -nostdinc -I/glade/work/nystrom/Code/WRFDA/WRFV3_3.9.1_preset_moves_sfc_coeff_param_estim/inc -DEM_CORE=1 -DNMM_CORE=0 -DNMM_MAX_DIM=2600 -DCOAMPS_CORE=0 -DDA_CORE=0 -DEXP_CORE=0 -DIWORDSIZE=4 -DDWORDSIZE=8 -DRWORDSIZE=4 -DLWORDSIZE=4 -DNONSTANDARD_SYSTEM_FUNC  -DWRF_USE_CLM  -DDM_PARALLEL -DNETCDF -DMOVE_NESTS -DUSE_ALLOCATABLES -DGRIB1 -DINTIO -DKEEP_INT_AROUND -DLIMIT_ARGS -DCONFIG_BUF_LEN=65536 -DMAX_DOMAINS_F=21 -DMAX_HISTORY=25 -DNMM_NEST=0  -I. -traditional-cpp   module_stoch.G  > module_stoch.H
sed -e "s/gridmu/grid%mu/g" -e "s/gridMu/grid%Mu/g" module_stoch.H > module_stoch.bb
/glade/work/nystrom/Code/WRFDA/WRFV3_3.9.1_preset_moves_sfc_coeff_param_estim/tools/standard.exe module_stoch.bb | /lib/cpp -P -nostdinc -traditional-cpp > module_stoch.f90
rm -f module_stoch.G module_stoch.H module_stoch.bb
time mpif90 -f90=ifort -o module_stoch.o -c -O3 -ip -fp-model precise -w -ftz -align all -fno-alias -FR -convert big_endian    -I../dyn_em -I../dyn_nmm   -I/glade/work/nystrom/Code/WRFDA/WRFV3_3.9.1_preset_moves_sfc_coeff_param_estim/external/esmf_time_f90  -I/glade/work/nystrom/Code/WRFDA/WRFV3_3.9.1_preset_moves_sfc_coeff_param_estim/main -I/glade/work/nystrom/Code/WRFDA/WRFV3_3.9.1_preset_moves_sfc_coeff_param_estim/external/io_netcdf -I/glade/work/nystrom/Code/WRFDA/WRFV3_3.9.1_preset_moves_sfc_coeff_param_estim/external/io_int -I/glade/work/nystrom/Code/WRFDA/WRFV3_3.9.1_preset_moves_sfc_coeff_param_estim/frame -I/glade/work/nystrom/Code/WRFDA/WRFV3_3.9.1_preset_moves_sfc_coeff_param_estim/share -I/glade/work/nystrom/Code/WRFDA/WRFV3_3.9.1_preset_moves_sfc_coeff_param_estim/phys -I/glade/work/nystrom/Code/WRFDA/WRFV3_3.9.1_preset_moves_sfc_coeff_param_estim/chem -I/glade/work/nystrom/Code/WRFDA/WRFV3_3.9.1_preset_moves_sfc_coeff_param_estim/inc -I/glade/u/apps/ch/opt/netcdf/4.7.3/intel/19.0.5//include  -real-size `expr 8 \* 4` -i4  module_stoch.f90

real	0m4.762s
user	0m4.361s
sys	0m0.150s
rm -f module_sfs_nba.o
sed -e "s/grid%mu/gridmu/g" -e "s/grid%Mu/gridMu/g" -e "s/^\!.*'.*//" -e "s/^ *\!.*'.*//" module_sfs_nba.F > module_sfs_nba.G
/lib/cpp -P -nostdinc -I/glade/work/nystrom/Code/WRFDA/WRFV3_3.9.1_preset_moves_sfc_coeff_param_estim/inc -DEM_CORE=1 -DNMM_CORE=0 -DNMM_MAX_DIM=2600 -DCOAMPS_CORE=0 -DDA_CORE=0 -DEXP_CORE=0 -DIWORDSIZE=4 -DDWORDSIZE=8 -DRWORDSIZE=4 -DLWORDSIZE=4 -DNONSTANDARD_SYSTEM_FUNC  -DWRF_USE_CLM  -DDM_PARALLEL -DNETCDF -DMOVE_NESTS -DUSE_ALLOCATABLES -DGRIB1 -DINTIO -DKEEP_INT_AROUND -DLIMIT_ARGS -DCONFIG_BUF_LEN=65536 -DMAX_DOMAINS_F=21 -DMAX_HISTORY=25 -DNMM_NEST=0  -I. -traditional-cpp   module_sfs_nba.G  > module_sfs_nba.H
sed -e "s/gridmu/grid%mu/g" -e "s/gridMu/grid%Mu/g" module_sfs_nba.H > module_sfs_nba.bb
/glade/work/nystrom/Code/WRFDA/WRFV3_3.9.1_preset_moves_sfc_coeff_param_estim/tools/standard.exe module_sfs_nba.bb | /lib/cpp -P -nostdinc -traditional-cpp > module_sfs_nba.f90
rm -f module_sfs_nba.G module_sfs_nba.H module_sfs_nba.bb
time mpif90 -f90=ifort -o module_sfs_nba.o -c -O3 -ip -fp-model precise -w -ftz -align all -fno-alias -FR -convert big_endian    -I../dyn_em -I../dyn_nmm   -I/glade/work/nystrom/Code/WRFDA/WRFV3_3.9.1_preset_moves_sfc_coeff_param_estim/external/esmf_time_f90  -I/glade/work/nystrom/Code/WRFDA/WRFV3_3.9.1_preset_moves_sfc_coeff_param_estim/main -I/glade/work/nystrom/Code/WRFDA/WRFV3_3.9.1_preset_moves_sfc_coeff_param_estim/external/io_netcdf -I/glade/work/nystrom/Code/WRFDA/WRFV3_3.9.1_preset_moves_sfc_coeff_param_estim/external/io_int -I/glade/work/nystrom/Code/WRFDA/WRFV3_3.9.1_preset_moves_sfc_coeff_param_estim/frame -I/glade/work/nystrom/Code/WRFDA/WRFV3_3.9.1_preset_moves_sfc_coeff_param_estim/share -I/glade/work/nystrom/Code/WRFDA/WRFV3_3.9.1_preset_moves_sfc_coeff_param_estim/phys -I/glade/work/nystrom/Code/WRFDA/WRFV3_3.9.1_preset_moves_sfc_coeff_param_estim/chem -I/glade/work/nystrom/Code/WRFDA/WRFV3_3.9.1_preset_moves_sfc_coeff_param_estim/inc -I/glade/u/apps/ch/opt/netcdf/4.7.3/intel/19.0.5//include  -real-size `expr 8 \* 4` -i4  module_sfs_nba.f90

real	0m2.687s
user	0m2.442s
sys	0m0.113s
rm -f module_avgflx_em.o
sed -e "s/grid%mu/gridmu/g" -e "s/grid%Mu/gridMu/g" -e "s/^\!.*'.*//" -e "s/^ *\!.*'.*//" module_avgflx_em.F > module_avgflx_em.G
/lib/cpp -P -nostdinc -I/glade/work/nystrom/Code/WRFDA/WRFV3_3.9.1_preset_moves_sfc_coeff_param_estim/inc -DEM_CORE=1 -DNMM_CORE=0 -DNMM_MAX_DIM=2600 -DCOAMPS_CORE=0 -DDA_CORE=0 -DEXP_CORE=0 -DIWORDSIZE=4 -DDWORDSIZE=8 -DRWORDSIZE=4 -DLWORDSIZE=4 -DNONSTANDARD_SYSTEM_FUNC  -DWRF_USE_CLM  -DDM_PARALLEL -DNETCDF -DMOVE_NESTS -DUSE_ALLOCATABLES -DGRIB1 -DINTIO -DKEEP_INT_AROUND -DLIMIT_ARGS -DCONFIG_BUF_LEN=65536 -DMAX_DOMAINS_F=21 -DMAX_HISTORY=25 -DNMM_NEST=0  -I. -traditional-cpp   module_avgflx_em.G  > module_avgflx_em.H
sed -e "s/gridmu/grid%mu/g" -e "s/gridMu/grid%Mu/g" module_avgflx_em.H > module_avgflx_em.bb
/glade/work/nystrom/Code/WRFDA/WRFV3_3.9.1_preset_moves_sfc_coeff_param_estim/tools/standard.exe module_avgflx_em.bb | /lib/cpp -P -nostdinc -traditional-cpp > module_avgflx_em.f90
rm -f module_avgflx_em.G module_avgflx_em.H module_avgflx_em.bb
time mpif90 -f90=ifort -o module_avgflx_em.o -c -O3 -ip -fp-model precise -w -ftz -align all -fno-alias -FR -convert big_endian    -I../dyn_em -I../dyn_nmm   -I/glade/work/nystrom/Code/WRFDA/WRFV3_3.9.1_preset_moves_sfc_coeff_param_estim/external/esmf_time_f90  -I/glade/work/nystrom/Code/WRFDA/WRFV3_3.9.1_preset_moves_sfc_coeff_param_estim/main -I/glade/work/nystrom/Code/WRFDA/WRFV3_3.9.1_preset_moves_sfc_coeff_param_estim/external/io_netcdf -I/glade/work/nystrom/Code/WRFDA/WRFV3_3.9.1_preset_moves_sfc_coeff_param_estim/external/io_int -I/glade/work/nystrom/Code/WRFDA/WRFV3_3.9.1_preset_moves_sfc_coeff_param_estim/frame -I/glade/work/nystrom/Code/WRFDA/WRFV3_3.9.1_preset_moves_sfc_coeff_param_estim/share -I/glade/work/nystrom/Code/WRFDA/WRFV3_3.9.1_preset_moves_sfc_coeff_param_estim/phys -I/glade/work/nystrom/Code/WRFDA/WRFV3_3.9.1_preset_moves_sfc_coeff_param_estim/chem -I/glade/work/nystrom/Code/WRFDA/WRFV3_3.9.1_preset_moves_sfc_coeff_param_estim/inc -I/glade/u/apps/ch/opt/netcdf/4.7.3/intel/19.0.5//include  -real-size `expr 8 \* 4` -i4  module_avgflx_em.f90

real	0m0.621s
user	0m0.382s
sys	0m0.079s
rm -f module_after_all_rk_steps.o
sed -e "s/grid%mu/gridmu/g" -e "s/grid%Mu/gridMu/g" -e "s/^\!.*'.*//" -e "s/^ *\!.*'.*//" module_after_all_rk_steps.F > module_after_all_rk_steps.G
/lib/cpp -P -nostdinc -I/glade/work/nystrom/Code/WRFDA/WRFV3_3.9.1_preset_moves_sfc_coeff_param_estim/inc -DEM_CORE=1 -DNMM_CORE=0 -DNMM_MAX_DIM=2600 -DCOAMPS_CORE=0 -DDA_CORE=0 -DEXP_CORE=0 -DIWORDSIZE=4 -DDWORDSIZE=8 -DRWORDSIZE=4 -DLWORDSIZE=4 -DNONSTANDARD_SYSTEM_FUNC  -DWRF_USE_CLM  -DDM_PARALLEL -DNETCDF -DMOVE_NESTS -DUSE_ALLOCATABLES -DGRIB1 -DINTIO -DKEEP_INT_AROUND -DLIMIT_ARGS -DCONFIG_BUF_LEN=65536 -DMAX_DOMAINS_F=21 -DMAX_HISTORY=25 -DNMM_NEST=0  -I. -traditional-cpp   module_after_all_rk_steps.G  > module_after_all_rk_steps.H
sed -e "s/gridmu/grid%mu/g" -e "s/gridMu/grid%Mu/g" module_after_all_rk_steps.H > module_after_all_rk_steps.bb
/glade/work/nystrom/Code/WRFDA/WRFV3_3.9.1_preset_moves_sfc_coeff_param_estim/tools/standard.exe module_after_all_rk_steps.bb | /lib/cpp -P -nostdinc -traditional-cpp > module_after_all_rk_steps.f90
rm -f module_after_all_rk_steps.G module_after_all_rk_steps.H module_after_all_rk_steps.bb
time mpif90 -f90=ifort -o module_after_all_rk_steps.o -c -O3 -ip -fp-model precise -w -ftz -align all -fno-alias -FR -convert big_endian    -I../dyn_em -I../dyn_nmm   -I/glade/work/nystrom/Code/WRFDA/WRFV3_3.9.1_preset_moves_sfc_coeff_param_estim/external/esmf_time_f90  -I/glade/work/nystrom/Code/WRFDA/WRFV3_3.9.1_preset_moves_sfc_coeff_param_estim/main -I/glade/work/nystrom/Code/WRFDA/WRFV3_3.9.1_preset_moves_sfc_coeff_param_estim/external/io_netcdf -I/glade/work/nystrom/Code/WRFDA/WRFV3_3.9.1_preset_moves_sfc_coeff_param_estim/external/io_int -I/glade/work/nystrom/Code/WRFDA/WRFV3_3.9.1_preset_moves_sfc_coeff_param_estim/frame -I/glade/work/nystrom/Code/WRFDA/WRFV3_3.9.1_preset_moves_sfc_coeff_param_estim/share -I/glade/work/nystrom/Code/WRFDA/WRFV3_3.9.1_preset_moves_sfc_coeff_param_estim/phys -I/glade/work/nystrom/Code/WRFDA/WRFV3_3.9.1_preset_moves_sfc_coeff_param_estim/chem -I/glade/work/nystrom/Code/WRFDA/WRFV3_3.9.1_preset_moves_sfc_coeff_param_estim/inc -I/glade/u/apps/ch/opt/netcdf/4.7.3/intel/19.0.5//include  -real-size `expr 8 \* 4` -i4  module_after_all_rk_steps.f90

real	0m2.338s
user	0m1.306s
sys	0m0.445s
rm -f init_modules_em.o
/glade/work/nystrom/Code/WRFDA/WRFV3_3.9.1_preset_moves_sfc_coeff_param_estim/tools/standard.exe init_modules_em.F > init_modules_em.b 
/lib/cpp -P -nostdinc -I/glade/work/nystrom/Code/WRFDA/WRFV3_3.9.1_preset_moves_sfc_coeff_param_estim/inc -DEM_CORE=1 -DNMM_CORE=0 -DNMM_MAX_DIM=2600 -DCOAMPS_CORE=0 -DDA_CORE=0 -DEXP_CORE=0 -DIWORDSIZE=4 -DDWORDSIZE=8 -DRWORDSIZE=4 -DLWORDSIZE=4 -DNONSTANDARD_SYSTEM_FUNC  -DWRF_USE_CLM  -DDM_PARALLEL -DNETCDF -DMOVE_NESTS -DUSE_ALLOCATABLES -DGRIB1 -DINTIO -DKEEP_INT_AROUND -DLIMIT_ARGS -DCONFIG_BUF_LEN=65536 -DMAX_DOMAINS_F=21 -DMAX_HISTORY=25 -DNMM_NEST=0  -I. -traditional-cpp   init_modules_em.b  > init_modules_em.f90
rm -f init_modules_em.b
if fgrep -iq '!$OMP' init_modules_em.f90 ; then \
          if [ -n "" ] ; then echo COMPILING init_modules_em.F WITH OMP ; fi ; \
  time mpif90 -f90=ifort -c -real-size `expr 8 \* 4` -i4 -O0 -fno-inline -no-ip -ip -fp-model precise -w -ftz -align all -fno-alias -FR -convert big_endian   -I../dyn_em -I../dyn_nmm   -I/glade/work/nystrom/Code/WRFDA/WRFV3_3.9.1_preset_moves_sfc_coeff_param_estim/external/esmf_time_f90  -I/glade/work/nystrom/Code/WRFDA/WRFV3_3.9.1_preset_moves_sfc_coeff_param_estim/main -I/glade/work/nystrom/Code/WRFDA/WRFV3_3.9.1_preset_moves_sfc_coeff_param_estim/external/io_netcdf -I/glade/work/nystrom/Code/WRFDA/WRFV3_3.9.1_preset_moves_sfc_coeff_param_estim/external/io_int -I/glade/work/nystrom/Code/WRFDA/WRFV3_3.9.1_preset_moves_sfc_coeff_param_estim/frame -I/glade/work/nystrom/Code/WRFDA/WRFV3_3.9.1_preset_moves_sfc_coeff_param_estim/share -I/glade/work/nystrom/Code/WRFDA/WRFV3_3.9.1_preset_moves_sfc_coeff_param_estim/phys -I/glade/work/nystrom/Code/WRFDA/WRFV3_3.9.1_preset_moves_sfc_coeff_param_estim/chem -I/glade/work/nystrom/Code/WRFDA/WRFV3_3.9.1_preset_moves_sfc_coeff_param_estim/inc -I/glade/u/apps/ch/opt/netcdf/4.7.3/intel/19.0.5//include    init_modules_em.f90 ; \
        else \
          if [ -n "" ] ; then echo COMPILING init_modules_em.F WITHOUT OMP ; fi ; \
  time mpif90 -f90=ifort -c -real-size `expr 8 \* 4` -i4 -O0 -fno-inline -no-ip -ip -fp-model precise -w -ftz -align all -fno-alias -FR -convert big_endian   -I../dyn_em -I../dyn_nmm   -I/glade/work/nystrom/Code/WRFDA/WRFV3_3.9.1_preset_moves_sfc_coeff_param_estim/external/esmf_time_f90  -I/glade/work/nystrom/Code/WRFDA/WRFV3_3.9.1_preset_moves_sfc_coeff_param_estim/main -I/glade/work/nystrom/Code/WRFDA/WRFV3_3.9.1_preset_moves_sfc_coeff_param_estim/external/io_netcdf -I/glade/work/nystrom/Code/WRFDA/WRFV3_3.9.1_preset_moves_sfc_coeff_param_estim/external/io_int -I/glade/work/nystrom/Code/WRFDA/WRFV3_3.9.1_preset_moves_sfc_coeff_param_estim/frame -I/glade/work/nystrom/Code/WRFDA/WRFV3_3.9.1_preset_moves_sfc_coeff_param_estim/share -I/glade/work/nystrom/Code/WRFDA/WRFV3_3.9.1_preset_moves_sfc_coeff_param_estim/phys -I/glade/work/nystrom/Code/WRFDA/WRFV3_3.9.1_preset_moves_sfc_coeff_param_estim/chem -I/glade/work/nystrom/Code/WRFDA/WRFV3_3.9.1_preset_moves_sfc_coeff_param_estim/inc -I/glade/u/apps/ch/opt/netcdf/4.7.3/intel/19.0.5//include   init_modules_em.f90 ; \
        fi

real	0m0.279s
user	0m0.078s
sys	0m0.080s
rm -f start_em.o
sed -e "s/grid%mu/gridmu/g" -e "s/grid%Mu/gridMu/g" -e "s/^\!.*'.*//" -e "s/^ *\!.*'.*//" start_em.F > start_em.G
/lib/cpp -P -nostdinc -I/glade/work/nystrom/Code/WRFDA/WRFV3_3.9.1_preset_moves_sfc_coeff_param_estim/inc -DEM_CORE=1 -DNMM_CORE=0 -DNMM_MAX_DIM=2600 -DCOAMPS_CORE=0 -DDA_CORE=0 -DEXP_CORE=0 -DIWORDSIZE=4 -DDWORDSIZE=8 -DRWORDSIZE=4 -DLWORDSIZE=4 -DNONSTANDARD_SYSTEM_FUNC  -DWRF_USE_CLM  -DDM_PARALLEL -DNETCDF -DMOVE_NESTS -DUSE_ALLOCATABLES -DGRIB1 -DINTIO -DKEEP_INT_AROUND -DLIMIT_ARGS -DCONFIG_BUF_LEN=65536 -DMAX_DOMAINS_F=21 -DMAX_HISTORY=25 -DNMM_NEST=0  -I. -traditional-cpp   start_em.G  > start_em.H
sed -e "s/gridmu/grid%mu/g" -e "s/gridMu/grid%Mu/g" start_em.H > start_em.bb
/glade/work/nystrom/Code/WRFDA/WRFV3_3.9.1_preset_moves_sfc_coeff_param_estim/tools/standard.exe start_em.bb | /lib/cpp -P -nostdinc -traditional-cpp > start_em.f90
rm -f start_em.G start_em.H start_em.bb
time mpif90 -f90=ifort -o start_em.o -c -O3 -ip -fp-model precise -w -ftz -align all -fno-alias -FR -convert big_endian    -I../dyn_em -I../dyn_nmm   -I/glade/work/nystrom/Code/WRFDA/WRFV3_3.9.1_preset_moves_sfc_coeff_param_estim/external/esmf_time_f90  -I/glade/work/nystrom/Code/WRFDA/WRFV3_3.9.1_preset_moves_sfc_coeff_param_estim/main -I/glade/work/nystrom/Code/WRFDA/WRFV3_3.9.1_preset_moves_sfc_coeff_param_estim/external/io_netcdf -I/glade/work/nystrom/Code/WRFDA/WRFV3_3.9.1_preset_moves_sfc_coeff_param_estim/external/io_int -I/glade/work/nystrom/Code/WRFDA/WRFV3_3.9.1_preset_moves_sfc_coeff_param_estim/frame -I/glade/work/nystrom/Code/WRFDA/WRFV3_3.9.1_preset_moves_sfc_coeff_param_estim/share -I/glade/work/nystrom/Code/WRFDA/WRFV3_3.9.1_preset_moves_sfc_coeff_param_estim/phys -I/glade/work/nystrom/Code/WRFDA/WRFV3_3.9.1_preset_moves_sfc_coeff_param_estim/chem -I/glade/work/nystrom/Code/WRFDA/WRFV3_3.9.1_preset_moves_sfc_coeff_param_estim/inc -I/glade/u/apps/ch/opt/netcdf/4.7.3/intel/19.0.5//include  -real-size `expr 8 \* 4` -i4  start_em.f90

real	1m1.562s
user	0m58.690s
sys	0m1.735s
rm -f shift_domain_em.o
sed -e "s/grid%mu/gridmu/g" -e "s/grid%Mu/gridMu/g" -e "s/^\!.*'.*//" -e "s/^ *\!.*'.*//" shift_domain_em.F > shift_domain_em.G
/lib/cpp -P -nostdinc -I/glade/work/nystrom/Code/WRFDA/WRFV3_3.9.1_preset_moves_sfc_coeff_param_estim/inc -DEM_CORE=1 -DNMM_CORE=0 -DNMM_MAX_DIM=2600 -DCOAMPS_CORE=0 -DDA_CORE=0 -DEXP_CORE=0 -DIWORDSIZE=4 -DDWORDSIZE=8 -DRWORDSIZE=4 -DLWORDSIZE=4 -DNONSTANDARD_SYSTEM_FUNC  -DWRF_USE_CLM  -DDM_PARALLEL -DNETCDF -DMOVE_NESTS -DUSE_ALLOCATABLES -DGRIB1 -DINTIO -DKEEP_INT_AROUND -DLIMIT_ARGS -DCONFIG_BUF_LEN=65536 -DMAX_DOMAINS_F=21 -DMAX_HISTORY=25 -DNMM_NEST=0  -I. -traditional-cpp   shift_domain_em.G  > shift_domain_em.H
sed -e "s/gridmu/grid%mu/g" -e "s/gridMu/grid%Mu/g" shift_domain_em.H > shift_domain_em.bb
/glade/work/nystrom/Code/WRFDA/WRFV3_3.9.1_preset_moves_sfc_coeff_param_estim/tools/standard.exe shift_domain_em.bb | /lib/cpp -P -nostdinc -traditional-cpp > shift_domain_em.f90
rm -f shift_domain_em.G shift_domain_em.H shift_domain_em.bb
time mpif90 -f90=ifort -o shift_domain_em.o -c -O3 -ip -fp-model precise -w -ftz -align all -fno-alias -FR -convert big_endian    -I../dyn_em -I../dyn_nmm   -I/glade/work/nystrom/Code/WRFDA/WRFV3_3.9.1_preset_moves_sfc_coeff_param_estim/external/esmf_time_f90  -I/glade/work/nystrom/Code/WRFDA/WRFV3_3.9.1_preset_moves_sfc_coeff_param_estim/main -I/glade/work/nystrom/Code/WRFDA/WRFV3_3.9.1_preset_moves_sfc_coeff_param_estim/external/io_netcdf -I/glade/work/nystrom/Code/WRFDA/WRFV3_3.9.1_preset_moves_sfc_coeff_param_estim/external/io_int -I/glade/work/nystrom/Code/WRFDA/WRFV3_3.9.1_preset_moves_sfc_coeff_param_estim/frame -I/glade/work/nystrom/Code/WRFDA/WRFV3_3.9.1_preset_moves_sfc_coeff_param_estim/share -I/glade/work/nystrom/Code/WRFDA/WRFV3_3.9.1_preset_moves_sfc_coeff_param_estim/phys -I/glade/work/nystrom/Code/WRFDA/WRFV3_3.9.1_preset_moves_sfc_coeff_param_estim/chem -I/glade/work/nystrom/Code/WRFDA/WRFV3_3.9.1_preset_moves_sfc_coeff_param_estim/inc -I/glade/u/apps/ch/opt/netcdf/4.7.3/intel/19.0.5//include  -real-size `expr 8 \* 4` -i4  shift_domain_em.f90

real	1m55.969s
user	1m55.401s
sys	0m0.397s
rm -f couple_or_uncouple_em.o
sed -e "s/grid%mu/gridmu/g" -e "s/grid%Mu/gridMu/g" -e "s/^\!.*'.*//" -e "s/^ *\!.*'.*//" couple_or_uncouple_em.F > couple_or_uncouple_em.G
/lib/cpp -P -nostdinc -I/glade/work/nystrom/Code/WRFDA/WRFV3_3.9.1_preset_moves_sfc_coeff_param_estim/inc -DEM_CORE=1 -DNMM_CORE=0 -DNMM_MAX_DIM=2600 -DCOAMPS_CORE=0 -DDA_CORE=0 -DEXP_CORE=0 -DIWORDSIZE=4 -DDWORDSIZE=8 -DRWORDSIZE=4 -DLWORDSIZE=4 -DNONSTANDARD_SYSTEM_FUNC  -DWRF_USE_CLM  -DDM_PARALLEL -DNETCDF -DMOVE_NESTS -DUSE_ALLOCATABLES -DGRIB1 -DINTIO -DKEEP_INT_AROUND -DLIMIT_ARGS -DCONFIG_BUF_LEN=65536 -DMAX_DOMAINS_F=21 -DMAX_HISTORY=25 -DNMM_NEST=0  -I. -traditional-cpp   couple_or_uncouple_em.G  > couple_or_uncouple_em.H
sed -e "s/gridmu/grid%mu/g" -e "s/gridMu/grid%Mu/g" couple_or_uncouple_em.H > couple_or_uncouple_em.bb
/glade/work/nystrom/Code/WRFDA/WRFV3_3.9.1_preset_moves_sfc_coeff_param_estim/tools/standard.exe couple_or_uncouple_em.bb | /lib/cpp -P -nostdinc -traditional-cpp > couple_or_uncouple_em.f90
rm -f couple_or_uncouple_em.G couple_or_uncouple_em.H couple_or_uncouple_em.bb
time mpif90 -f90=ifort -o couple_or_uncouple_em.o -c -O3 -ip -fp-model precise -w -ftz -align all -fno-alias -FR -convert big_endian    -I../dyn_em -I../dyn_nmm   -I/glade/work/nystrom/Code/WRFDA/WRFV3_3.9.1_preset_moves_sfc_coeff_param_estim/external/esmf_time_f90  -I/glade/work/nystrom/Code/WRFDA/WRFV3_3.9.1_preset_moves_sfc_coeff_param_estim/main -I/glade/work/nystrom/Code/WRFDA/WRFV3_3.9.1_preset_moves_sfc_coeff_param_estim/external/io_netcdf -I/glade/work/nystrom/Code/WRFDA/WRFV3_3.9.1_preset_moves_sfc_coeff_param_estim/external/io_int -I/glade/work/nystrom/Code/WRFDA/WRFV3_3.9.1_preset_moves_sfc_coeff_param_estim/frame -I/glade/work/nystrom/Code/WRFDA/WRFV3_3.9.1_preset_moves_sfc_coeff_param_estim/share -I/glade/work/nystrom/Code/WRFDA/WRFV3_3.9.1_preset_moves_sfc_coeff_param_estim/phys -I/glade/work/nystrom/Code/WRFDA/WRFV3_3.9.1_preset_moves_sfc_coeff_param_estim/chem -I/glade/work/nystrom/Code/WRFDA/WRFV3_3.9.1_preset_moves_sfc_coeff_param_estim/inc -I/glade/u/apps/ch/opt/netcdf/4.7.3/intel/19.0.5//include  -real-size `expr 8 \* 4` -i4  couple_or_uncouple_em.f90

real	0m5.953s
user	0m4.768s
sys	0m0.652s
rm -f nest_init_utils.o
sed -e "s/grid%mu/gridmu/g" -e "s/grid%Mu/gridMu/g" -e "s/^\!.*'.*//" -e "s/^ *\!.*'.*//" nest_init_utils.F > nest_init_utils.G
/lib/cpp -P -nostdinc -I/glade/work/nystrom/Code/WRFDA/WRFV3_3.9.1_preset_moves_sfc_coeff_param_estim/inc -DEM_CORE=1 -DNMM_CORE=0 -DNMM_MAX_DIM=2600 -DCOAMPS_CORE=0 -DDA_CORE=0 -DEXP_CORE=0 -DIWORDSIZE=4 -DDWORDSIZE=8 -DRWORDSIZE=4 -DLWORDSIZE=4 -DNONSTANDARD_SYSTEM_FUNC  -DWRF_USE_CLM  -DDM_PARALLEL -DNETCDF -DMOVE_NESTS -DUSE_ALLOCATABLES -DGRIB1 -DINTIO -DKEEP_INT_AROUND -DLIMIT_ARGS -DCONFIG_BUF_LEN=65536 -DMAX_DOMAINS_F=21 -DMAX_HISTORY=25 -DNMM_NEST=0  -I. -traditional-cpp   nest_init_utils.G  > nest_init_utils.H
sed -e "s/gridmu/grid%mu/g" -e "s/gridMu/grid%Mu/g" nest_init_utils.H > nest_init_utils.bb
/glade/work/nystrom/Code/WRFDA/WRFV3_3.9.1_preset_moves_sfc_coeff_param_estim/tools/standard.exe nest_init_utils.bb | /lib/cpp -P -nostdinc -traditional-cpp > nest_init_utils.f90
rm -f nest_init_utils.G nest_init_utils.H nest_init_utils.bb
time mpif90 -f90=ifort -o nest_init_utils.o -c -O3 -ip -fp-model precise -w -ftz -align all -fno-alias -FR -convert big_endian    -I../dyn_em -I../dyn_nmm   -I/glade/work/nystrom/Code/WRFDA/WRFV3_3.9.1_preset_moves_sfc_coeff_param_estim/external/esmf_time_f90  -I/glade/work/nystrom/Code/WRFDA/WRFV3_3.9.1_preset_moves_sfc_coeff_param_estim/main -I/glade/work/nystrom/Code/WRFDA/WRFV3_3.9.1_preset_moves_sfc_coeff_param_estim/external/io_netcdf -I/glade/work/nystrom/Code/WRFDA/WRFV3_3.9.1_preset_moves_sfc_coeff_param_estim/external/io_int -I/glade/work/nystrom/Code/WRFDA/WRFV3_3.9.1_preset_moves_sfc_coeff_param_estim/frame -I/glade/work/nystrom/Code/WRFDA/WRFV3_3.9.1_preset_moves_sfc_coeff_param_estim/share -I/glade/work/nystrom/Code/WRFDA/WRFV3_3.9.1_preset_moves_sfc_coeff_param_estim/phys -I/glade/work/nystrom/Code/WRFDA/WRFV3_3.9.1_preset_moves_sfc_coeff_param_estim/chem -I/glade/work/nystrom/Code/WRFDA/WRFV3_3.9.1_preset_moves_sfc_coeff_param_estim/inc -I/glade/u/apps/ch/opt/netcdf/4.7.3/intel/19.0.5//include  -real-size `expr 8 \* 4` -i4  nest_init_utils.f90

real	0m4.626s
user	0m3.940s
sys	0m0.471s
rm -f adapt_timestep_em.o
sed -e "s/grid%mu/gridmu/g" -e "s/grid%Mu/gridMu/g" -e "s/^\!.*'.*//" -e "s/^ *\!.*'.*//" adapt_timestep_em.F > adapt_timestep_em.G
/lib/cpp -P -nostdinc -I/glade/work/nystrom/Code/WRFDA/WRFV3_3.9.1_preset_moves_sfc_coeff_param_estim/inc -DEM_CORE=1 -DNMM_CORE=0 -DNMM_MAX_DIM=2600 -DCOAMPS_CORE=0 -DDA_CORE=0 -DEXP_CORE=0 -DIWORDSIZE=4 -DDWORDSIZE=8 -DRWORDSIZE=4 -DLWORDSIZE=4 -DNONSTANDARD_SYSTEM_FUNC  -DWRF_USE_CLM  -DDM_PARALLEL -DNETCDF -DMOVE_NESTS -DUSE_ALLOCATABLES -DGRIB1 -DINTIO -DKEEP_INT_AROUND -DLIMIT_ARGS -DCONFIG_BUF_LEN=65536 -DMAX_DOMAINS_F=21 -DMAX_HISTORY=25 -DNMM_NEST=0  -I. -traditional-cpp   adapt_timestep_em.G  > adapt_timestep_em.H
sed -e "s/gridmu/grid%mu/g" -e "s/gridMu/grid%Mu/g" adapt_timestep_em.H > adapt_timestep_em.bb
/glade/work/nystrom/Code/WRFDA/WRFV3_3.9.1_preset_moves_sfc_coeff_param_estim/tools/standard.exe adapt_timestep_em.bb | /lib/cpp -P -nostdinc -traditional-cpp > adapt_timestep_em.f90
rm -f adapt_timestep_em.G adapt_timestep_em.H adapt_timestep_em.bb
time mpif90 -f90=ifort -o adapt_timestep_em.o -c -O3 -ip -fp-model precise -w -ftz -align all -fno-alias -FR -convert big_endian    -I../dyn_em -I../dyn_nmm   -I/glade/work/nystrom/Code/WRFDA/WRFV3_3.9.1_preset_moves_sfc_coeff_param_estim/external/esmf_time_f90  -I/glade/work/nystrom/Code/WRFDA/WRFV3_3.9.1_preset_moves_sfc_coeff_param_estim/main -I/glade/work/nystrom/Code/WRFDA/WRFV3_3.9.1_preset_moves_sfc_coeff_param_estim/external/io_netcdf -I/glade/work/nystrom/Code/WRFDA/WRFV3_3.9.1_preset_moves_sfc_coeff_param_estim/external/io_int -I/glade/work/nystrom/Code/WRFDA/WRFV3_3.9.1_preset_moves_sfc_coeff_param_estim/frame -I/glade/work/nystrom/Code/WRFDA/WRFV3_3.9.1_preset_moves_sfc_coeff_param_estim/share -I/glade/work/nystrom/Code/WRFDA/WRFV3_3.9.1_preset_moves_sfc_coeff_param_estim/phys -I/glade/work/nystrom/Code/WRFDA/WRFV3_3.9.1_preset_moves_sfc_coeff_param_estim/chem -I/glade/work/nystrom/Code/WRFDA/WRFV3_3.9.1_preset_moves_sfc_coeff_param_estim/inc -I/glade/u/apps/ch/opt/netcdf/4.7.3/intel/19.0.5//include  -real-size `expr 8 \* 4` -i4  adapt_timestep_em.f90

real	0m1.024s
user	0m0.750s
sys	0m0.115s
rm -f interp_domain_em.o
sed -e "s/grid%mu/gridmu/g" -e "s/grid%Mu/gridMu/g" -e "s/^\!.*'.*//" -e "s/^ *\!.*'.*//" interp_domain_em.F > interp_domain_em.G
/lib/cpp -P -nostdinc -I/glade/work/nystrom/Code/WRFDA/WRFV3_3.9.1_preset_moves_sfc_coeff_param_estim/inc -DEM_CORE=1 -DNMM_CORE=0 -DNMM_MAX_DIM=2600 -DCOAMPS_CORE=0 -DDA_CORE=0 -DEXP_CORE=0 -DIWORDSIZE=4 -DDWORDSIZE=8 -DRWORDSIZE=4 -DLWORDSIZE=4 -DNONSTANDARD_SYSTEM_FUNC  -DWRF_USE_CLM  -DDM_PARALLEL -DNETCDF -DMOVE_NESTS -DUSE_ALLOCATABLES -DGRIB1 -DINTIO -DKEEP_INT_AROUND -DLIMIT_ARGS -DCONFIG_BUF_LEN=65536 -DMAX_DOMAINS_F=21 -DMAX_HISTORY=25 -DNMM_NEST=0  -I. -traditional-cpp   interp_domain_em.G  > interp_domain_em.H
sed -e "s/gridmu/grid%mu/g" -e "s/gridMu/grid%Mu/g" interp_domain_em.H > interp_domain_em.bb
/glade/work/nystrom/Code/WRFDA/WRFV3_3.9.1_preset_moves_sfc_coeff_param_estim/tools/standard.exe interp_domain_em.bb | /lib/cpp -P -nostdinc -traditional-cpp > interp_domain_em.f90
rm -f interp_domain_em.G interp_domain_em.H interp_domain_em.bb
time mpif90 -f90=ifort -o interp_domain_em.o -c -O3 -ip -fp-model precise -w -ftz -align all -fno-alias -FR -convert big_endian    -I../dyn_em -I../dyn_nmm   -I/glade/work/nystrom/Code/WRFDA/WRFV3_3.9.1_preset_moves_sfc_coeff_param_estim/external/esmf_time_f90  -I/glade/work/nystrom/Code/WRFDA/WRFV3_3.9.1_preset_moves_sfc_coeff_param_estim/main -I/glade/work/nystrom/Code/WRFDA/WRFV3_3.9.1_preset_moves_sfc_coeff_param_estim/external/io_netcdf -I/glade/work/nystrom/Code/WRFDA/WRFV3_3.9.1_preset_moves_sfc_coeff_param_estim/external/io_int -I/glade/work/nystrom/Code/WRFDA/WRFV3_3.9.1_preset_moves_sfc_coeff_param_estim/frame -I/glade/work/nystrom/Code/WRFDA/WRFV3_3.9.1_preset_moves_sfc_coeff_param_estim/share -I/glade/work/nystrom/Code/WRFDA/WRFV3_3.9.1_preset_moves_sfc_coeff_param_estim/phys -I/glade/work/nystrom/Code/WRFDA/WRFV3_3.9.1_preset_moves_sfc_coeff_param_estim/chem -I/glade/work/nystrom/Code/WRFDA/WRFV3_3.9.1_preset_moves_sfc_coeff_param_estim/inc -I/glade/u/apps/ch/opt/netcdf/4.7.3/intel/19.0.5//include  -real-size `expr 8 \* 4` -i4  interp_domain_em.f90

real	0m0.250s
user	0m0.070s
sys	0m0.065s
rm -f module_diffusion_em.o
sed -e "s/grid%mu/gridmu/g" -e "s/grid%Mu/gridMu/g" -e "s/^\!.*'.*//" -e "s/^ *\!.*'.*//" module_diffusion_em.F > module_diffusion_em.G
/lib/cpp -P -nostdinc -I/glade/work/nystrom/Code/WRFDA/WRFV3_3.9.1_preset_moves_sfc_coeff_param_estim/inc -DEM_CORE=1 -DNMM_CORE=0 -DNMM_MAX_DIM=2600 -DCOAMPS_CORE=0 -DDA_CORE=0 -DEXP_CORE=0 -DIWORDSIZE=4 -DDWORDSIZE=8 -DRWORDSIZE=4 -DLWORDSIZE=4 -DNONSTANDARD_SYSTEM_FUNC  -DWRF_USE_CLM  -DDM_PARALLEL -DNETCDF -DMOVE_NESTS -DUSE_ALLOCATABLES -DGRIB1 -DINTIO -DKEEP_INT_AROUND -DLIMIT_ARGS -DCONFIG_BUF_LEN=65536 -DMAX_DOMAINS_F=21 -DMAX_HISTORY=25 -DNMM_NEST=0  -I. -traditional-cpp   module_diffusion_em.G  > module_diffusion_em.H
sed -e "s/gridmu/grid%mu/g" -e "s/gridMu/grid%Mu/g" module_diffusion_em.H > module_diffusion_em.bb
/glade/work/nystrom/Code/WRFDA/WRFV3_3.9.1_preset_moves_sfc_coeff_param_estim/tools/standard.exe module_diffusion_em.bb | /lib/cpp -P -nostdinc -traditional-cpp > module_diffusion_em.f90
rm -f module_diffusion_em.G module_diffusion_em.H module_diffusion_em.bb
time mpif90 -f90=ifort -o module_diffusion_em.o -c -O3 -ip -fp-model precise -w -ftz -align all -fno-alias -FR -convert big_endian    -I../dyn_em -I../dyn_nmm   -I/glade/work/nystrom/Code/WRFDA/WRFV3_3.9.1_preset_moves_sfc_coeff_param_estim/external/esmf_time_f90  -I/glade/work/nystrom/Code/WRFDA/WRFV3_3.9.1_preset_moves_sfc_coeff_param_estim/main -I/glade/work/nystrom/Code/WRFDA/WRFV3_3.9.1_preset_moves_sfc_coeff_param_estim/external/io_netcdf -I/glade/work/nystrom/Code/WRFDA/WRFV3_3.9.1_preset_moves_sfc_coeff_param_estim/external/io_int -I/glade/work/nystrom/Code/WRFDA/WRFV3_3.9.1_preset_moves_sfc_coeff_param_estim/frame -I/glade/work/nystrom/Code/WRFDA/WRFV3_3.9.1_preset_moves_sfc_coeff_param_estim/share -I/glade/work/nystrom/Code/WRFDA/WRFV3_3.9.1_preset_moves_sfc_coeff_param_estim/phys -I/glade/work/nystrom/Code/WRFDA/WRFV3_3.9.1_preset_moves_sfc_coeff_param_estim/chem -I/glade/work/nystrom/Code/WRFDA/WRFV3_3.9.1_preset_moves_sfc_coeff_param_estim/inc -I/glade/u/apps/ch/opt/netcdf/4.7.3/intel/19.0.5//include  -real-size `expr 8 \* 4` -i4  module_diffusion_em.f90

real	0m3.994s
user	0m2.992s
sys	0m0.506s
rm -f module_em.o
sed -e "s/grid%mu/gridmu/g" -e "s/grid%Mu/gridMu/g" -e "s/^\!.*'.*//" -e "s/^ *\!.*'.*//" module_em.F > module_em.G
/lib/cpp -P -nostdinc -I/glade/work/nystrom/Code/WRFDA/WRFV3_3.9.1_preset_moves_sfc_coeff_param_estim/inc -DEM_CORE=1 -DNMM_CORE=0 -DNMM_MAX_DIM=2600 -DCOAMPS_CORE=0 -DDA_CORE=0 -DEXP_CORE=0 -DIWORDSIZE=4 -DDWORDSIZE=8 -DRWORDSIZE=4 -DLWORDSIZE=4 -DNONSTANDARD_SYSTEM_FUNC  -DWRF_USE_CLM  -DDM_PARALLEL -DNETCDF -DMOVE_NESTS -DUSE_ALLOCATABLES -DGRIB1 -DINTIO -DKEEP_INT_AROUND -DLIMIT_ARGS -DCONFIG_BUF_LEN=65536 -DMAX_DOMAINS_F=21 -DMAX_HISTORY=25 -DNMM_NEST=0  -I. -traditional-cpp   module_em.G  > module_em.H
sed -e "s/gridmu/grid%mu/g" -e "s/gridMu/grid%Mu/g" module_em.H > module_em.bb
/glade/work/nystrom/Code/WRFDA/WRFV3_3.9.1_preset_moves_sfc_coeff_param_estim/tools/standard.exe module_em.bb | /lib/cpp -P -nostdinc -traditional-cpp > module_em.f90
rm -f module_em.G module_em.H module_em.bb
time mpif90 -f90=ifort -o module_em.o -c -O3 -ip -fp-model precise -w -ftz -align all -fno-alias -FR -convert big_endian    -I../dyn_em -I../dyn_nmm   -I/glade/work/nystrom/Code/WRFDA/WRFV3_3.9.1_preset_moves_sfc_coeff_param_estim/external/esmf_time_f90  -I/glade/work/nystrom/Code/WRFDA/WRFV3_3.9.1_preset_moves_sfc_coeff_param_estim/main -I/glade/work/nystrom/Code/WRFDA/WRFV3_3.9.1_preset_moves_sfc_coeff_param_estim/external/io_netcdf -I/glade/work/nystrom/Code/WRFDA/WRFV3_3.9.1_preset_moves_sfc_coeff_param_estim/external/io_int -I/glade/work/nystrom/Code/WRFDA/WRFV3_3.9.1_preset_moves_sfc_coeff_param_estim/frame -I/glade/work/nystrom/Code/WRFDA/WRFV3_3.9.1_preset_moves_sfc_coeff_param_estim/share -I/glade/work/nystrom/Code/WRFDA/WRFV3_3.9.1_preset_moves_sfc_coeff_param_estim/phys -I/glade/work/nystrom/Code/WRFDA/WRFV3_3.9.1_preset_moves_sfc_coeff_param_estim/chem -I/glade/work/nystrom/Code/WRFDA/WRFV3_3.9.1_preset_moves_sfc_coeff_param_estim/inc -I/glade/u/apps/ch/opt/netcdf/4.7.3/intel/19.0.5//include  -real-size `expr 8 \* 4` -i4  module_em.f90

real	0m5.445s
user	0m4.995s
sys	0m0.223s
rm -f module_sfs_driver.o
sed -e "s/grid%mu/gridmu/g" -e "s/grid%Mu/gridMu/g" -e "s/^\!.*'.*//" -e "s/^ *\!.*'.*//" module_sfs_driver.F > module_sfs_driver.G
/lib/cpp -P -nostdinc -I/glade/work/nystrom/Code/WRFDA/WRFV3_3.9.1_preset_moves_sfc_coeff_param_estim/inc -DEM_CORE=1 -DNMM_CORE=0 -DNMM_MAX_DIM=2600 -DCOAMPS_CORE=0 -DDA_CORE=0 -DEXP_CORE=0 -DIWORDSIZE=4 -DDWORDSIZE=8 -DRWORDSIZE=4 -DLWORDSIZE=4 -DNONSTANDARD_SYSTEM_FUNC  -DWRF_USE_CLM  -DDM_PARALLEL -DNETCDF -DMOVE_NESTS -DUSE_ALLOCATABLES -DGRIB1 -DINTIO -DKEEP_INT_AROUND -DLIMIT_ARGS -DCONFIG_BUF_LEN=65536 -DMAX_DOMAINS_F=21 -DMAX_HISTORY=25 -DNMM_NEST=0  -I. -traditional-cpp   module_sfs_driver.G  > module_sfs_driver.H
sed -e "s/gridmu/grid%mu/g" -e "s/gridMu/grid%Mu/g" module_sfs_driver.H > module_sfs_driver.bb
/glade/work/nystrom/Code/WRFDA/WRFV3_3.9.1_preset_moves_sfc_coeff_param_estim/tools/standard.exe module_sfs_driver.bb | /lib/cpp -P -nostdinc -traditional-cpp > module_sfs_driver.f90
rm -f module_sfs_driver.G module_sfs_driver.H module_sfs_driver.bb
time mpif90 -f90=ifort -o module_sfs_driver.o -c -O3 -ip -fp-model precise -w -ftz -align all -fno-alias -FR -convert big_endian    -I../dyn_em -I../dyn_nmm   -I/glade/work/nystrom/Code/WRFDA/WRFV3_3.9.1_preset_moves_sfc_coeff_param_estim/external/esmf_time_f90  -I/glade/work/nystrom/Code/WRFDA/WRFV3_3.9.1_preset_moves_sfc_coeff_param_estim/main -I/glade/work/nystrom/Code/WRFDA/WRFV3_3.9.1_preset_moves_sfc_coeff_param_estim/external/io_netcdf -I/glade/work/nystrom/Code/WRFDA/WRFV3_3.9.1_preset_moves_sfc_coeff_param_estim/external/io_int -I/glade/work/nystrom/Code/WRFDA/WRFV3_3.9.1_preset_moves_sfc_coeff_param_estim/frame -I/glade/work/nystrom/Code/WRFDA/WRFV3_3.9.1_preset_moves_sfc_coeff_param_estim/share -I/glade/work/nystrom/Code/WRFDA/WRFV3_3.9.1_preset_moves_sfc_coeff_param_estim/phys -I/glade/work/nystrom/Code/WRFDA/WRFV3_3.9.1_preset_moves_sfc_coeff_param_estim/chem -I/glade/work/nystrom/Code/WRFDA/WRFV3_3.9.1_preset_moves_sfc_coeff_param_estim/inc -I/glade/u/apps/ch/opt/netcdf/4.7.3/intel/19.0.5//include  -real-size `expr 8 \* 4` -i4  module_sfs_driver.f90

real	0m2.883s
user	0m2.052s
sys	0m0.439s
rm -f module_first_rk_step_part1.o
sed -e "s/grid%mu/gridmu/g" -e "s/grid%Mu/gridMu/g" -e "s/^\!.*'.*//" -e "s/^ *\!.*'.*//" module_first_rk_step_part1.F > module_first_rk_step_part1.G
/lib/cpp -P -nostdinc -I/glade/work/nystrom/Code/WRFDA/WRFV3_3.9.1_preset_moves_sfc_coeff_param_estim/inc -DEM_CORE=1 -DNMM_CORE=0 -DNMM_MAX_DIM=2600 -DCOAMPS_CORE=0 -DDA_CORE=0 -DEXP_CORE=0 -DIWORDSIZE=4 -DDWORDSIZE=8 -DRWORDSIZE=4 -DLWORDSIZE=4 -DNONSTANDARD_SYSTEM_FUNC  -DWRF_USE_CLM  -DDM_PARALLEL -DNETCDF -DMOVE_NESTS -DUSE_ALLOCATABLES -DGRIB1 -DINTIO -DKEEP_INT_AROUND -DLIMIT_ARGS -DCONFIG_BUF_LEN=65536 -DMAX_DOMAINS_F=21 -DMAX_HISTORY=25 -DNMM_NEST=0  -I. -traditional-cpp   module_first_rk_step_part1.G  > module_first_rk_step_part1.H
sed -e "s/gridmu/grid%mu/g" -e "s/gridMu/grid%Mu/g" module_first_rk_step_part1.H > module_first_rk_step_part1.bb
/glade/work/nystrom/Code/WRFDA/WRFV3_3.9.1_preset_moves_sfc_coeff_param_estim/tools/standard.exe module_first_rk_step_part1.bb | /lib/cpp -P -nostdinc -traditional-cpp > module_first_rk_step_part1.f90
rm -f module_first_rk_step_part1.G module_first_rk_step_part1.H module_first_rk_step_part1.bb
time mpif90 -f90=ifort -o module_first_rk_step_part1.o -c -O3 -ip -fp-model precise -w -ftz -align all -fno-alias -FR -convert big_endian    -I../dyn_em -I../dyn_nmm   -I/glade/work/nystrom/Code/WRFDA/WRFV3_3.9.1_preset_moves_sfc_coeff_param_estim/external/esmf_time_f90  -I/glade/work/nystrom/Code/WRFDA/WRFV3_3.9.1_preset_moves_sfc_coeff_param_estim/main -I/glade/work/nystrom/Code/WRFDA/WRFV3_3.9.1_preset_moves_sfc_coeff_param_estim/external/io_netcdf -I/glade/work/nystrom/Code/WRFDA/WRFV3_3.9.1_preset_moves_sfc_coeff_param_estim/external/io_int -I/glade/work/nystrom/Code/WRFDA/WRFV3_3.9.1_preset_moves_sfc_coeff_param_estim/frame -I/glade/work/nystrom/Code/WRFDA/WRFV3_3.9.1_preset_moves_sfc_coeff_param_estim/share -I/glade/work/nystrom/Code/WRFDA/WRFV3_3.9.1_preset_moves_sfc_coeff_param_estim/phys -I/glade/work/nystrom/Code/WRFDA/WRFV3_3.9.1_preset_moves_sfc_coeff_param_estim/chem -I/glade/work/nystrom/Code/WRFDA/WRFV3_3.9.1_preset_moves_sfc_coeff_param_estim/inc -I/glade/u/apps/ch/opt/netcdf/4.7.3/intel/19.0.5//include  -real-size `expr 8 \* 4` -i4  module_first_rk_step_part1.f90

real	0m24.221s
user	0m23.703s
sys	0m0.329s
rm -f module_first_rk_step_part2.o
sed -e "s/grid%mu/gridmu/g" -e "s/grid%Mu/gridMu/g" -e "s/^\!.*'.*//" -e "s/^ *\!.*'.*//" module_first_rk_step_part2.F > module_first_rk_step_part2.G
/lib/cpp -P -nostdinc -I/glade/work/nystrom/Code/WRFDA/WRFV3_3.9.1_preset_moves_sfc_coeff_param_estim/inc -DEM_CORE=1 -DNMM_CORE=0 -DNMM_MAX_DIM=2600 -DCOAMPS_CORE=0 -DDA_CORE=0 -DEXP_CORE=0 -DIWORDSIZE=4 -DDWORDSIZE=8 -DRWORDSIZE=4 -DLWORDSIZE=4 -DNONSTANDARD_SYSTEM_FUNC  -DWRF_USE_CLM  -DDM_PARALLEL -DNETCDF -DMOVE_NESTS -DUSE_ALLOCATABLES -DGRIB1 -DINTIO -DKEEP_INT_AROUND -DLIMIT_ARGS -DCONFIG_BUF_LEN=65536 -DMAX_DOMAINS_F=21 -DMAX_HISTORY=25 -DNMM_NEST=0  -I. -traditional-cpp   module_first_rk_step_part2.G  > module_first_rk_step_part2.H
sed -e "s/gridmu/grid%mu/g" -e "s/gridMu/grid%Mu/g" module_first_rk_step_part2.H > module_first_rk_step_part2.bb
/glade/work/nystrom/Code/WRFDA/WRFV3_3.9.1_preset_moves_sfc_coeff_param_estim/tools/standard.exe module_first_rk_step_part2.bb | /lib/cpp -P -nostdinc -traditional-cpp > module_first_rk_step_part2.f90
rm -f module_first_rk_step_part2.G module_first_rk_step_part2.H module_first_rk_step_part2.bb
time mpif90 -f90=ifort -o module_first_rk_step_part2.o -c -O3 -ip -fp-model precise -w -ftz -align all -fno-alias -FR -convert big_endian    -I../dyn_em -I../dyn_nmm   -I/glade/work/nystrom/Code/WRFDA/WRFV3_3.9.1_preset_moves_sfc_coeff_param_estim/external/esmf_time_f90  -I/glade/work/nystrom/Code/WRFDA/WRFV3_3.9.1_preset_moves_sfc_coeff_param_estim/main -I/glade/work/nystrom/Code/WRFDA/WRFV3_3.9.1_preset_moves_sfc_coeff_param_estim/external/io_netcdf -I/glade/work/nystrom/Code/WRFDA/WRFV3_3.9.1_preset_moves_sfc_coeff_param_estim/external/io_int -I/glade/work/nystrom/Code/WRFDA/WRFV3_3.9.1_preset_moves_sfc_coeff_param_estim/frame -I/glade/work/nystrom/Code/WRFDA/WRFV3_3.9.1_preset_moves_sfc_coeff_param_estim/share -I/glade/work/nystrom/Code/WRFDA/WRFV3_3.9.1_preset_moves_sfc_coeff_param_estim/phys -I/glade/work/nystrom/Code/WRFDA/WRFV3_3.9.1_preset_moves_sfc_coeff_param_estim/chem -I/glade/work/nystrom/Code/WRFDA/WRFV3_3.9.1_preset_moves_sfc_coeff_param_estim/inc -I/glade/u/apps/ch/opt/netcdf/4.7.3/intel/19.0.5//include  -real-size `expr 8 \* 4` -i4  module_first_rk_step_part2.f90

real	0m5.131s
user	0m4.288s
sys	0m0.480s

real	9m22.313s
user	9m17.510s
sys	0m3.332s
rm -f solve_em.o
sed -e "s/grid%mu/gridmu/g" -e "s/grid%Mu/gridMu/g" -e "s/^\!.*'.*//" -e "s/^ *\!.*'.*//" solve_em.F > solve_em.G
/lib/cpp -P -nostdinc -I/glade/work/nystrom/Code/WRFDA/WRFV3_3.9.1_preset_moves_sfc_coeff_param_estim/inc -DEM_CORE=1 -DNMM_CORE=0 -DNMM_MAX_DIM=2600 -DCOAMPS_CORE=0 -DDA_CORE=0 -DEXP_CORE=0 -DIWORDSIZE=4 -DDWORDSIZE=8 -DRWORDSIZE=4 -DLWORDSIZE=4 -DNONSTANDARD_SYSTEM_FUNC  -DWRF_USE_CLM  -DDM_PARALLEL -DNETCDF -DMOVE_NESTS -DUSE_ALLOCATABLES -DGRIB1 -DINTIO -DKEEP_INT_AROUND -DLIMIT_ARGS -DCONFIG_BUF_LEN=65536 -DMAX_DOMAINS_F=21 -DMAX_HISTORY=25 -DNMM_NEST=0  -I. -traditional-cpp   solve_em.G  > solve_em.H
sed -e "s/gridmu/grid%mu/g" -e "s/gridMu/grid%Mu/g" solve_em.H > solve_em.bb
/glade/work/nystrom/Code/WRFDA/WRFV3_3.9.1_preset_moves_sfc_coeff_param_estim/tools/standard.exe solve_em.bb | /lib/cpp -P -nostdinc -traditional-cpp > solve_em.f90
rm -f solve_em.G solve_em.H solve_em.bb
time mpif90 -f90=ifort -o solve_em.o -c -O3 -ip -fp-model precise -w -ftz -align all -fno-alias -FR -convert big_endian    -I../dyn_em -I../dyn_nmm   -I/glade/work/nystrom/Code/WRFDA/WRFV3_3.9.1_preset_moves_sfc_coeff_param_estim/external/esmf_time_f90  -I/glade/work/nystrom/Code/WRFDA/WRFV3_3.9.1_preset_moves_sfc_coeff_param_estim/main -I/glade/work/nystrom/Code/WRFDA/WRFV3_3.9.1_preset_moves_sfc_coeff_param_estim/external/io_netcdf -I/glade/work/nystrom/Code/WRFDA/WRFV3_3.9.1_preset_moves_sfc_coeff_param_estim/external/io_int -I/glade/work/nystrom/Code/WRFDA/WRFV3_3.9.1_preset_moves_sfc_coeff_param_estim/frame -I/glade/work/nystrom/Code/WRFDA/WRFV3_3.9.1_preset_moves_sfc_coeff_param_estim/share -I/glade/work/nystrom/Code/WRFDA/WRFV3_3.9.1_preset_moves_sfc_coeff_param_estim/phys -I/glade/work/nystrom/Code/WRFDA/WRFV3_3.9.1_preset_moves_sfc_coeff_param_estim/chem -I/glade/work/nystrom/Code/WRFDA/WRFV3_3.9.1_preset_moves_sfc_coeff_param_estim/inc -I/glade/u/apps/ch/opt/netcdf/4.7.3/intel/19.0.5//include  -real-size `expr 8 \* 4` -i4  solve_em.f90

real	0m27.933s
user	0m25.733s
sys	0m0.836s
ar ru ../main/libwrflib.a module_advect_em.o module_diffusion_em.o module_small_step_em.o module_big_step_utilities_em.o module_em.o module_solvedebug_em.o module_bc_em.o module_init_utilities.o module_wps_io_arw.o module_damping_em.o module_polarfft.o module_force_scm.o module_first_rk_step_part1.o module_first_rk_step_part2.o module_avgflx_em.o module_sfs_nba.o module_convtrans_prep.o module_sfs_driver.o module_stoch.o module_after_all_rk_steps.o  init_modules_em.o solve_em.o start_em.o shift_domain_em.o couple_or_uncouple_em.o nest_init_utils.o adapt_timestep_em.o interp_domain_em.o
make[2]: Leaving directory '/glade/work/nystrom/Code/WRFDA/WRFV3_3.9.1_preset_moves_sfc_coeff_param_estim/dyn_em'
make[1]: Leaving directory '/glade/work/nystrom/Code/WRFDA/WRFV3_3.9.1_preset_moves_sfc_coeff_param_estim'
if [ 0 -eq 1 ]   ; then make -i -r MODULE_DIRS="-I../dyn_em -I../dyn_nmm   -I/glade/work/nystrom/Code/WRFDA/WRFV3_3.9.1_preset_moves_sfc_coeff_param_estim/external/esmf_time_f90  -I/glade/work/nystrom/Code/WRFDA/WRFV3_3.9.1_preset_moves_sfc_coeff_param_estim/main -I/glade/work/nystrom/Code/WRFDA/WRFV3_3.9.1_preset_moves_sfc_coeff_param_estim/external/io_netcdf -I/glade/work/nystrom/Code/WRFDA/WRFV3_3.9.1_preset_moves_sfc_coeff_param_estim/external/io_int -I/glade/work/nystrom/Code/WRFDA/WRFV3_3.9.1_preset_moves_sfc_coeff_param_estim/frame -I/glade/work/nystrom/Code/WRFDA/WRFV3_3.9.1_preset_moves_sfc_coeff_param_estim/share -I/glade/work/nystrom/Code/WRFDA/WRFV3_3.9.1_preset_moves_sfc_coeff_param_estim/phys -I/glade/work/nystrom/Code/WRFDA/WRFV3_3.9.1_preset_moves_sfc_coeff_param_estim/chem -I/glade/work/nystrom/Code/WRFDA/WRFV3_3.9.1_preset_moves_sfc_coeff_param_estim/inc -I/glade/u/apps/ch/opt/netcdf/4.7.3/intel/19.0.5//include " nmm_core ; fi
if [ 0 -eq 1 ]   ; then make -i -r MODULE_DIRS="-I../dyn_em -I../dyn_nmm   -I/glade/work/nystrom/Code/WRFDA/WRFV3_3.9.1_preset_moves_sfc_coeff_param_estim/external/esmf_time_f90  -I/glade/work/nystrom/Code/WRFDA/WRFV3_3.9.1_preset_moves_sfc_coeff_param_estim/main -I/glade/work/nystrom/Code/WRFDA/WRFV3_3.9.1_preset_moves_sfc_coeff_param_estim/external/io_netcdf -I/glade/work/nystrom/Code/WRFDA/WRFV3_3.9.1_preset_moves_sfc_coeff_param_estim/external/io_int -I/glade/work/nystrom/Code/WRFDA/WRFV3_3.9.1_preset_moves_sfc_coeff_param_estim/frame -I/glade/work/nystrom/Code/WRFDA/WRFV3_3.9.1_preset_moves_sfc_coeff_param_estim/share -I/glade/work/nystrom/Code/WRFDA/WRFV3_3.9.1_preset_moves_sfc_coeff_param_estim/phys -I/glade/work/nystrom/Code/WRFDA/WRFV3_3.9.1_preset_moves_sfc_coeff_param_estim/chem -I/glade/work/nystrom/Code/WRFDA/WRFV3_3.9.1_preset_moves_sfc_coeff_param_estim/inc -I/glade/u/apps/ch/opt/netcdf/4.7.3/intel/19.0.5//include " exp_core ; fi
if [ 0 -eq 1 ]   ; then make -i -r MODULE_DIRS="-I../dyn_em -I../dyn_nmm   -I/glade/work/nystrom/Code/WRFDA/WRFV3_3.9.1_preset_moves_sfc_coeff_param_estim/external/esmf_time_f90  -I/glade/work/nystrom/Code/WRFDA/WRFV3_3.9.1_preset_moves_sfc_coeff_param_estim/main -I/glade/work/nystrom/Code/WRFDA/WRFV3_3.9.1_preset_moves_sfc_coeff_param_estim/external/io_netcdf -I/glade/work/nystrom/Code/WRFDA/WRFV3_3.9.1_preset_moves_sfc_coeff_param_estim/external/io_int -I/glade/work/nystrom/Code/WRFDA/WRFV3_3.9.1_preset_moves_sfc_coeff_param_estim/frame -I/glade/work/nystrom/Code/WRFDA/WRFV3_3.9.1_preset_moves_sfc_coeff_param_estim/share -I/glade/work/nystrom/Code/WRFDA/WRFV3_3.9.1_preset_moves_sfc_coeff_param_estim/phys -I/glade/work/nystrom/Code/WRFDA/WRFV3_3.9.1_preset_moves_sfc_coeff_param_estim/chem -I/glade/work/nystrom/Code/WRFDA/WRFV3_3.9.1_preset_moves_sfc_coeff_param_estim/inc -I/glade/u/apps/ch/opt/netcdf/4.7.3/intel/19.0.5//include " wrf_hydro ; fi
( cd main ; make -i -r RLFLAGS="" MODULE_DIRS="-I../dyn_em -I../dyn_nmm   -I/glade/work/nystrom/Code/WRFDA/WRFV3_3.9.1_preset_moves_sfc_coeff_param_estim/external/esmf_time_f90  -I/glade/work/nystrom/Code/WRFDA/WRFV3_3.9.1_preset_moves_sfc_coeff_param_estim/main -I/glade/work/nystrom/Code/WRFDA/WRFV3_3.9.1_preset_moves_sfc_coeff_param_estim/external/io_netcdf -I/glade/work/nystrom/Code/WRFDA/WRFV3_3.9.1_preset_moves_sfc_coeff_param_estim/external/io_int -I/glade/work/nystrom/Code/WRFDA/WRFV3_3.9.1_preset_moves_sfc_coeff_param_estim/frame -I/glade/work/nystrom/Code/WRFDA/WRFV3_3.9.1_preset_moves_sfc_coeff_param_estim/share -I/glade/work/nystrom/Code/WRFDA/WRFV3_3.9.1_preset_moves_sfc_coeff_param_estim/phys -I/glade/work/nystrom/Code/WRFDA/WRFV3_3.9.1_preset_moves_sfc_coeff_param_estim/chem -I/glade/work/nystrom/Code/WRFDA/WRFV3_3.9.1_preset_moves_sfc_coeff_param_estim/inc -I/glade/u/apps/ch/opt/netcdf/4.7.3/intel/19.0.5//include " SOLVER=em em_wrf )
make[1]: Entering directory '/glade/work/nystrom/Code/WRFDA/WRFV3_3.9.1_preset_moves_sfc_coeff_param_estim/main'
rm -f ../main/module_wrf_top.o
sed -e "s/grid%mu/gridmu/g" -e "s/grid%Mu/gridMu/g" -e "s/^\!.*'.*//" -e "s/^ *\!.*'.*//" ../main/module_wrf_top.F > ../main/module_wrf_top.G
/lib/cpp -P -nostdinc -I/glade/work/nystrom/Code/WRFDA/WRFV3_3.9.1_preset_moves_sfc_coeff_param_estim/inc -DEM_CORE=1 -DNMM_CORE=0 -DNMM_MAX_DIM=2600 -DCOAMPS_CORE=0 -DDA_CORE=0 -DEXP_CORE=0 -DIWORDSIZE=4 -DDWORDSIZE=8 -DRWORDSIZE=4 -DLWORDSIZE=4 -DNONSTANDARD_SYSTEM_FUNC  -DWRF_USE_CLM  -DDM_PARALLEL -DNETCDF -DMOVE_NESTS -DUSE_ALLOCATABLES -DGRIB1 -DINTIO -DKEEP_INT_AROUND -DLIMIT_ARGS -DCONFIG_BUF_LEN=65536 -DMAX_DOMAINS_F=21 -DMAX_HISTORY=25 -DNMM_NEST=0  -I. -traditional-cpp   ../main/module_wrf_top.G  > ../main/module_wrf_top.H
sed -e "s/gridmu/grid%mu/g" -e "s/gridMu/grid%Mu/g" ../main/module_wrf_top.H > ../main/module_wrf_top.bb
/glade/work/nystrom/Code/WRFDA/WRFV3_3.9.1_preset_moves_sfc_coeff_param_estim/tools/standard.exe ../main/module_wrf_top.bb | /lib/cpp -P -nostdinc -traditional-cpp > ../main/module_wrf_top.f90
rm -f ../main/module_wrf_top.G ../main/module_wrf_top.H ../main/module_wrf_top.bb
time mpif90 -f90=ifort -o ../main/module_wrf_top.o -c -O3 -ip -fp-model precise -w -ftz -align all -fno-alias -FR -convert big_endian    -I../dyn_em -I../dyn_nmm   -I/glade/work/nystrom/Code/WRFDA/WRFV3_3.9.1_preset_moves_sfc_coeff_param_estim/external/esmf_time_f90  -I/glade/work/nystrom/Code/WRFDA/WRFV3_3.9.1_preset_moves_sfc_coeff_param_estim/main -I/glade/work/nystrom/Code/WRFDA/WRFV3_3.9.1_preset_moves_sfc_coeff_param_estim/external/io_netcdf -I/glade/work/nystrom/Code/WRFDA/WRFV3_3.9.1_preset_moves_sfc_coeff_param_estim/external/io_int -I/glade/work/nystrom/Code/WRFDA/WRFV3_3.9.1_preset_moves_sfc_coeff_param_estim/frame -I/glade/work/nystrom/Code/WRFDA/WRFV3_3.9.1_preset_moves_sfc_coeff_param_estim/share -I/glade/work/nystrom/Code/WRFDA/WRFV3_3.9.1_preset_moves_sfc_coeff_param_estim/phys -I/glade/work/nystrom/Code/WRFDA/WRFV3_3.9.1_preset_moves_sfc_coeff_param_estim/chem -I/glade/work/nystrom/Code/WRFDA/WRFV3_3.9.1_preset_moves_sfc_coeff_param_estim/inc -I/glade/u/apps/ch/opt/netcdf/4.7.3/intel/19.0.5//include  -real-size `expr 8 \* 4` -i4  ../main/module_wrf_top.f90

real	0m4.171s
user	0m3.644s
sys	0m0.139s
rm -f wrf.o
sed -e "s/grid%mu/gridmu/g" -e "s/grid%Mu/gridMu/g" -e "s/^\!.*'.*//" -e "s/^ *\!.*'.*//" wrf.F > wrf.G
/lib/cpp -P -nostdinc -I/glade/work/nystrom/Code/WRFDA/WRFV3_3.9.1_preset_moves_sfc_coeff_param_estim/inc -DEM_CORE=1 -DNMM_CORE=0 -DNMM_MAX_DIM=2600 -DCOAMPS_CORE=0 -DDA_CORE=0 -DEXP_CORE=0 -DIWORDSIZE=4 -DDWORDSIZE=8 -DRWORDSIZE=4 -DLWORDSIZE=4 -DNONSTANDARD_SYSTEM_FUNC  -DWRF_USE_CLM  -DDM_PARALLEL -DNETCDF -DMOVE_NESTS -DUSE_ALLOCATABLES -DGRIB1 -DINTIO -DKEEP_INT_AROUND -DLIMIT_ARGS -DCONFIG_BUF_LEN=65536 -DMAX_DOMAINS_F=21 -DMAX_HISTORY=25 -DNMM_NEST=0  -I. -traditional-cpp   wrf.G  > wrf.H
sed -e "s/gridmu/grid%mu/g" -e "s/gridMu/grid%Mu/g" wrf.H > wrf.bb
/glade/work/nystrom/Code/WRFDA/WRFV3_3.9.1_preset_moves_sfc_coeff_param_estim/tools/standard.exe wrf.bb | /lib/cpp -P -nostdinc -traditional-cpp > wrf.f90
rm -f wrf.G wrf.H wrf.bb
time mpif90 -f90=ifort -o wrf.o -c -O3 -ip -fp-model precise -w -ftz -align all -fno-alias -FR -convert big_endian    -I../dyn_em -I../dyn_nmm   -I/glade/work/nystrom/Code/WRFDA/WRFV3_3.9.1_preset_moves_sfc_coeff_param_estim/external/esmf_time_f90  -I/glade/work/nystrom/Code/WRFDA/WRFV3_3.9.1_preset_moves_sfc_coeff_param_estim/main -I/glade/work/nystrom/Code/WRFDA/WRFV3_3.9.1_preset_moves_sfc_coeff_param_estim/external/io_netcdf -I/glade/work/nystrom/Code/WRFDA/WRFV3_3.9.1_preset_moves_sfc_coeff_param_estim/external/io_int -I/glade/work/nystrom/Code/WRFDA/WRFV3_3.9.1_preset_moves_sfc_coeff_param_estim/frame -I/glade/work/nystrom/Code/WRFDA/WRFV3_3.9.1_preset_moves_sfc_coeff_param_estim/share -I/glade/work/nystrom/Code/WRFDA/WRFV3_3.9.1_preset_moves_sfc_coeff_param_estim/phys -I/glade/work/nystrom/Code/WRFDA/WRFV3_3.9.1_preset_moves_sfc_coeff_param_estim/chem -I/glade/work/nystrom/Code/WRFDA/WRFV3_3.9.1_preset_moves_sfc_coeff_param_estim/inc -I/glade/u/apps/ch/opt/netcdf/4.7.3/intel/19.0.5//include  -real-size `expr 8 \* 4` -i4  wrf.f90

real	0m0.465s
user	0m0.106s
sys	0m0.095s
ranlib  libwrflib.a
time mpif90 -f90=ifort -o wrf.exe  -O3 -ip -fp-model precise -w -ftz -align all -fno-alias -FR -convert big_endian   -ip   wrf.o ../main/module_wrf_top.o libwrflib.a /glade/work/nystrom/Code/WRFDA/WRFV3_3.9.1_preset_moves_sfc_coeff_param_estim/external/fftpack/fftpack5/libfftpack.a /glade/work/nystrom/Code/WRFDA/WRFV3_3.9.1_preset_moves_sfc_coeff_param_estim/external/io_grib1/libio_grib1.a /glade/work/nystrom/Code/WRFDA/WRFV3_3.9.1_preset_moves_sfc_coeff_param_estim/external/io_grib_share/libio_grib_share.a /glade/work/nystrom/Code/WRFDA/WRFV3_3.9.1_preset_moves_sfc_coeff_param_estim/external/io_int/libwrfio_int.a -L/glade/work/nystrom/Code/WRFDA/WRFV3_3.9.1_preset_moves_sfc_coeff_param_estim/external/esmf_time_f90 -lesmf_time /glade/work/nystrom/Code/WRFDA/WRFV3_3.9.1_preset_moves_sfc_coeff_param_estim/external/RSL_LITE/librsl_lite.a /glade/work/nystrom/Code/WRFDA/WRFV3_3.9.1_preset_moves_sfc_coeff_param_estim/frame/module_internal_header_util.o /glade/work/nystrom/Code/WRFDA/WRFV3_3.9.1_preset_moves_sfc_coeff_param_estim/frame/pack_utils.o  -L/glade/work/nystrom/Code/WRFDA/WRFV3_3.9.1_preset_moves_sfc_coeff_param_estim/external/io_netcdf -lwrfio_nf -L/glade/u/apps/ch/opt/netcdf/4.7.3/intel/19.0.5//lib -lnetcdff -lnetcdf        
0.77user 3.29system 0:04.72elapsed 86%CPU (0avgtext+0avgdata 207176maxresident)k
1624inputs+0outputs (2major+85047minor)pagefaults 0swaps
make[1]: Leaving directory '/glade/work/nystrom/Code/WRFDA/WRFV3_3.9.1_preset_moves_sfc_coeff_param_estim/main'
( cd run ; /bin/rm -f wrf.exe ; ln -s ../main/wrf.exe . )
if [ 0 -eq 1 ] ; then \
  ( cd main ; make -i -r RLFLAGS="" MODULE_DIRS="-I../dyn_em -I../dyn_nmm   -I/glade/work/nystrom/Code/WRFDA/WRFV3_3.9.1_preset_moves_sfc_coeff_param_estim/external/esmf_time_f90  -I/glade/work/nystrom/Code/WRFDA/WRFV3_3.9.1_preset_moves_sfc_coeff_param_estim/main -I/glade/work/nystrom/Code/WRFDA/WRFV3_3.9.1_preset_moves_sfc_coeff_param_estim/external/io_netcdf -I/glade/work/nystrom/Code/WRFDA/WRFV3_3.9.1_preset_moves_sfc_coeff_param_estim/external/io_int -I/glade/work/nystrom/Code/WRFDA/WRFV3_3.9.1_preset_moves_sfc_coeff_param_estim/frame -I/glade/work/nystrom/Code/WRFDA/WRFV3_3.9.1_preset_moves_sfc_coeff_param_estim/share -I/glade/work/nystrom/Code/WRFDA/WRFV3_3.9.1_preset_moves_sfc_coeff_param_estim/phys -I/glade/work/nystrom/Code/WRFDA/WRFV3_3.9.1_preset_moves_sfc_coeff_param_estim/chem -I/glade/work/nystrom/Code/WRFDA/WRFV3_3.9.1_preset_moves_sfc_coeff_param_estim/inc -I/glade/u/apps/ch/opt/netcdf/4.7.3/intel/19.0.5//include " SOLVER=em em_wrf_SST_ESMF ) ; \
fi
build started:   Wed Jan 27 09:58:07 MST 2021
build completed: Wed Jan 27 10:44:55 MST 2021
--------------------------------------
( cd main ; make -i -r RLFLAGS="" MODULE_DIRS="-I../dyn_em -I../dyn_nmm   -I/glade/work/nystrom/Code/WRFDA/WRFV3_3.9.1_preset_moves_sfc_coeff_param_estim/external/esmf_time_f90  -I/glade/work/nystrom/Code/WRFDA/WRFV3_3.9.1_preset_moves_sfc_coeff_param_estim/main -I/glade/work/nystrom/Code/WRFDA/WRFV3_3.9.1_preset_moves_sfc_coeff_param_estim/external/io_netcdf -I/glade/work/nystrom/Code/WRFDA/WRFV3_3.9.1_preset_moves_sfc_coeff_param_estim/external/io_int -I/glade/work/nystrom/Code/WRFDA/WRFV3_3.9.1_preset_moves_sfc_coeff_param_estim/frame -I/glade/work/nystrom/Code/WRFDA/WRFV3_3.9.1_preset_moves_sfc_coeff_param_estim/share -I/glade/work/nystrom/Code/WRFDA/WRFV3_3.9.1_preset_moves_sfc_coeff_param_estim/phys -I/glade/work/nystrom/Code/WRFDA/WRFV3_3.9.1_preset_moves_sfc_coeff_param_estim/chem -I/glade/work/nystrom/Code/WRFDA/WRFV3_3.9.1_preset_moves_sfc_coeff_param_estim/inc -I/glade/u/apps/ch/opt/netcdf/4.7.3/intel/19.0.5//include " SOLVER=em IDEAL_CASE=real em_real )
make[1]: Entering directory '/glade/work/nystrom/Code/WRFDA/WRFV3_3.9.1_preset_moves_sfc_coeff_param_estim/main'
rm -f ../dyn_em/module_initialize_real.o
sed -e "s/grid%mu/gridmu/g" -e "s/grid%Mu/gridMu/g" -e "s/^\!.*'.*//" -e "s/^ *\!.*'.*//" ../dyn_em/module_initialize_real.F > ../dyn_em/module_initialize_real.G
/lib/cpp -P -nostdinc -I/glade/work/nystrom/Code/WRFDA/WRFV3_3.9.1_preset_moves_sfc_coeff_param_estim/inc -DEM_CORE=1 -DNMM_CORE=0 -DNMM_MAX_DIM=2600 -DCOAMPS_CORE=0 -DDA_CORE=0 -DEXP_CORE=0 -DIWORDSIZE=4 -DDWORDSIZE=8 -DRWORDSIZE=4 -DLWORDSIZE=4 -DNONSTANDARD_SYSTEM_FUNC  -DWRF_USE_CLM  -DDM_PARALLEL -DNETCDF -DMOVE_NESTS -DUSE_ALLOCATABLES -DGRIB1 -DINTIO -DKEEP_INT_AROUND -DLIMIT_ARGS -DCONFIG_BUF_LEN=65536 -DMAX_DOMAINS_F=21 -DMAX_HISTORY=25 -DNMM_NEST=0  -I. -traditional-cpp   ../dyn_em/module_initialize_real.G  > ../dyn_em/module_initialize_real.H
sed -e "s/gridmu/grid%mu/g" -e "s/gridMu/grid%Mu/g" ../dyn_em/module_initialize_real.H > ../dyn_em/module_initialize_real.bb
/glade/work/nystrom/Code/WRFDA/WRFV3_3.9.1_preset_moves_sfc_coeff_param_estim/tools/standard.exe ../dyn_em/module_initialize_real.bb | /lib/cpp -P -nostdinc -traditional-cpp > ../dyn_em/module_initialize_real.f90
rm -f ../dyn_em/module_initialize_real.G ../dyn_em/module_initialize_real.H ../dyn_em/module_initialize_real.bb
time mpif90 -f90=ifort -o ../dyn_em/module_initialize_real.o -c -O3 -ip -fp-model precise -w -ftz -align all -fno-alias -FR -convert big_endian    -I../dyn_em -I../dyn_nmm   -I/glade/work/nystrom/Code/WRFDA/WRFV3_3.9.1_preset_moves_sfc_coeff_param_estim/external/esmf_time_f90  -I/glade/work/nystrom/Code/WRFDA/WRFV3_3.9.1_preset_moves_sfc_coeff_param_estim/main -I/glade/work/nystrom/Code/WRFDA/WRFV3_3.9.1_preset_moves_sfc_coeff_param_estim/external/io_netcdf -I/glade/work/nystrom/Code/WRFDA/WRFV3_3.9.1_preset_moves_sfc_coeff_param_estim/external/io_int -I/glade/work/nystrom/Code/WRFDA/WRFV3_3.9.1_preset_moves_sfc_coeff_param_estim/frame -I/glade/work/nystrom/Code/WRFDA/WRFV3_3.9.1_preset_moves_sfc_coeff_param_estim/share -I/glade/work/nystrom/Code/WRFDA/WRFV3_3.9.1_preset_moves_sfc_coeff_param_estim/phys -I/glade/work/nystrom/Code/WRFDA/WRFV3_3.9.1_preset_moves_sfc_coeff_param_estim/chem -I/glade/work/nystrom/Code/WRFDA/WRFV3_3.9.1_preset_moves_sfc_coeff_param_estim/inc -I/glade/u/apps/ch/opt/netcdf/4.7.3/intel/19.0.5//include  -real-size `expr 8 \* 4` -i4  ../dyn_em/module_initialize_real.f90

real	0m38.584s
user	0m36.913s
sys	0m0.823s
rm -f ndown_em.o
sed -e "s/grid%mu/gridmu/g" -e "s/grid%Mu/gridMu/g" -e "s/^\!.*'.*//" -e "s/^ *\!.*'.*//" ndown_em.F > ndown_em.G
/lib/cpp -P -nostdinc -I/glade/work/nystrom/Code/WRFDA/WRFV3_3.9.1_preset_moves_sfc_coeff_param_estim/inc -DEM_CORE=1 -DNMM_CORE=0 -DNMM_MAX_DIM=2600 -DCOAMPS_CORE=0 -DDA_CORE=0 -DEXP_CORE=0 -DIWORDSIZE=4 -DDWORDSIZE=8 -DRWORDSIZE=4 -DLWORDSIZE=4 -DNONSTANDARD_SYSTEM_FUNC  -DWRF_USE_CLM  -DDM_PARALLEL -DNETCDF -DMOVE_NESTS -DUSE_ALLOCATABLES -DGRIB1 -DINTIO -DKEEP_INT_AROUND -DLIMIT_ARGS -DCONFIG_BUF_LEN=65536 -DMAX_DOMAINS_F=21 -DMAX_HISTORY=25 -DNMM_NEST=0  -I. -traditional-cpp   ndown_em.G  > ndown_em.H
sed -e "s/gridmu/grid%mu/g" -e "s/gridMu/grid%Mu/g" ndown_em.H > ndown_em.bb
/glade/work/nystrom/Code/WRFDA/WRFV3_3.9.1_preset_moves_sfc_coeff_param_estim/tools/standard.exe ndown_em.bb | /lib/cpp -P -nostdinc -traditional-cpp > ndown_em.f90
rm -f ndown_em.G ndown_em.H ndown_em.bb
time mpif90 -f90=ifort -o ndown_em.o -c -O3 -ip -fp-model precise -w -ftz -align all -fno-alias -FR -convert big_endian    -I../dyn_em -I../dyn_nmm   -I/glade/work/nystrom/Code/WRFDA/WRFV3_3.9.1_preset_moves_sfc_coeff_param_estim/external/esmf_time_f90  -I/glade/work/nystrom/Code/WRFDA/WRFV3_3.9.1_preset_moves_sfc_coeff_param_estim/main -I/glade/work/nystrom/Code/WRFDA/WRFV3_3.9.1_preset_moves_sfc_coeff_param_estim/external/io_netcdf -I/glade/work/nystrom/Code/WRFDA/WRFV3_3.9.1_preset_moves_sfc_coeff_param_estim/external/io_int -I/glade/work/nystrom/Code/WRFDA/WRFV3_3.9.1_preset_moves_sfc_coeff_param_estim/frame -I/glade/work/nystrom/Code/WRFDA/WRFV3_3.9.1_preset_moves_sfc_coeff_param_estim/share -I/glade/work/nystrom/Code/WRFDA/WRFV3_3.9.1_preset_moves_sfc_coeff_param_estim/phys -I/glade/work/nystrom/Code/WRFDA/WRFV3_3.9.1_preset_moves_sfc_coeff_param_estim/chem -I/glade/work/nystrom/Code/WRFDA/WRFV3_3.9.1_preset_moves_sfc_coeff_param_estim/inc -I/glade/u/apps/ch/opt/netcdf/4.7.3/intel/19.0.5//include  -real-size `expr 8 \* 4` -i4  ndown_em.f90

real	0m23.818s
user	0m22.794s
sys	0m0.579s
rm -f nup_em.o
sed -e "s/grid%mu/gridmu/g" -e "s/grid%Mu/gridMu/g" -e "s/^\!.*'.*//" -e "s/^ *\!.*'.*//" nup_em.F > nup_em.G
/lib/cpp -P -nostdinc -I/glade/work/nystrom/Code/WRFDA/WRFV3_3.9.1_preset_moves_sfc_coeff_param_estim/inc -DEM_CORE=1 -DNMM_CORE=0 -DNMM_MAX_DIM=2600 -DCOAMPS_CORE=0 -DDA_CORE=0 -DEXP_CORE=0 -DIWORDSIZE=4 -DDWORDSIZE=8 -DRWORDSIZE=4 -DLWORDSIZE=4 -DNONSTANDARD_SYSTEM_FUNC  -DWRF_USE_CLM  -DDM_PARALLEL -DNETCDF -DMOVE_NESTS -DUSE_ALLOCATABLES -DGRIB1 -DINTIO -DKEEP_INT_AROUND -DLIMIT_ARGS -DCONFIG_BUF_LEN=65536 -DMAX_DOMAINS_F=21 -DMAX_HISTORY=25 -DNMM_NEST=0  -I. -traditional-cpp   nup_em.G  > nup_em.H
sed -e "s/gridmu/grid%mu/g" -e "s/gridMu/grid%Mu/g" nup_em.H > nup_em.bb
/glade/work/nystrom/Code/WRFDA/WRFV3_3.9.1_preset_moves_sfc_coeff_param_estim/tools/standard.exe nup_em.bb | /lib/cpp -P -nostdinc -traditional-cpp > nup_em.f90
rm -f nup_em.G nup_em.H nup_em.bb
time mpif90 -f90=ifort -o nup_em.o -c -O3 -ip -fp-model precise -w -ftz -align all -fno-alias -FR -convert big_endian    -I../dyn_em -I../dyn_nmm   -I/glade/work/nystrom/Code/WRFDA/WRFV3_3.9.1_preset_moves_sfc_coeff_param_estim/external/esmf_time_f90  -I/glade/work/nystrom/Code/WRFDA/WRFV3_3.9.1_preset_moves_sfc_coeff_param_estim/main -I/glade/work/nystrom/Code/WRFDA/WRFV3_3.9.1_preset_moves_sfc_coeff_param_estim/external/io_netcdf -I/glade/work/nystrom/Code/WRFDA/WRFV3_3.9.1_preset_moves_sfc_coeff_param_estim/external/io_int -I/glade/work/nystrom/Code/WRFDA/WRFV3_3.9.1_preset_moves_sfc_coeff_param_estim/frame -I/glade/work/nystrom/Code/WRFDA/WRFV3_3.9.1_preset_moves_sfc_coeff_param_estim/share -I/glade/work/nystrom/Code/WRFDA/WRFV3_3.9.1_preset_moves_sfc_coeff_param_estim/phys -I/glade/work/nystrom/Code/WRFDA/WRFV3_3.9.1_preset_moves_sfc_coeff_param_estim/chem -I/glade/work/nystrom/Code/WRFDA/WRFV3_3.9.1_preset_moves_sfc_coeff_param_estim/inc -I/glade/u/apps/ch/opt/netcdf/4.7.3/intel/19.0.5//include  -real-size `expr 8 \* 4` -i4  nup_em.f90

real	0m4.608s
user	0m3.842s
sys	0m0.295s
rm -f tc_em.o
sed -e "s/grid%mu/gridmu/g" -e "s/grid%Mu/gridMu/g" -e "s/^\!.*'.*//" -e "s/^ *\!.*'.*//" tc_em.F > tc_em.G
/lib/cpp -P -nostdinc -I/glade/work/nystrom/Code/WRFDA/WRFV3_3.9.1_preset_moves_sfc_coeff_param_estim/inc -DEM_CORE=1 -DNMM_CORE=0 -DNMM_MAX_DIM=2600 -DCOAMPS_CORE=0 -DDA_CORE=0 -DEXP_CORE=0 -DIWORDSIZE=4 -DDWORDSIZE=8 -DRWORDSIZE=4 -DLWORDSIZE=4 -DNONSTANDARD_SYSTEM_FUNC  -DWRF_USE_CLM  -DDM_PARALLEL -DNETCDF -DMOVE_NESTS -DUSE_ALLOCATABLES -DGRIB1 -DINTIO -DKEEP_INT_AROUND -DLIMIT_ARGS -DCONFIG_BUF_LEN=65536 -DMAX_DOMAINS_F=21 -DMAX_HISTORY=25 -DNMM_NEST=0  -I. -traditional-cpp   tc_em.G  > tc_em.H
sed -e "s/gridmu/grid%mu/g" -e "s/gridMu/grid%Mu/g" tc_em.H > tc_em.bb
/glade/work/nystrom/Code/WRFDA/WRFV3_3.9.1_preset_moves_sfc_coeff_param_estim/tools/standard.exe tc_em.bb | /lib/cpp -P -nostdinc -traditional-cpp > tc_em.f90
rm -f tc_em.G tc_em.H tc_em.bb
time mpif90 -f90=ifort -o tc_em.o -c -O3 -ip -fp-model precise -w -ftz -align all -fno-alias -FR -convert big_endian    -I../dyn_em -I../dyn_nmm   -I/glade/work/nystrom/Code/WRFDA/WRFV3_3.9.1_preset_moves_sfc_coeff_param_estim/external/esmf_time_f90  -I/glade/work/nystrom/Code/WRFDA/WRFV3_3.9.1_preset_moves_sfc_coeff_param_estim/main -I/glade/work/nystrom/Code/WRFDA/WRFV3_3.9.1_preset_moves_sfc_coeff_param_estim/external/io_netcdf -I/glade/work/nystrom/Code/WRFDA/WRFV3_3.9.1_preset_moves_sfc_coeff_param_estim/external/io_int -I/glade/work/nystrom/Code/WRFDA/WRFV3_3.9.1_preset_moves_sfc_coeff_param_estim/frame -I/glade/work/nystrom/Code/WRFDA/WRFV3_3.9.1_preset_moves_sfc_coeff_param_estim/share -I/glade/work/nystrom/Code/WRFDA/WRFV3_3.9.1_preset_moves_sfc_coeff_param_estim/phys -I/glade/work/nystrom/Code/WRFDA/WRFV3_3.9.1_preset_moves_sfc_coeff_param_estim/chem -I/glade/work/nystrom/Code/WRFDA/WRFV3_3.9.1_preset_moves_sfc_coeff_param_estim/inc -I/glade/u/apps/ch/opt/netcdf/4.7.3/intel/19.0.5//include  -real-size `expr 8 \* 4` -i4  tc_em.f90

real	0m12.378s
user	0m10.749s
sys	0m1.191s
rm -f real_em.o
sed -e "s/grid%mu/gridmu/g" -e "s/grid%Mu/gridMu/g" -e "s/^\!.*'.*//" -e "s/^ *\!.*'.*//" real_em.F > real_em.G
/lib/cpp -P -nostdinc -I/glade/work/nystrom/Code/WRFDA/WRFV3_3.9.1_preset_moves_sfc_coeff_param_estim/inc -DEM_CORE=1 -DNMM_CORE=0 -DNMM_MAX_DIM=2600 -DCOAMPS_CORE=0 -DDA_CORE=0 -DEXP_CORE=0 -DIWORDSIZE=4 -DDWORDSIZE=8 -DRWORDSIZE=4 -DLWORDSIZE=4 -DNONSTANDARD_SYSTEM_FUNC  -DWRF_USE_CLM  -DDM_PARALLEL -DNETCDF -DMOVE_NESTS -DUSE_ALLOCATABLES -DGRIB1 -DINTIO -DKEEP_INT_AROUND -DLIMIT_ARGS -DCONFIG_BUF_LEN=65536 -DMAX_DOMAINS_F=21 -DMAX_HISTORY=25 -DNMM_NEST=0  -I. -traditional-cpp   real_em.G  > real_em.H
sed -e "s/gridmu/grid%mu/g" -e "s/gridMu/grid%Mu/g" real_em.H > real_em.bb
/glade/work/nystrom/Code/WRFDA/WRFV3_3.9.1_preset_moves_sfc_coeff_param_estim/tools/standard.exe real_em.bb | /lib/cpp -P -nostdinc -traditional-cpp > real_em.f90
rm -f real_em.G real_em.H real_em.bb
time mpif90 -f90=ifort -o real_em.o -c -O3 -ip -fp-model precise -w -ftz -align all -fno-alias -FR -convert big_endian    -I../dyn_em -I../dyn_nmm   -I/glade/work/nystrom/Code/WRFDA/WRFV3_3.9.1_preset_moves_sfc_coeff_param_estim/external/esmf_time_f90  -I/glade/work/nystrom/Code/WRFDA/WRFV3_3.9.1_preset_moves_sfc_coeff_param_estim/main -I/glade/work/nystrom/Code/WRFDA/WRFV3_3.9.1_preset_moves_sfc_coeff_param_estim/external/io_netcdf -I/glade/work/nystrom/Code/WRFDA/WRFV3_3.9.1_preset_moves_sfc_coeff_param_estim/external/io_int -I/glade/work/nystrom/Code/WRFDA/WRFV3_3.9.1_preset_moves_sfc_coeff_param_estim/frame -I/glade/work/nystrom/Code/WRFDA/WRFV3_3.9.1_preset_moves_sfc_coeff_param_estim/share -I/glade/work/nystrom/Code/WRFDA/WRFV3_3.9.1_preset_moves_sfc_coeff_param_estim/phys -I/glade/work/nystrom/Code/WRFDA/WRFV3_3.9.1_preset_moves_sfc_coeff_param_estim/chem -I/glade/work/nystrom/Code/WRFDA/WRFV3_3.9.1_preset_moves_sfc_coeff_param_estim/inc -I/glade/u/apps/ch/opt/netcdf/4.7.3/intel/19.0.5//include  -real-size `expr 8 \* 4` -i4  real_em.f90

real	0m10.608s
user	0m9.748s
sys	0m0.471s
ranlib  libwrflib.a
time mpif90 -f90=ifort -o ndown.exe  -O3 -ip -fp-model precise -w -ftz -align all -fno-alias -FR -convert big_endian   -ip   ndown_em.o  ../dyn_em/module_initialize_real.o libwrflib.a /glade/work/nystrom/Code/WRFDA/WRFV3_3.9.1_preset_moves_sfc_coeff_param_estim/external/fftpack/fftpack5/libfftpack.a /glade/work/nystrom/Code/WRFDA/WRFV3_3.9.1_preset_moves_sfc_coeff_param_estim/external/io_grib1/libio_grib1.a /glade/work/nystrom/Code/WRFDA/WRFV3_3.9.1_preset_moves_sfc_coeff_param_estim/external/io_grib_share/libio_grib_share.a /glade/work/nystrom/Code/WRFDA/WRFV3_3.9.1_preset_moves_sfc_coeff_param_estim/external/io_int/libwrfio_int.a -L/glade/work/nystrom/Code/WRFDA/WRFV3_3.9.1_preset_moves_sfc_coeff_param_estim/external/esmf_time_f90 -lesmf_time /glade/work/nystrom/Code/WRFDA/WRFV3_3.9.1_preset_moves_sfc_coeff_param_estim/external/RSL_LITE/librsl_lite.a /glade/work/nystrom/Code/WRFDA/WRFV3_3.9.1_preset_moves_sfc_coeff_param_estim/frame/module_internal_header_util.o /glade/work/nystrom/Code/WRFDA/WRFV3_3.9.1_preset_moves_sfc_coeff_param_estim/frame/pack_utils.o  -L/glade/work/nystrom/Code/WRFDA/WRFV3_3.9.1_preset_moves_sfc_coeff_param_estim/external/io_netcdf -lwrfio_nf -L/glade/u/apps/ch/opt/netcdf/4.7.3/intel/19.0.5//lib -lnetcdff -lnetcdf       
0.68user 2.71system 0:03.86elapsed 87%CPU (0avgtext+0avgdata 194392maxresident)k
0inputs+0outputs (0major+80674minor)pagefaults 0swaps
#TEMPORARILY REMOVED time mpif90 -f90=ifort -o nup.exe  -O3 -ip -fp-model precise -w -ftz -align all -fno-alias -FR -convert big_endian   -ip   nup_em.o  ../dyn_em/module_initialize_real.o libwrflib.a /glade/work/nystrom/Code/WRFDA/WRFV3_3.9.1_preset_moves_sfc_coeff_param_estim/external/fftpack/fftpack5/libfftpack.a /glade/work/nystrom/Code/WRFDA/WRFV3_3.9.1_preset_moves_sfc_coeff_param_estim/external/io_grib1/libio_grib1.a /glade/work/nystrom/Code/WRFDA/WRFV3_3.9.1_preset_moves_sfc_coeff_param_estim/external/io_grib_share/libio_grib_share.a /glade/work/nystrom/Code/WRFDA/WRFV3_3.9.1_preset_moves_sfc_coeff_param_estim/external/io_int/libwrfio_int.a -L/glade/work/nystrom/Code/WRFDA/WRFV3_3.9.1_preset_moves_sfc_coeff_param_estim/external/esmf_time_f90 -lesmf_time /glade/work/nystrom/Code/WRFDA/WRFV3_3.9.1_preset_moves_sfc_coeff_param_estim/external/RSL_LITE/librsl_lite.a /glade/work/nystrom/Code/WRFDA/WRFV3_3.9.1_preset_moves_sfc_coeff_param_estim/frame/module_internal_header_util.o /glade/work/nystrom/Code/WRFDA/WRFV3_3.9.1_preset_moves_sfc_coeff_param_estim/frame/pack_utils.o  -L/glade/work/nystrom/Code/WRFDA/WRFV3_3.9.1_preset_moves_sfc_coeff_param_estim/external/io_netcdf -lwrfio_nf -L/glade/u/apps/ch/opt/netcdf/4.7.3/intel/19.0.5//lib -lnetcdff -lnetcdf       
time mpif90 -f90=ifort -o tc.exe  -O3 -ip -fp-model precise -w -ftz -align all -fno-alias -FR -convert big_endian   -ip   tc_em.o  ../dyn_em/module_initialize_real.o libwrflib.a /glade/work/nystrom/Code/WRFDA/WRFV3_3.9.1_preset_moves_sfc_coeff_param_estim/external/fftpack/fftpack5/libfftpack.a /glade/work/nystrom/Code/WRFDA/WRFV3_3.9.1_preset_moves_sfc_coeff_param_estim/external/io_grib1/libio_grib1.a /glade/work/nystrom/Code/WRFDA/WRFV3_3.9.1_preset_moves_sfc_coeff_param_estim/external/io_grib_share/libio_grib_share.a /glade/work/nystrom/Code/WRFDA/WRFV3_3.9.1_preset_moves_sfc_coeff_param_estim/external/io_int/libwrfio_int.a -L/glade/work/nystrom/Code/WRFDA/WRFV3_3.9.1_preset_moves_sfc_coeff_param_estim/external/esmf_time_f90 -lesmf_time /glade/work/nystrom/Code/WRFDA/WRFV3_3.9.1_preset_moves_sfc_coeff_param_estim/external/RSL_LITE/librsl_lite.a /glade/work/nystrom/Code/WRFDA/WRFV3_3.9.1_preset_moves_sfc_coeff_param_estim/frame/module_internal_header_util.o /glade/work/nystrom/Code/WRFDA/WRFV3_3.9.1_preset_moves_sfc_coeff_param_estim/frame/pack_utils.o  -L/glade/work/nystrom/Code/WRFDA/WRFV3_3.9.1_preset_moves_sfc_coeff_param_estim/external/io_netcdf -lwrfio_nf -L/glade/u/apps/ch/opt/netcdf/4.7.3/intel/19.0.5//lib -lnetcdff -lnetcdf       
0.74user 2.56system 0:03.67elapsed 89%CPU (0avgtext+0avgdata 196504maxresident)k
0inputs+0outputs (0major+80927minor)pagefaults 0swaps
time mpif90 -f90=ifort -o real.exe  -O3 -ip -fp-model precise -w -ftz -align all -fno-alias -FR -convert big_endian   -ip   real_em.o ../dyn_em/module_initialize_real.o libwrflib.a /glade/work/nystrom/Code/WRFDA/WRFV3_3.9.1_preset_moves_sfc_coeff_param_estim/external/fftpack/fftpack5/libfftpack.a /glade/work/nystrom/Code/WRFDA/WRFV3_3.9.1_preset_moves_sfc_coeff_param_estim/external/io_grib1/libio_grib1.a /glade/work/nystrom/Code/WRFDA/WRFV3_3.9.1_preset_moves_sfc_coeff_param_estim/external/io_grib_share/libio_grib_share.a /glade/work/nystrom/Code/WRFDA/WRFV3_3.9.1_preset_moves_sfc_coeff_param_estim/external/io_int/libwrfio_int.a -L/glade/work/nystrom/Code/WRFDA/WRFV3_3.9.1_preset_moves_sfc_coeff_param_estim/external/esmf_time_f90 -lesmf_time /glade/work/nystrom/Code/WRFDA/WRFV3_3.9.1_preset_moves_sfc_coeff_param_estim/external/RSL_LITE/librsl_lite.a /glade/work/nystrom/Code/WRFDA/WRFV3_3.9.1_preset_moves_sfc_coeff_param_estim/frame/module_internal_header_util.o /glade/work/nystrom/Code/WRFDA/WRFV3_3.9.1_preset_moves_sfc_coeff_param_estim/frame/pack_utils.o  -L/glade/work/nystrom/Code/WRFDA/WRFV3_3.9.1_preset_moves_sfc_coeff_param_estim/external/io_netcdf -lwrfio_nf -L/glade/u/apps/ch/opt/netcdf/4.7.3/intel/19.0.5//lib -lnetcdff -lnetcdf       
0.77user 2.74system 0:03.91elapsed 89%CPU (0avgtext+0avgdata 199660maxresident)k
0inputs+0outputs (0major+80802minor)pagefaults 0swaps
make[1]: Leaving directory '/glade/work/nystrom/Code/WRFDA/WRFV3_3.9.1_preset_moves_sfc_coeff_param_estim/main'
( cd test/em_real ; /bin/rm -f wrf.exe ; ln -s ../../main/wrf.exe . )
if [ 0 -eq 1 ] ; then \
  ( cd main ; make -i -r RLFLAGS="" MODULE_DIRS="-I../dyn_em -I../dyn_nmm   -I/glade/work/nystrom/Code/WRFDA/WRFV3_3.9.1_preset_moves_sfc_coeff_param_estim/external/esmf_time_f90  -I/glade/work/nystrom/Code/WRFDA/WRFV3_3.9.1_preset_moves_sfc_coeff_param_estim/main -I/glade/work/nystrom/Code/WRFDA/WRFV3_3.9.1_preset_moves_sfc_coeff_param_estim/external/io_netcdf -I/glade/work/nystrom/Code/WRFDA/WRFV3_3.9.1_preset_moves_sfc_coeff_param_estim/external/io_int -I/glade/work/nystrom/Code/WRFDA/WRFV3_3.9.1_preset_moves_sfc_coeff_param_estim/frame -I/glade/work/nystrom/Code/WRFDA/WRFV3_3.9.1_preset_moves_sfc_coeff_param_estim/share -I/glade/work/nystrom/Code/WRFDA/WRFV3_3.9.1_preset_moves_sfc_coeff_param_estim/phys -I/glade/work/nystrom/Code/WRFDA/WRFV3_3.9.1_preset_moves_sfc_coeff_param_estim/chem -I/glade/work/nystrom/Code/WRFDA/WRFV3_3.9.1_preset_moves_sfc_coeff_param_estim/inc -I/glade/u/apps/ch/opt/netcdf/4.7.3/intel/19.0.5//include " SOLVER=em IDEAL_CASE=real em_wrf_SST_ESMF ) ; \
  ( cd test/em_esmf_exp ; /bin/rm -f wrf.exe ; ln -s ../../main/wrf.exe . ) ; \
  ( cd test/em_esmf_exp ; /bin/rm -f wrf_SST_ESMF.exe ; ln -s ../../main/wrf_SST_ESMF.exe . ) ; \
  ( cd test/em_esmf_exp ; /bin/rm -f real.exe ; ln -s ../../main/real.exe . ) ; \
  ( cd test/em_esmf_exp ; /bin/rm -f README.namelist ; ln -s ../../run/README.namelist . ) ; \
  ( cd test/em_esmf_exp ; /bin/rm -f ETAMPNEW_DATA.expanded_rain ETAMPNEW_DATA RRTM_DATA RRTMG_LW_DATA RRTMG_SW_DATA ; \
               ln -sf ../../run/ETAMPNEW_DATA . ;                      \
               ln -sf ../../run/ETAMPNEW_DATA.expanded_rain . ;        \
               ln -sf ../../run/RRTM_DATA . ;                          \
               ln -sf ../../run/RRTMG_LW_DATA . ;                      \
               ln -sf ../../run/RRTMG_SW_DATA . ;                      \
               ln -sf ../../run/CAM_ABS_DATA . ;                       \
               ln -sf ../../run/CAM_AEROPT_DATA . ;                    \
               ln -sf ../../run/CAMtr_volume_mixing_ratio.RCP4.5 . ;   \
               ln -sf ../../run/CAMtr_volume_mixing_ratio.RCP6   . ;   \
               ln -sf ../../run/CAMtr_volume_mixing_ratio.RCP8.5 CAMtr_volume_mixing_ratio ;   \
               ln -sf ../../run/CAMtr_volume_mixing_ratio.A1B    . ;   \
               ln -sf ../../run/CAMtr_volume_mixing_ratio.A2     . ;   \
               ln -sf ../../run/CLM_ALB_ICE_DFS_DATA . ;               \
               ln -sf ../../run/CLM_ALB_ICE_DRC_DATA . ;               \
               ln -sf ../../run/CLM_ASM_ICE_DFS_DATA . ;               \
               ln -sf ../../run/CLM_ASM_ICE_DRC_DATA . ;               \
               ln -sf ../../run/CLM_DRDSDT0_DATA . ;                   \
               ln -sf ../../run/CLM_EXT_ICE_DFS_DATA . ;               \
               ln -sf ../../run/CLM_EXT_ICE_DRC_DATA . ;               \
               ln -sf ../../run/CLM_KAPPA_DATA . ;                     \
               ln -sf ../../run/CLM_TAU_DATA . ;                       \
               ln -sf ../../run/ozone.formatted . ;                    \
               ln -sf ../../run/ozone_lat.formatted . ;                \
               ln -sf ../../run/ozone_plev.formatted . ;               \
               ln -sf ../../run/aerosol.formatted . ;                  \
               ln -sf ../../run/aerosol_lat.formatted . ;              \
               ln -sf ../../run/aerosol_lon.formatted . ;              \
               ln -sf ../../run/aerosol_plev.formatted . ;             \
               ln -sf ../../run/CCN_ACTIVATE.BIN . ;                   \
               ln -sf ../../run/p3_lookup_table_1.dat . ;              \
               if [ 4 -eq 8 ] ; then                        \
                  ln -sf ../../run/ETAMPNEW_DATA_DBL ETAMPNEW_DATA ;   \
                  ln -sf ../../run/ETAMPNEW_DATA.expanded_rain_DBL ETAMPNEW_DATA.expanded_rain ;   \
                  ln -sf ../../run/RRTM_DATA_DBL RRTM_DATA         ;   \
                  ln -sf ../../run/RRTMG_LW_DATA_DBL RRTMG_LW_DATA ;   \
                  ln -sf ../../run/RRTMG_SW_DATA_DBL RRTMG_SW_DATA ;   \
               fi ) ; \
  ( cd test/em_esmf_exp ; /bin/rm -f GENPARM.TBL ; ln -s ../../run/GENPARM.TBL . ) ; \
  ( cd test/em_esmf_exp ; /bin/rm -f LANDUSE.TBL ; ln -s ../../run/LANDUSE.TBL . ) ; \
  ( cd test/em_esmf_exp ; /bin/rm -f SOILPARM.TBL ; ln -s ../../run/SOILPARM.TBL . ) ; \
  ( cd test/em_esmf_exp ; /bin/rm -f URBPARM.TBL ; ln -s ../../run/URBPARM.TBL . ) ; \
  ( cd test/em_esmf_exp ; /bin/rm -f VEGPARM.TBL ; ln -s ../../run/VEGPARM.TBL . ) ; \
  ( cd test/em_esmf_exp ; /bin/rm -f MPTABLE.TBL ; ln -s ../../run/MPTABLE.TBL . ) ; \
  ( cd test/em_esmf_exp ; /bin/rm -f tr49t67 ; ln -s ../../run/tr49t67 . ) ; \
  ( cd test/em_esmf_exp ; /bin/rm -f tr49t85 ; ln -s ../../run/tr49t85 . ) ; \
  ( cd test/em_esmf_exp ; /bin/rm -f tr67t85 ; ln -s ../../run/tr67t85 . ) ; \
  ( cd test/em_esmf_exp ; /bin/rm -f gribmap.txt ; ln -s ../../run/gribmap.txt . ) ; \
  ( cd test/em_esmf_exp ; /bin/rm -f grib2map.tbl ; ln -s ../../run/grib2map.tbl . ) ; \
fi
( cd test/em_real ; /bin/rm -f real.exe ; ln -s ../../main/real.exe . )
( cd test/em_real ; /bin/rm -f tc.exe ; ln -s ../../main/tc.exe . )
( cd test/em_real ; /bin/rm -f ndown.exe ; ln -s ../../main/ndown.exe . )
#TEMPORARILY REMOVED ( cd test/em_real ; /bin/rm -f nup.exe ; ln -s ../../main/nup.exe . )
( cd test/em_real ; /bin/rm -f README.namelist ; ln -s ../../run/README.namelist . )
( cd test/em_real ; /bin/rm -f ETAMPNEW_DATA.expanded_rain ETAMPNEW_DATA RRTM_DATA RRTMG_LW_DATA RRTMG_SW_DATA ;    \
             ln -sf ../../run/ETAMPNEW_DATA . ;                     \
             ln -sf ../../run/ETAMPNEW_DATA.expanded_rain . ;       \
             ln -sf ../../run/RRTM_DATA . ;                         \
             ln -sf ../../run/RRTMG_LW_DATA . ;                     \
             ln -sf ../../run/RRTMG_SW_DATA . ;                     \
             ln -sf ../../run/CAM_ABS_DATA . ;                      \
             ln -sf ../../run/CAM_AEROPT_DATA . ;                   \
             ln -sf ../../run/CAMtr_volume_mixing_ratio.RCP4.5 . ;  \
             ln -sf ../../run/CAMtr_volume_mixing_ratio.RCP6   . ;  \
             ln -sf ../../run/CAMtr_volume_mixing_ratio.RCP8.5 CAMtr_volume_mixing_ratio ;   \
             ln -sf ../../run/CAMtr_volume_mixing_ratio.A1B    . ;  \
             ln -sf ../../run/CAMtr_volume_mixing_ratio.A2     . ;  \
             ln -sf ../../run/CLM_ALB_ICE_DFS_DATA . ;              \
             ln -sf ../../run/CLM_ALB_ICE_DRC_DATA . ;              \
             ln -sf ../../run/CLM_ASM_ICE_DFS_DATA . ;              \
             ln -sf ../../run/CLM_ASM_ICE_DRC_DATA . ;              \
             ln -sf ../../run/CLM_DRDSDT0_DATA . ;                  \
             ln -sf ../../run/CLM_EXT_ICE_DFS_DATA . ;              \
             ln -sf ../../run/CLM_EXT_ICE_DRC_DATA . ;              \
             ln -sf ../../run/CLM_KAPPA_DATA . ;                    \
             ln -sf ../../run/CLM_TAU_DATA . ;                      \
             ln -sf ../../run/ozone.formatted . ;                   \
             ln -sf ../../run/ozone_lat.formatted . ;               \
             ln -sf ../../run/ozone_plev.formatted . ;              \
             ln -sf ../../run/aerosol.formatted . ;                 \
             ln -sf ../../run/aerosol_lat.formatted . ;             \
             ln -sf ../../run/aerosol_lon.formatted . ;             \
             ln -sf ../../run/aerosol_plev.formatted . ;            \
             ln -sf ../../run/capacity.asc . ;            \
             ln -sf ../../run/coeff_p.asc . ;            \
             ln -sf ../../run/coeff_q.asc . ;            \
             ln -sf ../../run/constants.asc . ;            \
             ln -sf ../../run/masses.asc . ;            \
             ln -sf ../../run/termvels.asc . ;            \
             ln -sf ../../run/kernels.asc_s_0_03_0_9 . ;            \
             ln -sf ../../run/kernels_z.asc . ;            \
             ln -sf ../../run/bulkdens.asc_s_0_03_0_9 . ;            \
             ln -sf ../../run/bulkradii.asc_s_0_03_0_9 . ;            \
             ln -sf ../../run/CCN_ACTIVATE.BIN . ;                   \
             ln -sf ../../run/p3_lookup_table_1.dat . ;                   \
             if [ 4 -eq 8 ] ; then                       \
                ln -sf ../../run/ETAMPNEW_DATA_DBL ETAMPNEW_DATA ;  \
                ln -sf ../../run/ETAMPNEW_DATA.expanded_rain_DBL ETAMPNEW_DATA.expanded_rain ;   \
                ln -sf ../../run/RRTM_DATA_DBL RRTM_DATA ;          \
                ln -sf ../../run/RRTMG_LW_DATA_DBL RRTMG_LW_DATA ;  \
                ln -sf ../../run/RRTMG_SW_DATA_DBL RRTMG_SW_DATA ;  \
             fi )
( cd test/em_real ; /bin/rm -f GENPARM.TBL ; ln -s ../../run/GENPARM.TBL . )
( cd test/em_real ; /bin/rm -f LANDUSE.TBL ; ln -s ../../run/LANDUSE.TBL . )
( cd test/em_real ; /bin/rm -f SOILPARM.TBL ; ln -s ../../run/SOILPARM.TBL . )
( cd test/em_real ; /bin/rm -f URBPARM.TBL ; ln -s ../../run/URBPARM.TBL . )
( cd test/em_real ; /bin/rm -f VEGPARM.TBL ; ln -s ../../run/VEGPARM.TBL . )
( cd test/em_real ; /bin/rm -f MPTABLE.TBL ; ln -s ../../run/MPTABLE.TBL . )
( cd test/em_real ; /bin/rm -f tr49t67 ; ln -s ../../run/tr49t67 . )
( cd test/em_real ; /bin/rm -f tr49t85 ; ln -s ../../run/tr49t85 . )
( cd test/em_real ; /bin/rm -f tr67t85 ; ln -s ../../run/tr67t85 . )
( cd test/em_real ; /bin/rm -f gribmap.txt ; ln -s ../../run/gribmap.txt . )
( cd test/em_real ; /bin/rm -f grib2map.tbl ; ln -s ../../run/grib2map.tbl . )
( cd run ; /bin/rm -f real.exe ; ln -s ../main/real.exe . )
( cd run ; /bin/rm -f tc.exe ; ln -s ../main/tc.exe . )
( cd run ; /bin/rm -f ndown.exe ; ln -s ../main/ndown.exe . )
#TEMPORARILY REMOVED ( cd run ; /bin/rm -f nup.exe ; ln -s ../main/nup.exe . )
( cd run ; if test -f namelist.input ; then \
	/bin/cp -f namelist.input namelist.input.backup.`date +%Y-%m-%d_%H_%M_%S` ; fi ; \
	/bin/rm -f namelist.input ; cp ../test/em_real/namelist.input . )
 
==========================================================================
build started:   Wed Jan 27 09:58:07 MST 2021
build completed: Wed Jan 27 10:46:37 MST 2021
 
--->                  Executables successfully built                  <---
 
-rwxr-xr-x 1 nystrom ncar 50734200 Jan 27 10:46 main/ndown.exe
-rwxr-xr-x 1 nystrom ncar 50798632 Jan 27 10:46 main/real.exe
-rwxr-xr-x 1 nystrom ncar 50126056 Jan 27 10:46 main/tc.exe
-rwxr-xr-x 1 nystrom ncar 61482120 Jan 27 10:44 main/wrf.exe
 
==========================================================================
 
